
	-------------------------------- 
	OrganID	Edep (J)	Dose (Gy)
	-------------------------------- 
	8 |		3.52629e-12	5.31788e-11
	10 |		3.16776e-12	1.16492e-11
	12 |		4.8205e-13	5.80504e-12
	19 |		6.13932e-13	2.2671e-12
	20 |		3.06556e-12	1.68521e-11
	26 |		1.16646e-11	2.07242e-11
	27 |		1.34764e-11	2.98772e-11
	34 |		1.49481e-12	2.81323e-12
	35 |		3.11159e-12	4.26607e-12
	37 |		1.88883e-13	8.12191e-13
	39 |		3.89182e-12	5.11275e-11
	40 |		1.00118e-13	1.35477e-12
	43 |		6.38735e-13	1.74919e-12
	44 |		1.64077e-12	3.15495e-12
	52 |		9.12351e-15	3.02033e-14
	56 |		2.24273e-12	3.98283e-11
	58 |		4.4854e-13	5.05854e-12
	61 |		3.25481e-12	2.2447e-12
	87 |		2.85629e-12	8.65594e-12
	88 |		7.16432e-12	1.40474e-11
	95 |		2.91305e-11	1.61835e-11
	97 |		4.22649e-12	8.84685e-12
	99 |		9.84102e-14	1.69649e-13
	103 |		1.94801e-13	1.86591e-12
	106 |		9.01547e-12	7.40302e-12
	107 |		3.1995e-12	2.13203e-13
	108 |		3.99136e-12	1.45113e-12
	109 |		3.26965e-11	3.2615e-12
	116 |		9.6406e-12	9.19457e-12
	117 |		1.21949e-11	9.85843e-13
	118 |		1.52671e-12	9.28955e-13
	119 |		1.26675e-11	2.34737e-12
	122 |		2.51359e-12	8.62768e-12
	123 |		1.29978e-12	8.87098e-13
	124 |		6.09201e-13	9.53321e-13
	125 |		4.17779e-12	3.13546e-12
----------------------------------------------------------------------------
-------------------------------ORGAN INFO-----------------------------------
-----------------(of organs where edep/dose was recorded)-------------------
----------------------------------------------------------------------------
ID		Organ Name	    	    	    	Material ID		Density (g/cm^3) 
8     Bronchi                                          45    1.030
10    Blood vessels, trunk                             28    1.060
12    Blood vessels, legs                              28    1.060
19    Ulnae and radii, cortical                         2    1.920
20    Ulnae and radii, spongiosa                        5    1.108
26    Cranium, cortical                                 2    1.920
27    Cranium, spongiosa                                8    1.157
34    Tibiae, fibulae and patellae, cortical            2    1.920
35    Tibiae, fibulae and patellae, spongiosa          11    1.108
37    Ankles and foot bones, cortical                   2    1.920
39    Mandible, cortical                                2    1.920
40    Mandible, spongiosa                              13    1.228
43    Ribs, cortical                                    2    1.920
44    Ribs, spongiosa                                  15    1.165
52    Lumbar spine, spongiosa                          19    1.112
56    Sternum, spongiosa                               21    1.041
58    Cartilage, trunk                                 26    1.100
61    Brain                                            32    1.050
87    Heart wall                                       33    1.050
88    Heart contents (blood)                           28    1.060
95    Liver                                            30    1.050
97    Lung, left, tissue                               50    0.382
99    Lung, right, tissue                              50    0.382
103   Lymphatic nodes, trunk                           47    1.030
106   Muscle, head                                     29    1.050
107   Muscle, trunk                                    29    1.050
108   Muscle, arms                                     29    1.050
109   Muscle, legs                                     29    1.050
116   Residual tissue, head                            49    0.950
117   Residual tissue, trunk                           49    0.950
118   Residual tissue, arms                            49    0.950
119   Residual tissue, legs                            49    0.950
122   Skin, head                                       27    1.090
123   Skin, trunk                                      27    1.090
124   Skin, arms                                       27    1.090
125   Skin, legs                                       27    1.090

Total Edep over all organs = 1.90222e-10 J
Total dose absorbed over all organs = 3.41952e-10 Gy

----------------------------------------------------------------------------
----------------ORGAN ENERGY DEPOSITIONS AND ABSORBED DOSE------------------
-----------(for all organs [includes air - OrganIDs = 0, 140])--------------
--------------([and top/bottom skin layer - OrganIDs = 141])----------------
----------------------------------------------------------------------------
OrganID	Edep (J) 	Dose (Gy) 	S1_J	S2_J2	N	SE_run_J
-------------------------------
0  | 		4.05246e-13	0	4.05246e-13	2.01648e-28	2636	4.47906e-18
1  | 		0	0	0	0	0	0
2  | 		0	0	0	0	0	0
3  | 		0	0	0	0	0	0
4  | 		0	0	0	0	0	0
5  | 		0	0	0	0	0	0
6  | 		0	0	0	0	0	0
7  | 		0	0	0	0	0	0
8  | 		3.52629e-12	5.31788e-11	3.52629e-12	2.38763e-24	7	1.20637e-13
9  | 		0	0	0	0	0	0
10  | 		3.16776e-12	1.16492e-11	3.16776e-12	4.41307e-24	3	4.21932e-13
11  | 		0	0	0	0	0	0
12  | 		4.8205e-13	5.80504e-12	4.8205e-13	2.16741e-25	2	2.24226e-13
13  | 		0	0	0	0	0	0
14  | 		0	0	0	0	0	0
15  | 		0	0	0	0	0	0
16  | 		0	0	0	0	0	0
17  | 		0	0	0	0	0	0
18  | 		0	0	0	0	0	0
19  | 		6.13932e-13	2.2671e-12	6.13932e-13	2.03047e-25	2	8.54148e-14
20  | 		3.06556e-12	1.68521e-11	3.06556e-12	6.77774e-25	17	2.14348e-14
21  | 		0	0	0	0	0	0
22  | 		0	0	0	0	0	0
23  | 		0	0	0	0	0	0
24  | 		0	0	0	0	0	0
25  | 		0	0	0	0	0	0
26  | 		1.16646e-11	2.07242e-11	1.16646e-11	1.25764e-23	24	1.11861e-13
27  | 		1.34764e-11	2.98772e-11	1.34764e-11	1.01477e-23	30	6.8598e-14
28  | 		0	0	0	0	0	0
29  | 		0	0	0	0	0	0
30  | 		0	0	0	0	0	0
31  | 		0	0	0	0	0	0
32  | 		0	0	0	0	0	0
33  | 		0	0	0	0	0	0
34  | 		1.49481e-12	2.81323e-12	1.49481e-12	4.53783e-25	7	5.66055e-14
35  | 		3.11159e-12	4.26607e-12	3.11159e-12	6.73234e-25	18	2.10311e-14
36  | 		0	0	0	0	0	0
37  | 		1.88883e-13	8.12191e-13	1.88883e-13	3.56769e-26	1	0
38  | 		0	0	0	0	0	0
39  | 		3.89182e-12	5.11275e-11	3.89182e-12	9.30633e-24	3	8.42374e-13
40  | 		1.00118e-13	1.35477e-12	1.00118e-13	1.00235e-26	1	0
41  | 		0	0	0	0	0	0
42  | 		0	0	0	0	0	0
43  | 		6.38735e-13	1.74919e-12	6.38735e-13	2.08237e-25	2	4.60744e-14
44  | 		1.64077e-12	3.15495e-12	1.64077e-12	4.10959e-25	8	3.64605e-14
45  | 		0	0	0	0	0	0
46  | 		0	0	0	0	0	0
47  | 		0	0	0	0	0	0
48  | 		0	0	0	0	0	0
49  | 		0	0	0	0	0	0
50  | 		0	0	0	0	0	0
51  | 		0	0	0	0	0	0
52  | 		9.12351e-15	3.02033e-14	9.12351e-15	8.32384e-29	1	0
53  | 		0	0	0	0	0	0
54  | 		0	0	0	0	0	0
55  | 		0	0	0	0	0	0
56  | 		2.24273e-12	3.98283e-11	2.24273e-12	4.44902e-25	13	1.92805e-14
57  | 		0	0	0	0	0	0
58  | 		4.4854e-13	5.05854e-12	4.4854e-13	7.97428e-26	3	4.5971e-14
59  | 		0	0	0	0	0	0
60  | 		0	0	0	0	0	0
61  | 		3.25481e-12	2.2447e-12	3.25481e-12	7.94249e-25	17	2.50796e-14
62  | 		0	0	0	0	0	0
63  | 		0	0	0	0	0	0
64  | 		0	0	0	0	0	0
65  | 		0	0	0	0	0	0
66  | 		0	0	0	0	0	0
67  | 		0	0	0	0	0	0
68  | 		0	0	0	0	0	0
69  | 		0	0	0	0	0	0
70  | 		0	0	0	0	0	0
71  | 		0	0	0	0	0	0
72  | 		0	0	0	0	0	0
73  | 		0	0	0	0	0	0
74  | 		0	0	0	0	0	0
75  | 		0	0	0	0	0	0
76  | 		0	0	0	0	0	0
77  | 		0	0	0	0	0	0
78  | 		0	0	0	0	0	0
79  | 		0	0	0	0	0	0
80  | 		0	0	0	0	0	0
81  | 		0	0	0	0	0	0
82  | 		0	0	0	0	0	0
83  | 		0	0	0	0	0	0
84  | 		0	0	0	0	0	0
85  | 		0	0	0	0	0	0
86  | 		0	0	0	0	0	0
87  | 		2.85629e-12	8.65594e-12	2.85629e-12	9.38459e-25	12	4.42611e-14
88  | 		7.16432e-12	1.40474e-11	7.16432e-12	1.96463e-24	32	1.90672e-14
89  | 		0	0	0	0	0	0
90  | 		0	0	0	0	0	0
91  | 		0	0	0	0	0	0
92  | 		0	0	0	0	0	0
93  | 		0	0	0	0	0	0
94  | 		0	0	0	0	0	0
95  | 		2.91305e-11	1.61835e-11	2.91305e-11	1.40762e-23	109	2.31172e-14
96  | 		0	0	0	0	0	0
97  | 		4.22649e-12	8.84685e-12	4.22649e-12	2.30105e-24	16	7.02554e-14
98  | 		0	0	0	0	0	0
99  | 		9.84102e-14	1.69649e-13	9.84102e-14	9.68457e-27	1	0
100  | 		0	0	0	0	0	0
101  | 		0	0	0	0	0	0
102  | 		0	0	0	0	0	0
103  | 		1.94801e-13	1.86591e-12	1.94801e-13	3.44827e-26	2	8.80597e-14
104  | 		0	0	0	0	0	0
105  | 		0	0	0	0	0	0
106  | 		9.01547e-12	7.40302e-12	9.01547e-12	4.30896e-24	29	4.30695e-14
107  | 		3.1995e-12	2.13203e-13	3.1995e-12	7.52158e-25	18	2.44848e-14
108  | 		3.99136e-12	1.45113e-12	3.99136e-12	8.12459e-25	25	1.70889e-14
109  | 		3.26965e-11	3.2615e-12	3.26965e-11	1.52169e-23	125	2.07356e-14
110  | 		0	0	0	0	0	0
111  | 		0	0	0	0	0	0
112  | 		0	0	0	0	0	0
113  | 		0	0	0	0	0	0
114  | 		0	0	0	0	0	0
115  | 		0	0	0	0	0	0
116  | 		9.6406e-12	9.19457e-12	9.6406e-12	2.61065e-24	51	1.7582e-14
117  | 		1.21949e-11	9.85843e-13	1.21949e-11	7.3772e-24	68	3.3752e-14
118  | 		1.52671e-12	9.28955e-13	1.52671e-12	3.7258e-25	7	3.07069e-14
119  | 		1.26675e-11	2.34737e-12	1.26675e-11	7.95538e-24	49	4.46098e-14
120  | 		0	0	0	0	0	0
121  | 		0	0	0	0	0	0
122  | 		2.51359e-12	8.62768e-12	2.51359e-12	1.04572e-24	8	6.76061e-14
123  | 		1.29978e-12	8.87098e-13	1.29978e-12	3.02218e-25	9	3.98787e-14
124  | 		6.09201e-13	9.53321e-13	6.09201e-13	9.97663e-26	5	3.57359e-14
125  | 		4.17779e-12	3.13546e-12	4.17779e-12	1.9276e-24	18	5.59512e-14
126  | 		0	0	0	0	0	0
127  | 		0	0	0	0	0	0
128  | 		0	0	0	0	0	0
129  | 		0	0	0	0	0	0
130  | 		0	0	0	0	0	0
131  | 		0	0	0	0	0	0
132  | 		0	0	0	0	0	0
133  | 		0	0	0	0	0	0
134  | 		0	0	0	0	0	0
135  | 		0	0	0	0	0	0
136  | 		0	0	0	0	0	0
137  | 		0	0	0	0	0	0
138  | 		0	0	0	0	0	0
139  | 		0	0	0	0	0	0
140  | 		3.40583e-16	1.70292e-12	3.40583e-16	1.15997e-31	1	0
141  | 		0	0	0	0	0	0
Total energy depositied over all organs = 1.90222e-10 J
Total absorbed dose over all organs = 3.41952e-10 Gy 
