
	-------------------------------- 
	OrganID	Edep (J)	Dose (Gy)
	-------------------------------- 
	2 |		3.42685e-14	4.8955e-12
	3 |		6.30559e-13	5.71677e-11
	4 |		5.2448e-13	1.84611e-11
	5 |		3.99067e-12	1.29862e-10
	6 |		5.10684e-13	1.00134e-10
	10 |		2.00732e-12	7.38176e-12
	16 |		6.59001e-13	5.14724e-12
	17 |		5.60766e-13	9.38835e-12
	19 |		5.06385e-13	1.86996e-12
	20 |		3.58144e-12	1.9688e-11
	26 |		1.82668e-11	3.24542e-11
	27 |		1.22818e-11	2.72289e-11
	31 |		1.19049e-12	4.04804e-12
	32 |		6.12878e-12	1.39745e-11
	34 |		3.80601e-13	7.1629e-13
	35 |		2.19437e-13	3.00855e-13
	39 |		4.97907e-13	6.54108e-12
	40 |		2.80989e-13	3.80228e-12
	43 |		1.13659e-14	3.11258e-14
	44 |		1.1278e-12	2.16861e-12
	45 |		3.64171e-12	1.64686e-11
	46 |		1.91968e-12	9.98742e-12
	51 |		2.97853e-13	1.59973e-12
	52 |		3.84142e-12	1.2717e-11
	56 |		4.23164e-12	7.5149e-11
	57 |		3.31131e-13	2.07476e-11
	61 |		2.35846e-11	1.62653e-11
	70 |		1.56378e-19	1.1234e-17
	71 |		3.54902e-14	6.56254e-13
	72 |		4.06098e-12	2.7075e-11
	73 |		1.01607e-11	4.0641e-11
	74 |		3.67955e-13	5.66085e-13
	75 |		8.60562e-19	2.45861e-18
	78 |		8.86014e-13	1.47669e-11
	79 |		1.17848e-12	1.2405e-11
	82 |		5.73111e-14	6.36861e-13
	83 |		1.98096e-12	5.65987e-11
	86 |		8.10272e-16	2.70271e-14
	87 |		7.85538e-12	2.38056e-11
	88 |		5.67306e-12	1.11234e-11
	89 |		2.53469e-12	2.36622e-11
	90 |		1.52103e-12	3.97656e-11
	95 |		2.02032e-11	1.12239e-11
	97 |		7.68951e-12	1.60956e-11
	99 |		2.90422e-12	5.00658e-12
	103 |		1.62538e-13	1.55688e-12
	106 |		2.04422e-11	1.6786e-11
	107 |		9.571e-11	6.37777e-12
	108 |		2.55025e-12	9.27185e-13
	109 |		8.71533e-11	8.69362e-12
	113 |		1.46331e-20	1.04522e-19
	116 |		2.69552e-11	2.57081e-11
	117 |		6.06069e-11	4.89949e-12
	118 |		2.47659e-12	1.50693e-12
	119 |		4.54771e-11	8.4272e-12
	122 |		7.17694e-12	2.46342e-11
	123 |		5.34708e-12	3.64936e-12
	124 |		5.86529e-13	9.17842e-13
	125 |		7.07383e-12	5.30897e-12
	128 |		4.56527e-12	9.12325e-11
	133 |		1.27433e-12	3.01402e-11
----------------------------------------------------------------------------
-------------------------------ORGAN INFO-----------------------------------
-----------------(of organs where edep/dose was recorded)-------------------
----------------------------------------------------------------------------
ID		Organ Name	    	    	    	Material ID		Density (g/cm^3) 
2     Adrenal, right                                   43    1.030
3     Anterior nasal passage (ET1)                     45    1.030
4     Posterior nasal passage down to larynx (ET2)     45    1.030
5     Oral mucosa, tongue                              29    1.050
6     Oral mucosa, lips and cheeks                     29    1.050
10    Blood vessels, trunk                             28    1.060
16    Humeri, lower half, cortical                      2    1.920
17    Humeri, lower half, spongiosa                     4    1.108
19    Ulnae and radii, cortical                         2    1.920
20    Ulnae and radii, spongiosa                        5    1.108
26    Cranium, cortical                                 2    1.920
27    Cranium, spongiosa                                8    1.157
31    Femora, lower half, cortical                      2    1.920
32    Femora, lower half, spongiosa                    10    1.108
34    Tibiae, fibulae and patellae, cortical            2    1.920
35    Tibiae, fibulae and patellae, spongiosa          11    1.108
39    Mandible, cortical                                2    1.920
40    Mandible, spongiosa                              13    1.228
43    Ribs, cortical                                    2    1.920
44    Ribs, spongiosa                                  15    1.165
45    Scapulae, cortical                                2    1.920
46    Scapulae, spongiosa                              16    1.183
51    Lumbar spine, cortical                            2    1.920
52    Lumbar spine, spongiosa                          19    1.112
56    Sternum, spongiosa                               21    1.041
57    Cartilage, head                                  26    1.100
61    Brain                                            32    1.050
70    Gall bladder wall                                45    1.030
71    Gall bladder contents                            45    1.030
72    Stomach wall                                     36    1.040
73    Stomach contents                                 51    1.040
74    Small intestine wall                             37    1.040
75    Small intestine contents                         51    1.040
78    Transverse colon wall, right                     38    1.040
79    Transverse colon contents, right                 51    1.040
82    Descending colon wall                            38    1.040
83    Descending colon contents                        51    1.040
86    Rectum wall                                      38    1.040
87    Heart wall                                       33    1.050
88    Heart contents (blood)                           28    1.060
89    Kidney, left, cortex                             35    1.050
90    Kidney, left, medulla                            35    1.050
95    Liver                                            30    1.050
97    Lung, left, tissue                               50    0.382
99    Lung, right, tissue                              50    0.382
103   Lymphatic nodes, trunk                           47    1.030
106   Muscle, head                                     29    1.050
107   Muscle, trunk                                    29    1.050
108   Muscle, arms                                     29    1.050
109   Muscle, legs                                     29    1.050
113   Pancreas                                         31    1.050
116   Residual tissue, head                            49    0.950
117   Residual tissue, trunk                           49    0.950
118   Residual tissue, arms                            49    0.950
119   Residual tissue, legs                            49    0.950
122   Skin, head                                       27    1.090
123   Skin, trunk                                      27    1.090
124   Skin, arms                                       27    1.090
125   Skin, legs                                       27    1.090
128   Teeth                                             1    2.750
133   Tongue (inner part)                              29    1.050

Total Edep over all organs = 5.25907e-10 J
Total dose absorbed over all organs = 1.11302e-09 Gy

----------------------------------------------------------------------------
----------------ORGAN ENERGY DEPOSITIONS AND ABSORBED DOSE------------------
-----------(for all organs [includes air - OrganIDs = 0, 140])--------------
--------------([and top/bottom skin layer - OrganIDs = 141])----------------
----------------------------------------------------------------------------
OrganID	Edep (J) 	Dose (Gy) 	S1_J	S2_J2	N	SE_run_J
-------------------------------
0  | 		1.82583e-12	0	1.82583e-12	1.07414e-26	7534	1.34709e-17
1  | 		0	0	0	0	0	0
2  | 		3.42685e-14	4.8955e-12	3.42685e-14	1.17433e-27	1	0
3  | 		6.30559e-13	5.71677e-11	6.30559e-13	1.37202e-25	3	2.78898e-14
4  | 		5.2448e-13	1.84611e-11	5.2448e-13	8.37014e-26	4	3.52745e-14
5  | 		3.99067e-12	1.29862e-10	3.99067e-12	6.31779e-24	4	4.41251e-13
6  | 		5.10684e-13	1.00134e-10	5.10684e-13	1.00093e-25	3	4.68332e-14
7  | 		0	0	0	0	0	0
8  | 		0	0	0	0	0	0
9  | 		0	0	0	0	0	0
10  | 		2.00732e-12	7.38176e-12	2.00732e-12	4.02934e-24	3	6.69107e-13
11  | 		0	0	0	0	0	0
12  | 		0	0	0	0	0	0
13  | 		0	0	0	0	0	0
14  | 		0	0	0	0	0	0
15  | 		0	0	0	0	0	0
16  | 		6.59001e-13	5.14724e-12	6.59001e-13	2.2898e-25	2	7.69386e-14
17  | 		5.60766e-13	9.38835e-12	5.60766e-13	1.16383e-25	4	5.61011e-14
18  | 		0	0	0	0	0	0
19  | 		5.06385e-13	1.86996e-12	5.06385e-13	2.56426e-25	1	0
20  | 		3.58144e-12	1.9688e-11	3.58144e-12	7.52476e-25	21	1.83665e-14
21  | 		0	0	0	0	0	0
22  | 		0	0	0	0	0	0
23  | 		0	0	0	0	0	0
24  | 		0	0	0	0	0	0
25  | 		0	0	0	0	0	0
26  | 		1.82668e-11	3.24542e-11	1.82668e-11	1.30479e-23	46	5.2906e-14
27  | 		1.22818e-11	2.72289e-11	1.22818e-11	1.38631e-23	38	8.38848e-14
28  | 		0	0	0	0	0	0
29  | 		0	0	0	0	0	0
30  | 		0	0	0	0	0	0
31  | 		1.19049e-12	4.04804e-12	1.19049e-12	3.18904e-25	5	4.21017e-14
32  | 		6.12878e-12	1.39745e-11	6.12878e-12	1.5358e-24	33	1.9403e-14
33  | 		0	0	0	0	0	0
34  | 		3.80601e-13	7.1629e-13	3.80601e-13	9.61171e-26	3	8.92855e-14
35  | 		2.19437e-13	3.00855e-13	2.19437e-13	2.09553e-26	3	2.859e-14
36  | 		0	0	0	0	0	0
37  | 		0	0	0	0	0	0
38  | 		0	0	0	0	0	0
39  | 		4.97907e-13	6.54108e-12	4.97907e-13	1.24055e-25	2	7.03569e-15
40  | 		2.80989e-13	3.80228e-12	2.80989e-13	7.89546e-26	1	0
41  | 		0	0	0	0	0	0
42  | 		0	0	0	0	0	0
43  | 		1.13659e-14	3.11258e-14	1.13659e-14	1.29184e-28	1	0
44  | 		1.1278e-12	2.16861e-12	1.1278e-12	2.50393e-25	8	4.03998e-14
45  | 		3.64171e-12	1.64686e-11	3.64171e-12	2.13348e-24	10	9.47089e-14
46  | 		1.91968e-12	9.98742e-12	1.91968e-12	7.31272e-25	8	6.95168e-14
47  | 		0	0	0	0	0	0
48  | 		0	0	0	0	0	0
49  | 		0	0	0	0	0	0
50  | 		0	0	0	0	0	0
51  | 		2.97853e-13	1.59973e-12	2.97853e-13	8.87165e-26	1	0
52  | 		3.84142e-12	1.2717e-11	3.84142e-12	7.78491e-24	4	5.84222e-13
53  | 		0	0	0	0	0	0
54  | 		0	0	0	0	0	0
55  | 		0	0	0	0	0	0
56  | 		4.23164e-12	7.5149e-11	4.23164e-12	1.19026e-24	17	2.24357e-14
57  | 		3.31131e-13	2.07476e-11	3.31131e-13	4.33726e-26	3	3.37226e-14
58  | 		0	0	0	0	0	0
59  | 		0	0	0	0	0	0
60  | 		0	0	0	0	0	0
61  | 		2.35846e-11	1.62653e-11	2.35846e-11	7.28174e-24	106	1.35193e-14
62  | 		0	0	0	0	0	0
63  | 		0	0	0	0	0	0
64  | 		0	0	0	0	0	0
65  | 		0	0	0	0	0	0
66  | 		0	0	0	0	0	0
67  | 		0	0	0	0	0	0
68  | 		0	0	0	0	0	0
69  | 		0	0	0	0	0	0
70  | 		1.56378e-19	1.1234e-17	1.56378e-19	1.63042e-38	4	2.91415e-20
71  | 		3.54902e-14	6.56254e-13	3.54902e-14	1.25952e-27	9	3.94329e-15
72  | 		4.06098e-12	2.7075e-11	4.06098e-12	6.18845e-24	5	3.80141e-13
73  | 		1.01607e-11	4.0641e-11	1.01607e-11	4.61405e-24	33	3.75075e-14
74  | 		3.67955e-13	5.66085e-13	3.67955e-13	9.94552e-26	2	1.26015e-13
75  | 		8.60562e-19	2.45861e-18	8.60562e-19	7.40567e-37	1	0
76  | 		0	0	0	0	0	0
77  | 		0	0	0	0	0	0
78  | 		8.86014e-13	1.47669e-11	8.86014e-13	1.93861e-25	5	4.29285e-14
79  | 		1.17848e-12	1.2405e-11	1.17848e-12	2.56419e-25	7	3.71666e-14
80  | 		0	0	0	0	0	0
81  | 		0	0	0	0	0	0
82  | 		5.73111e-14	6.36861e-13	5.73111e-14	3.28456e-27	1	0
83  | 		1.98096e-12	5.65987e-11	1.98096e-12	3.97015e-25	13	2.46975e-14
84  | 		0	0	0	0	0	0
85  | 		0	0	0	0	0	0
86  | 		8.10272e-16	2.70271e-14	8.10272e-16	6.56541e-31	1	0
87  | 		7.85538e-12	2.38056e-11	7.85538e-12	1.96433e-24	40	1.64406e-14
88  | 		5.67306e-12	1.11234e-11	5.67306e-12	1.41685e-24	30	1.98865e-14
89  | 		2.53469e-12	2.36622e-11	2.53469e-12	5.89759e-25	15	2.77273e-14
90  | 		1.52103e-12	3.97656e-11	1.52103e-12	3.71763e-25	7	3.1342e-14
91  | 		0	0	0	0	0	0
92  | 		0	0	0	0	0	0
93  | 		0	0	0	0	0	0
94  | 		0	0	0	0	0	0
95  | 		2.02032e-11	1.12239e-11	2.02032e-11	1.1697e-23	103	2.71325e-14
96  | 		0	0	0	0	0	0
97  | 		7.68951e-12	1.60956e-11	7.68951e-12	3.23296e-24	35	3.60155e-14
98  | 		0	0	0	0	0	0
99  | 		2.90422e-12	5.00658e-12	2.90422e-12	2.79987e-25	36	6.02219e-15
100  | 		0	0	0	0	0	0
101  | 		0	0	0	0	0	0
102  | 		0	0	0	0	0	0
103  | 		1.62538e-13	1.55688e-12	1.62538e-13	2.64185e-26	2	8.12689e-14
104  | 		0	0	0	0	0	0
105  | 		0	0	0	0	0	0
106  | 		2.04422e-11	1.6786e-11	2.04422e-11	1.86998e-23	60	5.75759e-14
107  | 		9.571e-11	6.37777e-12	9.571e-11	5.82688e-23	375	1.55335e-14
108  | 		2.55025e-12	9.27185e-13	2.55025e-12	5.96613e-25	15	2.78626e-14
109  | 		8.71533e-11	8.69362e-12	8.71533e-11	3.85024e-23	365	1.15397e-14
110  | 		0	0	0	0	0	0
111  | 		0	0	0	0	0	0
112  | 		0	0	0	0	0	0
113  | 		1.46331e-20	1.04522e-19	1.46331e-20	1.26716e-40	2	3.13473e-21
114  | 		0	0	0	0	0	0
115  | 		0	0	0	0	0	0
116  | 		2.69552e-11	2.57081e-11	2.69552e-11	1.68955e-23	118	2.78886e-14
117  | 		6.06069e-11	4.89949e-12	6.06069e-11	2.51711e-23	290	1.2215e-14
118  | 		2.47659e-12	1.50693e-12	2.47659e-12	6.03102e-25	15	3.04101e-14
119  | 		4.54771e-11	8.4272e-12	4.54771e-11	1.70673e-23	225	1.25004e-14
120  | 		0	0	0	0	0	0
121  | 		0	0	0	0	0	0
122  | 		7.17694e-12	2.46342e-11	7.17694e-12	6.05578e-24	25	8.16032e-14
123  | 		5.34708e-12	3.64936e-12	5.34708e-12	1.83069e-24	29	3.22548e-14
124  | 		5.86529e-13	9.17842e-13	5.86529e-13	1.52975e-25	4	7.47057e-14
125  | 		7.07383e-12	5.30897e-12	7.07383e-12	2.46291e-24	33	2.99396e-14
126  | 		0	0	0	0	0	0
127  | 		0	0	0	0	0	0
128  | 		4.56527e-12	9.12325e-11	4.56527e-12	2.1185e-24	14	5.88257e-14
129  | 		0	0	0	0	0	0
130  | 		0	0	0	0	0	0
131  | 		0	0	0	0	0	0
132  | 		0	0	0	0	0	0
133  | 		1.27433e-12	3.01402e-11	1.27433e-12	8.68297e-25	2	1.67841e-13
134  | 		0	0	0	0	0	0
135  | 		0	0	0	0	0	0
136  | 		0	0	0	0	0	0
137  | 		0	0	0	0	0	0
138  | 		0	0	0	0	0	0
139  | 		0	0	0	0	0	0
140  | 		3.30202e-15	1.65101e-11	3.30202e-15	6.76205e-31	28	1.94773e-17
141  | 		0	0	0	0	0	0
Total energy depositied over all organs = 5.25907e-10 J
Total absorbed dose over all organs = 1.11302e-09 Gy 
