
	-------------------------------- 
	OrganID	Edep (J)	Dose (Gy)
	-------------------------------- 
	4 |		2.87009e-12	1.01024e-10
	5 |		1.09102e-12	3.55033e-11
	6 |		2.7791e-12	5.44922e-10
	7 |		3.33101e-13	3.32769e-11
	8 |		4.50565e-13	6.79482e-12
	10 |		6.23221e-12	2.29184e-11
	11 |		1.17238e-12	7.45786e-11
	12 |		1.82144e-12	2.19345e-11
	13 |		1.2574e-11	9.29619e-11
	14 |		8.50362e-12	4.60003e-11
	15 |		1.40841e-12	4.20672e-11
	19 |		2.27412e-12	8.39777e-12
	21 |		1.69075e-13	7.45808e-12
	22 |		1.47891e-12	8.22805e-12
	23 |		1.49436e-12	1.07054e-11
	24 |		2.11336e-12	4.4231e-11
	25 |		3.03829e-12	5.72613e-11
	26 |		2.42485e-12	4.30817e-12
	27 |		6.19482e-13	1.37339e-12
	31 |		1.25735e-14	4.27539e-14
	34 |		7.33819e-12	1.38105e-11
	35 |		5.4291e-13	7.44345e-13
	37 |		2.87089e-12	1.23447e-11
	38 |		9.61216e-12	1.89298e-11
	39 |		2.54751e-12	3.3467e-11
	40 |		1.03742e-11	1.40381e-10
	41 |		9.66038e-13	2.42346e-12
	42 |		7.73168e-12	1.13504e-11
	43 |		7.12907e-12	1.95231e-11
	44 |		5.1466e-12	9.89617e-12
	45 |		8.65893e-12	3.91577e-11
	46 |		3.24155e-12	1.68646e-11
	50 |		1.20899e-14	3.60525e-14
	51 |		2.64949e-12	1.42301e-11
	52 |		3.40041e-12	1.1257e-11
	57 |		3.13354e-12	1.96337e-10
	60 |		6.82817e-13	1.96607e-11
	61 |		1.50407e-11	1.03729e-11
	66 |		4.68279e-13	2.46463e-09
	67 |		6.45851e-13	8.85941e-11
	74 |		1.62747e-12	2.5038e-12
	75 |		1.83679e-12	5.24767e-12
	78 |		2.18431e-12	3.64052e-11
	79 |		2.82123e-12	2.96972e-11
	95 |		2.11425e-12	1.17458e-12
	96 |		7.43495e-12	9.41014e-11
	97 |		8.72774e-12	1.82688e-11
	98 |		1.43919e-12	2.01172e-11
	99 |		1.19295e-11	2.05653e-11
	100 |		2.03491e-13	9.00404e-11
	101 |		1.45594e-12	2.2749e-10
	102 |		5.25928e-13	8.79478e-11
	103 |		7.65923e-13	7.33643e-12
	106 |		3.50397e-11	2.87727e-11
	107 |		1.38624e-10	9.23738e-12
	108 |		2.61963e-11	9.52408e-12
	109 |		1.12433e-10	1.12153e-11
	116 |		2.18895e-11	2.08767e-11
	117 |		8.48279e-11	6.85753e-12
	118 |		4.37891e-11	2.66443e-11
	119 |		7.64063e-11	1.41586e-11
	121 |		1.21429e-12	2.85781e-11
	122 |		6.9665e-12	2.39119e-11
	123 |		1.11489e-11	7.60907e-12
	124 |		6.63255e-12	1.03791e-11
	125 |		1.97432e-11	1.48175e-11
	128 |		5.79425e-12	1.15792e-10
	141 |		4.44452e-12	2.88044e-11
----------------------------------------------------------------------------
-------------------------------ORGAN INFO-----------------------------------
-----------------(of organs where edep/dose was recorded)-------------------
----------------------------------------------------------------------------
ID		Organ Name	    	    	    	Material ID		Density (g/cm^3) 
4     Posterior nasal passage down to larynx (ET2)     45    1.030
5     Oral mucosa, tongue                              29    1.050
6     Oral mucosa, lips and cheeks                     29    1.050
7     Trachea                                          45    1.030
8     Bronchi                                          45    1.030
10    Blood vessels, trunk                             28    1.060
11    Blood vessels, arms                              28    1.060
12    Blood vessels, legs                              28    1.060
13    Humeri, upper half, cortical                      2    1.920
14    Humeri, upper half, spongiosa                     3    1.205
15    Humeri, upper half, medullary cavity             22    0.980
19    Ulnae and radii, cortical                         2    1.920
21    Ulnae and radii, medullary cavity                24    0.980
22    Wrists and hand bones, cortical                   2    1.920
23    Wrists and hand bones, spongiosa                  6    1.108
24    Clavicles, cortical                               2    1.920
25    Clavicles, spongiosa                              7    1.151
26    Cranium, cortical                                 2    1.920
27    Cranium, spongiosa                                8    1.157
31    Femora, lower half, cortical                      2    1.920
34    Tibiae, fibulae and patellae, cortical            2    1.920
35    Tibiae, fibulae and patellae, spongiosa          11    1.108
37    Ankles and foot bones, cortical                   2    1.920
38    Ankles and foot bones, spongiosa                 12    1.108
39    Mandible, cortical                                2    1.920
40    Mandible, spongiosa                              13    1.228
41    Pelvis, cortical                                  2    1.920
42    Pelvis, spongiosa                                14    1.123
43    Ribs, cortical                                    2    1.920
44    Ribs, spongiosa                                  15    1.165
45    Scapulae, cortical                                2    1.920
46    Scapulae, spongiosa                              16    1.183
50    Thoracic spine, spongiosa                        18    1.074
51    Lumbar spine, cortical                            2    1.920
52    Lumbar spine, spongiosa                          19    1.112
57    Cartilage, head                                  26    1.100
60    Cartilage, legs                                  26    1.100
61    Brain                                            32    1.050
66    Eye lense, left                                  34    1.050
67    Eye bulb, left                                   34    1.050
74    Small intestine wall                             37    1.040
75    Small intestine contents                         51    1.040
78    Transverse colon wall, right                     38    1.040
79    Transverse colon contents, right                 51    1.040
95    Liver                                            30    1.050
96    Lung, left, blood                                28    1.060
97    Lung, left, tissue                               50    0.382
98    Lung, right, blood                               28    1.060
99    Lung, right, tissue                              50    0.382
100   Lymphatic nodes, extrathoracic airways           47    1.030
101   Lymphatic nodes, thoracic airways                47    1.030
102   Lymphatic nodes, head                            47    1.030
103   Lymphatic nodes, trunk                           47    1.030
106   Muscle, head                                     29    1.050
107   Muscle, trunk                                    29    1.050
108   Muscle, arms                                     29    1.050
109   Muscle, legs                                     29    1.050
116   Residual tissue, head                            49    0.950
117   Residual tissue, trunk                           49    0.950
118   Residual tissue, arms                            49    0.950
119   Residual tissue, legs                            49    0.950
121   Salivary glands, right                           45    1.030
122   Skin, head                                       27    1.090
123   Skin, trunk                                      27    1.090
124   Skin, arms                                       27    1.090
125   Skin, legs                                       27    1.090
128   Teeth                                             1    2.750
141    Phantom Top/Bottom Skin Layer

Total Edep over all organs = 7.8327e-10 J
Total dose absorbed over all organs = 5.28607e-09 Gy

----------------------------------------------------------------------------
----------------ORGAN ENERGY DEPOSITIONS AND ABSORBED DOSE------------------
-----------(for all organs [includes air - OrganIDs = 0, 140])--------------
--------------([and top/bottom skin layer - OrganIDs = 141])----------------
----------------------------------------------------------------------------
OrganID	Edep (J) 	Dose (Gy) 	S1_J	S2_J2	N	SE_run_J
-------------------------------
0  | 		2.33803e-12	0	2.33803e-12	1.42334e-27	13899	2.30919e-18
1  | 		0	0	0	0	0	0
2  | 		0	0	0	0	0	0
3  | 		0	0	0	0	0	0
4  | 		2.87009e-12	1.01024e-10	2.87009e-12	5.94309e-25	18	2.11342e-14
5  | 		1.09102e-12	3.55033e-11	1.09102e-12	2.26406e-25	7	3.66322e-14
6  | 		2.7791e-12	5.44922e-10	2.7791e-12	3.7496e-24	3	4.42556e-13
7  | 		3.33101e-13	3.32769e-11	3.33101e-13	1.10957e-25	1	0
8  | 		4.50565e-13	6.79482e-12	4.50565e-13	1.23197e-25	3	9.62006e-14
9  | 		0	0	0	0	0	0
10  | 		6.23221e-12	2.29184e-11	6.23221e-12	2.16878e-24	27	3.22526e-14
11  | 		1.17238e-12	7.45786e-11	1.17238e-12	4.54536e-25	4	9.61423e-14
12  | 		1.82144e-12	2.19345e-11	1.82144e-12	5.38249e-25	7	3.91268e-14
13  | 		1.2574e-11	9.29619e-11	1.2574e-11	2.7541e-23	18	2.47585e-13
14  | 		8.50362e-12	4.60003e-11	8.50362e-12	2.12303e-23	5	5.8172e-13
15  | 		1.40841e-12	4.20672e-11	1.40841e-12	2.55751e-25	11	2.61851e-14
16  | 		0	0	0	0	0	0
17  | 		0	0	0	0	0	0
18  | 		0	0	0	0	0	0
19  | 		2.27412e-12	8.39777e-12	2.27412e-12	8.21382e-25	9	5.85424e-14
20  | 		0	0	0	0	0	0
21  | 		1.69075e-13	7.45808e-12	1.69075e-13	2.85863e-26	1	0
22  | 		1.47891e-12	8.22805e-12	1.47891e-12	4.79401e-25	5	4.58071e-14
23  | 		1.49436e-12	1.07054e-11	1.49436e-12	2.8672e-25	10	2.65432e-14
24  | 		2.11336e-12	4.4231e-11	2.11336e-12	6.56903e-25	9	4.7236e-14
25  | 		3.03829e-12	5.72613e-11	3.03829e-12	9.79691e-25	13	4.15718e-14
26  | 		2.42485e-12	4.30817e-12	2.42485e-12	1.01322e-24	9	7.07007e-14
27  | 		6.19482e-13	1.37339e-12	6.19482e-13	1.67217e-25	3	8.09295e-14
28  | 		0	0	0	0	0	0
29  | 		0	0	0	0	0	0
30  | 		0	0	0	0	0	0
31  | 		1.25735e-14	4.27539e-14	1.25735e-14	1.58093e-28	1	0
32  | 		0	0	0	0	0	0
33  | 		0	0	0	0	0	0
34  | 		7.33819e-12	1.38105e-11	7.33819e-12	7.58118e-24	15	1.37862e-13
35  | 		5.4291e-13	7.44345e-13	5.4291e-13	6.86485e-26	8	2.38315e-14
36  | 		0	0	0	0	0	0
37  | 		2.87089e-12	1.23447e-11	2.87089e-12	1.12848e-24	10	5.81449e-14
38  | 		9.61216e-12	1.89298e-11	9.61216e-12	2.46624e-24	51	1.6022e-14
39  | 		2.54751e-12	3.3467e-11	2.54751e-12	9.07204e-25	8	4.13997e-14
40  | 		1.03742e-11	1.40381e-10	1.03742e-11	3.84327e-24	39	2.70415e-14
41  | 		9.66038e-13	2.42346e-12	9.66038e-13	9.17216e-25	3	3.17842e-13
42  | 		7.73168e-12	1.13504e-11	7.73168e-12	1.01942e-23	8	2.20465e-13
43  | 		7.12907e-12	1.95231e-11	7.12907e-12	1.02579e-23	14	1.90828e-13
44  | 		5.1466e-12	9.89617e-12	5.1466e-12	1.66229e-24	23	3.17679e-14
45  | 		8.65893e-12	3.91577e-11	8.65893e-12	1.14463e-23	10	2.09459e-13
46  | 		3.24155e-12	1.68646e-11	3.24155e-12	1.72383e-24	7	7.28244e-14
47  | 		0	0	0	0	0	0
48  | 		0	0	0	0	0	0
49  | 		0	0	0	0	0	0
50  | 		1.20899e-14	3.60525e-14	1.20899e-14	1.46165e-28	1	0
51  | 		2.64949e-12	1.42301e-11	2.64949e-12	3.54815e-24	2	1.38276e-13
52  | 		3.40041e-12	1.1257e-11	3.40041e-12	5.2697e-24	3	4.85703e-13
53  | 		0	0	0	0	0	0
54  | 		0	0	0	0	0	0
55  | 		0	0	0	0	0	0
56  | 		0	0	0	0	0	0
57  | 		3.13354e-12	1.96337e-10	3.13354e-12	6.39806e-25	19	1.89655e-14
58  | 		0	0	0	0	0	0
59  | 		0	0	0	0	0	0
60  | 		6.82817e-13	1.96607e-11	6.82817e-13	1.34654e-25	4	3.8831e-14
61  | 		1.50407e-11	1.03729e-11	1.50407e-11	9.12608e-24	35	4.73019e-14
62  | 		0	0	0	0	0	0
63  | 		0	0	0	0	0	0
64  | 		0	0	0	0	0	0
65  | 		0	0	0	0	0	0
66  | 		4.68279e-13	2.46463e-09	4.68279e-13	8.71779e-26	3	4.84473e-14
67  | 		6.45851e-13	8.85941e-11	6.45851e-13	1.00986e-25	5	2.9632e-14
68  | 		0	0	0	0	0	0
69  | 		0	0	0	0	0	0
70  | 		0	0	0	0	0	0
71  | 		0	0	0	0	0	0
72  | 		0	0	0	0	0	0
73  | 		0	0	0	0	0	0
74  | 		1.62747e-12	2.5038e-12	1.62747e-12	5.90541e-25	6	7.04977e-14
75  | 		1.83679e-12	5.24767e-12	1.83679e-12	6.00936e-25	8	5.65705e-14
76  | 		0	0	0	0	0	0
77  | 		0	0	0	0	0	0
78  | 		2.18431e-12	3.64052e-11	2.18431e-12	5.50619e-25	11	3.25957e-14
79  | 		2.82123e-12	2.96972e-11	2.82123e-12	6.92987e-25	16	2.85429e-14
80  | 		0	0	0	0	0	0
81  | 		0	0	0	0	0	0
82  | 		0	0	0	0	0	0
83  | 		0	0	0	0	0	0
84  | 		0	0	0	0	0	0
85  | 		0	0	0	0	0	0
86  | 		0	0	0	0	0	0
87  | 		0	0	0	0	0	0
88  | 		0	0	0	0	0	0
89  | 		0	0	0	0	0	0
90  | 		0	0	0	0	0	0
91  | 		0	0	0	0	0	0
92  | 		0	0	0	0	0	0
93  | 		0	0	0	0	0	0
94  | 		0	0	0	0	0	0
95  | 		2.11425e-12	1.17458e-12	2.11425e-12	4.02439e-25	18	2.24412e-14
96  | 		7.43495e-12	9.41014e-11	7.43495e-12	6.06081e-24	13	1.07674e-13
97  | 		8.72774e-12	1.82688e-11	8.72774e-12	1.65966e-24	66	1.08552e-14
98  | 		1.43919e-12	2.01172e-11	1.43919e-12	5.82558e-25	4	7.34532e-14
99  | 		1.19295e-11	2.05653e-11	1.19295e-11	3.81814e-24	96	1.60034e-14
100  | 		2.03491e-13	9.00404e-11	2.03491e-13	4.14087e-26	1	0
101  | 		1.45594e-12	2.2749e-10	1.45594e-12	3.87487e-25	6	3.37608e-14
102  | 		5.25928e-13	8.79478e-11	5.25928e-13	1.42101e-25	3	9.11971e-14
103  | 		7.65923e-13	7.33643e-12	7.65923e-13	2.7607e-25	4	1.03847e-13
104  | 		0	0	0	0	0	0
105  | 		0	0	0	0	0	0
106  | 		3.50397e-11	2.87727e-11	3.50397e-11	1.00634e-23	178	1.00239e-14
107  | 		1.38624e-10	9.23738e-12	1.38624e-10	6.54185e-23	524	1.02417e-14
108  | 		2.61963e-11	9.52408e-12	2.61963e-11	8.99049e-24	139	1.45367e-14
109  | 		1.12433e-10	1.12153e-11	1.12433e-10	5.49253e-23	480	1.11511e-14
110  | 		0	0	0	0	0	0
111  | 		0	0	0	0	0	0
112  | 		0	0	0	0	0	0
113  | 		0	0	0	0	0	0
114  | 		0	0	0	0	0	0
115  | 		0	0	0	0	0	0
116  | 		2.18895e-11	2.08767e-11	2.18895e-11	1.27186e-23	103	2.77095e-14
117  | 		8.48279e-11	6.85753e-12	8.48279e-11	3.7177e-23	397	1.10084e-14
118  | 		4.37891e-11	2.66443e-11	4.37891e-11	5.5169e-23	123	5.13575e-14
119  | 		7.64063e-11	1.41586e-11	7.64063e-11	6.6413e-23	263	2.53314e-14
120  | 		0	0	0	0	0	0
121  | 		1.21429e-12	2.85781e-11	1.21429e-12	2.47862e-25	7	2.97692e-14
122  | 		6.9665e-12	2.39119e-11	6.9665e-12	1.90071e-24	35	2.07846e-14
123  | 		1.11489e-11	7.60907e-12	1.11489e-11	3.96836e-24	50	2.45981e-14
124  | 		6.63255e-12	1.03791e-11	6.63255e-12	2.45239e-24	30	3.36656e-14
125  | 		1.97432e-11	1.48175e-11	1.97432e-11	1.0172e-23	78	2.93526e-14
126  | 		0	0	0	0	0	0
127  | 		0	0	0	0	0	0
128  | 		5.79425e-12	1.15792e-10	5.79425e-12	1.08034e-23	10	2.87635e-13
129  | 		0	0	0	0	0	0
130  | 		0	0	0	0	0	0
131  | 		0	0	0	0	0	0
132  | 		0	0	0	0	0	0
133  | 		0	0	0	0	0	0
134  | 		0	0	0	0	0	0
135  | 		0	0	0	0	0	0
136  | 		0	0	0	0	0	0
137  | 		0	0	0	0	0	0
138  | 		0	0	0	0	0	0
139  | 		0	0	0	0	0	0
140  | 		7.33439e-15	3.66719e-11	7.33439e-15	4.08709e-30	51	3.4484e-17
141  | 		4.44452e-12	2.88044e-11	4.44452e-12	1.20296e-24	22	2.56964e-14
Total energy depositied over all organs = 7.8327e-10 J
Total absorbed dose over all organs = 5.28607e-09 Gy 
