
	-------------------------------- 
	OrganID	Edep (J)	Dose (Gy)
	-------------------------------- 
	4 |		2.02523e-13	7.12859e-12
	5 |		3.24932e-12	1.05738e-10
	7 |		4.79986e-13	4.79507e-11
	10 |		1.37964e-11	5.0735e-11
	12 |		9.28713e-13	1.11839e-11
	13 |		2.99333e-12	2.21302e-11
	14 |		5.82873e-12	3.15305e-11
	15 |		4.87044e-12	1.45473e-10
	19 |		1.57213e-12	5.8055e-12
	20 |		4.22238e-12	2.32113e-11
	22 |		2.73197e-12	1.51996e-11
	23 |		2.02931e-12	1.45377e-11
	25 |		2.29235e-15	4.32029e-14
	26 |		1.1122e-11	1.97602e-11
	27 |		4.59197e-12	1.01804e-11
	28 |		1.18774e-11	4.5389e-11
	29 |		1.25491e-11	2.65842e-11
	30 |		2.06255e-12	8.00058e-11
	31 |		2.84486e-13	9.67342e-13
	32 |		1.13132e-11	2.57957e-11
	34 |		1.31255e-11	2.47021e-11
	35 |		7.67349e-12	1.05206e-11
	36 |		3.92879e-13	4.99401e-12
	37 |		1.63535e-13	7.03197e-13
	38 |		5.76639e-15	1.13561e-14
	39 |		2.04928e-12	2.69217e-11
	40 |		7.02847e-13	9.51078e-12
	41 |		3.89201e-12	9.7637e-12
	42 |		3.45288e-12	5.06897e-12
	43 |		2.47511e-12	6.77817e-12
	44 |		7.37462e-12	1.41803e-11
	45 |		1.60708e-12	7.2676e-12
	46 |		7.52658e-12	3.91581e-11
	49 |		1.51613e-12	5.29044e-12
	50 |		4.69413e-12	1.39981e-11
	51 |		2.93198e-12	1.57472e-11
	52 |		8.12445e-12	2.68959e-11
	58 |		3.63133e-12	4.09533e-11
	59 |		2.02785e-13	3.43123e-11
	61 |		2.0243e-11	1.39607e-11
	67 |		3.04247e-13	4.17348e-11
	74 |		3.70207e-12	5.69549e-12
	75 |		8.4486e-12	2.41375e-11
	78 |		1.49568e-12	2.49279e-11
	79 |		3.16577e-12	3.33239e-11
	84 |		2.1843e-13	5.45939e-12
	85 |		2.57622e-12	3.43633e-11
	87 |		7.29344e-15	2.21027e-14
	89 |		9.99281e-12	9.32861e-11
	92 |		2.34428e-13	2.13271e-12
	95 |		2.0457e-11	1.13649e-11
	96 |		1.04848e-11	1.32702e-10
	97 |		7.14527e-12	1.49564e-11
	99 |		7.42688e-12	1.28032e-11
	101 |		6.63494e-14	1.03671e-11
	103 |		5.23092e-13	5.01046e-12
	106 |		2.1015e-11	1.72564e-11
	107 |		1.70321e-10	1.13496e-11
	108 |		8.81072e-12	3.20328e-12
	109 |		1.08803e-10	1.08532e-11
	113 |		1.59398e-11	1.13856e-10
	116 |		1.97699e-11	1.88552e-11
	117 |		1.33547e-10	1.0796e-11
	118 |		1.7586e-11	1.07005e-11
	119 |		6.50857e-11	1.20608e-11
	121 |		3.3356e-13	7.85031e-12
	122 |		3.55146e-12	1.21901e-11
	123 |		2.0484e-11	1.39803e-11
	124 |		4.61033e-12	7.21458e-12
	125 |		1.62472e-11	1.21936e-11
	126 |		3.87548e-13	1.0583e-11
	132 |		7.65295e-13	3.82839e-11
	133 |		4.43509e-12	1.04898e-10
----------------------------------------------------------------------------
-------------------------------ORGAN INFO-----------------------------------
-----------------(of organs where edep/dose was recorded)-------------------
----------------------------------------------------------------------------
ID		Organ Name	    	    	    	Material ID		Density (g/cm^3) 
4     Posterior nasal passage down to larynx (ET2)     45    1.030
5     Oral mucosa, tongue                              29    1.050
7     Trachea                                          45    1.030
10    Blood vessels, trunk                             28    1.060
12    Blood vessels, legs                              28    1.060
13    Humeri, upper half, cortical                      2    1.920
14    Humeri, upper half, spongiosa                     3    1.205
15    Humeri, upper half, medullary cavity             22    0.980
19    Ulnae and radii, cortical                         2    1.920
20    Ulnae and radii, spongiosa                        5    1.108
22    Wrists and hand bones, cortical                   2    1.920
23    Wrists and hand bones, spongiosa                  6    1.108
25    Clavicles, spongiosa                              7    1.151
26    Cranium, cortical                                 2    1.920
27    Cranium, spongiosa                                8    1.157
28    Femora, upper half, cortical                      2    1.920
29    Femora, upper half, spongiosa                     9    1.124
30    Femora, upper half, medullary cavity             22    0.980
31    Femora, lower half, cortical                      2    1.920
32    Femora, lower half, spongiosa                    10    1.108
34    Tibiae, fibulae and patellae, cortical            2    1.920
35    Tibiae, fibulae and patellae, spongiosa          11    1.108
36    Tibiae, fibulae and patellae, medullary cavity   25    0.980
37    Ankles and foot bones, cortical                   2    1.920
38    Ankles and foot bones, spongiosa                 12    1.108
39    Mandible, cortical                                2    1.920
40    Mandible, spongiosa                              13    1.228
41    Pelvis, cortical                                  2    1.920
42    Pelvis, spongiosa                                14    1.123
43    Ribs, cortical                                    2    1.920
44    Ribs, spongiosa                                  15    1.165
45    Scapulae, cortical                                2    1.920
46    Scapulae, spongiosa                              16    1.183
49    Thoracic spine, cortical                          2    1.920
50    Thoracic spine, spongiosa                        18    1.074
51    Lumbar spine, cortical                            2    1.920
52    Lumbar spine, spongiosa                          19    1.112
58    Cartilage, trunk                                 26    1.100
59    Cartilage, arms                                  26    1.100
61    Brain                                            32    1.050
67    Eye bulb, left                                   34    1.050
74    Small intestine wall                             37    1.040
75    Small intestine contents                         51    1.040
78    Transverse colon wall, right                     38    1.040
79    Transverse colon contents, right                 51    1.040
84    Sigmoid colon wall                               38    1.040
85    Sigmoid colon contents                           51    1.040
87    Heart wall                                       33    1.050
89    Kidney, left, cortex                             35    1.050
92    Kidney, right, cortex                            35    1.050
95    Liver                                            30    1.050
96    Lung, left, blood                                28    1.060
97    Lung, left, tissue                               50    0.382
99    Lung, right, tissue                              50    0.382
101   Lymphatic nodes, thoracic airways                47    1.030
103   Lymphatic nodes, trunk                           47    1.030
106   Muscle, head                                     29    1.050
107   Muscle, trunk                                    29    1.050
108   Muscle, arms                                     29    1.050
109   Muscle, legs                                     29    1.050
113   Pancreas                                         31    1.050
116   Residual tissue, head                            49    0.950
117   Residual tissue, trunk                           49    0.950
118   Residual tissue, arms                            49    0.950
119   Residual tissue, legs                            49    0.950
121   Salivary glands, right                           45    1.030
122   Skin, head                                       27    1.090
123   Skin, trunk                                      27    1.090
124   Skin, arms                                       27    1.090
125   Skin, legs                                       27    1.090
126   Spinal cord                                      45    1.030
132   Thyroid                                          40    1.040
133   Tongue (inner part)                              29    1.050

Total Edep over all organs = 8.76436e-10 J
Total dose absorbed over all organs = 1.8685e-09 Gy

----------------------------------------------------------------------------
----------------ORGAN ENERGY DEPOSITIONS AND ABSORBED DOSE------------------
-----------(for all organs [includes air - OrganIDs = 0, 140])--------------
--------------([and top/bottom skin layer - OrganIDs = 141])----------------
----------------------------------------------------------------------------
OrganID	Edep (J) 	Dose (Gy) 	S1_J	S2_J2	N	SE_run_J
-------------------------------
0  | 		3.12629e-12	0	3.12629e-12	2.29747e-27	17487	2.38447e-18
1  | 		0	0	0	0	0	0
2  | 		0	0	0	0	0	0
3  | 		0	0	0	0	0	0
4  | 		2.02523e-13	7.12859e-12	2.02523e-13	4.10157e-26	1	0
5  | 		3.24932e-12	1.05738e-10	3.24932e-12	1.47345e-24	14	6.28664e-14
6  | 		0	0	0	0	0	0
7  | 		4.79986e-13	4.79507e-11	4.79986e-13	6.5959e-26	4	2.63981e-14
8  | 		0	0	0	0	0	0
9  | 		0	0	0	0	0	0
10  | 		1.37964e-11	5.0735e-11	1.37964e-11	9.62612e-24	31	6.12252e-14
11  | 		0	0	0	0	0	0
12  | 		9.28713e-13	1.11839e-11	9.28713e-13	3.06782e-25	3	5.66857e-14
13  | 		2.99333e-12	2.21302e-11	2.99333e-12	3.01598e-24	4	2.54291e-13
14  | 		5.82873e-12	3.15305e-11	5.82873e-12	1.12906e-23	7	3.91493e-13
15  | 		4.87044e-12	1.45473e-10	4.87044e-12	5.68638e-24	6	2.40336e-13
16  | 		0	0	0	0	0	0
17  | 		0	0	0	0	0	0
18  | 		0	0	0	0	0	0
19  | 		1.57213e-12	5.8055e-12	1.57213e-12	4.53563e-25	6	3.72517e-14
20  | 		4.22238e-12	2.32113e-11	4.22238e-12	9.5187e-25	26	2.02355e-14
21  | 		0	0	0	0	0	0
22  | 		2.73197e-12	1.51996e-11	2.73197e-12	7.8007e-25	16	3.61474e-14
23  | 		2.02931e-12	1.45377e-11	2.02931e-12	5.14401e-25	12	3.60161e-14
24  | 		0	0	0	0	0	0
25  | 		2.29235e-15	4.32029e-14	2.29235e-15	5.25486e-30	1	0
26  | 		1.1122e-11	1.97602e-11	1.1122e-11	4.9738e-24	32	3.34236e-14
27  | 		4.59197e-12	1.01804e-11	4.59197e-12	1.11295e-24	23	1.96891e-14
28  | 		1.18774e-11	4.5389e-11	1.18774e-11	1.44387e-23	18	1.46878e-13
29  | 		1.25491e-11	2.65842e-11	1.25491e-11	5.70355e-24	39	3.35247e-14
30  | 		2.06255e-12	8.00058e-11	2.06255e-12	4.76764e-25	12	3.04331e-14
31  | 		2.84486e-13	9.67342e-13	2.84486e-13	7.84666e-26	2	1.37842e-13
32  | 		1.13132e-11	2.57957e-11	1.13132e-11	9.19693e-24	22	8.55244e-14
33  | 		0	0	0	0	0	0
34  | 		1.31255e-11	2.47021e-11	1.31255e-11	5.57143e-24	41	2.88976e-14
35  | 		7.67349e-12	1.05206e-11	7.67349e-12	1.78575e-24	47	1.57004e-14
36  | 		3.92879e-13	4.99401e-12	3.92879e-13	7.71851e-26	2	2.03301e-15
37  | 		1.63535e-13	7.03197e-13	1.63535e-13	2.67438e-26	1	0
38  | 		5.76639e-15	1.13561e-14	5.76639e-15	3.32513e-29	1	0
39  | 		2.04928e-12	2.69217e-11	2.04928e-12	1.68106e-24	3	2.16491e-13
40  | 		7.02847e-13	9.51078e-12	7.02847e-13	4.93993e-25	1	0
41  | 		3.89201e-12	9.7637e-12	3.89201e-12	4.04238e-24	7	2.11481e-13
42  | 		3.45288e-12	5.06897e-12	3.45288e-12	9.51443e-25	15	2.73092e-14
43  | 		2.47511e-12	6.77817e-12	2.47511e-12	1.21779e-24	7	9.03196e-14
44  | 		7.37462e-12	1.41803e-11	7.37462e-12	2.3516e-24	34	2.58896e-14
45  | 		1.60708e-12	7.2676e-12	1.60708e-12	1.17568e-24	5	1.8154e-13
46  | 		7.52658e-12	3.91581e-11	7.52658e-12	8.26109e-24	11	1.68176e-13
47  | 		0	0	0	0	0	0
48  | 		0	0	0	0	0	0
49  | 		1.51613e-12	5.29044e-12	1.51613e-12	5.25732e-25	8	6.52467e-14
50  | 		4.69413e-12	1.39981e-11	4.69413e-12	1.47123e-24	22	3.18835e-14
51  | 		2.93198e-12	1.57472e-11	2.93198e-12	2.82673e-24	4	2.37629e-13
52  | 		8.12445e-12	2.68959e-11	8.12445e-12	9.08602e-24	12	1.64811e-13
53  | 		0	0	0	0	0	0
54  | 		0	0	0	0	0	0
55  | 		0	0	0	0	0	0
56  | 		0	0	0	0	0	0
57  | 		0	0	0	0	0	0
58  | 		3.63133e-12	4.09533e-11	3.63133e-12	1.7288e-24	8	3.79081e-14
59  | 		2.02785e-13	3.43123e-11	2.02785e-13	2.06776e-26	2	7.63838e-15
60  | 		0	0	0	0	0	0
61  | 		2.0243e-11	1.39607e-11	2.0243e-11	1.15947e-23	76	3.29884e-14
62  | 		0	0	0	0	0	0
63  | 		0	0	0	0	0	0
64  | 		0	0	0	0	0	0
65  | 		0	0	0	0	0	0
66  | 		0	0	0	0	0	0
67  | 		3.04247e-13	4.17348e-11	3.04247e-13	9.25661e-26	1	0
68  | 		0	0	0	0	0	0
69  | 		0	0	0	0	0	0
70  | 		0	0	0	0	0	0
71  | 		0	0	0	0	0	0
72  | 		0	0	0	0	0	0
73  | 		0	0	0	0	0	0
74  | 		3.70207e-12	5.69549e-12	3.70207e-12	1.20965e-24	15	3.75415e-14
75  | 		8.4486e-12	2.41375e-11	8.4486e-12	2.90408e-24	35	2.69559e-14
76  | 		0	0	0	0	0	0
77  | 		0	0	0	0	0	0
78  | 		1.49568e-12	2.49279e-11	1.49568e-12	3.43532e-25	9	3.63186e-14
79  | 		3.16577e-12	3.33239e-11	3.16577e-12	8.05877e-25	18	2.85312e-14
80  | 		0	0	0	0	0	0
81  | 		0	0	0	0	0	0
82  | 		0	0	0	0	0	0
83  | 		0	0	0	0	0	0
84  | 		2.1843e-13	5.45939e-12	2.1843e-13	4.77117e-26	1	0
85  | 		2.57622e-12	3.43633e-11	2.57622e-12	5.75581e-25	15	2.51775e-14
86  | 		0	0	0	0	0	0
87  | 		7.29344e-15	2.21027e-14	7.29344e-15	5.31943e-29	1	0
88  | 		0	0	0	0	0	0
89  | 		9.99281e-12	9.32861e-11	9.99281e-12	8.94733e-24	19	1.03897e-13
90  | 		0	0	0	0	0	0
91  | 		0	0	0	0	0	0
92  | 		2.34428e-13	2.13271e-12	2.34428e-13	5.49563e-26	1	0
93  | 		0	0	0	0	0	0
94  | 		0	0	0	0	0	0
95  | 		2.0457e-11	1.13649e-11	2.0457e-11	4.98559e-24	110	9.92529e-15
96  | 		1.04848e-11	1.32702e-10	1.04848e-11	1.00935e-23	18	1.14136e-13
97  | 		7.14527e-12	1.49564e-11	7.14527e-12	2.69565e-24	38	3.10107e-14
98  | 		0	0	0	0	0	0
99  | 		7.42688e-12	1.28032e-11	7.42688e-12	6.59149e-25	119	3.73255e-15
100  | 		0	0	0	0	0	0
101  | 		6.63494e-14	1.03671e-11	6.63494e-14	4.40225e-27	1	0
102  | 		0	0	0	0	0	0
103  | 		5.23092e-13	5.01046e-12	5.23092e-13	1.05392e-25	3	4.8621e-14
104  | 		0	0	0	0	0	0
105  | 		0	0	0	0	0	0
106  | 		2.1015e-11	1.72564e-11	2.1015e-11	1.08816e-23	79	2.93037e-14
107  | 		1.70321e-10	1.13496e-11	1.70321e-10	9.07482e-23	693	1.00967e-14
108  | 		8.81072e-12	3.20328e-12	8.81072e-12	1.94434e-24	50	1.26453e-14
109  | 		1.08803e-10	1.08532e-11	1.08803e-10	4.34282e-23	507	8.84687e-15
110  | 		0	0	0	0	0	0
111  | 		0	0	0	0	0	0
112  | 		0	0	0	0	0	0
113  | 		1.59398e-11	1.13856e-10	1.59398e-11	1.0903e-23	35	5.53345e-14
114  | 		0	0	0	0	0	0
115  | 		0	0	0	0	0	0
116  | 		1.97699e-11	1.88552e-11	1.97699e-11	5.62597e-24	104	1.32048e-14
117  | 		1.33547e-10	1.0796e-11	1.33547e-10	8.311e-23	561	1.27809e-14
118  | 		1.7586e-11	1.07005e-11	1.7586e-11	1.15589e-23	92	3.12911e-14
119  | 		6.50857e-11	1.20608e-11	6.50857e-11	2.99811e-23	302	1.3248e-14
120  | 		0	0	0	0	0	0
121  | 		3.3356e-13	7.85031e-12	3.3356e-13	1.11262e-25	1	0
122  | 		3.55146e-12	1.21901e-11	3.55146e-12	1.6834e-24	12	6.92125e-14
123  | 		2.0484e-11	1.39803e-11	2.0484e-11	1.7667e-23	70	4.91602e-14
124  | 		4.61033e-12	7.21458e-12	4.61033e-12	1.68333e-24	25	3.72631e-14
125  | 		1.62472e-11	1.21936e-11	1.62472e-11	9.66619e-24	64	3.70732e-14
126  | 		3.87548e-13	1.0583e-11	3.87548e-13	1.14929e-25	3	1.03975e-13
127  | 		0	0	0	0	0	0
128  | 		0	0	0	0	0	0
129  | 		0	0	0	0	0	0
130  | 		0	0	0	0	0	0
131  | 		0	0	0	0	0	0
132  | 		7.65295e-13	3.82839e-11	7.65295e-13	1.66207e-25	6	4.78169e-14
133  | 		4.43509e-12	1.04898e-10	4.43509e-12	3.52005e-24	13	1.13425e-13
134  | 		0	0	0	0	0	0
135  | 		0	0	0	0	0	0
136  | 		0	0	0	0	0	0
137  | 		0	0	0	0	0	0
138  | 		0	0	0	0	0	0
139  | 		0	0	0	0	0	0
140  | 		3.60781e-15	1.80391e-11	3.60781e-15	2.21639e-30	16	7.64544e-17
141  | 		0	0	0	0	0	0
Total energy depositied over all organs = 8.76436e-10 J
Total absorbed dose over all organs = 1.8685e-09 Gy 
