
	-------------------------------- 
	OrganID	Edep (J)	Dose (Gy)
	-------------------------------- 
	1 |		4.01962e-11	5.74232e-09
	2 |		2.69417e-11	3.84882e-09
	3 |		1.78375e-11	1.61718e-09
	4 |		6.1412e-11	2.16163e-09
	5 |		5.22361e-11	1.69984e-09
	6 |		2.46564e-11	4.83459e-09
	7 |		2.69424e-11	2.69155e-09
	8 |		1.7954e-10	2.70758e-09
	9 |		1.8675e-12	2.19705e-09
	10 |		2.60605e-09	9.58352e-09
	11 |		7.76318e-11	4.93841e-09
	12 |		3.76479e-10	4.5337e-09
	13 |		2.84597e-10	2.10407e-09
	14 |		4.15012e-10	2.245e-09
	15 |		1.16826e-10	3.48943e-09
	16 |		3.98807e-10	3.11495e-09
	17 |		2.1984e-10	3.68056e-09
	18 |		1.3786e-10	3.71291e-09
	19 |		1.5223e-09	5.62151e-09
	20 |		1.1138e-09	6.12282e-09
	21 |		1.23799e-10	5.46091e-09
	22 |		1.09358e-09	6.08424e-09
	23 |		9.43557e-10	6.75949e-09
	24 |		8.84123e-11	1.8504e-09
	25 |		1.04931e-10	1.97758e-09
	26 |		6.25901e-10	1.11202e-09
	27 |		5.26141e-10	1.16645e-09
	28 |		3.62855e-09	1.38664e-08
	29 |		7.65783e-09	1.62225e-08
	30 |		3.0011e-10	1.16412e-08
	31 |		1.57598e-09	5.35885e-09
	32 |		1.50891e-09	3.44052e-09
	33 |		7.4214e-10	9.17468e-09
	34 |		1.08719e-09	2.04609e-09
	35 |		1.7863e-09	2.44907e-09
	36 |		1.65994e-10	2.11e-09
	37 |		1.45812e-10	6.26985e-10
	38 |		3.95035e-10	7.77966e-10
	39 |		1.13589e-10	1.49223e-09
	40 |		1.07085e-10	1.44905e-09
	41 |		8.47228e-09	2.1254e-08
	42 |		1.51716e-08	2.22726e-08
	43 |		1.14912e-09	3.1469e-09
	44 |		1.92339e-09	3.69841e-09
	45 |		4.77556e-10	2.15961e-09
	46 |		4.13622e-10	2.15193e-09
	47 |		1.5594e-10	1.51515e-09
	48 |		1.52138e-10	2.0685e-09
	49 |		1.06304e-09	3.7094e-09
	50 |		1.53587e-09	4.58004e-09
	51 |		1.97382e-09	1.06011e-08
	52 |		3.95051e-09	1.30781e-08
	53 |		2.48175e-09	2.27204e-08
	54 |		3.85602e-09	2.22236e-08
	55 |		2.06119e-11	2.08412e-09
	56 |		2.09314e-10	3.71717e-09
	57 |		3.05664e-11	1.91519e-09
	58 |		1.36386e-09	1.53813e-08
	59 |		4.27142e-11	7.22745e-09
	60 |		7.65424e-11	2.20393e-09
	61 |		1.73066e-09	1.19356e-09
	62 |		3.01448e-11	4.0193e-09
	63 |		1.31744e-11	2.64017e-09
	64 |		2.04338e-11	2.72451e-09
	65 |		1.31135e-11	2.62796e-09
	67 |		3.48088e-11	4.77487e-09
	68 |		3.7232e-13	1.95958e-09
	69 |		1.68721e-11	2.30179e-09
	70 |		9.77059e-11	7.0191e-09
	71 |		3.22427e-10	5.96204e-09
	72 |		8.07495e-10	5.38366e-09
	73 |		1.33166e-09	5.32643e-09
	74 |		9.77871e-09	1.50442e-08
	75 |		3.52698e-09	1.00765e-08
	76 |		9.5327e-10	1.05931e-08
	77 |		5.57438e-10	1.01316e-08
	78 |		4.15755e-10	6.92925e-09
	79 |		6.57543e-10	6.9215e-09
	80 |		4.35534e-10	7.2589e-09
	81 |		3.32459e-10	8.3094e-09
	82 |		6.08208e-10	6.75862e-09
	83 |		1.84857e-10	5.28164e-09
	84 |		1.48357e-09	3.708e-08
	85 |		2.28925e-09	3.05356e-08
	86 |		2.19177e-09	7.31077e-08
	87 |		1.20029e-09	3.63747e-09
	88 |		1.99768e-09	3.91694e-09
	89 |		4.78375e-10	4.46578e-09
	90 |		1.97367e-10	5.15992e-09
	91 |		4.31055e-11	5.64947e-09
	92 |		6.12747e-10	5.57448e-09
	93 |		2.56798e-10	6.54263e-09
	94 |		3.56268e-11	4.52691e-09
	95 |		8.67569e-09	4.8198e-09
	96 |		2.21627e-10	2.80505e-09
	97 |		1.32834e-09	2.78047e-09
	98 |		2.25856e-10	3.15706e-09
	99 |		1.93566e-09	3.33688e-09
	100 |		2.03142e-12	8.98858e-10
	101 |		2.93216e-11	4.5815e-09
	102 |		7.43308e-12	1.24299e-09
	103 |		1.3555e-09	1.29838e-08
	104 |		4.06316e-11	5.18921e-09
	105 |		1.03896e-10	9.36001e-09
	106 |		2.16637e-09	1.77891e-09
	107 |		1.88383e-07	1.25531e-08
	108 |		1.34376e-08	4.88546e-09
	109 |		6.88995e-08	6.87279e-09
	110 |		1.01324e-10	2.53246e-09
	113 |		9.66534e-10	6.90381e-09
	114 |		7.73868e-13	1.28978e-09
	115 |		8.42552e-10	4.95327e-08
	116 |		1.55759e-09	1.48553e-09
	117 |		1.73321e-07	1.40114e-08
	118 |		8.08605e-09	4.92011e-09
	119 |		4.39526e-08	8.14469e-09
	120 |		8.12881e-11	1.91311e-09
	121 |		7.287e-11	1.71499e-09
	122 |		4.04685e-10	1.38905e-09
	123 |		1.33713e-08	9.12587e-09
	124 |		3.21273e-09	5.02752e-09
	125 |		6.05741e-09	4.54614e-09
	126 |		1.66951e-10	4.55901e-09
	127 |		6.55945e-10	4.37326e-09
	128 |		8.52579e-11	1.70379e-09
	129 |		5.62877e-10	3.22012e-08
	130 |		4.77124e-10	2.72331e-08
	131 |		4.58102e-11	1.83314e-09
	132 |		4.70078e-11	2.35156e-09
	133 |		6.28844e-11	1.48733e-09
	134 |		3.89264e-12	1.29324e-09
	135 |		1.59234e-10	1.87113e-08
	136 |		1.73897e-10	2.32173e-08
	137 |		1.53263e-09	3.06465e-08
	138 |		5.2987e-09	2.64935e-08
	141 |		1.36278e-10	8.83204e-10
----------------------------------------------------------------------------
-------------------------------ORGAN INFO-----------------------------------
-----------------(of organs where edep/dose was recorded)-------------------
----------------------------------------------------------------------------
ID		Organ Name	    	    	    	Material ID		Density (g/cm^3) 
1     Adrenal, left                                    43    1.030
2     Adrenal, right                                   43    1.030
3     Anterior nasal passage (ET1)                     45    1.030
4     Posterior nasal passage down to larynx (ET2)     45    1.030
5     Oral mucosa, tongue                              29    1.050
6     Oral mucosa, lips and cheeks                     29    1.050
7     Trachea                                          45    1.030
8     Bronchi                                          45    1.030
9     Blood vessels, head                              28    1.060
10    Blood vessels, trunk                             28    1.060
11    Blood vessels, arms                              28    1.060
12    Blood vessels, legs                              28    1.060
13    Humeri, upper half, cortical                      2    1.920
14    Humeri, upper half, spongiosa                     3    1.205
15    Humeri, upper half, medullary cavity             22    0.980
16    Humeri, lower half, cortical                      2    1.920
17    Humeri, lower half, spongiosa                     4    1.108
18    Humeri, lower half, medullary cavity             23    0.980
19    Ulnae and radii, cortical                         2    1.920
20    Ulnae and radii, spongiosa                        5    1.108
21    Ulnae and radii, medullary cavity                24    0.980
22    Wrists and hand bones, cortical                   2    1.920
23    Wrists and hand bones, spongiosa                  6    1.108
24    Clavicles, cortical                               2    1.920
25    Clavicles, spongiosa                              7    1.151
26    Cranium, cortical                                 2    1.920
27    Cranium, spongiosa                                8    1.157
28    Femora, upper half, cortical                      2    1.920
29    Femora, upper half, spongiosa                     9    1.124
30    Femora, upper half, medullary cavity             22    0.980
31    Femora, lower half, cortical                      2    1.920
32    Femora, lower half, spongiosa                    10    1.108
33    Femora, lower half, medullary cavity             23    0.980
34    Tibiae, fibulae and patellae, cortical            2    1.920
35    Tibiae, fibulae and patellae, spongiosa          11    1.108
36    Tibiae, fibulae and patellae, medullary cavity   25    0.980
37    Ankles and foot bones, cortical                   2    1.920
38    Ankles and foot bones, spongiosa                 12    1.108
39    Mandible, cortical                                2    1.920
40    Mandible, spongiosa                              13    1.228
41    Pelvis, cortical                                  2    1.920
42    Pelvis, spongiosa                                14    1.123
43    Ribs, cortical                                    2    1.920
44    Ribs, spongiosa                                  15    1.165
45    Scapulae, cortical                                2    1.920
46    Scapulae, spongiosa                              16    1.183
47    Cervical spine, cortical                          2    1.920
48    Cervical spine, spongiosa                        17    1.050
49    Thoracic spine, cortical                          2    1.920
50    Thoracic spine, spongiosa                        18    1.074
51    Lumbar spine, cortical                            2    1.920
52    Lumbar spine, spongiosa                          19    1.112
53    Sacrum, cortical                                  2    1.920
54    Sacrum, spongiosa                                20    1.031
55    Sternum, cortical                                 2    1.920
56    Sternum, spongiosa                               21    1.041
57    Cartilage, head                                  26    1.100
58    Cartilage, trunk                                 26    1.100
59    Cartilage, arms                                  26    1.100
60    Cartilage, legs                                  26    1.100
61    Brain                                            32    1.050
62    Breast, left, adipose tissue                     49    0.950
63    Breast, left, glandular tissue                   48    1.020
64    Breast, right, adipose tissue                    49    0.950
65    Breast, right, glandular tissue                  48    1.020
67    Eye bulb, left                                   34    1.050
68    Eye lense, right                                 34    1.050
69    Eye bulb, right                                  34    1.050
70    Gall bladder wall                                45    1.030
71    Gall bladder contents                            45    1.030
72    Stomach wall                                     36    1.040
73    Stomach contents                                 51    1.040
74    Small intestine wall                             37    1.040
75    Small intestine contents                         51    1.040
76    Ascending colon wall                             38    1.040
77    Ascending colon contents                         51    1.040
78    Transverse colon wall, right                     38    1.040
79    Transverse colon contents, right                 51    1.040
80    Transverse colon wall, left                      38    1.040
81    Transverse colon contents, left                  51    1.040
82    Descending colon wall                            38    1.040
83    Descending colon contents                        51    1.040
84    Sigmoid colon wall                               38    1.040
85    Sigmoid colon contents                           51    1.040
86    Rectum wall                                      38    1.040
87    Heart wall                                       33    1.050
88    Heart contents (blood)                           28    1.060
89    Kidney, left, cortex                             35    1.050
90    Kidney, left, medulla                            35    1.050
91    Kidney, left, pelvis                             35    1.050
92    Kidney, right, cortex                            35    1.050
93    Kidney, right, medulla                           35    1.050
94    Kidney, right, pelvis                            35    1.050
95    Liver                                            30    1.050
96    Lung, left, blood                                28    1.060
97    Lung, left, tissue                               50    0.382
98    Lung, right, blood                               28    1.060
99    Lung, right, tissue                              50    0.382
100   Lymphatic nodes, extrathoracic airways           47    1.030
101   Lymphatic nodes, thoracic airways                47    1.030
102   Lymphatic nodes, head                            47    1.030
103   Lymphatic nodes, trunk                           47    1.030
104   Lymphatic nodes, arms                            47    1.030
105   Lymphatic nodes, legs                            47    1.030
106   Muscle, head                                     29    1.050
107   Muscle, trunk                                    29    1.050
108   Muscle, arms                                     29    1.050
109   Muscle, legs                                     29    1.050
110   Oesophagus                                       44    1.030
113   Pancreas                                         31    1.050
114   Pituitary gland                                  45    1.030
115   Prostate                                         46    1.030
116   Residual tissue, head                            49    0.950
117   Residual tissue, trunk                           49    0.950
118   Residual tissue, arms                            49    0.950
119   Residual tissue, legs                            49    0.950
120   Salivary glands, left                            45    1.030
121   Salivary glands, right                           45    1.030
122   Skin, head                                       27    1.090
123   Skin, trunk                                      27    1.090
124   Skin, arms                                       27    1.090
125   Skin, legs                                       27    1.090
126   Spinal cord                                      45    1.030
127   Spleen                                           39    1.040
128   Teeth                                             1    2.750
129   Testis, left                                     42    1.040
130   Testis, right                                    42    1.040
131   Thymus                                           45    1.030
132   Thyroid                                          40    1.040
133   Tongue (inner part)                              29    1.050
134   Tonsils                                          45    1.030
135   Ureter, left                                     45    1.030
136   Ureter, right                                    45    1.030
137   Urinary bladder wall                             41    1.040
138   Urinary bladder contents                         52    1.040
141    Phantom Top/Bottom Skin Layer

Total Edep over all organs = 6.55848e-07 J
Total dose absorbed over all organs = 1.01963e-06 Gy

----------------------------------------------------------------------------
----------------ORGAN ENERGY DEPOSITIONS AND ABSORBED DOSE------------------
-----------(for all organs [includes air - OrganIDs = 0, 140])--------------
--------------([and top/bottom skin layer - OrganIDs = 141])----------------
----------------------------------------------------------------------------
OrganID	Edep (J) 	Dose (Gy) 	S1_J	S2_J2	N	SE_run_J
-------------------------------
0  | 		5.15308e-10	0	5.15308e-10	2.94122e-24	5144902	3.30402e-19
1  | 		4.01962e-11	5.74232e-09	4.01962e-11	8.36667e-23	284	3.11481e-14
2  | 		2.69417e-11	3.84882e-09	2.69417e-11	9.95737e-24	260	1.03155e-14
3  | 		1.78375e-11	1.61718e-09	1.78375e-11	1.18261e-23	140	2.21569e-14
4  | 		6.1412e-11	2.16163e-09	6.1412e-11	2.24016e-22	323	4.51842e-14
5  | 		5.22361e-11	1.69984e-09	5.22361e-11	3.16518e-23	426	1.18087e-14
6  | 		2.46564e-11	4.83459e-09	2.46564e-11	1.21977e-22	71	1.51062e-13
7  | 		2.69424e-11	2.69155e-09	2.69424e-11	1.68983e-23	221	1.67333e-14
8  | 		1.7954e-10	2.70758e-09	1.7954e-10	7.31067e-23	1843	4.04757e-15
9  | 		1.8675e-12	2.19705e-09	1.8675e-12	1.24648e-24	11	9.19207e-14
10  | 		2.60605e-09	9.58352e-09	2.60605e-09	2.26871e-21	21322	2.07119e-15
11  | 		7.76318e-11	4.93841e-09	7.76318e-11	6.09961e-23	624	1.14917e-14
12  | 		3.76479e-10	4.5337e-09	3.76479e-10	5.67285e-22	2627	8.62624e-15
13  | 		2.84597e-10	2.10407e-09	2.84597e-10	2.53432e-22	1894	7.66537e-15
14  | 		4.15012e-10	2.245e-09	4.15012e-10	6.33503e-22	3402	7.0977e-15
15  | 		1.16826e-10	3.48943e-09	1.16826e-10	2.08684e-22	1017	1.37468e-14
16  | 		3.98807e-10	3.11495e-09	3.98807e-10	5.17383e-22	2192	9.62394e-15
17  | 		2.1984e-10	3.68056e-09	2.1984e-10	1.97468e-22	1886	6.95246e-15
18  | 		1.3786e-10	3.71291e-09	1.3786e-10	2.78155e-22	1098	1.47159e-14
19  | 		1.5223e-09	5.62151e-09	1.5223e-09	3.70009e-21	8272	7.07009e-15
20  | 		1.1138e-09	6.12282e-09	1.1138e-09	1.51102e-21	8730	4.23837e-15
21  | 		1.23799e-10	5.46091e-09	1.23799e-10	4.81954e-23	1254	4.78484e-15
22  | 		1.09358e-09	6.08424e-09	1.09358e-09	1.91846e-21	6814	6.12735e-15
23  | 		9.43557e-10	6.75949e-09	9.43557e-10	7.12389e-22	8657	2.85208e-15
24  | 		8.84123e-11	1.8504e-09	8.84123e-11	5.00638e-23	551	1.08806e-14
25  | 		1.04931e-10	1.97758e-09	1.04931e-10	5.95923e-23	892	7.71035e-15
26  | 		6.25901e-10	1.11202e-09	6.25901e-10	5.83547e-22	3338	6.46931e-15
27  | 		5.26141e-10	1.16645e-09	5.26141e-10	3.09745e-22	4218	3.70461e-15
28  | 		3.62855e-09	1.38664e-08	3.62855e-09	9.39718e-21	18551	5.02447e-15
29  | 		7.65783e-09	1.62225e-08	7.65783e-09	7.97066e-21	64422	1.30432e-15
30  | 		3.0011e-10	1.16412e-08	3.0011e-10	1.09376e-22	2681	3.24762e-15
31  | 		1.57598e-09	5.35885e-09	1.57598e-09	3.56569e-21	7113	7.97389e-15
32  | 		1.50891e-09	3.44052e-09	1.50891e-09	1.17999e-21	11389	2.74893e-15
33  | 		7.4214e-10	9.17468e-09	7.4214e-10	2.15427e-21	4892	9.23746e-15
34  | 		1.08719e-09	2.04609e-09	1.08719e-09	2.04353e-21	4681	9.04188e-15
35  | 		1.7863e-09	2.44907e-09	1.7863e-09	2.25877e-21	12352	3.62112e-15
36  | 		1.65994e-10	2.11e-09	1.65994e-10	8.84715e-23	1289	6.35713e-15
37  | 		1.45812e-10	6.26985e-10	1.45812e-10	1.79383e-22	704	1.73618e-14
38  | 		3.95035e-10	7.77966e-10	3.95035e-10	5.7217e-22	2603	8.69635e-15
39  | 		1.13589e-10	1.49223e-09	1.13589e-10	1.06293e-22	613	1.5074e-14
40  | 		1.07085e-10	1.44905e-09	1.07085e-10	3.30022e-23	934	4.87675e-15
41  | 		8.47228e-09	2.1254e-08	8.47228e-09	1.86076e-20	44017	2.96015e-15
42  | 		1.51716e-08	2.22726e-08	1.51716e-08	2.09383e-20	120376	1.14588e-15
43  | 		1.14912e-09	3.1469e-09	1.14912e-09	4.2511e-21	5938	1.06901e-14
44  | 		1.92339e-09	3.69841e-09	1.92339e-09	1.86691e-21	15705	2.57187e-15
45  | 		4.77556e-10	2.15961e-09	4.77556e-10	1.70171e-21	2422	1.65576e-14
46  | 		4.13622e-10	2.15193e-09	4.13622e-10	4.83391e-22	2927	7.04394e-15
47  | 		1.5594e-10	1.51515e-09	1.5594e-10	8.51078e-23	998	7.81324e-15
48  | 		1.52138e-10	2.0685e-09	1.52138e-10	1.65884e-22	1294	9.40502e-15
49  | 		1.06304e-09	3.7094e-09	1.06304e-09	2.2602e-21	5115	8.82947e-15
50  | 		1.53587e-09	4.58004e-09	1.53587e-09	2.28318e-21	10901	4.17063e-15
51  | 		1.97382e-09	1.06011e-08	1.97382e-09	3.81545e-21	9618	6.0721e-15
52  | 		3.95051e-09	1.30781e-08	3.95051e-09	4.88024e-21	27672	2.37422e-15
53  | 		2.48175e-09	2.27204e-08	2.48175e-09	7.2664e-21	10626	7.69589e-15
54  | 		3.85602e-09	2.22236e-08	3.85602e-09	5.862e-21	27451	2.65717e-15
55  | 		2.06119e-11	2.08412e-09	2.06119e-11	9.20115e-24	142	1.76102e-14
56  | 		2.09314e-10	3.71717e-09	2.09314e-10	4.58865e-22	1625	1.2793e-14
57  | 		3.05664e-11	1.91519e-09	3.05664e-11	1.69206e-23	226	1.58573e-14
58  | 		1.36386e-09	1.53813e-08	1.36386e-09	1.83939e-21	10513	3.87855e-15
59  | 		4.27142e-11	7.22745e-09	4.27142e-11	1.51497e-23	424	7.77667e-15
60  | 		7.65424e-11	2.20393e-09	7.65424e-11	1.09978e-22	520	1.91248e-14
61  | 		1.73066e-09	1.19356e-09	1.73066e-09	1.48413e-21	14270	2.50159e-15
62  | 		3.01448e-11	4.0193e-09	3.01448e-11	3.43342e-23	291	1.92314e-14
63  | 		1.31744e-11	2.64017e-09	1.31744e-11	4.84943e-24	157	1.23638e-14
64  | 		2.04338e-11	2.72451e-09	2.04338e-11	4.06424e-24	243	6.31611e-15
65  | 		1.31135e-11	2.62796e-09	1.31135e-11	7.349e-24	135	1.83257e-14
66  | 		0	0	0	0	0	0
67  | 		3.48088e-11	4.77487e-09	3.48088e-11	4.21138e-22	72	2.8123e-13
68  | 		3.7232e-13	1.95958e-09	3.7232e-13	4.1424e-26	4	2.37494e-14
69  | 		1.68721e-11	2.30179e-09	1.68721e-11	1.21107e-23	101	3.03318e-14
70  | 		9.77059e-11	7.0191e-09	9.77059e-11	7.72639e-23	748	1.07442e-14
71  | 		3.22427e-10	5.96204e-09	3.22427e-10	1.68313e-22	2810	4.07878e-15
72  | 		8.07495e-10	5.38366e-09	8.07495e-10	7.20006e-22	6871	3.63906e-15
73  | 		1.33166e-09	5.32643e-09	1.33166e-09	1.25311e-21	11567	2.86719e-15
74  | 		9.77871e-09	1.50442e-08	9.77871e-09	1.12757e-20	80705	1.2447e-15
75  | 		3.52698e-09	1.00765e-08	3.52698e-09	3.69931e-21	29365	1.94908e-15
76  | 		9.5327e-10	1.05931e-08	9.5327e-10	1.76719e-21	8180	4.97526e-15
77  | 		5.57438e-10	1.01316e-08	5.57438e-10	7.16899e-22	4710	5.4174e-15
78  | 		4.15755e-10	6.92925e-09	4.15755e-10	4.18609e-22	3717	5.19038e-15
79  | 		6.57543e-10	6.9215e-09	6.57543e-10	1.92694e-21	5963	7.22233e-15
80  | 		4.35534e-10	7.2589e-09	4.35534e-10	6.30029e-22	3844	6.26964e-15
81  | 		3.32459e-10	8.3094e-09	3.32459e-10	5.06257e-22	2546	8.4517e-15
82  | 		6.08208e-10	6.75862e-09	6.08208e-10	5.0939e-22	5747	3.67103e-15
83  | 		1.84857e-10	5.28164e-09	1.84857e-10	2.22889e-22	1741	8.1913e-15
84  | 		1.48357e-09	3.708e-08	1.48357e-09	2.81641e-21	10253	4.9751e-15
85  | 		2.28925e-09	3.05356e-08	2.28925e-09	3.2206e-21	17300	3.12237e-15
86  | 		2.19177e-09	7.31077e-08	2.19177e-09	3.41439e-21	14383	3.85894e-15
87  | 		1.20029e-09	3.63747e-09	1.20029e-09	1.24796e-21	10299	3.23228e-15
88  | 		1.99768e-09	3.91694e-09	1.99768e-09	1.87781e-21	16399	2.46538e-15
89  | 		4.78375e-10	4.46578e-09	4.78375e-10	2.59243e-22	4432	3.25141e-15
90  | 		1.97367e-10	5.15992e-09	1.97367e-10	3.75596e-22	1784	1.05459e-14
91  | 		4.31055e-11	5.64947e-09	4.31055e-11	1.9779e-23	406	9.61539e-15
92  | 		6.12747e-10	5.57448e-09	6.12747e-10	6.61256e-22	5299	4.58586e-15
93  | 		2.56798e-10	6.54263e-09	2.56798e-10	4.73207e-22	2105	9.98856e-15
94  | 		3.56268e-11	4.52691e-09	3.56268e-11	1.54934e-23	388	9.02196e-15
95  | 		8.67569e-09	4.8198e-09	8.67569e-09	7.39743e-21	75406	1.06087e-15
96  | 		2.21627e-10	2.80505e-09	2.21627e-10	1.85368e-22	1780	7.05859e-15
97  | 		1.32834e-09	2.78047e-09	1.32834e-09	3.26659e-22	31107	5.28176e-16
98  | 		2.25856e-10	3.15706e-09	2.25856e-10	2.53813e-22	1745	8.59044e-15
99  | 		1.93566e-09	3.33688e-09	1.93566e-09	9.07994e-22	39108	7.28733e-16
100  | 		2.03142e-12	8.98858e-10	2.03142e-12	2.60938e-25	38	1.04092e-14
101  | 		2.93216e-11	4.5815e-09	2.93216e-11	1.01426e-22	170	5.79163e-14
102  | 		7.43308e-12	1.24299e-09	7.43308e-12	1.48042e-24	85	1.07845e-14
103  | 		1.3555e-09	1.29838e-08	1.3555e-09	1.23294e-21	11397	2.87256e-15
104  | 		4.06316e-11	5.18921e-09	4.06316e-11	4.63366e-23	346	1.86602e-14
105  | 		1.03896e-10	9.36001e-09	1.03896e-10	6.81793e-23	731	1.00047e-14
106  | 		2.16637e-09	1.77891e-09	2.16637e-09	2.26974e-21	16695	2.67118e-15
107  | 		1.88383e-07	1.25531e-08	1.88383e-07	2.40588e-19	1555739	2.99964e-16
108  | 		1.34376e-08	4.88546e-09	1.34376e-08	1.42551e-20	122487	9.22982e-16
109  | 		6.88995e-08	6.87279e-09	6.88995e-08	9.06573e-20	509229	5.60049e-16
110  | 		1.01324e-10	2.53246e-09	1.01324e-10	3.05609e-23	1027	4.41772e-15
111  | 		0	0	0	0	0	0
112  | 		0	0	0	0	0	0
113  | 		9.66534e-10	6.90381e-09	9.66534e-10	8.96078e-22	7827	3.56095e-15
114  | 		7.73868e-13	1.28978e-09	7.73868e-13	9.04237e-26	9	1.82126e-14
115  | 		8.42552e-10	4.95327e-08	8.42552e-10	1.85889e-21	5653	7.36543e-15
116  | 		1.55759e-09	1.48553e-09	1.55759e-09	1.52444e-21	12928	2.82823e-15
117  | 		1.73321e-07	1.40114e-08	1.73321e-07	1.91474e-19	1503004	2.75522e-16
118  | 		8.08605e-09	4.92011e-09	8.08605e-09	8.02789e-21	80656	1.0533e-15
119  | 		4.39526e-08	8.14469e-09	4.39526e-08	5.02339e-20	348517	6.06578e-16
120  | 		8.12881e-11	1.91311e-09	8.12881e-11	3.5162e-23	690	7.33607e-15
121  | 		7.287e-11	1.71499e-09	7.287e-11	3.10728e-23	628	7.57892e-15
122  | 		4.04685e-10	1.38905e-09	4.04685e-10	3.33042e-22	3279	5.13207e-15
123  | 		1.33713e-08	9.12587e-09	1.33713e-08	1.46533e-20	111023	1.02867e-15
124  | 		3.21273e-09	5.02752e-09	3.21273e-09	4.03994e-21	29325	2.07092e-15
125  | 		6.05741e-09	4.54614e-09	6.05741e-09	8.88568e-21	44774	2.00592e-15
126  | 		1.66951e-10	4.55901e-09	1.66951e-10	4.21358e-22	1006	1.97321e-14
127  | 		6.55945e-10	4.37326e-09	6.55945e-10	5.1142e-22	5398	3.8495e-15
128  | 		8.52579e-11	1.70379e-09	8.52579e-11	1.47669e-22	277	3.98533e-14
129  | 		5.62877e-10	3.22012e-08	5.62877e-10	1.42994e-21	3074	1.18517e-14
130  | 		4.77124e-10	2.72331e-08	4.77124e-10	9.27414e-22	2773	1.04867e-14
131  | 		4.58102e-11	1.83314e-09	4.58102e-11	1.23885e-23	467	6.02307e-15
132  | 		4.70078e-11	2.35156e-09	4.70078e-11	4.82319e-23	435	1.51186e-14
133  | 		6.28844e-11	1.48733e-09	6.28844e-11	3.16457e-23	515	9.51531e-15
134  | 		3.89264e-12	1.29324e-09	3.89264e-12	1.99851e-24	34	3.72021e-14
135  | 		1.59234e-10	1.87113e-08	1.59234e-10	9.00908e-23	1257	6.65483e-15
136  | 		1.73897e-10	2.32173e-08	1.73897e-10	3.63767e-22	1116	1.64487e-14
137  | 		1.53263e-09	3.06465e-08	1.53263e-09	2.44183e-21	13101	3.63086e-15
138  | 		5.2987e-09	2.64935e-08	5.2987e-09	5.27813e-21	47291	1.44729e-15
139  | 		0	0	0	0	0	0
140  | 		2.34963e-13	1.17481e-09	2.34963e-13	1.30052e-28	2048	4.95901e-18
141  | 		1.36278e-10	8.83204e-10	1.36278e-10	2.01605e-22	989	1.36786e-14
Total energy depositied over all organs = 6.55848e-07 J
Total absorbed dose over all organs = 1.01963e-06 Gy 
