
	-------------------------------- 
	OrganID	Edep (J)	Dose (Gy)
	-------------------------------- 
	8 |		1.15779e-12	1.74602e-11
	12 |		5.5032e-13	6.62717e-12
	22 |		3.80573e-12	2.11735e-11
	23 |		3.96178e-12	2.83816e-11
	28 |		2.40181e-12	9.17844e-12
	29 |		7.44302e-13	1.57674e-12
	31 |		1.14028e-12	3.87732e-12
	32 |		8.76301e-13	1.99809e-12
	33 |		2.48025e-12	3.0662e-11
	34 |		6.3288e-12	1.19108e-11
	35 |		3.42236e-13	4.69215e-13
	37 |		1.11562e-12	4.79713e-12
	38 |		1.51668e-12	2.98688e-12
	41 |		2.33733e-12	5.86355e-12
	42 |		4.5721e-12	6.71203e-12
	43 |		1.02212e-12	2.79911e-12
	44 |		9.78487e-13	1.88149e-12
	74 |		2.95696e-12	4.54917e-12
	75 |		5.51842e-13	1.5766e-12
	84 |		3.88464e-12	9.70918e-11
	85 |		2.96005e-12	3.94831e-11
	99 |		1.24004e-11	2.1377e-11
	107 |		5.95012e-11	3.96495e-12
	108 |		2.97402e-12	1.08125e-12
	109 |		8.54284e-11	8.52156e-12
	117 |		4.66113e-11	3.76808e-12
	118 |		1.38108e-11	8.40341e-12
	119 |		4.92832e-11	9.13249e-12
	122 |		1.02294e-13	3.51116e-13
	123 |		5.25361e-12	3.58557e-12
	124 |		4.07604e-12	6.37848e-12
	125 |		9.77673e-12	7.33752e-12
----------------------------------------------------------------------------
-------------------------------ORGAN INFO-----------------------------------
-----------------(of organs where edep/dose was recorded)-------------------
----------------------------------------------------------------------------
ID		Organ Name	    	    	    	Material ID		Density (g/cm^3) 
8     Bronchi                                          45    1.030
12    Blood vessels, legs                              28    1.060
22    Wrists and hand bones, cortical                   2    1.920
23    Wrists and hand bones, spongiosa                  6    1.108
28    Femora, upper half, cortical                      2    1.920
29    Femora, upper half, spongiosa                     9    1.124
31    Femora, lower half, cortical                      2    1.920
32    Femora, lower half, spongiosa                    10    1.108
33    Femora, lower half, medullary cavity             23    0.980
34    Tibiae, fibulae and patellae, cortical            2    1.920
35    Tibiae, fibulae and patellae, spongiosa          11    1.108
37    Ankles and foot bones, cortical                   2    1.920
38    Ankles and foot bones, spongiosa                 12    1.108
41    Pelvis, cortical                                  2    1.920
42    Pelvis, spongiosa                                14    1.123
43    Ribs, cortical                                    2    1.920
44    Ribs, spongiosa                                  15    1.165
74    Small intestine wall                             37    1.040
75    Small intestine contents                         51    1.040
84    Sigmoid colon wall                               38    1.040
85    Sigmoid colon contents                           51    1.040
99    Lung, right, tissue                              50    0.382
107   Muscle, trunk                                    29    1.050
108   Muscle, arms                                     29    1.050
109   Muscle, legs                                     29    1.050
117   Residual tissue, trunk                           49    0.950
118   Residual tissue, arms                            49    0.950
119   Residual tissue, legs                            49    0.950
122   Skin, head                                       27    1.090
123   Skin, trunk                                      27    1.090
124   Skin, arms                                       27    1.090
125   Skin, legs                                       27    1.090

Total Edep over all organs = 3.34903e-10 J
Total dose absorbed over all organs = 3.74957e-10 Gy

----------------------------------------------------------------------------
----------------ORGAN ENERGY DEPOSITIONS AND ABSORBED DOSE------------------
-----------(for all organs [includes air - OrganIDs = 0, 140])--------------
--------------([and top/bottom skin layer - OrganIDs = 141])----------------
----------------------------------------------------------------------------
OrganID	Edep (J) 	Dose (Gy) 	S1_J	S2_J2	N	SE_run_J
-------------------------------
0  | 		1.08655e-12	0	1.08655e-12	5.66294e-28	7505	2.69484e-18
1  | 		0	0	0	0	0	0
2  | 		0	0	0	0	0	0
3  | 		0	0	0	0	0	0
4  | 		0	0	0	0	0	0
5  | 		0	0	0	0	0	0
6  | 		0	0	0	0	0	0
7  | 		0	0	0	0	0	0
8  | 		1.15779e-12	1.74602e-11	1.15779e-12	4.94785e-25	3	8.94054e-14
9  | 		0	0	0	0	0	0
10  | 		0	0	0	0	0	0
11  | 		0	0	0	0	0	0
12  | 		5.5032e-13	6.62717e-12	5.5032e-13	1.12639e-25	4	5.54719e-14
13  | 		0	0	0	0	0	0
14  | 		0	0	0	0	0	0
15  | 		0	0	0	0	0	0
16  | 		0	0	0	0	0	0
17  | 		0	0	0	0	0	0
18  | 		0	0	0	0	0	0
19  | 		0	0	0	0	0	0
20  | 		0	0	0	0	0	0
21  | 		0	0	0	0	0	0
22  | 		3.80573e-12	2.11735e-11	3.80573e-12	3.69419e-24	6	2.0658e-13
23  | 		3.96178e-12	2.83816e-11	3.96178e-12	3.29932e-24	8	1.54536e-13
24  | 		0	0	0	0	0	0
25  | 		0	0	0	0	0	0
26  | 		0	0	0	0	0	0
27  | 		0	0	0	0	0	0
28  | 		2.40181e-12	9.17844e-12	2.40181e-12	1.01414e-24	6	4.19095e-14
29  | 		7.44302e-13	1.57674e-12	7.44302e-13	1.35564e-25	6	3.79616e-14
30  | 		0	0	0	0	0	0
31  | 		1.14028e-12	3.87732e-12	1.14028e-12	4.88019e-25	3	9.53984e-14
32  | 		8.76301e-13	1.99809e-12	8.76301e-13	2.4572e-25	5	6.78747e-14
33  | 		2.48025e-12	3.0662e-11	2.48025e-12	5.34831e-25	15	2.43704e-14
34  | 		6.3288e-12	1.19108e-11	6.3288e-12	8.73609e-24	8	2.58062e-13
35  | 		3.42236e-13	4.69215e-13	3.42236e-13	6.30462e-26	3	6.32513e-14
36  | 		0	0	0	0	0	0
37  | 		1.11562e-12	4.79713e-12	1.11562e-12	4.25206e-25	3	4.15077e-14
38  | 		1.51668e-12	2.98688e-12	1.51668e-12	3.5484e-25	7	2.49879e-14
39  | 		0	0	0	0	0	0
40  | 		0	0	0	0	0	0
41  | 		2.33733e-12	5.86355e-12	2.33733e-12	2.45481e-24	5	2.60978e-13
42  | 		4.5721e-12	6.71203e-12	4.5721e-12	4.36728e-24	11	1.49755e-13
43  | 		1.02212e-12	2.79911e-12	1.02212e-12	5.28608e-25	2	5.58556e-14
44  | 		9.78487e-13	1.88149e-12	9.78487e-13	2.68856e-25	4	4.95789e-14
45  | 		0	0	0	0	0	0
46  | 		0	0	0	0	0	0
47  | 		0	0	0	0	0	0
48  | 		0	0	0	0	0	0
49  | 		0	0	0	0	0	0
50  | 		0	0	0	0	0	0
51  | 		0	0	0	0	0	0
52  | 		0	0	0	0	0	0
53  | 		0	0	0	0	0	0
54  | 		0	0	0	0	0	0
55  | 		0	0	0	0	0	0
56  | 		0	0	0	0	0	0
57  | 		0	0	0	0	0	0
58  | 		0	0	0	0	0	0
59  | 		0	0	0	0	0	0
60  | 		0	0	0	0	0	0
61  | 		0	0	0	0	0	0
62  | 		0	0	0	0	0	0
63  | 		0	0	0	0	0	0
64  | 		0	0	0	0	0	0
65  | 		0	0	0	0	0	0
66  | 		0	0	0	0	0	0
67  | 		0	0	0	0	0	0
68  | 		0	0	0	0	0	0
69  | 		0	0	0	0	0	0
70  | 		0	0	0	0	0	0
71  | 		0	0	0	0	0	0
72  | 		0	0	0	0	0	0
73  | 		0	0	0	0	0	0
74  | 		2.95696e-12	4.54917e-12	2.95696e-12	8.68591e-25	13	3.54465e-14
75  | 		5.51842e-13	1.5766e-12	5.51842e-13	1.31915e-25	3	7.11868e-14
76  | 		0	0	0	0	0	0
77  | 		0	0	0	0	0	0
78  | 		0	0	0	0	0	0
79  | 		0	0	0	0	0	0
80  | 		0	0	0	0	0	0
81  | 		0	0	0	0	0	0
82  | 		0	0	0	0	0	0
83  | 		0	0	0	0	0	0
84  | 		3.88464e-12	9.70918e-11	3.88464e-12	2.50793e-24	8	1.05359e-13
85  | 		2.96005e-12	3.94831e-11	2.96005e-12	3.48218e-24	4	3.28089e-13
86  | 		0	0	0	0	0	0
87  | 		0	0	0	0	0	0
88  | 		0	0	0	0	0	0
89  | 		0	0	0	0	0	0
90  | 		0	0	0	0	0	0
91  | 		0	0	0	0	0	0
92  | 		0	0	0	0	0	0
93  | 		0	0	0	0	0	0
94  | 		0	0	0	0	0	0
95  | 		0	0	0	0	0	0
96  | 		0	0	0	0	0	0
97  | 		0	0	0	0	0	0
98  | 		0	0	0	0	0	0
99  | 		1.24004e-11	2.1377e-11	1.24004e-11	4.42208e-24	78	2.01999e-14
100  | 		0	0	0	0	0	0
101  | 		0	0	0	0	0	0
102  | 		0	0	0	0	0	0
103  | 		0	0	0	0	0	0
104  | 		0	0	0	0	0	0
105  | 		0	0	0	0	0	0
106  | 		0	0	0	0	0	0
107  | 		5.95012e-11	3.96495e-12	5.95012e-11	1.87419e-23	273	8.81763e-15
108  | 		2.97402e-12	1.08125e-12	2.97402e-12	1.41361e-24	9	7.73571e-14
109  | 		8.54284e-11	8.52156e-12	8.54284e-11	4.00301e-23	396	1.17514e-14
110  | 		0	0	0	0	0	0
111  | 		0	0	0	0	0	0
112  | 		0	0	0	0	0	0
113  | 		0	0	0	0	0	0
114  | 		0	0	0	0	0	0
115  | 		0	0	0	0	0	0
116  | 		0	0	0	0	0	0
117  | 		4.66113e-11	3.76808e-12	4.66113e-11	2.51789e-23	201	1.89066e-14
118  | 		1.38108e-11	8.40341e-12	1.38108e-11	1.10503e-23	54	5.12532e-14
119  | 		4.92832e-11	9.13249e-12	4.92832e-11	3.45017e-23	196	2.40517e-14
120  | 		0	0	0	0	0	0
121  | 		0	0	0	0	0	0
122  | 		1.02294e-13	3.51116e-13	1.02294e-13	1.04641e-26	1	0
123  | 		5.25361e-12	3.58557e-12	5.25361e-12	1.70252e-24	28	3.07919e-14
124  | 		4.07604e-12	6.37848e-12	4.07604e-12	2.97579e-24	15	9.43193e-14
125  | 		9.77673e-12	7.33752e-12	9.77673e-12	2.71929e-24	57	1.80709e-14
126  | 		0	0	0	0	0	0
127  | 		0	0	0	0	0	0
128  | 		0	0	0	0	0	0
129  | 		0	0	0	0	0	0
130  | 		0	0	0	0	0	0
131  | 		0	0	0	0	0	0
132  | 		0	0	0	0	0	0
133  | 		0	0	0	0	0	0
134  | 		0	0	0	0	0	0
135  | 		0	0	0	0	0	0
136  | 		0	0	0	0	0	0
137  | 		0	0	0	0	0	0
138  | 		0	0	0	0	0	0
139  | 		0	0	0	0	0	0
140  | 		0	0	0	0	0	0
141  | 		0	0	0	0	0	0
Total energy depositied over all organs = 3.34903e-10 J
Total absorbed dose over all organs = 3.74957e-10 Gy 
