
	-------------------------------- 
	OrganID	Edep (J)	Dose (Gy)
	-------------------------------- 
	10 |		1.20064e-12	4.41526e-12
	19 |		4.45486e-12	1.64507e-11
	24 |		1.37461e-12	2.87695e-11
	25 |		2.7703e-12	5.22107e-11
	26 |		1.3041e-12	2.31696e-12
	27 |		2.57641e-12	5.7119e-12
	34 |		2.80473e-12	5.27851e-12
	35 |		1.17359e-12	1.60903e-12
	37 |		9.66364e-13	4.15533e-12
	38 |		5.5073e-12	1.08458e-11
	43 |		1.83862e-12	5.03511e-12
	44 |		2.18085e-12	4.19346e-12
	45 |		5.04227e-12	2.28023e-11
	46 |		8.17442e-12	4.25286e-11
	49 |		2.30173e-12	8.03172e-12
	50 |		1.5413e-12	4.59623e-12
	58 |		4.72002e-13	5.32313e-12
	60 |		2.88917e-13	8.31894e-12
	61 |		8.49092e-12	5.85581e-12
	72 |		1.5696e-20	1.04647e-19
	87 |		4.73898e-19	1.43614e-18
	88 |		6.46194e-21	1.26702e-20
	95 |		2.67763e-13	1.48756e-13
	96 |		1.15923e-13	1.46719e-12
	97 |		2.11989e-20	4.43733e-20
	98 |		2.15783e-12	3.01626e-11
	99 |		7.51725e-12	1.2959e-11
	101 |		1.90437e-13	2.97557e-11
	103 |		3.65172e-14	3.49781e-13
	106 |		1.1737e-11	9.6378e-12
	107 |		8.09649e-11	5.3952e-12
	108 |		1.95306e-11	7.10067e-12
	109 |		8.49706e-12	8.47589e-13
	110 |		4.3553e-20	1.08855e-18
	116 |		3.79092e-12	3.61553e-12
	117 |		2.98524e-11	2.41329e-12
	118 |		4.70873e-12	2.86511e-12
	119 |		1.05722e-11	1.9591e-12
	122 |		6.01342e-13	2.06405e-12
	123 |		5.55031e-12	3.78807e-12
	124 |		1.85189e-12	2.89797e-12
	125 |		2.52285e-12	1.89342e-12
	131 |		1.04896e-12	4.19752e-11
----------------------------------------------------------------------------
-------------------------------ORGAN INFO-----------------------------------
-----------------(of organs where edep/dose was recorded)-------------------
----------------------------------------------------------------------------
ID		Organ Name	    	    	    	Material ID		Density (g/cm^3) 
10    Blood vessels, trunk                             28    1.060
19    Ulnae and radii, cortical                         2    1.920
24    Clavicles, cortical                               2    1.920
25    Clavicles, spongiosa                              7    1.151
26    Cranium, cortical                                 2    1.920
27    Cranium, spongiosa                                8    1.157
34    Tibiae, fibulae and patellae, cortical            2    1.920
35    Tibiae, fibulae and patellae, spongiosa          11    1.108
37    Ankles and foot bones, cortical                   2    1.920
38    Ankles and foot bones, spongiosa                 12    1.108
43    Ribs, cortical                                    2    1.920
44    Ribs, spongiosa                                  15    1.165
45    Scapulae, cortical                                2    1.920
46    Scapulae, spongiosa                              16    1.183
49    Thoracic spine, cortical                          2    1.920
50    Thoracic spine, spongiosa                        18    1.074
58    Cartilage, trunk                                 26    1.100
60    Cartilage, legs                                  26    1.100
61    Brain                                            32    1.050
72    Stomach wall                                     36    1.040
87    Heart wall                                       33    1.050
88    Heart contents (blood)                           28    1.060
95    Liver                                            30    1.050
96    Lung, left, blood                                28    1.060
97    Lung, left, tissue                               50    0.382
98    Lung, right, blood                               28    1.060
99    Lung, right, tissue                              50    0.382
101   Lymphatic nodes, thoracic airways                47    1.030
103   Lymphatic nodes, trunk                           47    1.030
106   Muscle, head                                     29    1.050
107   Muscle, trunk                                    29    1.050
108   Muscle, arms                                     29    1.050
109   Muscle, legs                                     29    1.050
110   Oesophagus                                       44    1.030
116   Residual tissue, head                            49    0.950
117   Residual tissue, trunk                           49    0.950
118   Residual tissue, arms                            49    0.950
119   Residual tissue, legs                            49    0.950
122   Skin, head                                       27    1.090
123   Skin, trunk                                      27    1.090
124   Skin, arms                                       27    1.090
125   Skin, legs                                       27    1.090
131   Thymus                                           45    1.030

Total Edep over all organs = 2.45979e-10 J
Total dose absorbed over all organs = 3.99745e-10 Gy

----------------------------------------------------------------------------
----------------ORGAN ENERGY DEPOSITIONS AND ABSORBED DOSE------------------
-----------(for all organs [includes air - OrganIDs = 0, 140])--------------
--------------([and top/bottom skin layer - OrganIDs = 141])----------------
----------------------------------------------------------------------------
OrganID	Edep (J) 	Dose (Gy) 	S1_J	S2_J2	N	SE_run_J
-------------------------------
0  | 		6.55693e-13	0	6.55693e-13	3.36925e-28	4615	3.38346e-18
1  | 		0	0	0	0	0	0
2  | 		0	0	0	0	0	0
3  | 		0	0	0	0	0	0
4  | 		0	0	0	0	0	0
5  | 		0	0	0	0	0	0
6  | 		0	0	0	0	0	0
7  | 		0	0	0	0	0	0
8  | 		0	0	0	0	0	0
9  | 		0	0	0	0	0	0
10  | 		1.20064e-12	4.41526e-12	1.20064e-12	2.72945e-25	13	3.22308e-14
11  | 		0	0	0	0	0	0
12  | 		0	0	0	0	0	0
13  | 		0	0	0	0	0	0
14  | 		0	0	0	0	0	0
15  | 		0	0	0	0	0	0
16  | 		0	0	0	0	0	0
17  | 		0	0	0	0	0	0
18  | 		0	0	0	0	0	0
19  | 		4.45486e-12	1.64507e-11	4.45486e-12	3.74641e-24	6	1.20939e-13
20  | 		0	0	0	0	0	0
21  | 		0	0	0	0	0	0
22  | 		0	0	0	0	0	0
23  | 		0	0	0	0	0	0
24  | 		1.37461e-12	2.87695e-11	1.37461e-12	3.63151e-25	9	4.61282e-14
25  | 		2.7703e-12	5.22107e-11	2.7703e-12	6.46235e-25	15	2.53168e-14
26  | 		1.3041e-12	2.31696e-12	1.3041e-12	5.81647e-25	4	1.14191e-13
27  | 		2.57641e-12	5.7119e-12	2.57641e-12	9.62259e-25	10	5.75877e-14
28  | 		0	0	0	0	0	0
29  | 		0	0	0	0	0	0
30  | 		0	0	0	0	0	0
31  | 		0	0	0	0	0	0
32  | 		0	0	0	0	0	0
33  | 		0	0	0	0	0	0
34  | 		2.80473e-12	5.27851e-12	2.80473e-12	8.03407e-25	12	3.3469e-14
35  | 		1.17359e-12	1.60903e-12	1.17359e-12	2.13649e-25	7	2.00525e-14
36  | 		0	0	0	0	0	0
37  | 		9.66364e-13	4.15533e-12	9.66364e-13	3.44155e-25	4	9.60427e-14
38  | 		5.5073e-12	1.08458e-11	5.5073e-12	1.35323e-24	30	1.9833e-14
39  | 		0	0	0	0	0	0
40  | 		0	0	0	0	0	0
41  | 		0	0	0	0	0	0
42  | 		0	0	0	0	0	0
43  | 		1.83862e-12	5.03511e-12	1.83862e-12	2.59263e-24	6	2.60077e-13
44  | 		2.18085e-12	4.19346e-12	2.18085e-12	3.09027e-24	17	1.0165e-13
45  | 		5.04227e-12	2.28023e-11	5.04227e-12	2.46094e-24	14	5.95265e-14
46  | 		8.17442e-12	4.25286e-11	8.17442e-12	2.14639e-24	44	1.82149e-14
47  | 		0	0	0	0	0	0
48  | 		0	0	0	0	0	0
49  | 		2.30173e-12	8.03172e-12	2.30173e-12	7.32014e-25	11	4.77094e-14
50  | 		1.5413e-12	4.59623e-12	1.5413e-12	3.65738e-25	20	2.54929e-14
51  | 		0	0	0	0	0	0
52  | 		0	0	0	0	0	0
53  | 		0	0	0	0	0	0
54  | 		0	0	0	0	0	0
55  | 		0	0	0	0	0	0
56  | 		0	0	0	0	0	0
57  | 		0	0	0	0	0	0
58  | 		4.72002e-13	5.32313e-12	4.72002e-13	1.27613e-25	2	9.00553e-14
59  | 		0	0	0	0	0	0
60  | 		2.88917e-13	8.31894e-12	2.88917e-13	4.82843e-26	2	5.72182e-14
61  | 		8.49092e-12	5.85581e-12	8.49092e-12	2.28152e-24	41	1.78593e-14
62  | 		0	0	0	0	0	0
63  | 		0	0	0	0	0	0
64  | 		0	0	0	0	0	0
65  | 		0	0	0	0	0	0
66  | 		0	0	0	0	0	0
67  | 		0	0	0	0	0	0
68  | 		0	0	0	0	0	0
69  | 		0	0	0	0	0	0
70  | 		0	0	0	0	0	0
71  | 		0	0	0	0	0	0
72  | 		1.5696e-20	1.04647e-19	1.5696e-20	2.46366e-40	1	0
73  | 		0	0	0	0	0	0
74  | 		0	0	0	0	0	0
75  | 		0	0	0	0	0	0
76  | 		0	0	0	0	0	0
77  | 		0	0	0	0	0	0
78  | 		0	0	0	0	0	0
79  | 		0	0	0	0	0	0
80  | 		0	0	0	0	0	0
81  | 		0	0	0	0	0	0
82  | 		0	0	0	0	0	0
83  | 		0	0	0	0	0	0
84  | 		0	0	0	0	0	0
85  | 		0	0	0	0	0	0
86  | 		0	0	0	0	0	0
87  | 		4.73898e-19	1.43614e-18	4.73898e-19	9.73604e-38	8	3.51751e-20
88  | 		6.46194e-21	1.26702e-20	6.46194e-21	4.17567e-41	1	0
89  | 		0	0	0	0	0	0
90  | 		0	0	0	0	0	0
91  | 		0	0	0	0	0	0
92  | 		0	0	0	0	0	0
93  | 		0	0	0	0	0	0
94  | 		0	0	0	0	0	0
95  | 		2.67763e-13	1.48756e-13	2.67763e-13	4.24335e-26	23	8.81476e-15
96  | 		1.15923e-13	1.46719e-12	1.15923e-13	8.29555e-27	5	1.67451e-14
97  | 		2.11989e-20	4.43733e-20	2.11989e-20	2.11519e-40	3	3.2073e-21
98  | 		2.15783e-12	3.01626e-11	2.15783e-12	7.2479e-25	19	3.74527e-14
99  | 		7.51725e-12	1.2959e-11	7.51725e-12	1.14058e-24	125	6.6648e-15
100  | 		0	0	0	0	0	0
101  | 		1.90437e-13	2.97557e-11	1.90437e-13	3.62661e-26	1	0
102  | 		0	0	0	0	0	0
103  | 		3.65172e-14	3.49781e-13	3.65172e-14	1.33348e-27	4	9.12919e-15
104  | 		0	0	0	0	0	0
105  | 		0	0	0	0	0	0
106  | 		1.1737e-11	9.6378e-12	1.1737e-11	9.02697e-24	28	7.37063e-14
107  | 		8.09649e-11	5.3952e-12	8.09649e-11	5.27767e-23	298	1.86484e-14
108  | 		1.95306e-11	7.10067e-12	1.95306e-11	1.79888e-23	49	6.58674e-14
109  | 		8.49706e-12	8.47589e-13	8.49706e-12	1.80077e-24	60	1.29911e-14
110  | 		4.3553e-20	1.08855e-18	4.3553e-20	4.08188e-40	6	1.75161e-21
111  | 		0	0	0	0	0	0
112  | 		0	0	0	0	0	0
113  | 		0	0	0	0	0	0
114  | 		0	0	0	0	0	0
115  | 		0	0	0	0	0	0
116  | 		3.79092e-12	3.61553e-12	3.79092e-12	1.18165e-24	18	3.53905e-14
117  | 		2.98524e-11	2.41329e-12	2.98524e-11	5.48058e-23	117	5.89655e-14
118  | 		4.70873e-12	2.86511e-12	4.70873e-12	2.24401e-24	15	6.03903e-14
119  | 		1.05722e-11	1.9591e-12	1.05722e-11	9.58079e-24	34	7.48938e-14
120  | 		0	0	0	0	0	0
121  | 		0	0	0	0	0	0
122  | 		6.01342e-13	2.06405e-12	6.01342e-13	1.39114e-25	3	5.56425e-14
123  | 		5.55031e-12	3.78807e-12	5.55031e-12	1.19927e-24	27	9.11382e-15
124  | 		1.85189e-12	2.89797e-12	1.85189e-12	7.5383e-25	6	7.79415e-14
125  | 		2.52285e-12	1.89342e-12	2.52285e-12	6.00633e-25	15	2.89756e-14
126  | 		0	0	0	0	0	0
127  | 		0	0	0	0	0	0
128  | 		0	0	0	0	0	0
129  | 		0	0	0	0	0	0
130  | 		0	0	0	0	0	0
131  | 		1.04896e-12	4.19752e-11	1.04896e-12	2.06152e-25	6	2.75473e-14
132  | 		0	0	0	0	0	0
133  | 		0	0	0	0	0	0
134  | 		0	0	0	0	0	0
135  | 		0	0	0	0	0	0
136  | 		0	0	0	0	0	0
137  | 		0	0	0	0	0	0
138  | 		0	0	0	0	0	0
139  | 		0	0	0	0	0	0
140  | 		0	0	0	0	0	0
141  | 		0	0	0	0	0	0
Total energy depositied over all organs = 2.45979e-10 J
Total absorbed dose over all organs = 3.99745e-10 Gy 
