
	-------------------------------- 
	OrganID	Edep (J)	Dose (Gy)
	-------------------------------- 
	10 |		1.00885e-12	3.70996e-12
	19 |		2.04496e-12	7.55155e-12
	20 |		7.18514e-12	3.94984e-11
	26 |		3.03889e-15	5.39911e-15
	31 |		2.51498e-12	8.55172e-12
	32 |		3.45316e-13	7.87368e-13
	34 |		6.86256e-12	1.29153e-11
	35 |		1.97815e-13	2.7121e-13
	36 |		4.48778e-12	5.70457e-11
	37 |		8.61257e-13	3.70338e-12
	38 |		8.43419e-13	1.66099e-12
	49 |		2.0414e-12	7.1233e-12
	50 |		2.4823e-12	7.40235e-12
	51 |		3.94303e-13	2.11774e-12
	52 |		8.58545e-12	2.84221e-11
	58 |		1.11335e-12	1.25562e-11
	61 |		2.10634e-15	1.45265e-15
	74 |		3.91175e-12	6.01808e-12
	75 |		2.87774e-12	8.22163e-12
	82 |		6.79301e-14	7.54862e-13
	95 |		8.87478e-12	4.93041e-12
	99 |		4.1823e-12	7.20986e-12
	106 |		4.45902e-16	3.66151e-16
	107 |		5.86716e-11	3.90966e-12
	108 |		1.36862e-11	4.97583e-12
	109 |		6.47051e-11	6.4544e-12
	117 |		6.87842e-11	5.56055e-12
	118 |		1.63062e-11	9.92178e-12
	119 |		5.28027e-11	9.78467e-12
	122 |		2.71222e-14	9.30948e-14
	123 |		8.47563e-12	5.78459e-12
	124 |		1.51649e-11	2.37311e-11
	125 |		1.56099e-11	1.17154e-11
	141 |		3.77448e-12	2.4462e-11
----------------------------------------------------------------------------
-------------------------------ORGAN INFO-----------------------------------
-----------------(of organs where edep/dose was recorded)-------------------
----------------------------------------------------------------------------
ID		Organ Name	    	    	    	Material ID		Density (g/cm^3) 
10    Blood vessels, trunk                             28    1.060
19    Ulnae and radii, cortical                         2    1.920
20    Ulnae and radii, spongiosa                        5    1.108
26    Cranium, cortical                                 2    1.920
31    Femora, lower half, cortical                      2    1.920
32    Femora, lower half, spongiosa                    10    1.108
34    Tibiae, fibulae and patellae, cortical            2    1.920
35    Tibiae, fibulae and patellae, spongiosa          11    1.108
36    Tibiae, fibulae and patellae, medullary cavity   25    0.980
37    Ankles and foot bones, cortical                   2    1.920
38    Ankles and foot bones, spongiosa                 12    1.108
49    Thoracic spine, cortical                          2    1.920
50    Thoracic spine, spongiosa                        18    1.074
51    Lumbar spine, cortical                            2    1.920
52    Lumbar spine, spongiosa                          19    1.112
58    Cartilage, trunk                                 26    1.100
61    Brain                                            32    1.050
74    Small intestine wall                             37    1.040
75    Small intestine contents                         51    1.040
82    Descending colon wall                            38    1.040
95    Liver                                            30    1.050
99    Lung, right, tissue                              50    0.382
106   Muscle, head                                     29    1.050
107   Muscle, trunk                                    29    1.050
108   Muscle, arms                                     29    1.050
109   Muscle, legs                                     29    1.050
117   Residual tissue, trunk                           49    0.950
118   Residual tissue, arms                            49    0.950
119   Residual tissue, legs                            49    0.950
122   Skin, head                                       27    1.090
123   Skin, trunk                                      27    1.090
124   Skin, arms                                       27    1.090
125   Skin, legs                                       27    1.090
141    Phantom Top/Bottom Skin Layer

Total Edep over all organs = 3.78897e-10 J
Total dose absorbed over all organs = 3.26852e-10 Gy

----------------------------------------------------------------------------
----------------ORGAN ENERGY DEPOSITIONS AND ABSORBED DOSE------------------
-----------(for all organs [includes air - OrganIDs = 0, 140])--------------
--------------([and top/bottom skin layer - OrganIDs = 141])----------------
----------------------------------------------------------------------------
OrganID	Edep (J) 	Dose (Gy) 	S1_J	S2_J2	N	SE_run_J
-------------------------------
0  | 		2.34286e-12	0	2.34286e-12	2.16015e-27	10516	3.84904e-18
1  | 		0	0	0	0	0	0
2  | 		0	0	0	0	0	0
3  | 		0	0	0	0	0	0
4  | 		0	0	0	0	0	0
5  | 		0	0	0	0	0	0
6  | 		0	0	0	0	0	0
7  | 		0	0	0	0	0	0
8  | 		0	0	0	0	0	0
9  | 		0	0	0	0	0	0
10  | 		1.00885e-12	3.70996e-12	1.00885e-12	4.69166e-25	3	1.47143e-13
11  | 		0	0	0	0	0	0
12  | 		0	0	0	0	0	0
13  | 		0	0	0	0	0	0
14  | 		0	0	0	0	0	0
15  | 		0	0	0	0	0	0
16  | 		0	0	0	0	0	0
17  | 		0	0	0	0	0	0
18  | 		0	0	0	0	0	0
19  | 		2.04496e-12	7.55155e-12	2.04496e-12	1.56878e-24	5	1.91365e-13
20  | 		7.18514e-12	3.94984e-11	7.18514e-12	6.29564e-24	20	9.88662e-14
21  | 		0	0	0	0	0	0
22  | 		0	0	0	0	0	0
23  | 		0	0	0	0	0	0
24  | 		0	0	0	0	0	0
25  | 		0	0	0	0	0	0
26  | 		3.03889e-15	5.39911e-15	3.03889e-15	7.65998e-30	2	1.2334e-15
27  | 		0	0	0	0	0	0
28  | 		0	0	0	0	0	0
29  | 		0	0	0	0	0	0
30  | 		0	0	0	0	0	0
31  | 		2.51498e-12	8.55172e-12	2.51498e-12	1.43026e-24	7	1.11981e-13
32  | 		3.45316e-13	7.87368e-13	3.45316e-13	1.19243e-25	1	0
33  | 		0	0	0	0	0	0
34  | 		6.86256e-12	1.29153e-11	6.86256e-12	5.12284e-24	18	9.05045e-14
35  | 		1.97815e-13	2.7121e-13	1.97815e-13	3.91309e-26	2	9.89077e-14
36  | 		4.48778e-12	5.70457e-11	4.48778e-12	3.57933e-24	11	1.26074e-13
37  | 		8.61257e-13	3.70338e-12	8.61257e-13	3.75087e-25	2	4.58558e-14
38  | 		8.43419e-13	1.66099e-12	8.43419e-13	1.73764e-25	5	3.96816e-14
39  | 		0	0	0	0	0	0
40  | 		0	0	0	0	0	0
41  | 		0	0	0	0	0	0
42  | 		0	0	0	0	0	0
43  | 		0	0	0	0	0	0
44  | 		0	0	0	0	0	0
45  | 		0	0	0	0	0	0
46  | 		0	0	0	0	0	0
47  | 		0	0	0	0	0	0
48  | 		0	0	0	0	0	0
49  | 		2.0414e-12	7.1233e-12	2.0414e-12	7.38248e-25	6	3.81655e-14
50  | 		2.4823e-12	7.40235e-12	2.4823e-12	6.05181e-25	13	2.89997e-14
51  | 		3.94303e-13	2.11774e-12	3.94303e-13	1.55475e-25	1	0
52  | 		8.58545e-12	2.84221e-11	8.58545e-12	7.16418e-24	16	1.03225e-13
53  | 		0	0	0	0	0	0
54  | 		0	0	0	0	0	0
55  | 		0	0	0	0	0	0
56  | 		0	0	0	0	0	0
57  | 		0	0	0	0	0	0
58  | 		1.11335e-12	1.25562e-11	1.11335e-12	8.53035e-25	2	3.41508e-13
59  | 		0	0	0	0	0	0
60  | 		0	0	0	0	0	0
61  | 		2.10634e-15	1.45265e-15	2.10634e-15	4.43667e-30	1	0
62  | 		0	0	0	0	0	0
63  | 		0	0	0	0	0	0
64  | 		0	0	0	0	0	0
65  | 		0	0	0	0	0	0
66  | 		0	0	0	0	0	0
67  | 		0	0	0	0	0	0
68  | 		0	0	0	0	0	0
69  | 		0	0	0	0	0	0
70  | 		0	0	0	0	0	0
71  | 		0	0	0	0	0	0
72  | 		0	0	0	0	0	0
73  | 		0	0	0	0	0	0
74  | 		3.91175e-12	6.01808e-12	3.91175e-12	9.30382e-25	20	2.08561e-14
75  | 		2.87774e-12	8.22163e-12	2.87774e-12	6.45298e-25	17	2.41136e-14
76  | 		0	0	0	0	0	0
77  | 		0	0	0	0	0	0
78  | 		0	0	0	0	0	0
79  | 		0	0	0	0	0	0
80  | 		0	0	0	0	0	0
81  | 		0	0	0	0	0	0
82  | 		6.79301e-14	7.54862e-13	6.79301e-14	4.61449e-27	1	0
83  | 		0	0	0	0	0	0
84  | 		0	0	0	0	0	0
85  | 		0	0	0	0	0	0
86  | 		0	0	0	0	0	0
87  | 		0	0	0	0	0	0
88  | 		0	0	0	0	0	0
89  | 		0	0	0	0	0	0
90  | 		0	0	0	0	0	0
91  | 		0	0	0	0	0	0
92  | 		0	0	0	0	0	0
93  | 		0	0	0	0	0	0
94  | 		0	0	0	0	0	0
95  | 		8.87478e-12	4.93041e-12	8.87478e-12	1.95965e-23	5	4.38415e-13
96  | 		0	0	0	0	0	0
97  | 		0	0	0	0	0	0
98  | 		0	0	0	0	0	0
99  | 		4.1823e-12	7.20986e-12	4.1823e-12	1.47625e-24	14	3.53048e-14
100  | 		0	0	0	0	0	0
101  | 		0	0	0	0	0	0
102  | 		0	0	0	0	0	0
103  | 		0	0	0	0	0	0
104  | 		0	0	0	0	0	0
105  | 		0	0	0	0	0	0
106  | 		4.45902e-16	3.66151e-16	4.45902e-16	1.98829e-31	1	0
107  | 		5.86716e-11	3.90966e-12	5.86716e-11	3.02496e-23	222	1.73352e-14
108  | 		1.36862e-11	4.97583e-12	1.36862e-11	1.35569e-23	44	7.01094e-14
109  | 		6.47051e-11	6.4544e-12	6.47051e-11	1.87209e-23	332	7.45668e-15
110  | 		0	0	0	0	0	0
111  | 		0	0	0	0	0	0
112  | 		0	0	0	0	0	0
113  | 		0	0	0	0	0	0
114  | 		0	0	0	0	0	0
115  | 		0	0	0	0	0	0
116  | 		0	0	0	0	0	0
117  | 		6.87842e-11	5.56055e-12	6.87842e-11	4.17347e-23	263	1.85634e-14
118  | 		1.63062e-11	9.92178e-12	1.63062e-11	2.07781e-23	33	1.09755e-13
119  | 		5.28027e-11	9.78467e-12	5.28027e-11	5.57606e-23	168	3.73624e-14
120  | 		0	0	0	0	0	0
121  | 		0	0	0	0	0	0
122  | 		2.71222e-14	9.30948e-14	2.71222e-14	4.76746e-28	3	6.21209e-15
123  | 		8.47563e-12	5.78459e-12	8.47563e-12	4.44363e-24	31	4.78161e-14
124  | 		1.51649e-11	2.37311e-11	1.51649e-11	1.46814e-23	28	9.24964e-14
125  | 		1.56099e-11	1.17154e-11	1.56099e-11	9.2612e-24	57	3.95237e-14
126  | 		0	0	0	0	0	0
127  | 		0	0	0	0	0	0
128  | 		0	0	0	0	0	0
129  | 		0	0	0	0	0	0
130  | 		0	0	0	0	0	0
131  | 		0	0	0	0	0	0
132  | 		0	0	0	0	0	0
133  | 		0	0	0	0	0	0
134  | 		0	0	0	0	0	0
135  | 		0	0	0	0	0	0
136  | 		0	0	0	0	0	0
137  | 		0	0	0	0	0	0
138  | 		0	0	0	0	0	0
139  | 		0	0	0	0	0	0
140  | 		0	0	0	0	0	0
141  | 		3.77448e-12	2.4462e-11	3.77448e-12	7.9762e-25	19	1.18214e-14
Total energy depositied over all organs = 3.78897e-10 J
Total absorbed dose over all organs = 3.26852e-10 Gy 
