
	-------------------------------- 
	OrganID	Edep (J)	Dose (Gy)
	-------------------------------- 
	3 |		2.22772e-13	2.01969e-11
	4 |		3.09917e-12	1.09087e-10
	5 |		1.14051e-12	3.7114e-11
	10 |		4.89815e-15	1.80125e-14
	12 |		2.29282e-12	2.7611e-11
	13 |		1.26212e-12	9.33108e-12
	14 |		3.6686e-12	1.98453e-11
	19 |		8.33779e-13	3.07895e-12
	20 |		9.18757e-13	5.05061e-12
	22 |		2.32661e-12	1.29443e-11
	23 |		7.63603e-13	5.47032e-12
	24 |		3.14713e-13	6.58672e-12
	26 |		1.59855e-11	2.8401e-11
	27 |		8.12297e-12	1.80086e-11
	31 |		1.25178e-12	4.25646e-12
	32 |		4.67127e-14	1.06511e-13
	33 |		2.79229e-12	3.45197e-11
	34 |		9.9218e-12	1.86728e-11
	35 |		9.12486e-12	1.25104e-11
	36 |		2.23139e-12	2.83639e-11
	37 |		1.63796e-12	7.04315e-12
	38 |		3.85002e-12	7.58206e-12
	39 |		3.32266e-12	4.36502e-11
	40 |		4.64175e-13	6.28112e-12
	41 |		5.74111e-13	1.44025e-12
	42 |		1.71899e-12	2.52355e-12
	43 |		7.93241e-13	2.17231e-12
	44 |		2.58101e-12	4.96291e-12
	46 |		2.7598e-12	1.43582e-11
	49 |		3.00936e-12	1.0501e-11
	51 |		2.12103e-14	1.13917e-13
	58 |		1.66455e-13	1.87724e-12
	61 |		3.36514e-11	2.32078e-11
	69 |		2.03444e-12	2.77549e-10
	74 |		3.00401e-12	4.62155e-12
	75 |		3.67302e-14	1.04937e-13
	80 |		1.74651e-20	2.91086e-19
	81 |		9.26102e-21	2.31468e-19
	82 |		6.51615e-16	7.24097e-15
	83 |		1.18349e-18	3.38141e-17
	89 |		4.54935e-12	4.24697e-11
	90 |		2.35443e-12	6.15536e-11
	91 |		8.25012e-13	1.08127e-10
	95 |		7.56663e-12	4.20366e-12
	98 |		2.90377e-12	4.05895e-11
	99 |		9.15207e-12	1.57772e-11
	105 |		6.47463e-13	5.833e-11
	106 |		3.24998e-11	2.66871e-11
	107 |		8.59359e-11	5.72646e-12
	108 |		2.84087e-11	1.03285e-11
	109 |		1.54161e-10	1.53777e-11
	116 |		2.80775e-11	2.67785e-11
	117 |		7.91052e-11	6.3949e-12
	118 |		1.33792e-11	8.14084e-12
	119 |		1.18632e-10	2.19833e-11
	120 |		2.99335e-12	7.04483e-11
	121 |		1.68141e-12	3.95718e-11
	122 |		7.70682e-12	2.6453e-11
	123 |		7.63885e-12	5.21348e-12
	124 |		4.65715e-12	7.28784e-12
	125 |		2.20325e-11	1.65356e-11
	137 |		5.23861e-13	1.04751e-11
	138 |		1.4891e-11	7.44548e-11
	141 |		1.90849e-12	1.23687e-11
----------------------------------------------------------------------------
-------------------------------ORGAN INFO-----------------------------------
-----------------(of organs where edep/dose was recorded)-------------------
----------------------------------------------------------------------------
ID		Organ Name	    	    	    	Material ID		Density (g/cm^3) 
3     Anterior nasal passage (ET1)                     45    1.030
4     Posterior nasal passage down to larynx (ET2)     45    1.030
5     Oral mucosa, tongue                              29    1.050
10    Blood vessels, trunk                             28    1.060
12    Blood vessels, legs                              28    1.060
13    Humeri, upper half, cortical                      2    1.920
14    Humeri, upper half, spongiosa                     3    1.205
19    Ulnae and radii, cortical                         2    1.920
20    Ulnae and radii, spongiosa                        5    1.108
22    Wrists and hand bones, cortical                   2    1.920
23    Wrists and hand bones, spongiosa                  6    1.108
24    Clavicles, cortical                               2    1.920
26    Cranium, cortical                                 2    1.920
27    Cranium, spongiosa                                8    1.157
31    Femora, lower half, cortical                      2    1.920
32    Femora, lower half, spongiosa                    10    1.108
33    Femora, lower half, medullary cavity             23    0.980
34    Tibiae, fibulae and patellae, cortical            2    1.920
35    Tibiae, fibulae and patellae, spongiosa          11    1.108
36    Tibiae, fibulae and patellae, medullary cavity   25    0.980
37    Ankles and foot bones, cortical                   2    1.920
38    Ankles and foot bones, spongiosa                 12    1.108
39    Mandible, cortical                                2    1.920
40    Mandible, spongiosa                              13    1.228
41    Pelvis, cortical                                  2    1.920
42    Pelvis, spongiosa                                14    1.123
43    Ribs, cortical                                    2    1.920
44    Ribs, spongiosa                                  15    1.165
46    Scapulae, spongiosa                              16    1.183
49    Thoracic spine, cortical                          2    1.920
51    Lumbar spine, cortical                            2    1.920
58    Cartilage, trunk                                 26    1.100
61    Brain                                            32    1.050
69    Eye bulb, right                                  34    1.050
74    Small intestine wall                             37    1.040
75    Small intestine contents                         51    1.040
80    Transverse colon wall, left                      38    1.040
81    Transverse colon contents, left                  51    1.040
82    Descending colon wall                            38    1.040
83    Descending colon contents                        51    1.040
89    Kidney, left, cortex                             35    1.050
90    Kidney, left, medulla                            35    1.050
91    Kidney, left, pelvis                             35    1.050
95    Liver                                            30    1.050
98    Lung, right, blood                               28    1.060
99    Lung, right, tissue                              50    0.382
105   Lymphatic nodes, legs                            47    1.030
106   Muscle, head                                     29    1.050
107   Muscle, trunk                                    29    1.050
108   Muscle, arms                                     29    1.050
109   Muscle, legs                                     29    1.050
116   Residual tissue, head                            49    0.950
117   Residual tissue, trunk                           49    0.950
118   Residual tissue, arms                            49    0.950
119   Residual tissue, legs                            49    0.950
120   Salivary glands, left                            45    1.030
121   Salivary glands, right                           45    1.030
122   Skin, head                                       27    1.090
123   Skin, trunk                                      27    1.090
124   Skin, arms                                       27    1.090
125   Skin, legs                                       27    1.090
137   Urinary bladder wall                             41    1.040
138   Urinary bladder contents                         52    1.040
141    Phantom Top/Bottom Skin Layer

Total Edep over all organs = 7.58184e-10 J
Total dose absorbed over all organs = 1.52445e-09 Gy

----------------------------------------------------------------------------
----------------ORGAN ENERGY DEPOSITIONS AND ABSORBED DOSE------------------
-----------(for all organs [includes air - OrganIDs = 0, 140])--------------
--------------([and top/bottom skin layer - OrganIDs = 141])----------------
----------------------------------------------------------------------------
OrganID	Edep (J) 	Dose (Gy) 	S1_J	S2_J2	N	SE_run_J
-------------------------------
0  | 		2.97244e-12	0	2.97244e-12	1.69408e-27	17292	1.98922e-18
1  | 		0	0	0	0	0	0
2  | 		0	0	0	0	0	0
3  | 		2.22772e-13	2.01969e-11	2.22772e-13	4.96273e-26	1	0
4  | 		3.09917e-12	1.09087e-10	3.09917e-12	6.36257e-25	19	1.95519e-14
5  | 		1.14051e-12	3.7114e-11	1.14051e-12	3.29313e-25	6	6.12419e-14
6  | 		0	0	0	0	0	0
7  | 		0	0	0	0	0	0
8  | 		0	0	0	0	0	0
9  | 		0	0	0	0	0	0
10  | 		4.89815e-15	1.80125e-14	4.89815e-15	2.39919e-29	1	0
11  | 		0	0	0	0	0	0
12  | 		2.29282e-12	2.7611e-11	2.29282e-12	2.15685e-24	5	2.35101e-13
13  | 		1.26212e-12	9.33108e-12	1.26212e-12	4.4559e-25	5	7.96869e-14
14  | 		3.6686e-12	1.98453e-11	3.6686e-12	8.95296e-25	21	2.46117e-14
15  | 		0	0	0	0	0	0
16  | 		0	0	0	0	0	0
17  | 		0	0	0	0	0	0
18  | 		0	0	0	0	0	0
19  | 		8.33779e-13	3.07895e-12	8.33779e-13	3.47595e-25	2	7.0712e-16
20  | 		9.18757e-13	5.05061e-12	9.18757e-13	1.70104e-25	8	3.39617e-14
21  | 		0	0	0	0	0	0
22  | 		2.32661e-12	1.29443e-11	2.32661e-12	6.90304e-25	10	4.06878e-14
23  | 		7.63603e-13	5.47032e-12	7.63603e-13	1.57614e-25	4	3.14134e-14
24  | 		3.14713e-13	6.58672e-12	3.14713e-13	5.2862e-26	2	4.08641e-14
25  | 		0	0	0	0	0	0
26  | 		1.59855e-11	2.8401e-11	1.59855e-11	7.22716e-24	53	2.9545e-14
27  | 		8.12297e-12	1.80086e-11	8.12297e-12	2.46421e-24	42	2.27749e-14
28  | 		0	0	0	0	0	0
29  | 		0	0	0	0	0	0
30  | 		0	0	0	0	0	0
31  | 		1.25178e-12	4.25646e-12	1.25178e-12	4.45461e-25	5	8.1262e-14
32  | 		4.67127e-14	1.06511e-13	4.67127e-14	7.36017e-28	3	1.20117e-15
33  | 		2.79229e-12	3.45197e-11	2.79229e-12	5.81739e-25	18	2.20351e-14
34  | 		9.9218e-12	1.86728e-11	9.9218e-12	7.42775e-24	27	7.33969e-14
35  | 		9.12486e-12	1.25104e-11	9.12486e-12	5.43134e-24	33	5.24785e-14
36  | 		2.23139e-12	2.83639e-11	2.23139e-12	8.13444e-25	10	5.9211e-14
37  | 		1.63796e-12	7.04315e-12	1.63796e-12	6.97679e-25	6	9.13838e-14
38  | 		3.85002e-12	7.58206e-12	3.85002e-12	1.65344e-24	14	5.71618e-14
39  | 		3.32266e-12	4.36502e-11	3.32266e-12	1.91896e-24	7	9.02127e-14
40  | 		4.64175e-13	6.28112e-12	4.64175e-13	1.13377e-25	2	5.31418e-14
41  | 		5.74111e-13	1.44025e-12	5.74111e-13	1.53883e-25	4	7.71805e-14
42  | 		1.71899e-12	2.52355e-12	1.71899e-12	6.1362e-25	7	6.75217e-14
43  | 		7.93241e-13	2.17231e-12	7.93241e-13	3.78543e-25	3	1.67729e-13
44  | 		2.58101e-12	4.96291e-12	2.58101e-12	8.91108e-25	12	5.04504e-14
45  | 		0	0	0	0	0	0
46  | 		2.7598e-12	1.43582e-11	2.7598e-12	2.64335e-24	7	1.92433e-13
47  | 		0	0	0	0	0	0
48  | 		0	0	0	0	0	0
49  | 		3.00936e-12	1.0501e-11	3.00936e-12	9.05628e-24	1	0
50  | 		0	0	0	0	0	0
51  | 		2.12103e-14	1.13917e-13	2.12103e-14	4.49876e-28	1	0
52  | 		0	0	0	0	0	0
53  | 		0	0	0	0	0	0
54  | 		0	0	0	0	0	0
55  | 		0	0	0	0	0	0
56  | 		0	0	0	0	0	0
57  | 		0	0	0	0	0	0
58  | 		1.66455e-13	1.87724e-12	1.66455e-13	2.77071e-26	1	0
59  | 		0	0	0	0	0	0
60  | 		0	0	0	0	0	0
61  | 		3.36514e-11	2.32078e-11	3.36514e-11	2.03031e-23	140	2.50533e-14
62  | 		0	0	0	0	0	0
63  | 		0	0	0	0	0	0
64  | 		0	0	0	0	0	0
65  | 		0	0	0	0	0	0
66  | 		0	0	0	0	0	0
67  | 		0	0	0	0	0	0
68  | 		0	0	0	0	0	0
69  | 		2.03444e-12	2.77549e-10	2.03444e-12	4.55594e-25	13	2.96576e-14
70  | 		0	0	0	0	0	0
71  | 		0	0	0	0	0	0
72  | 		0	0	0	0	0	0
73  | 		0	0	0	0	0	0
74  | 		3.00401e-12	4.62155e-12	3.00401e-12	6.82608e-25	18	2.4339e-14
75  | 		3.67302e-14	1.04937e-13	3.67302e-14	1.08509e-27	3	1.02906e-14
76  | 		0	0	0	0	0	0
77  | 		0	0	0	0	0	0
78  | 		0	0	0	0	0	0
79  | 		0	0	0	0	0	0
80  | 		1.74651e-20	2.91086e-19	1.74651e-20	8.06885e-41	4	6.07632e-22
81  | 		9.26102e-21	2.31468e-19	9.26102e-21	7.49185e-41	2	4.00221e-21
82  | 		6.51615e-16	7.24097e-15	6.51615e-16	4.24281e-31	3	2.17082e-16
83  | 		1.18349e-18	3.38141e-17	1.18349e-18	1.40066e-36	1	0
84  | 		0	0	0	0	0	0
85  | 		0	0	0	0	0	0
86  | 		0	0	0	0	0	0
87  | 		0	0	0	0	0	0
88  | 		0	0	0	0	0	0
89  | 		4.54935e-12	4.24697e-11	4.54935e-12	3.20533e-24	10	1.12332e-13
90  | 		2.35443e-12	6.15536e-11	2.35443e-12	1.62986e-24	5	1.61431e-13
91  | 		8.25012e-13	1.08127e-10	8.25012e-13	6.80644e-25	1	0
92  | 		0	0	0	0	0	0
93  | 		0	0	0	0	0	0
94  | 		0	0	0	0	0	0
95  | 		7.56663e-12	4.20366e-12	7.56663e-12	2.01639e-24	37	1.87641e-14
96  | 		0	0	0	0	0	0
97  | 		0	0	0	0	0	0
98  | 		2.90377e-12	4.05895e-11	2.90377e-12	1.34068e-24	8	7.15505e-14
99  | 		9.15207e-12	1.57772e-11	9.15207e-12	1.53525e-24	89	8.70967e-15
100  | 		0	0	0	0	0	0
101  | 		0	0	0	0	0	0
102  | 		0	0	0	0	0	0
103  | 		0	0	0	0	0	0
104  | 		0	0	0	0	0	0
105  | 		6.47463e-13	5.833e-11	6.47463e-13	2.10065e-25	2	1.51676e-14
106  | 		3.24998e-11	2.66871e-11	3.24998e-11	2.88348e-23	92	4.55286e-14
107  | 		8.59359e-11	5.72646e-12	8.59359e-11	5.01785e-23	331	1.59727e-14
108  | 		2.84087e-11	1.03285e-11	2.84087e-11	7.85001e-24	153	1.05228e-14
109  | 		1.54161e-10	1.53777e-11	1.54161e-10	8.18372e-23	633	1.05222e-14
110  | 		0	0	0	0	0	0
111  | 		0	0	0	0	0	0
112  | 		0	0	0	0	0	0
113  | 		0	0	0	0	0	0
114  | 		0	0	0	0	0	0
115  | 		0	0	0	0	0	0
116  | 		2.80775e-11	2.67785e-11	2.80775e-11	1.54297e-23	121	2.47779e-14
117  | 		7.91052e-11	6.3949e-12	7.91052e-11	3.57622e-23	371	1.17325e-14
118  | 		1.33792e-11	8.14084e-12	1.33792e-11	3.14578e-24	79	1.19497e-14
119  | 		1.18632e-10	2.19833e-11	1.18632e-10	1.00714e-22	377	2.11458e-14
120  | 		2.99335e-12	7.04483e-11	2.99335e-12	1.63223e-24	8	9.56378e-14
121  | 		1.68141e-12	3.95718e-11	1.68141e-12	5.81117e-25	7	6.49619e-14
122  | 		7.70682e-12	2.6453e-11	7.70682e-12	2.77919e-24	35	3.01563e-14
123  | 		7.63885e-12	5.21348e-12	7.63885e-12	2.66968e-24	40	2.78604e-14
124  | 		4.65715e-12	7.28784e-12	4.65715e-12	1.14504e-24	26	2.18683e-14
125  | 		2.20325e-11	1.65356e-11	2.20325e-11	1.09766e-23	79	2.80025e-14
126  | 		0	0	0	0	0	0
127  | 		0	0	0	0	0	0
128  | 		0	0	0	0	0	0
129  | 		0	0	0	0	0	0
130  | 		0	0	0	0	0	0
131  | 		0	0	0	0	0	0
132  | 		0	0	0	0	0	0
133  | 		0	0	0	0	0	0
134  | 		0	0	0	0	0	0
135  | 		0	0	0	0	0	0
136  | 		0	0	0	0	0	0
137  | 		5.23861e-13	1.04751e-11	5.23861e-13	1.61804e-25	3	1.08265e-13
138  | 		1.4891e-11	7.44548e-11	1.4891e-11	1.25663e-23	38	6.91905e-14
139  | 		0	0	0	0	0	0
140  | 		7.09104e-15	3.54552e-11	7.09104e-15	2.01903e-30	56	1.90788e-17
141  | 		1.90849e-12	1.23687e-11	1.90849e-12	5.02245e-25	11	3.94421e-14
Total energy depositied over all organs = 7.58184e-10 J
Total absorbed dose over all organs = 1.52445e-09 Gy 
