
	-------------------------------- 
	OrganID	Edep (J)	Dose (Gy)
	-------------------------------- 
	11 |		4.37985e-13	2.78616e-11
	12 |		6.79068e-13	8.1776e-12
	19 |		3.0157e-12	1.11363e-11
	21 |		5.20527e-12	2.2961e-10
	26 |		1.01324e-12	1.8002e-12
	27 |		4.98926e-12	1.10612e-11
	28 |		2.15731e-12	8.24407e-12
	30 |		2.13867e-12	8.29583e-11
	31 |		3.82264e-13	1.29982e-12
	32 |		4.0489e-12	9.23205e-12
	34 |		2.49194e-12	4.68983e-12
	35 |		3.13255e-12	4.29481e-12
	37 |		7.6265e-13	3.27937e-12
	38 |		1.79804e-12	3.54098e-12
	43 |		1.68805e-12	4.62277e-12
	44 |		2.23349e-12	4.29468e-12
	49 |		7.34494e-13	2.56296e-12
	50 |		1.2498e-11	3.72697e-11
	51 |		8.06938e-13	4.33395e-12
	52 |		8.86197e-12	2.93375e-11
	61 |		9.13734e-12	6.30161e-12
	74 |		2.16637e-12	3.33288e-12
	75 |		1.48253e-12	4.23556e-12
	78 |		1.58958e-12	2.6493e-11
	79 |		7.19763e-12	7.57646e-11
	82 |		1.03032e-12	1.14493e-11
	83 |		4.47179e-13	1.27765e-11
	95 |		1.30174e-11	7.23187e-12
	103 |		3.37966e-13	3.23722e-12
	107 |		6.51754e-11	4.34305e-12
	108 |		2.10729e-12	7.6614e-13
	109 |		6.68963e-11	6.67296e-12
	116 |		1.81366e-12	1.72975e-12
	117 |		3.38289e-11	2.73474e-12
	118 |		1.15319e-12	7.01677e-13
	119 |		3.59204e-11	6.65628e-12
	122 |		1.67193e-12	5.73876e-12
	123 |		6.33205e-12	4.3216e-12
	124 |		9.82945e-13	1.53818e-12
	125 |		6.62872e-12	4.97491e-12
	131 |		6.60832e-12	2.64439e-10
	141 |		1.8867e-12	1.22275e-11
----------------------------------------------------------------------------
-------------------------------ORGAN INFO-----------------------------------
-----------------(of organs where edep/dose was recorded)-------------------
----------------------------------------------------------------------------
ID		Organ Name	    	    	    	Material ID		Density (g/cm^3) 
11    Blood vessels, arms                              28    1.060
12    Blood vessels, legs                              28    1.060
19    Ulnae and radii, cortical                         2    1.920
21    Ulnae and radii, medullary cavity                24    0.980
26    Cranium, cortical                                 2    1.920
27    Cranium, spongiosa                                8    1.157
28    Femora, upper half, cortical                      2    1.920
30    Femora, upper half, medullary cavity             22    0.980
31    Femora, lower half, cortical                      2    1.920
32    Femora, lower half, spongiosa                    10    1.108
34    Tibiae, fibulae and patellae, cortical            2    1.920
35    Tibiae, fibulae and patellae, spongiosa          11    1.108
37    Ankles and foot bones, cortical                   2    1.920
38    Ankles and foot bones, spongiosa                 12    1.108
43    Ribs, cortical                                    2    1.920
44    Ribs, spongiosa                                  15    1.165
49    Thoracic spine, cortical                          2    1.920
50    Thoracic spine, spongiosa                        18    1.074
51    Lumbar spine, cortical                            2    1.920
52    Lumbar spine, spongiosa                          19    1.112
61    Brain                                            32    1.050
74    Small intestine wall                             37    1.040
75    Small intestine contents                         51    1.040
78    Transverse colon wall, right                     38    1.040
79    Transverse colon contents, right                 51    1.040
82    Descending colon wall                            38    1.040
83    Descending colon contents                        51    1.040
95    Liver                                            30    1.050
103   Lymphatic nodes, trunk                           47    1.030
107   Muscle, trunk                                    29    1.050
108   Muscle, arms                                     29    1.050
109   Muscle, legs                                     29    1.050
116   Residual tissue, head                            49    0.950
117   Residual tissue, trunk                           49    0.950
118   Residual tissue, arms                            49    0.950
119   Residual tissue, legs                            49    0.950
122   Skin, head                                       27    1.090
123   Skin, trunk                                      27    1.090
124   Skin, arms                                       27    1.090
125   Skin, legs                                       27    1.090
131   Thymus                                           45    1.030
141    Phantom Top/Bottom Skin Layer

Total Edep over all organs = 3.26488e-10 J
Total dose absorbed over all organs = 9.57275e-10 Gy

----------------------------------------------------------------------------
----------------ORGAN ENERGY DEPOSITIONS AND ABSORBED DOSE------------------
-----------(for all organs [includes air - OrganIDs = 0, 140])--------------
--------------([and top/bottom skin layer - OrganIDs = 141])----------------
----------------------------------------------------------------------------
OrganID	Edep (J) 	Dose (Gy) 	S1_J	S2_J2	N	SE_run_J
-------------------------------
0  | 		1.35892e-12	0	1.35892e-12	1.44162e-27	6457	5.26515e-18
1  | 		0	0	0	0	0	0
2  | 		0	0	0	0	0	0
3  | 		0	0	0	0	0	0
4  | 		0	0	0	0	0	0
5  | 		0	0	0	0	0	0
6  | 		0	0	0	0	0	0
7  | 		0	0	0	0	0	0
8  | 		0	0	0	0	0	0
9  | 		0	0	0	0	0	0
10  | 		0	0	0	0	0	0
11  | 		4.37985e-13	2.78616e-11	4.37985e-13	1.07807e-25	2	7.71097e-14
12  | 		6.79068e-13	8.1776e-12	6.79068e-13	2.49104e-25	2	9.6273e-14
13  | 		0	0	0	0	0	0
14  | 		0	0	0	0	0	0
15  | 		0	0	0	0	0	0
16  | 		0	0	0	0	0	0
17  | 		0	0	0	0	0	0
18  | 		0	0	0	0	0	0
19  | 		3.0157e-12	1.11363e-11	3.0157e-12	1.87261e-24	7	1.16844e-13
20  | 		0	0	0	0	0	0
21  | 		5.20527e-12	2.2961e-10	5.20527e-12	9.47331e-24	4	4.74307e-13
22  | 		0	0	0	0	0	0
23  | 		0	0	0	0	0	0
24  | 		0	0	0	0	0	0
25  | 		0	0	0	0	0	0
26  | 		1.01324e-12	1.8002e-12	1.01324e-12	3.46871e-25	3	2.78436e-14
27  | 		4.98926e-12	1.10612e-11	4.98926e-12	1.99784e-24	17	4.42903e-14
28  | 		2.15731e-12	8.24407e-12	2.15731e-12	9.33115e-25	6	7.24457e-14
29  | 		0	0	0	0	0	0
30  | 		2.13867e-12	8.29583e-11	2.13867e-12	4.64617e-25	12	2.5145e-14
31  | 		3.82264e-13	1.29982e-12	3.82264e-13	1.46126e-25	1	0
32  | 		4.0489e-12	9.23205e-12	4.0489e-12	1.04162e-24	20	2.41669e-14
33  | 		0	0	0	0	0	0
34  | 		2.49194e-12	4.68983e-12	2.49194e-12	1.66764e-24	7	1.36323e-13
35  | 		3.13255e-12	4.29481e-12	3.13255e-12	7.46919e-25	18	2.56778e-14
36  | 		0	0	0	0	0	0
37  | 		7.6265e-13	3.27937e-12	7.6265e-13	2.74642e-25	3	1.1602e-13
38  | 		1.79804e-12	3.54098e-12	1.79804e-12	4.07297e-25	10	3.0551e-14
39  | 		0	0	0	0	0	0
40  | 		0	0	0	0	0	0
41  | 		0	0	0	0	0	0
42  | 		0	0	0	0	0	0
43  | 		1.68805e-12	4.62277e-12	1.68805e-12	1.0246e-24	4	1.61302e-13
44  | 		2.23349e-12	4.29468e-12	2.23349e-12	7.33532e-25	9	4.98966e-14
45  | 		0	0	0	0	0	0
46  | 		0	0	0	0	0	0
47  | 		0	0	0	0	0	0
48  | 		0	0	0	0	0	0
49  | 		7.34494e-13	2.56296e-12	7.34494e-13	4.93007e-25	2	3.34115e-13
50  | 		1.2498e-11	3.72697e-11	1.2498e-11	1.03643e-23	26	8.18688e-14
51  | 		8.06938e-13	4.33395e-12	8.06938e-13	6.51149e-25	1	0
52  | 		8.86197e-12	2.93375e-11	8.86197e-12	9.18734e-24	16	1.33525e-13
53  | 		0	0	0	0	0	0
54  | 		0	0	0	0	0	0
55  | 		0	0	0	0	0	0
56  | 		0	0	0	0	0	0
57  | 		0	0	0	0	0	0
58  | 		0	0	0	0	0	0
59  | 		0	0	0	0	0	0
60  | 		0	0	0	0	0	0
61  | 		9.13734e-12	6.30161e-12	9.13734e-12	7.87649e-24	13	9.65461e-14
62  | 		0	0	0	0	0	0
63  | 		0	0	0	0	0	0
64  | 		0	0	0	0	0	0
65  | 		0	0	0	0	0	0
66  | 		0	0	0	0	0	0
67  | 		0	0	0	0	0	0
68  | 		0	0	0	0	0	0
69  | 		0	0	0	0	0	0
70  | 		0	0	0	0	0	0
71  | 		0	0	0	0	0	0
72  | 		0	0	0	0	0	0
73  | 		0	0	0	0	0	0
74  | 		2.16637e-12	3.33288e-12	2.16637e-12	4.77234e-25	12	2.55451e-14
75  | 		1.48253e-12	4.23556e-12	1.48253e-12	3.4574e-25	8	3.56076e-14
76  | 		0	0	0	0	0	0
77  | 		0	0	0	0	0	0
78  | 		1.58958e-12	2.6493e-11	1.58958e-12	1.4466e-24	2	3.02669e-13
79  | 		7.19763e-12	7.57646e-11	7.19763e-12	1.26141e-23	5	3.35626e-13
80  | 		0	0	0	0	0	0
81  | 		0	0	0	0	0	0
82  | 		1.03032e-12	1.14493e-11	1.03032e-12	1.87162e-25	7	2.90771e-14
83  | 		4.47179e-13	1.27765e-11	4.47179e-13	1.04331e-25	2	4.66191e-14
84  | 		0	0	0	0	0	0
85  | 		0	0	0	0	0	0
86  | 		0	0	0	0	0	0
87  | 		0	0	0	0	0	0
88  | 		0	0	0	0	0	0
89  | 		0	0	0	0	0	0
90  | 		0	0	0	0	0	0
91  | 		0	0	0	0	0	0
92  | 		0	0	0	0	0	0
93  | 		0	0	0	0	0	0
94  | 		0	0	0	0	0	0
95  | 		1.30174e-11	7.23187e-12	1.30174e-11	4.23515e-24	58	1.99328e-14
96  | 		0	0	0	0	0	0
97  | 		0	0	0	0	0	0
98  | 		0	0	0	0	0	0
99  | 		0	0	0	0	0	0
100  | 		0	0	0	0	0	0
101  | 		0	0	0	0	0	0
102  | 		0	0	0	0	0	0
103  | 		3.37966e-13	3.23722e-12	3.37966e-13	7.80167e-26	2	1.0224e-13
104  | 		0	0	0	0	0	0
105  | 		0	0	0	0	0	0
106  | 		0	0	0	0	0	0
107  | 		6.51754e-11	4.34305e-12	6.51754e-11	4.83992e-23	194	2.66054e-14
108  | 		2.10729e-12	7.6614e-13	2.10729e-12	4.13686e-25	14	2.30259e-14
109  | 		6.68963e-11	6.67296e-12	6.68963e-11	3.87247e-23	262	1.77909e-14
110  | 		0	0	0	0	0	0
111  | 		0	0	0	0	0	0
112  | 		0	0	0	0	0	0
113  | 		0	0	0	0	0	0
114  | 		0	0	0	0	0	0
115  | 		0	0	0	0	0	0
116  | 		1.81366e-12	1.72975e-12	1.81366e-12	3.33532e-25	12	2.12167e-14
117  | 		3.38289e-11	2.73474e-12	3.38289e-11	2.13187e-23	114	2.95914e-14
118  | 		1.15319e-12	7.01677e-13	1.15319e-12	2.49386e-25	7	3.76099e-14
119  | 		3.59204e-11	6.65628e-12	3.59204e-11	1.74474e-23	143	2.03685e-14
120  | 		0	0	0	0	0	0
121  | 		0	0	0	0	0	0
122  | 		1.67193e-12	5.73876e-12	1.67193e-12	3.21995e-25	12	2.59733e-14
123  | 		6.33205e-12	4.3216e-12	6.33205e-12	2.73159e-24	26	4.27782e-14
124  | 		9.82945e-13	1.53818e-12	9.82945e-13	1.89689e-25	7	3.50724e-14
125  | 		6.62872e-12	4.97491e-12	6.62872e-12	1.94862e-24	30	2.35854e-14
126  | 		0	0	0	0	0	0
127  | 		0	0	0	0	0	0
128  | 		0	0	0	0	0	0
129  | 		0	0	0	0	0	0
130  | 		0	0	0	0	0	0
131  | 		6.60832e-12	2.64439e-10	6.60832e-12	8.53769e-24	7	2.33968e-13
132  | 		0	0	0	0	0	0
133  | 		0	0	0	0	0	0
134  | 		0	0	0	0	0	0
135  | 		0	0	0	0	0	0
136  | 		0	0	0	0	0	0
137  | 		0	0	0	0	0	0
138  | 		0	0	0	0	0	0
139  | 		0	0	0	0	0	0
140  | 		0	0	0	0	0	0
141  | 		1.8867e-12	1.22275e-11	1.8867e-12	5.88805e-25	7	4.37208e-14
Total energy depositied over all organs = 3.26488e-10 J
Total absorbed dose over all organs = 9.57275e-10 Gy 
