
	-------------------------------- 
	OrganID	Edep (J)	Dose (Gy)
	-------------------------------- 
	3 |		5.36169e-13	4.86101e-11
	8 |		6.93487e-14	1.04583e-12
	10 |		1.26219e-14	4.6416e-14
	12 |		3.58715e-15	4.31979e-14
	13 |		5.28402e-12	3.90657e-11
	19 |		5.28453e-13	1.95145e-12
	20 |		2.1631e-12	1.1891e-11
	22 |		1.44358e-12	8.03147e-12
	23 |		2.71693e-12	1.94636e-11
	24 |		1.67364e-12	3.5028e-11
	26 |		6.76839e-12	1.20252e-11
	27 |		1.18958e-11	2.6373e-11
	31 |		4.84239e-12	1.64657e-11
	34 |		4.93942e-12	9.29598e-12
	35 |		8.38242e-12	1.14925e-11
	41 |		1.38382e-14	3.47154e-14
	42 |		2.17599e-14	3.19444e-14
	43 |		4.6369e-12	1.26983e-11
	44 |		7.02483e-12	1.35077e-11
	45 |		5.55458e-13	2.51191e-12
	46 |		1.27903e-12	6.65434e-12
	49 |		4.61868e-12	1.61165e-11
	50 |		3.98476e-12	1.18827e-11
	53 |		9.69304e-13	8.87397e-12
	54 |		8.63366e-13	4.97589e-12
	57 |		4.27927e-13	2.68125e-11
	58 |		9.31465e-13	1.05049e-11
	61 |		1.9932e-11	1.37462e-11
	74 |		4.39475e-12	6.76115e-12
	75 |		6.3478e-13	1.81355e-12
	78 |		5.15e-13	8.58333e-12
	79 |		4.3757e-13	4.606e-12
	95 |		1.59343e-11	8.85232e-12
	96 |		2.61463e-13	3.30924e-12
	97 |		1.42959e-12	2.9924e-12
	106 |		3.23368e-12	2.65533e-12
	107 |		5.71137e-11	3.80585e-12
	108 |		9.38536e-12	3.4122e-12
	109 |		7.78379e-11	7.76441e-12
	113 |		1.56467e-11	1.11762e-10
	116 |		5.68117e-12	5.41832e-12
	117 |		8.36038e-11	6.75857e-12
	118 |		5.73104e-12	3.48716e-12
	119 |		3.93476e-11	7.29137e-12
	121 |		6.64805e-12	1.56462e-10
	122 |		1.34462e-12	4.61529e-12
	123 |		7.09454e-12	4.84199e-12
	124 |		2.20302e-12	3.44744e-12
	125 |		5.4859e-12	4.11722e-12
	126 |		1.8329e-13	5.0052e-12
	141 |		1.34854e-12	8.73974e-12
----------------------------------------------------------------------------
-------------------------------ORGAN INFO-----------------------------------
-----------------(of organs where edep/dose was recorded)-------------------
----------------------------------------------------------------------------
ID		Organ Name	    	    	    	Material ID		Density (g/cm^3) 
3     Anterior nasal passage (ET1)                     45    1.030
8     Bronchi                                          45    1.030
10    Blood vessels, trunk                             28    1.060
12    Blood vessels, legs                              28    1.060
13    Humeri, upper half, cortical                      2    1.920
19    Ulnae and radii, cortical                         2    1.920
20    Ulnae and radii, spongiosa                        5    1.108
22    Wrists and hand bones, cortical                   2    1.920
23    Wrists and hand bones, spongiosa                  6    1.108
24    Clavicles, cortical                               2    1.920
26    Cranium, cortical                                 2    1.920
27    Cranium, spongiosa                                8    1.157
31    Femora, lower half, cortical                      2    1.920
34    Tibiae, fibulae and patellae, cortical            2    1.920
35    Tibiae, fibulae and patellae, spongiosa          11    1.108
41    Pelvis, cortical                                  2    1.920
42    Pelvis, spongiosa                                14    1.123
43    Ribs, cortical                                    2    1.920
44    Ribs, spongiosa                                  15    1.165
45    Scapulae, cortical                                2    1.920
46    Scapulae, spongiosa                              16    1.183
49    Thoracic spine, cortical                          2    1.920
50    Thoracic spine, spongiosa                        18    1.074
53    Sacrum, cortical                                  2    1.920
54    Sacrum, spongiosa                                20    1.031
57    Cartilage, head                                  26    1.100
58    Cartilage, trunk                                 26    1.100
61    Brain                                            32    1.050
74    Small intestine wall                             37    1.040
75    Small intestine contents                         51    1.040
78    Transverse colon wall, right                     38    1.040
79    Transverse colon contents, right                 51    1.040
95    Liver                                            30    1.050
96    Lung, left, blood                                28    1.060
97    Lung, left, tissue                               50    0.382
106   Muscle, head                                     29    1.050
107   Muscle, trunk                                    29    1.050
108   Muscle, arms                                     29    1.050
109   Muscle, legs                                     29    1.050
113   Pancreas                                         31    1.050
116   Residual tissue, head                            49    0.950
117   Residual tissue, trunk                           49    0.950
118   Residual tissue, arms                            49    0.950
119   Residual tissue, legs                            49    0.950
121   Salivary glands, right                           45    1.030
122   Skin, head                                       27    1.090
123   Skin, trunk                                      27    1.090
124   Skin, arms                                       27    1.090
125   Skin, legs                                       27    1.090
126   Spinal cord                                      45    1.030
141    Phantom Top/Bottom Skin Layer

Total Edep over all organs = 4.42016e-10 J
Total dose absorbed over all organs = 7.45682e-10 Gy

----------------------------------------------------------------------------
----------------ORGAN ENERGY DEPOSITIONS AND ABSORBED DOSE------------------
-----------(for all organs [includes air - OrganIDs = 0, 140])--------------
--------------([and top/bottom skin layer - OrganIDs = 141])----------------
----------------------------------------------------------------------------
OrganID	Edep (J) 	Dose (Gy) 	S1_J	S2_J2	N	SE_run_J
-------------------------------
0  | 		1.03965e-12	0	1.03965e-12	4.99203e-28	6869	2.69187e-18
1  | 		0	0	0	0	0	0
2  | 		0	0	0	0	0	0
3  | 		5.36169e-13	4.86101e-11	5.36169e-13	8.76255e-26	5	3.88137e-14
4  | 		0	0	0	0	0	0
5  | 		0	0	0	0	0	0
6  | 		0	0	0	0	0	0
7  | 		0	0	0	0	0	0
8  | 		6.93487e-14	1.04583e-12	6.93487e-14	2.80048e-27	2	1.40688e-14
9  | 		0	0	0	0	0	0
10  | 		1.26219e-14	4.6416e-14	1.26219e-14	1.59312e-28	1	0
11  | 		0	0	0	0	0	0
12  | 		3.58715e-15	4.31979e-14	3.58715e-15	1.28677e-29	1	0
13  | 		5.28402e-12	3.90657e-11	5.28402e-12	1.41241e-23	2	2.86041e-13
14  | 		0	0	0	0	0	0
15  | 		0	0	0	0	0	0
16  | 		0	0	0	0	0	0
17  | 		0	0	0	0	0	0
18  | 		0	0	0	0	0	0
19  | 		5.28453e-13	1.95145e-12	5.28453e-13	1.37786e-25	4	7.52608e-14
20  | 		2.1631e-12	1.1891e-11	2.1631e-12	4.57106e-25	13	2.49593e-14
21  | 		0	0	0	0	0	0
22  | 		1.44358e-12	8.03147e-12	1.44358e-12	5.06647e-25	5	6.70315e-14
23  | 		2.71693e-12	1.94636e-11	2.71693e-12	6.4132e-25	15	2.66554e-14
24  | 		1.67364e-12	3.5028e-11	1.67364e-12	2.80107e-24	1	0
25  | 		0	0	0	0	0	0
26  | 		6.76839e-12	1.20252e-11	6.76839e-12	2.40084e-24	24	2.98561e-14
27  | 		1.18958e-11	2.6373e-11	1.18958e-11	4.18526e-24	52	2.34947e-14
28  | 		0	0	0	0	0	0
29  | 		0	0	0	0	0	0
30  | 		0	0	0	0	0	0
31  | 		4.84239e-12	1.64657e-11	4.84239e-12	6.08577e-24	4	1.36497e-13
32  | 		0	0	0	0	0	0
33  | 		0	0	0	0	0	0
34  | 		4.93942e-12	9.29598e-12	4.93942e-12	7.02953e-24	6	3.14283e-13
35  | 		8.38242e-12	1.14925e-11	8.38242e-12	1.64512e-23	8	3.7004e-13
36  | 		0	0	0	0	0	0
37  | 		0	0	0	0	0	0
38  | 		0	0	0	0	0	0
39  | 		0	0	0	0	0	0
40  | 		0	0	0	0	0	0
41  | 		1.38382e-14	3.47154e-14	1.38382e-14	1.91497e-28	1	0
42  | 		2.17599e-14	3.19444e-14	2.17599e-14	2.30608e-28	3	3.48274e-15
43  | 		4.6369e-12	1.26983e-11	4.6369e-12	6.75397e-24	5	3.50272e-13
44  | 		7.02483e-12	1.35077e-11	7.02483e-12	1.11847e-23	14	2.05151e-13
45  | 		5.55458e-13	2.51191e-12	5.55458e-13	3.08534e-25	1	0
46  | 		1.27903e-12	6.65434e-12	1.27903e-12	8.20418e-25	2	3.5059e-14
47  | 		0	0	0	0	0	0
48  | 		0	0	0	0	0	0
49  | 		4.61868e-12	1.61165e-11	4.61868e-12	2.22736e-24	15	6.19221e-14
50  | 		3.98476e-12	1.18827e-11	3.98476e-12	1.2518e-24	16	3.28762e-14
51  | 		0	0	0	0	0	0
52  | 		0	0	0	0	0	0
53  | 		9.69304e-13	8.87397e-12	9.69304e-13	4.76381e-25	2	5.74724e-14
54  | 		8.63366e-13	4.97589e-12	8.63366e-13	2.48006e-25	4	7.16797e-14
55  | 		0	0	0	0	0	0
56  | 		0	0	0	0	0	0
57  | 		4.27927e-13	2.68125e-11	4.27927e-13	7.20222e-26	3	4.27818e-14
58  | 		9.31465e-13	1.05049e-11	9.31465e-13	4.33992e-25	2	9.44258e-15
59  | 		0	0	0	0	0	0
60  | 		0	0	0	0	0	0
61  | 		1.9932e-11	1.37462e-11	1.9932e-11	9.66847e-24	80	2.72773e-14
62  | 		0	0	0	0	0	0
63  | 		0	0	0	0	0	0
64  | 		0	0	0	0	0	0
65  | 		0	0	0	0	0	0
66  | 		0	0	0	0	0	0
67  | 		0	0	0	0	0	0
68  | 		0	0	0	0	0	0
69  | 		0	0	0	0	0	0
70  | 		0	0	0	0	0	0
71  | 		0	0	0	0	0	0
72  | 		0	0	0	0	0	0
73  | 		0	0	0	0	0	0
74  | 		4.39475e-12	6.76115e-12	4.39475e-12	3.25111e-24	11	1.16592e-13
75  | 		6.3478e-13	1.81355e-12	6.3478e-13	1.34945e-25	3	1.02423e-14
76  | 		0	0	0	0	0	0
77  | 		0	0	0	0	0	0
78  | 		5.15e-13	8.58333e-12	5.15e-13	9.82912e-26	3	4.05851e-14
79  | 		4.3757e-13	4.606e-12	4.3757e-13	9.62532e-26	2	1.61167e-14
80  | 		0	0	0	0	0	0
81  | 		0	0	0	0	0	0
82  | 		0	0	0	0	0	0
83  | 		0	0	0	0	0	0
84  | 		0	0	0	0	0	0
85  | 		0	0	0	0	0	0
86  | 		0	0	0	0	0	0
87  | 		0	0	0	0	0	0
88  | 		0	0	0	0	0	0
89  | 		0	0	0	0	0	0
90  | 		0	0	0	0	0	0
91  | 		0	0	0	0	0	0
92  | 		0	0	0	0	0	0
93  | 		0	0	0	0	0	0
94  | 		0	0	0	0	0	0
95  | 		1.59343e-11	8.85232e-12	1.59343e-11	1.04103e-23	44	4.95212e-14
96  | 		2.61463e-13	3.30924e-12	2.61463e-13	6.83629e-26	1	0
97  | 		1.42959e-12	2.9924e-12	1.42959e-12	1.14596e-25	23	7.13204e-15
98  | 		0	0	0	0	0	0
99  | 		0	0	0	0	0	0
100  | 		0	0	0	0	0	0
101  | 		0	0	0	0	0	0
102  | 		0	0	0	0	0	0
103  | 		0	0	0	0	0	0
104  | 		0	0	0	0	0	0
105  | 		0	0	0	0	0	0
106  | 		3.23368e-12	2.65533e-12	3.23368e-12	9.40695e-25	16	3.45898e-14
107  | 		5.71137e-11	3.80585e-12	5.71137e-11	4.51311e-23	205	2.64327e-14
108  | 		9.38536e-12	3.4122e-12	9.38536e-12	2.55012e-24	47	1.76822e-14
109  | 		7.78379e-11	7.76441e-12	7.78379e-11	4.04436e-23	354	1.36633e-14
110  | 		0	0	0	0	0	0
111  | 		0	0	0	0	0	0
112  | 		0	0	0	0	0	0
113  | 		1.56467e-11	1.11762e-10	1.56467e-11	9.54788e-24	37	4.69104e-14
114  | 		0	0	0	0	0	0
115  | 		0	0	0	0	0	0
116  | 		5.68117e-12	5.41832e-12	5.68117e-12	1.27275e-24	36	1.72793e-14
117  | 		8.36038e-11	6.75857e-12	8.36038e-11	6.79829e-23	275	2.37679e-14
118  | 		5.73104e-12	3.48716e-12	5.73104e-12	1.61854e-24	27	2.39322e-14
119  | 		3.93476e-11	7.29137e-12	3.93476e-11	1.45177e-23	192	1.32661e-14
120  | 		0	0	0	0	0	0
121  | 		6.64805e-12	1.56462e-10	6.64805e-12	8.06879e-24	7	2.04415e-13
122  | 		1.34462e-12	4.61529e-12	1.34462e-12	3.45267e-25	8	4.61495e-14
123  | 		7.09454e-12	4.84199e-12	7.09454e-12	2.04582e-24	37	2.26853e-14
124  | 		2.20302e-12	3.44744e-12	2.20302e-12	7.2493e-25	9	5.07822e-14
125  | 		5.4859e-12	4.11722e-12	5.4859e-12	1.74595e-24	27	2.99885e-14
126  | 		1.8329e-13	5.0052e-12	1.8329e-13	3.35953e-26	1	0
127  | 		0	0	0	0	0	0
128  | 		0	0	0	0	0	0
129  | 		0	0	0	0	0	0
130  | 		0	0	0	0	0	0
131  | 		0	0	0	0	0	0
132  | 		0	0	0	0	0	0
133  | 		0	0	0	0	0	0
134  | 		0	0	0	0	0	0
135  | 		0	0	0	0	0	0
136  | 		0	0	0	0	0	0
137  | 		0	0	0	0	0	0
138  | 		0	0	0	0	0	0
139  | 		0	0	0	0	0	0
140  | 		1.70191e-15	8.50953e-12	1.70191e-15	2.56466e-31	20	1.71404e-17
141  | 		1.34854e-12	8.73974e-12	1.34854e-12	5.39512e-25	5	9.37546e-14
Total energy depositied over all organs = 4.42016e-10 J
Total absorbed dose over all organs = 7.45682e-10 Gy 
