
	-------------------------------- 
	OrganID	Edep (J)	Dose (Gy)
	-------------------------------- 
	5 |		2.12998e-12	6.93129e-11
	6 |		2.00196e-13	3.92541e-11
	8 |		6.23673e-13	9.40541e-12
	10 |		4.76888e-12	1.75372e-11
	11 |		1.7692e-14	1.12544e-12
	19 |		3.77987e-12	1.39582e-11
	20 |		3.76268e-12	2.06843e-11
	26 |		5.08316e-12	9.03112e-12
	27 |		2.48092e-12	5.50019e-12
	31 |		2.7057e-12	9.20025e-12
	32 |		2.00813e-16	4.5788e-16
	33 |		1.49185e-12	1.84429e-11
	34 |		3.10077e-12	5.83564e-12
	35 |		1.00658e-11	1.38005e-11
	37 |		2.15401e-12	9.26215e-12
	38 |		6.08397e-12	1.19815e-11
	39 |		1.09964e-12	1.44462e-11
	40 |		8.54242e-13	1.15594e-11
	43 |		2.10995e-12	5.77814e-12
	44 |		6.195e-13	1.19121e-12
	45 |		5.98537e-13	2.70672e-12
	46 |		1.35292e-13	7.03874e-13
	47 |		1.86461e-12	1.81171e-11
	48 |		1.59412e-12	2.16739e-11
	49 |		8.66583e-12	3.02388e-11
	50 |		6.78506e-12	2.02334e-11
	52 |		8.85239e-12	2.93058e-11
	58 |		7.1883e-13	8.1068e-12
	60 |		8.62111e-13	2.48233e-11
	61 |		6.44044e-15	4.44168e-15
	69 |		1.97155e-12	2.6897e-10
	72 |		4.43198e-12	2.95485e-11
	87 |		2.39708e-12	7.26431e-12
	88 |		8.18792e-12	1.60544e-11
	95 |		2.68901e-11	1.49388e-11
	97 |		3.13165e-12	6.55514e-12
	99 |		1.59764e-12	2.75417e-12
	106 |		1.51555e-11	1.24449e-11
	107 |		4.58934e-11	3.05817e-12
	108 |		2.08476e-11	7.5795e-12
	109 |		5.82261e-11	5.80811e-12
	110 |		4.93094e-13	1.23243e-11
	116 |		1.33904e-11	1.27709e-11
	117 |		6.82625e-11	5.51838e-12
	118 |		4.33009e-12	2.63473e-12
	119 |		2.04808e-11	3.79522e-12
	120 |		1.7301e-12	4.07179e-11
	122 |		2.98362e-12	1.0241e-11
	123 |		4.5848e-12	3.12911e-12
	124 |		2.03018e-12	3.17696e-12
	125 |		8.05515e-12	6.04545e-12
	126 |		1.57499e-12	4.3009e-11
	128 |		5.08094e-12	1.01538e-10
	133 |		5.65417e-13	1.33732e-11
----------------------------------------------------------------------------
-------------------------------ORGAN INFO-----------------------------------
-----------------(of organs where edep/dose was recorded)-------------------
----------------------------------------------------------------------------
ID		Organ Name	    	    	    	Material ID		Density (g/cm^3) 
5     Oral mucosa, tongue                              29    1.050
6     Oral mucosa, lips and cheeks                     29    1.050
8     Bronchi                                          45    1.030
10    Blood vessels, trunk                             28    1.060
11    Blood vessels, arms                              28    1.060
19    Ulnae and radii, cortical                         2    1.920
20    Ulnae and radii, spongiosa                        5    1.108
26    Cranium, cortical                                 2    1.920
27    Cranium, spongiosa                                8    1.157
31    Femora, lower half, cortical                      2    1.920
32    Femora, lower half, spongiosa                    10    1.108
33    Femora, lower half, medullary cavity             23    0.980
34    Tibiae, fibulae and patellae, cortical            2    1.920
35    Tibiae, fibulae and patellae, spongiosa          11    1.108
37    Ankles and foot bones, cortical                   2    1.920
38    Ankles and foot bones, spongiosa                 12    1.108
39    Mandible, cortical                                2    1.920
40    Mandible, spongiosa                              13    1.228
43    Ribs, cortical                                    2    1.920
44    Ribs, spongiosa                                  15    1.165
45    Scapulae, cortical                                2    1.920
46    Scapulae, spongiosa                              16    1.183
47    Cervical spine, cortical                          2    1.920
48    Cervical spine, spongiosa                        17    1.050
49    Thoracic spine, cortical                          2    1.920
50    Thoracic spine, spongiosa                        18    1.074
52    Lumbar spine, spongiosa                          19    1.112
58    Cartilage, trunk                                 26    1.100
60    Cartilage, legs                                  26    1.100
61    Brain                                            32    1.050
69    Eye bulb, right                                  34    1.050
72    Stomach wall                                     36    1.040
87    Heart wall                                       33    1.050
88    Heart contents (blood)                           28    1.060
95    Liver                                            30    1.050
97    Lung, left, tissue                               50    0.382
99    Lung, right, tissue                              50    0.382
106   Muscle, head                                     29    1.050
107   Muscle, trunk                                    29    1.050
108   Muscle, arms                                     29    1.050
109   Muscle, legs                                     29    1.050
110   Oesophagus                                       44    1.030
116   Residual tissue, head                            49    0.950
117   Residual tissue, trunk                           49    0.950
118   Residual tissue, arms                            49    0.950
119   Residual tissue, legs                            49    0.950
120   Salivary glands, left                            45    1.030
122   Skin, head                                       27    1.090
123   Skin, trunk                                      27    1.090
124   Skin, arms                                       27    1.090
125   Skin, legs                                       27    1.090
126   Spinal cord                                      45    1.030
128   Teeth                                             1    2.750
133   Tongue (inner part)                              29    1.050

Total Edep over all organs = 4.05509e-10 J
Total dose absorbed over all organs = 1.07647e-09 Gy

----------------------------------------------------------------------------
----------------ORGAN ENERGY DEPOSITIONS AND ABSORBED DOSE------------------
-----------(for all organs [includes air - OrganIDs = 0, 140])--------------
--------------([and top/bottom skin layer - OrganIDs = 141])----------------
----------------------------------------------------------------------------
OrganID	Edep (J) 	Dose (Gy) 	S1_J	S2_J2	N	SE_run_J
-------------------------------
0  | 		1.03884e-12	0	1.03884e-12	5.51927e-28	6772	2.92598e-18
1  | 		0	0	0	0	0	0
2  | 		0	0	0	0	0	0
3  | 		0	0	0	0	0	0
4  | 		0	0	0	0	0	0
5  | 		2.12998e-12	6.93129e-11	2.12998e-12	5.4015e-25	13	3.50058e-14
6  | 		2.00196e-13	3.92541e-11	2.00196e-13	4.00785e-26	1	0
7  | 		0	0	0	0	0	0
8  | 		6.23673e-13	9.40541e-12	6.23673e-13	1.11168e-25	4	3.40667e-14
9  | 		0	0	0	0	0	0
10  | 		4.76888e-12	1.75372e-11	4.76888e-12	2.45337e-24	12	6.50279e-14
11  | 		1.7692e-14	1.12544e-12	1.7692e-14	3.13006e-28	1	0
12  | 		0	0	0	0	0	0
13  | 		0	0	0	0	0	0
14  | 		0	0	0	0	0	0
15  | 		0	0	0	0	0	0
16  | 		0	0	0	0	0	0
17  | 		0	0	0	0	0	0
18  | 		0	0	0	0	0	0
19  | 		3.77987e-12	1.39582e-11	3.77987e-12	1.63488e-24	13	5.86081e-14
20  | 		3.76268e-12	2.06843e-11	3.76268e-12	8.86143e-25	21	2.2465e-14
21  | 		0	0	0	0	0	0
22  | 		0	0	0	0	0	0
23  | 		0	0	0	0	0	0
24  | 		0	0	0	0	0	0
25  | 		0	0	0	0	0	0
26  | 		5.08316e-12	9.03112e-12	5.08316e-12	1.76935e-24	19	3.46e-14
27  | 		2.48092e-12	5.50019e-12	2.48092e-12	5.98956e-25	13	2.83633e-14
28  | 		0	0	0	0	0	0
29  | 		0	0	0	0	0	0
30  | 		0	0	0	0	0	0
31  | 		2.7057e-12	9.20025e-12	2.7057e-12	1.89835e-24	9	1.22754e-13
32  | 		2.00813e-16	4.5788e-16	2.00813e-16	4.03257e-32	1	0
33  | 		1.49185e-12	1.84429e-11	1.49185e-12	3.25659e-25	9	3.29917e-14
34  | 		3.10077e-12	5.83564e-12	3.10077e-12	2.17441e-24	5	1.12128e-13
35  | 		1.00658e-11	1.38005e-11	1.00658e-11	8.67748e-24	22	9.3882e-14
36  | 		0	0	0	0	0	0
37  | 		2.15401e-12	9.26215e-12	2.15401e-12	5.91464e-25	13	3.87762e-14
38  | 		6.08397e-12	1.19815e-11	6.08397e-12	1.19301e-24	41	1.33026e-14
39  | 		1.09964e-12	1.44462e-11	1.09964e-12	4.77593e-25	4	1.20861e-13
40  | 		8.54242e-13	1.15594e-11	8.54242e-13	3.68656e-25	2	4.35343e-14
41  | 		0	0	0	0	0	0
42  | 		0	0	0	0	0	0
43  | 		2.10995e-12	5.77814e-12	2.10995e-12	9.46185e-25	7	8.59406e-14
44  | 		6.195e-13	1.19121e-12	6.195e-13	1.19092e-25	6	4.28676e-14
45  | 		5.98537e-13	2.70672e-12	5.98537e-13	1.88431e-25	2	6.82189e-14
46  | 		1.35292e-13	7.03874e-13	1.35292e-13	1.83038e-26	1	0
47  | 		1.86461e-12	1.81171e-11	1.86461e-12	6.87836e-25	6	6.01039e-14
48  | 		1.59412e-12	2.16739e-11	1.59412e-12	3.70945e-25	7	1.37278e-14
49  | 		8.66583e-12	3.02388e-11	8.66583e-12	5.27005e-24	20	6.31459e-14
50  | 		6.78506e-12	2.02334e-11	6.78506e-12	2.68744e-24	24	3.73301e-14
51  | 		0	0	0	0	0	0
52  | 		8.85239e-12	2.93058e-11	8.85239e-12	9.99919e-24	12	1.62107e-13
53  | 		0	0	0	0	0	0
54  | 		0	0	0	0	0	0
55  | 		0	0	0	0	0	0
56  | 		0	0	0	0	0	0
57  | 		0	0	0	0	0	0
58  | 		7.1883e-13	8.1068e-12	7.1883e-13	2.73177e-25	4	1.09544e-13
59  | 		0	0	0	0	0	0
60  | 		8.62111e-13	2.48233e-11	8.62111e-13	1.74704e-25	5	3.60946e-14
61  | 		6.44044e-15	4.44168e-15	6.44044e-15	2.23534e-29	2	8.98262e-16
62  | 		0	0	0	0	0	0
63  | 		0	0	0	0	0	0
64  | 		0	0	0	0	0	0
65  | 		0	0	0	0	0	0
66  | 		0	0	0	0	0	0
67  | 		0	0	0	0	0	0
68  | 		0	0	0	0	0	0
69  | 		1.97155e-12	2.6897e-10	1.97155e-12	3.64909e-25	13	2.05546e-14
70  | 		0	0	0	0	0	0
71  | 		0	0	0	0	0	0
72  | 		4.43198e-12	2.95485e-11	4.43198e-12	4.63038e-24	6	2.12652e-13
73  | 		0	0	0	0	0	0
74  | 		0	0	0	0	0	0
75  | 		0	0	0	0	0	0
76  | 		0	0	0	0	0	0
77  | 		0	0	0	0	0	0
78  | 		0	0	0	0	0	0
79  | 		0	0	0	0	0	0
80  | 		0	0	0	0	0	0
81  | 		0	0	0	0	0	0
82  | 		0	0	0	0	0	0
83  | 		0	0	0	0	0	0
84  | 		0	0	0	0	0	0
85  | 		0	0	0	0	0	0
86  | 		0	0	0	0	0	0
87  | 		2.39708e-12	7.26431e-12	2.39708e-12	7.94354e-25	10	4.94139e-14
88  | 		8.18792e-12	1.60544e-11	8.18792e-12	2.18588e-24	44	1.87083e-14
89  | 		0	0	0	0	0	0
90  | 		0	0	0	0	0	0
91  | 		0	0	0	0	0	0
92  | 		0	0	0	0	0	0
93  | 		0	0	0	0	0	0
94  | 		0	0	0	0	0	0
95  | 		2.68901e-11	1.49388e-11	2.68901e-11	1.17478e-23	131	1.91237e-14
96  | 		0	0	0	0	0	0
97  | 		3.13165e-12	6.55514e-12	3.13165e-12	2.33565e-25	52	4.1176e-15
98  | 		0	0	0	0	0	0
99  | 		1.59764e-12	2.75417e-12	1.59764e-12	2.42823e-25	27	1.4534e-14
100  | 		0	0	0	0	0	0
101  | 		0	0	0	0	0	0
102  | 		0	0	0	0	0	0
103  | 		0	0	0	0	0	0
104  | 		0	0	0	0	0	0
105  | 		0	0	0	0	0	0
106  | 		1.51555e-11	1.24449e-11	1.51555e-11	3.7291e-24	78	1.1428e-14
107  | 		4.58934e-11	3.05817e-12	4.58934e-11	2.82726e-23	190	2.18774e-14
108  | 		2.08476e-11	7.5795e-12	2.08476e-11	1.36785e-23	88	3.37866e-14
109  | 		5.82261e-11	5.80811e-12	5.82261e-11	5.15768e-23	213	2.81017e-14
110  | 		4.93094e-13	1.23243e-11	4.93094e-13	2.43142e-25	1	0
111  | 		0	0	0	0	0	0
112  | 		0	0	0	0	0	0
113  | 		0	0	0	0	0	0
114  | 		0	0	0	0	0	0
115  | 		0	0	0	0	0	0
116  | 		1.33904e-11	1.27709e-11	1.33904e-11	3.32799e-24	76	1.30367e-14
117  | 		6.82625e-11	5.51838e-12	6.82625e-11	3.03068e-23	288	1.30734e-14
118  | 		4.33009e-12	2.63473e-12	4.33009e-12	8.55185e-25	33	1.64861e-14
119  | 		2.04808e-11	3.79522e-12	2.04808e-11	5.64315e-24	127	1.20934e-14
120  | 		1.7301e-12	4.07179e-11	1.7301e-12	5.53751e-25	7	5.48034e-14
121  | 		0	0	0	0	0	0
122  | 		2.98362e-12	1.0241e-11	2.98362e-12	9.35427e-25	14	4.05707e-14
123  | 		4.5848e-12	3.12911e-12	4.5848e-12	1.3833e-24	25	3.00691e-14
124  | 		2.03018e-12	3.17696e-12	2.03018e-12	4.60323e-25	13	3.03057e-14
125  | 		8.05515e-12	6.04545e-12	8.05515e-12	2.93034e-24	41	2.86673e-14
126  | 		1.57499e-12	4.3009e-11	1.57499e-12	4.16638e-25	7	3.85043e-14
127  | 		0	0	0	0	0	0
128  | 		5.08094e-12	1.01538e-10	5.08094e-12	2.24539e-24	12	2.66942e-14
129  | 		0	0	0	0	0	0
130  | 		0	0	0	0	0	0
131  | 		0	0	0	0	0	0
132  | 		0	0	0	0	0	0
133  | 		5.65417e-13	1.33732e-11	5.65417e-13	1.2641e-25	3	5.75109e-14
134  | 		0	0	0	0	0	0
135  | 		0	0	0	0	0	0
136  | 		0	0	0	0	0	0
137  | 		0	0	0	0	0	0
138  | 		0	0	0	0	0	0
139  | 		0	0	0	0	0	0
140  | 		1.32543e-15	6.62713e-12	1.32543e-15	2.41101e-31	11	2.72023e-17
141  | 		0	0	0	0	0	0
Total energy depositied over all organs = 4.05509e-10 J
Total absorbed dose over all organs = 1.07647e-09 Gy 
