
	-------------------------------- 
	OrganID	Edep (J)	Dose (Gy)
	-------------------------------- 
	8 |		1.8479e-13	2.78677e-12
	10 |		5.15538e-13	1.89585e-12
	12 |		1.6207e-12	1.95171e-11
	17 |		2.22162e-14	3.71944e-13
	18 |		2.49813e-16	6.72806e-15
	22 |		3.84267e-13	2.1379e-12
	23 |		8.00061e-13	5.73151e-12
	28 |		1.28789e-12	4.92163e-12
	29 |		1.79986e-11	3.81285e-11
	31 |		2.00614e-12	6.8215e-12
	32 |		1.16539e-12	2.65726e-12
	33 |		1.51822e-12	1.87689e-11
	34 |		4.92752e-12	9.27358e-12
	35 |		2.27697e-12	3.12179e-12
	36 |		1.58619e-12	2.01626e-11
	37 |		1.25666e-12	5.40358e-12
	38 |		2.20048e-12	4.33353e-12
	41 |		1.39032e-12	3.48784e-12
	42 |		3.32807e-12	4.88575e-12
	43 |		2.83688e-12	7.76886e-12
	44 |		5.3268e-12	1.02427e-11
	47 |		1.34753e-13	1.30929e-12
	49 |		2.98215e-12	1.0406e-11
	50 |		2.73301e-12	8.14998e-12
	53 |		1.92567e-14	1.76295e-13
	60 |		5.71474e-13	1.64548e-11
	70 |		6.60339e-13	4.74381e-11
	71 |		1.91918e-12	3.54879e-11
	73 |		1.51289e-15	6.0513e-15
	74 |		7.02635e-12	1.08098e-11
	75 |		7.47287e-12	2.13498e-11
	89 |		2.49162e-15	2.326e-14
	92 |		4.92756e-12	4.48286e-11
	95 |		6.77395e-12	3.76329e-12
	97 |		3.31949e-12	6.94833e-12
	98 |		6.05222e-14	8.45991e-13
	99 |		6.37706e-12	1.09934e-11
	106 |		6.59429e-12	5.41488e-12
	107 |		8.8276e-11	5.88239e-12
	108 |		7.40125e-12	2.69085e-12
	109 |		3.1315e-11	3.1237e-12
	116 |		5.27978e-13	5.03551e-13
	117 |		8.5787e-11	6.93506e-12
	118 |		4.92358e-12	2.99584e-12
	119 |		3.12506e-11	5.79093e-12
	122 |		2.0625e-13	7.07936e-13
	123 |		1.08808e-11	7.42612e-12
	124 |		2.44215e-12	3.82165e-12
	125 |		1.53473e-11	1.15183e-11
	127 |		9.49553e-12	6.33077e-11
	141 |		4.21966e-13	2.73471e-12
----------------------------------------------------------------------------
-------------------------------ORGAN INFO-----------------------------------
-----------------(of organs where edep/dose was recorded)-------------------
----------------------------------------------------------------------------
ID		Organ Name	    	    	    	Material ID		Density (g/cm^3) 
8     Bronchi                                          45    1.030
10    Blood vessels, trunk                             28    1.060
12    Blood vessels, legs                              28    1.060
17    Humeri, lower half, spongiosa                     4    1.108
18    Humeri, lower half, medullary cavity             23    0.980
22    Wrists and hand bones, cortical                   2    1.920
23    Wrists and hand bones, spongiosa                  6    1.108
28    Femora, upper half, cortical                      2    1.920
29    Femora, upper half, spongiosa                     9    1.124
31    Femora, lower half, cortical                      2    1.920
32    Femora, lower half, spongiosa                    10    1.108
33    Femora, lower half, medullary cavity             23    0.980
34    Tibiae, fibulae and patellae, cortical            2    1.920
35    Tibiae, fibulae and patellae, spongiosa          11    1.108
36    Tibiae, fibulae and patellae, medullary cavity   25    0.980
37    Ankles and foot bones, cortical                   2    1.920
38    Ankles and foot bones, spongiosa                 12    1.108
41    Pelvis, cortical                                  2    1.920
42    Pelvis, spongiosa                                14    1.123
43    Ribs, cortical                                    2    1.920
44    Ribs, spongiosa                                  15    1.165
47    Cervical spine, cortical                          2    1.920
49    Thoracic spine, cortical                          2    1.920
50    Thoracic spine, spongiosa                        18    1.074
53    Sacrum, cortical                                  2    1.920
60    Cartilage, legs                                  26    1.100
70    Gall bladder wall                                45    1.030
71    Gall bladder contents                            45    1.030
73    Stomach contents                                 51    1.040
74    Small intestine wall                             37    1.040
75    Small intestine contents                         51    1.040
89    Kidney, left, cortex                             35    1.050
92    Kidney, right, cortex                            35    1.050
95    Liver                                            30    1.050
97    Lung, left, tissue                               50    0.382
98    Lung, right, blood                               28    1.060
99    Lung, right, tissue                              50    0.382
106   Muscle, head                                     29    1.050
107   Muscle, trunk                                    29    1.050
108   Muscle, arms                                     29    1.050
109   Muscle, legs                                     29    1.050
116   Residual tissue, head                            49    0.950
117   Residual tissue, trunk                           49    0.950
118   Residual tissue, arms                            49    0.950
119   Residual tissue, legs                            49    0.950
122   Skin, head                                       27    1.090
123   Skin, trunk                                      27    1.090
124   Skin, arms                                       27    1.090
125   Skin, legs                                       27    1.090
127   Spleen                                           39    1.040
141    Phantom Top/Bottom Skin Layer

Total Edep over all organs = 3.92486e-10 J
Total dose absorbed over all organs = 5.1427e-10 Gy

----------------------------------------------------------------------------
----------------ORGAN ENERGY DEPOSITIONS AND ABSORBED DOSE------------------
-----------(for all organs [includes air - OrganIDs = 0, 140])--------------
--------------([and top/bottom skin layer - OrganIDs = 141])----------------
----------------------------------------------------------------------------
OrganID	Edep (J) 	Dose (Gy) 	S1_J	S2_J2	N	SE_run_J
-------------------------------
0  | 		1.51279e-12	0	1.51279e-12	1.52152e-27	10222	3.52421e-18
1  | 		0	0	0	0	0	0
2  | 		0	0	0	0	0	0
3  | 		0	0	0	0	0	0
4  | 		0	0	0	0	0	0
5  | 		0	0	0	0	0	0
6  | 		0	0	0	0	0	0
7  | 		0	0	0	0	0	0
8  | 		1.8479e-13	2.78677e-12	1.8479e-13	2.43541e-26	2	6.03338e-14
9  | 		0	0	0	0	0	0
10  | 		5.15538e-13	1.89585e-12	5.15538e-13	8.22722e-26	4	3.63173e-14
11  | 		0	0	0	0	0	0
12  | 		1.6207e-12	1.95171e-11	1.6207e-12	2.26497e-25	15	1.56427e-14
13  | 		0	0	0	0	0	0
14  | 		0	0	0	0	0	0
15  | 		0	0	0	0	0	0
16  | 		0	0	0	0	0	0
17  | 		2.22162e-14	3.71944e-13	2.22162e-14	2.40454e-28	3	3.55747e-15
18  | 		2.49813e-16	6.72806e-15	2.49813e-16	6.24065e-32	1	0
19  | 		0	0	0	0	0	0
20  | 		0	0	0	0	0	0
21  | 		0	0	0	0	0	0
22  | 		3.84267e-13	2.1379e-12	3.84267e-13	8.22155e-26	3	7.41566e-14
23  | 		8.00061e-13	5.73151e-12	8.00061e-13	1.15685e-25	7	2.40248e-14
24  | 		0	0	0	0	0	0
25  | 		0	0	0	0	0	0
26  | 		0	0	0	0	0	0
27  | 		0	0	0	0	0	0
28  | 		1.28789e-12	4.92163e-12	1.28789e-12	1.60747e-24	3	4.19243e-13
29  | 		1.79986e-11	3.81285e-11	1.79986e-11	1.17747e-23	74	3.70042e-14
30  | 		0	0	0	0	0	0
31  | 		2.00614e-12	6.8215e-12	2.00614e-12	6.49431e-25	8	5.11227e-14
32  | 		1.16539e-12	2.65726e-12	1.16539e-12	1.9786e-25	11	2.60057e-14
33  | 		1.51822e-12	1.87689e-11	1.51822e-12	3.05635e-25	10	2.88937e-14
34  | 		4.92752e-12	9.27358e-12	4.92752e-12	1.13962e-24	28	1.89842e-14
35  | 		2.27697e-12	3.12179e-12	2.27697e-12	3.64512e-25	19	1.63691e-14
36  | 		1.58619e-12	2.01626e-11	1.58619e-12	2.33866e-25	13	1.60783e-14
37  | 		1.25666e-12	5.40358e-12	1.25666e-12	3.69076e-25	6	5.94076e-14
38  | 		2.20048e-12	4.33353e-12	2.20048e-12	4.03097e-25	16	2.04599e-14
39  | 		0	0	0	0	0	0
40  | 		0	0	0	0	0	0
41  | 		1.39032e-12	3.48784e-12	1.39032e-12	7.58788e-25	4	1.51531e-13
42  | 		3.32807e-12	4.88575e-12	3.32807e-12	1.50177e-24	19	5.18324e-14
43  | 		2.83688e-12	7.76886e-12	2.83688e-12	3.4787e-24	3	3.64251e-13
44  | 		5.3268e-12	1.02427e-11	5.3268e-12	5.29344e-24	19	1.0541e-13
45  | 		0	0	0	0	0	0
46  | 		0	0	0	0	0	0
47  | 		1.34753e-13	1.30929e-12	1.34753e-13	1.81583e-26	1	0
48  | 		0	0	0	0	0	0
49  | 		2.98215e-12	1.0406e-11	2.98215e-12	1.31054e-24	9	6.69169e-14
50  | 		2.73301e-12	8.14998e-12	2.73301e-12	8.13287e-25	11	3.49355e-14
51  | 		0	0	0	0	0	0
52  | 		0	0	0	0	0	0
53  | 		1.92567e-14	1.76295e-13	1.92567e-14	2.01321e-28	2	2.82057e-15
54  | 		0	0	0	0	0	0
55  | 		0	0	0	0	0	0
56  | 		0	0	0	0	0	0
57  | 		0	0	0	0	0	0
58  | 		0	0	0	0	0	0
59  | 		0	0	0	0	0	0
60  | 		5.71474e-13	1.64548e-11	5.71474e-13	8.80025e-26	6	3.34525e-14
61  | 		0	0	0	0	0	0
62  | 		0	0	0	0	0	0
63  | 		0	0	0	0	0	0
64  | 		0	0	0	0	0	0
65  | 		0	0	0	0	0	0
66  | 		0	0	0	0	0	0
67  | 		0	0	0	0	0	0
68  | 		0	0	0	0	0	0
69  | 		0	0	0	0	0	0
70  | 		6.60339e-13	4.74381e-11	6.60339e-13	1.09993e-25	5	3.37519e-14
71  | 		1.91918e-12	3.54879e-11	1.91918e-12	3.49774e-25	15	2.22778e-14
72  | 		0	0	0	0	0	0
73  | 		1.51289e-15	6.0513e-15	1.51289e-15	2.28882e-30	1	0
74  | 		7.02635e-12	1.08098e-11	7.02635e-12	2.97555e-24	38	3.45295e-14
75  | 		7.47287e-12	2.13498e-11	7.47287e-12	8.93425e-24	14	1.64841e-13
76  | 		0	0	0	0	0	0
77  | 		0	0	0	0	0	0
78  | 		0	0	0	0	0	0
79  | 		0	0	0	0	0	0
80  | 		0	0	0	0	0	0
81  | 		0	0	0	0	0	0
82  | 		0	0	0	0	0	0
83  | 		0	0	0	0	0	0
84  | 		0	0	0	0	0	0
85  | 		0	0	0	0	0	0
86  | 		0	0	0	0	0	0
87  | 		0	0	0	0	0	0
88  | 		0	0	0	0	0	0
89  | 		2.49162e-15	2.326e-14	2.49162e-15	6.03299e-30	2	1.21015e-15
90  | 		0	0	0	0	0	0
91  | 		0	0	0	0	0	0
92  | 		4.92756e-12	4.48286e-11	4.92756e-12	1.15211e-24	29	1.96908e-14
93  | 		0	0	0	0	0	0
94  | 		0	0	0	0	0	0
95  | 		6.77395e-12	3.76329e-12	6.77395e-12	1.08604e-24	65	9.55875e-15
96  | 		0	0	0	0	0	0
97  | 		3.31949e-12	6.94833e-12	3.31949e-12	2.29182e-25	64	3.76023e-15
98  | 		6.05222e-14	8.45991e-13	6.05222e-14	3.66294e-27	1	0
99  | 		6.37706e-12	1.09934e-11	6.37706e-12	1.21538e-24	40	1.12861e-14
100  | 		0	0	0	0	0	0
101  | 		0	0	0	0	0	0
102  | 		0	0	0	0	0	0
103  | 		0	0	0	0	0	0
104  | 		0	0	0	0	0	0
105  | 		0	0	0	0	0	0
106  | 		6.59429e-12	5.41488e-12	6.59429e-12	9.02219e-25	63	7.36694e-15
107  | 		8.8276e-11	5.88239e-12	8.8276e-11	3.6255e-23	538	8.68072e-15
108  | 		7.40125e-12	2.69085e-12	7.40125e-12	5.58801e-24	27	7.12043e-14
109  | 		3.1315e-11	3.1237e-12	3.1315e-11	5.57676e-24	255	5.16989e-15
110  | 		0	0	0	0	0	0
111  | 		0	0	0	0	0	0
112  | 		0	0	0	0	0	0
113  | 		0	0	0	0	0	0
114  | 		0	0	0	0	0	0
115  | 		0	0	0	0	0	0
116  | 		5.27978e-13	5.03551e-13	5.27978e-13	7.1611e-26	5	2.81592e-14
117  | 		8.5787e-11	6.93506e-12	8.5787e-11	2.19853e-23	648	5.03489e-15
118  | 		4.92358e-12	2.99584e-12	4.92358e-12	9.21135e-25	46	1.37988e-14
119  | 		3.12506e-11	5.79093e-12	3.12506e-11	6.11358e-24	258	5.92575e-15
120  | 		0	0	0	0	0	0
121  | 		0	0	0	0	0	0
122  | 		2.0625e-13	7.07936e-13	2.0625e-13	4.12032e-26	2	9.9834e-14
123  | 		1.08808e-11	7.42612e-12	1.08808e-11	3.14276e-24	71	1.72289e-14
124  | 		2.44215e-12	3.82165e-12	2.44215e-12	5.05764e-25	18	2.38751e-14
125  | 		1.53473e-11	1.15183e-11	1.53473e-11	2.15599e-23	56	7.50624e-14
126  | 		0	0	0	0	0	0
127  | 		9.49553e-12	6.33077e-11	9.49553e-12	1.16503e-23	43	7.27311e-14
128  | 		0	0	0	0	0	0
129  | 		0	0	0	0	0	0
130  | 		0	0	0	0	0	0
131  | 		0	0	0	0	0	0
132  | 		0	0	0	0	0	0
133  | 		0	0	0	0	0	0
134  | 		0	0	0	0	0	0
135  | 		0	0	0	0	0	0
136  | 		0	0	0	0	0	0
137  | 		0	0	0	0	0	0
138  | 		0	0	0	0	0	0
139  | 		0	0	0	0	0	0
140  | 		0	0	0	0	0	0
141  | 		4.21966e-13	2.73471e-12	4.21966e-13	9.47109e-26	2	5.33069e-14
Total energy depositied over all organs = 3.92486e-10 J
Total absorbed dose over all organs = 5.1427e-10 Gy 
