
	-------------------------------- 
	OrganID	Edep (J)	Dose (Gy)
	-------------------------------- 
	3 |		2.93827e-13	2.66389e-11
	5 |		2.07454e-12	6.75085e-11
	6 |		1.75125e-13	3.43382e-11
	12 |		6.60312e-13	7.95174e-12
	13 |		2.7356e-12	2.02247e-11
	14 |		3.53411e-14	1.91178e-13
	26 |		7.56867e-14	1.3447e-13
	28 |		5.82357e-12	2.22545e-11
	30 |		2.11518e-12	8.20472e-11
	34 |		1.55098e-12	2.91895e-12
	35 |		2.39369e-12	3.28182e-12
	44 |		2.20363e-12	4.23726e-12
	47 |		2.04389e-12	1.9859e-11
	48 |		2.35438e-12	3.20106e-11
	49 |		1.72451e-12	6.01755e-12
	50 |		7.59281e-12	2.26421e-11
	54 |		5.30869e-15	3.05959e-14
	76 |		2.44443e-12	2.71634e-11
	87 |		3.91541e-14	1.18656e-13
	89 |		7.1335e-15	6.65936e-14
	95 |		1.43262e-11	7.95895e-12
	97 |		6.22424e-15	1.30285e-14
	99 |		4.11804e-15	7.0991e-15
	106 |		6.20784e-12	5.09754e-12
	107 |		6.96289e-11	4.63981e-12
	108 |		1.20986e-11	4.39864e-12
	109 |		6.88735e-11	6.87019e-12
	116 |		8.73747e-12	8.33323e-12
	117 |		3.85343e-11	3.11513e-12
	118 |		3.93059e-12	2.39164e-12
	119 |		3.17915e-11	5.89117e-12
	121 |		3.59713e-12	8.46583e-11
	122 |		1.78609e-12	6.13059e-12
	123 |		1.64724e-11	1.12424e-11
	124 |		1.41022e-12	2.20681e-12
	125 |		6.65669e-12	4.99591e-12
	127 |		1.2048e-15	8.03255e-15
	128 |		3.73656e-12	7.46714e-11
	133 |		9.53477e-12	2.25515e-10
	138 |		8.46584e-14	4.23292e-13
----------------------------------------------------------------------------
-------------------------------ORGAN INFO-----------------------------------
-----------------(of organs where edep/dose was recorded)-------------------
----------------------------------------------------------------------------
ID		Organ Name	    	    	    	Material ID		Density (g/cm^3) 
3     Anterior nasal passage (ET1)                     45    1.030
5     Oral mucosa, tongue                              29    1.050
6     Oral mucosa, lips and cheeks                     29    1.050
12    Blood vessels, legs                              28    1.060
13    Humeri, upper half, cortical                      2    1.920
14    Humeri, upper half, spongiosa                     3    1.205
26    Cranium, cortical                                 2    1.920
28    Femora, upper half, cortical                      2    1.920
30    Femora, upper half, medullary cavity             22    0.980
34    Tibiae, fibulae and patellae, cortical            2    1.920
35    Tibiae, fibulae and patellae, spongiosa          11    1.108
44    Ribs, spongiosa                                  15    1.165
47    Cervical spine, cortical                          2    1.920
48    Cervical spine, spongiosa                        17    1.050
49    Thoracic spine, cortical                          2    1.920
50    Thoracic spine, spongiosa                        18    1.074
54    Sacrum, spongiosa                                20    1.031
76    Ascending colon wall                             38    1.040
87    Heart wall                                       33    1.050
89    Kidney, left, cortex                             35    1.050
95    Liver                                            30    1.050
97    Lung, left, tissue                               50    0.382
99    Lung, right, tissue                              50    0.382
106   Muscle, head                                     29    1.050
107   Muscle, trunk                                    29    1.050
108   Muscle, arms                                     29    1.050
109   Muscle, legs                                     29    1.050
116   Residual tissue, head                            49    0.950
117   Residual tissue, trunk                           49    0.950
118   Residual tissue, arms                            49    0.950
119   Residual tissue, legs                            49    0.950
121   Salivary glands, right                           45    1.030
122   Skin, head                                       27    1.090
123   Skin, trunk                                      27    1.090
124   Skin, arms                                       27    1.090
125   Skin, legs                                       27    1.090
127   Spleen                                           39    1.040
128   Teeth                                             1    2.750
133   Tongue (inner part)                              29    1.050
138   Urinary bladder contents                         52    1.040

Total Edep over all organs = 3.33768e-10 J
Total dose absorbed over all organs = 8.38204e-10 Gy

----------------------------------------------------------------------------
----------------ORGAN ENERGY DEPOSITIONS AND ABSORBED DOSE------------------
-----------(for all organs [includes air - OrganIDs = 0, 140])--------------
--------------([and top/bottom skin layer - OrganIDs = 141])----------------
----------------------------------------------------------------------------
OrganID	Edep (J) 	Dose (Gy) 	S1_J	S2_J2	N	SE_run_J
-------------------------------
0  | 		1.38305e-12	0	1.38305e-12	1.05976e-27	6091	4.4837e-18
1  | 		0	0	0	0	0	0
2  | 		0	0	0	0	0	0
3  | 		2.93827e-13	2.66389e-11	2.93827e-13	8.63344e-26	1	0
4  | 		0	0	0	0	0	0
5  | 		2.07454e-12	6.75085e-11	2.07454e-12	1.79415e-24	3	2.44808e-13
6  | 		1.75125e-13	3.43382e-11	1.75125e-13	3.06686e-26	1	0
7  | 		0	0	0	0	0	0
8  | 		0	0	0	0	0	0
9  | 		0	0	0	0	0	0
10  | 		0	0	0	0	0	0
11  | 		0	0	0	0	0	0
12  | 		6.60312e-13	7.95174e-12	6.60312e-13	2.42689e-25	2	1.11092e-13
13  | 		2.7356e-12	2.02247e-11	2.7356e-12	1.41762e-24	6	7.53589e-14
14  | 		3.53411e-14	1.91178e-13	3.53411e-14	1.24899e-27	1	0
15  | 		0	0	0	0	0	0
16  | 		0	0	0	0	0	0
17  | 		0	0	0	0	0	0
18  | 		0	0	0	0	0	0
19  | 		0	0	0	0	0	0
20  | 		0	0	0	0	0	0
21  | 		0	0	0	0	0	0
22  | 		0	0	0	0	0	0
23  | 		0	0	0	0	0	0
24  | 		0	0	0	0	0	0
25  | 		0	0	0	0	0	0
26  | 		7.56867e-14	1.3447e-13	7.56867e-14	5.72848e-27	1	0
27  | 		0	0	0	0	0	0
28  | 		5.82357e-12	2.22545e-11	5.82357e-12	5.12532e-24	8	1.25789e-13
29  | 		0	0	0	0	0	0
30  | 		2.11518e-12	8.20472e-11	2.11518e-12	9.31096e-25	7	8.33749e-14
31  | 		0	0	0	0	0	0
32  | 		0	0	0	0	0	0
33  | 		0	0	0	0	0	0
34  | 		1.55098e-12	2.91895e-12	1.55098e-12	1.13465e-24	3	2.35516e-13
35  | 		2.39369e-12	3.28182e-12	2.39369e-12	5.51338e-24	2	1.15076e-12
36  | 		0	0	0	0	0	0
37  | 		0	0	0	0	0	0
38  | 		0	0	0	0	0	0
39  | 		0	0	0	0	0	0
40  | 		0	0	0	0	0	0
41  | 		0	0	0	0	0	0
42  | 		0	0	0	0	0	0
43  | 		0	0	0	0	0	0
44  | 		2.20363e-12	4.23726e-12	2.20363e-12	7.23057e-25	8	4.55248e-14
45  | 		0	0	0	0	0	0
46  | 		0	0	0	0	0	0
47  | 		2.04389e-12	1.9859e-11	2.04389e-12	2.19423e-24	2	2.29659e-13
48  | 		2.35438e-12	3.20106e-11	2.35438e-12	1.1843e-24	6	9.31753e-14
49  | 		1.72451e-12	6.01755e-12	1.72451e-12	1.02927e-24	3	7.95413e-14
50  | 		7.59281e-12	2.26421e-11	7.59281e-12	1.00729e-23	14	1.80886e-13
51  | 		0	0	0	0	0	0
52  | 		0	0	0	0	0	0
53  | 		0	0	0	0	0	0
54  | 		5.30869e-15	3.05959e-14	5.30869e-15	2.81822e-29	1	0
55  | 		0	0	0	0	0	0
56  | 		0	0	0	0	0	0
57  | 		0	0	0	0	0	0
58  | 		0	0	0	0	0	0
59  | 		0	0	0	0	0	0
60  | 		0	0	0	0	0	0
61  | 		0	0	0	0	0	0
62  | 		0	0	0	0	0	0
63  | 		0	0	0	0	0	0
64  | 		0	0	0	0	0	0
65  | 		0	0	0	0	0	0
66  | 		0	0	0	0	0	0
67  | 		0	0	0	0	0	0
68  | 		0	0	0	0	0	0
69  | 		0	0	0	0	0	0
70  | 		0	0	0	0	0	0
71  | 		0	0	0	0	0	0
72  | 		0	0	0	0	0	0
73  | 		0	0	0	0	0	0
74  | 		0	0	0	0	0	0
75  | 		0	0	0	0	0	0
76  | 		2.44443e-12	2.71634e-11	2.44443e-12	1.04203e-24	7	6.69797e-14
77  | 		0	0	0	0	0	0
78  | 		0	0	0	0	0	0
79  | 		0	0	0	0	0	0
80  | 		0	0	0	0	0	0
81  | 		0	0	0	0	0	0
82  | 		0	0	0	0	0	0
83  | 		0	0	0	0	0	0
84  | 		0	0	0	0	0	0
85  | 		0	0	0	0	0	0
86  | 		0	0	0	0	0	0
87  | 		3.91541e-14	1.18656e-13	3.91541e-14	8.82655e-28	2	7.62018e-15
88  | 		0	0	0	0	0	0
89  | 		7.1335e-15	6.65936e-14	7.1335e-15	5.08868e-29	1	0
90  | 		0	0	0	0	0	0
91  | 		0	0	0	0	0	0
92  | 		0	0	0	0	0	0
93  | 		0	0	0	0	0	0
94  | 		0	0	0	0	0	0
95  | 		1.43262e-11	7.95895e-12	1.43262e-11	9.4285e-24	38	5.35208e-14
96  | 		0	0	0	0	0	0
97  | 		6.22424e-15	1.30285e-14	6.22424e-15	3.87412e-29	1	0
98  | 		0	0	0	0	0	0
99  | 		4.11804e-15	7.0991e-15	4.11804e-15	5.79045e-30	3	1.51486e-16
100  | 		0	0	0	0	0	0
101  | 		0	0	0	0	0	0
102  | 		0	0	0	0	0	0
103  | 		0	0	0	0	0	0
104  | 		0	0	0	0	0	0
105  | 		0	0	0	0	0	0
106  | 		6.20784e-12	5.09754e-12	6.20784e-12	1.95299e-24	27	2.73649e-14
107  | 		6.96289e-11	4.63981e-12	6.96289e-11	4.87226e-23	200	2.48016e-14
108  | 		1.20986e-11	4.39864e-12	1.20986e-11	1.62842e-23	16	1.7243e-13
109  | 		6.88735e-11	6.87019e-12	6.88735e-11	5.25206e-23	183	2.82603e-14
110  | 		0	0	0	0	0	0
111  | 		0	0	0	0	0	0
112  | 		0	0	0	0	0	0
113  | 		0	0	0	0	0	0
114  | 		0	0	0	0	0	0
115  | 		0	0	0	0	0	0
116  | 		8.73747e-12	8.33323e-12	8.73747e-12	7.72997e-24	28	8.13528e-14
117  | 		3.85343e-11	3.11513e-12	3.85343e-11	2.5022e-23	128	2.87336e-14
118  | 		3.93059e-12	2.39164e-12	3.93059e-12	1.93193e-24	10	6.55718e-14
119  | 		3.17915e-11	5.89117e-12	3.17915e-11	1.64317e-23	113	2.43231e-14
120  | 		0	0	0	0	0	0
121  | 		3.59713e-12	8.46583e-11	3.59713e-12	9.03099e-25	17	2.28455e-14
122  | 		1.78609e-12	6.13059e-12	1.78609e-12	4.00508e-25	10	3.0092e-14
123  | 		1.64724e-11	1.12424e-11	1.64724e-11	1.92141e-23	35	9.81404e-14
124  | 		1.41022e-12	2.20681e-12	1.41022e-12	6.80573e-25	6	1.07876e-13
125  | 		6.65669e-12	4.99591e-12	6.65669e-12	2.64339e-24	24	3.79997e-14
126  | 		0	0	0	0	0	0
127  | 		1.2048e-15	8.03255e-15	1.2048e-15	8.5569e-31	2	2.54869e-16
128  | 		3.73656e-12	7.46714e-11	3.73656e-12	2.45174e-24	7	1.04334e-13
129  | 		0	0	0	0	0	0
130  | 		0	0	0	0	0	0
131  | 		0	0	0	0	0	0
132  | 		0	0	0	0	0	0
133  | 		9.53477e-12	2.25515e-10	9.53477e-12	6.28262e-24	31	6.00177e-14
134  | 		0	0	0	0	0	0
135  | 		0	0	0	0	0	0
136  | 		0	0	0	0	0	0
137  | 		0	0	0	0	0	0
138  | 		8.46584e-14	4.23292e-13	8.46584e-14	7.16704e-27	1	0
139  | 		0	0	0	0	0	0
140  | 		0	0	0	0	0	0
141  | 		0	0	0	0	0	0
Total energy depositied over all organs = 3.33768e-10 J
Total absorbed dose over all organs = 8.38204e-10 Gy 
