
	-------------------------------- 
	OrganID	Edep (J)	Dose (Gy)
	-------------------------------- 
	5 |		4.99277e-13	1.62472e-11
	6 |		1.2274e-13	2.40667e-11
	12 |		2.36638e-12	2.84969e-11
	14 |		1.3658e-15	7.38832e-15
	19 |		5.77791e-13	2.13365e-12
	20 |		1.21726e-12	6.69155e-12
	26 |		4.46585e-12	7.93436e-12
	27 |		4.61692e-12	1.02357e-11
	31 |		6.82967e-12	2.32231e-11
	32 |		8.71715e-12	1.98763e-11
	33 |		2.47605e-12	3.06101e-11
	34 |		1.43528e-11	2.7012e-11
	35 |		8.95328e-12	1.22752e-11
	36 |		6.59582e-12	8.38417e-11
	39 |		1.40288e-12	1.84298e-11
	40 |		2.69606e-12	3.64825e-11
	43 |		2.99818e-12	8.2106e-12
	44 |		8.76499e-12	1.68538e-11
	45 |		1.27433e-12	5.76279e-12
	46 |		1.13483e-12	5.90409e-12
	49 |		2.44529e-12	8.53266e-12
	50 |		7.68598e-12	2.292e-11
	61 |		8.39538e-12	5.78992e-12
	70 |		4.05545e-13	2.9134e-11
	71 |		2.38867e-12	4.41692e-11
	78 |		6.61344e-13	1.10224e-11
	79 |		1.24493e-12	1.31045e-11
	95 |		1.79536e-11	9.97415e-12
	97 |		2.442e-12	5.11156e-12
	99 |		2.92002e-12	5.03382e-12
	104 |		4.06848e-13	5.19602e-11
	106 |		2.65613e-12	2.18107e-12
	107 |		3.06898e-11	2.04506e-12
	108 |		1.77595e-11	6.45677e-12
	109 |		7.73356e-11	7.71429e-12
	116 |		9.36944e-12	8.93596e-12
	117 |		1.78631e-11	1.44406e-12
	118 |		7.56433e-12	4.60266e-12
	119 |		4.22533e-11	7.82981e-12
	122 |		2.17265e-12	7.45743e-12
	123 |		3.22158e-12	2.19872e-12
	124 |		2.41606e-12	3.78082e-12
	125 |		1.25322e-11	9.4055e-12
	128 |		1.45058e-12	2.89885e-11
	133 |		2.85411e-12	6.7505e-11
	137 |		3.68573e-14	7.36998e-13
	138 |		2.61755e-14	1.30878e-13
----------------------------------------------------------------------------
-------------------------------ORGAN INFO-----------------------------------
-----------------(of organs where edep/dose was recorded)-------------------
----------------------------------------------------------------------------
ID		Organ Name	    	    	    	Material ID		Density (g/cm^3) 
5     Oral mucosa, tongue                              29    1.050
6     Oral mucosa, lips and cheeks                     29    1.050
12    Blood vessels, legs                              28    1.060
14    Humeri, upper half, spongiosa                     3    1.205
19    Ulnae and radii, cortical                         2    1.920
20    Ulnae and radii, spongiosa                        5    1.108
26    Cranium, cortical                                 2    1.920
27    Cranium, spongiosa                                8    1.157
31    Femora, lower half, cortical                      2    1.920
32    Femora, lower half, spongiosa                    10    1.108
33    Femora, lower half, medullary cavity             23    0.980
34    Tibiae, fibulae and patellae, cortical            2    1.920
35    Tibiae, fibulae and patellae, spongiosa          11    1.108
36    Tibiae, fibulae and patellae, medullary cavity   25    0.980
39    Mandible, cortical                                2    1.920
40    Mandible, spongiosa                              13    1.228
43    Ribs, cortical                                    2    1.920
44    Ribs, spongiosa                                  15    1.165
45    Scapulae, cortical                                2    1.920
46    Scapulae, spongiosa                              16    1.183
49    Thoracic spine, cortical                          2    1.920
50    Thoracic spine, spongiosa                        18    1.074
61    Brain                                            32    1.050
70    Gall bladder wall                                45    1.030
71    Gall bladder contents                            45    1.030
78    Transverse colon wall, right                     38    1.040
79    Transverse colon contents, right                 51    1.040
95    Liver                                            30    1.050
97    Lung, left, tissue                               50    0.382
99    Lung, right, tissue                              50    0.382
104   Lymphatic nodes, arms                            47    1.030
106   Muscle, head                                     29    1.050
107   Muscle, trunk                                    29    1.050
108   Muscle, arms                                     29    1.050
109   Muscle, legs                                     29    1.050
116   Residual tissue, head                            49    0.950
117   Residual tissue, trunk                           49    0.950
118   Residual tissue, arms                            49    0.950
119   Residual tissue, legs                            49    0.950
122   Skin, head                                       27    1.090
123   Skin, trunk                                      27    1.090
124   Skin, arms                                       27    1.090
125   Skin, legs                                       27    1.090
128   Teeth                                             1    2.750
133   Tongue (inner part)                              29    1.050
137   Urinary bladder wall                             41    1.040
138   Urinary bladder contents                         52    1.040

Total Edep over all organs = 3.57215e-10 J
Total dose absorbed over all organs = 7.52461e-10 Gy

----------------------------------------------------------------------------
----------------ORGAN ENERGY DEPOSITIONS AND ABSORBED DOSE------------------
-----------(for all organs [includes air - OrganIDs = 0, 140])--------------
--------------([and top/bottom skin layer - OrganIDs = 141])----------------
----------------------------------------------------------------------------
OrganID	Edep (J) 	Dose (Gy) 	S1_J	S2_J2	N	SE_run_J
-------------------------------
0  | 		9.65192e-13	0	9.65192e-13	6.6322e-28	7747	3.00802e-18
1  | 		0	0	0	0	0	0
2  | 		0	0	0	0	0	0
3  | 		0	0	0	0	0	0
4  | 		0	0	0	0	0	0
5  | 		4.99277e-13	1.62472e-11	4.99277e-13	8.32182e-26	5	4.08428e-14
6  | 		1.2274e-13	2.40667e-11	1.2274e-13	1.50651e-26	1	0
7  | 		0	0	0	0	0	0
8  | 		0	0	0	0	0	0
9  | 		0	0	0	0	0	0
10  | 		0	0	0	0	0	0
11  | 		0	0	0	0	0	0
12  | 		2.36638e-12	2.84969e-11	2.36638e-12	5.96344e-25	12	3.13457e-14
13  | 		0	0	0	0	0	0
14  | 		1.3658e-15	7.38832e-15	1.3658e-15	1.86542e-30	1	0
15  | 		0	0	0	0	0	0
16  | 		0	0	0	0	0	0
17  | 		0	0	0	0	0	0
18  | 		0	0	0	0	0	0
19  | 		5.77791e-13	2.13365e-12	5.77791e-13	1.23469e-25	3	4.5071e-14
20  | 		1.21726e-12	6.69155e-12	1.21726e-12	2.28012e-25	8	2.76448e-14
21  | 		0	0	0	0	0	0
22  | 		0	0	0	0	0	0
23  | 		0	0	0	0	0	0
24  | 		0	0	0	0	0	0
25  | 		0	0	0	0	0	0
26  | 		4.46585e-12	7.93436e-12	4.46585e-12	3.41242e-24	16	9.49984e-14
27  | 		4.61692e-12	1.02357e-11	4.61692e-12	9.82005e-25	30	1.76646e-14
28  | 		0	0	0	0	0	0
29  | 		0	0	0	0	0	0
30  | 		0	0	0	0	0	0
31  | 		6.82967e-12	2.32231e-11	6.82967e-12	2.50252e-24	25	3.25765e-14
32  | 		8.71715e-12	1.98763e-11	8.71715e-12	1.7609e-24	55	1.13007e-14
33  | 		2.47605e-12	3.06101e-11	2.47605e-12	6.32843e-25	12	3.03939e-14
34  | 		1.43528e-11	2.7012e-11	1.43528e-11	8.83452e-24	48	4.48737e-14
35  | 		8.95328e-12	1.22752e-11	8.95328e-12	5.76141e-24	28	6.19193e-14
36  | 		6.59582e-12	8.38417e-11	6.59582e-12	1.34941e-24	37	1.14162e-14
37  | 		0	0	0	0	0	0
38  | 		0	0	0	0	0	0
39  | 		1.40288e-12	1.84298e-11	1.40288e-12	4.58134e-25	5	5.67987e-14
40  | 		2.69606e-12	3.64825e-11	2.69606e-12	6.10154e-25	16	2.54835e-14
41  | 		0	0	0	0	0	0
42  | 		0	0	0	0	0	0
43  | 		2.99818e-12	8.2106e-12	2.99818e-12	1.28048e-24	8	5.29229e-14
44  | 		8.76499e-12	1.68538e-11	8.76499e-12	6.02736e-24	32	6.04634e-14
45  | 		1.27433e-12	5.76279e-12	1.27433e-12	3.54774e-25	5	3.87251e-14
46  | 		1.13483e-12	5.90409e-12	1.13483e-12	2.25482e-25	7	3.14364e-14
47  | 		0	0	0	0	0	0
48  | 		0	0	0	0	0	0
49  | 		2.44529e-12	8.53266e-12	2.44529e-12	3.78362e-24	3	5.46271e-13
50  | 		7.68598e-12	2.292e-11	7.68598e-12	3.93423e-24	18	4.6171e-14
51  | 		0	0	0	0	0	0
52  | 		0	0	0	0	0	0
53  | 		0	0	0	0	0	0
54  | 		0	0	0	0	0	0
55  | 		0	0	0	0	0	0
56  | 		0	0	0	0	0	0
57  | 		0	0	0	0	0	0
58  | 		0	0	0	0	0	0
59  | 		0	0	0	0	0	0
60  | 		0	0	0	0	0	0
61  | 		8.39538e-12	5.78992e-12	8.39538e-12	1.79383e-24	57	1.32133e-14
62  | 		0	0	0	0	0	0
63  | 		0	0	0	0	0	0
64  | 		0	0	0	0	0	0
65  | 		0	0	0	0	0	0
66  | 		0	0	0	0	0	0
67  | 		0	0	0	0	0	0
68  | 		0	0	0	0	0	0
69  | 		0	0	0	0	0	0
70  | 		4.05545e-13	2.9134e-11	4.05545e-13	1.64467e-25	1	0
71  | 		2.38867e-12	4.41692e-11	2.38867e-12	6.67665e-25	13	3.82939e-14
72  | 		0	0	0	0	0	0
73  | 		0	0	0	0	0	0
74  | 		0	0	0	0	0	0
75  | 		0	0	0	0	0	0
76  | 		0	0	0	0	0	0
77  | 		0	0	0	0	0	0
78  | 		6.61344e-13	1.10224e-11	6.61344e-13	1.84827e-25	4	7.93111e-14
79  | 		1.24493e-12	1.31045e-11	1.24493e-12	2.72253e-25	6	2.15605e-14
80  | 		0	0	0	0	0	0
81  | 		0	0	0	0	0	0
82  | 		0	0	0	0	0	0
83  | 		0	0	0	0	0	0
84  | 		0	0	0	0	0	0
85  | 		0	0	0	0	0	0
86  | 		0	0	0	0	0	0
87  | 		0	0	0	0	0	0
88  | 		0	0	0	0	0	0
89  | 		0	0	0	0	0	0
90  | 		0	0	0	0	0	0
91  | 		0	0	0	0	0	0
92  | 		0	0	0	0	0	0
93  | 		0	0	0	0	0	0
94  | 		0	0	0	0	0	0
95  | 		1.79536e-11	9.97415e-12	1.79536e-11	1.04773e-23	66	3.61087e-14
96  | 		0	0	0	0	0	0
97  | 		2.442e-12	5.11156e-12	2.442e-12	2.10996e-25	38	6.2011e-15
98  | 		0	0	0	0	0	0
99  | 		2.92002e-12	5.03382e-12	2.92002e-12	3.09882e-25	32	6.61662e-15
100  | 		0	0	0	0	0	0
101  | 		0	0	0	0	0	0
102  | 		0	0	0	0	0	0
103  | 		0	0	0	0	0	0
104  | 		4.06848e-13	5.19602e-11	4.06848e-13	6.1872e-26	3	3.34085e-14
105  | 		0	0	0	0	0	0
106  | 		2.65613e-12	2.18107e-12	2.65613e-12	4.86227e-25	19	1.833e-14
107  | 		3.06898e-11	2.04506e-12	3.06898e-11	1.14248e-23	160	1.47545e-14
108  | 		1.77595e-11	6.45677e-12	1.77595e-11	3.06459e-24	140	6.45851e-15
109  | 		7.73356e-11	7.71429e-12	7.73356e-11	2.66073e-23	429	8.3056e-15
110  | 		0	0	0	0	0	0
111  | 		0	0	0	0	0	0
112  | 		0	0	0	0	0	0
113  | 		0	0	0	0	0	0
114  | 		0	0	0	0	0	0
115  | 		0	0	0	0	0	0
116  | 		9.36944e-12	8.93596e-12	9.36944e-12	1.63086e-24	69	8.74223e-15
117  | 		1.78631e-11	1.44406e-12	1.78631e-11	8.0881e-24	121	1.93756e-14
118  | 		7.56433e-12	4.60266e-12	7.56433e-12	1.14865e-24	64	7.94646e-15
119  | 		4.22533e-11	7.82981e-12	4.22533e-11	1.10902e-23	262	7.90755e-15
120  | 		0	0	0	0	0	0
121  | 		0	0	0	0	0	0
122  | 		2.17265e-12	7.45743e-12	2.17265e-12	4.36495e-25	13	2.16894e-14
123  | 		3.22158e-12	2.19872e-12	3.22158e-12	7.53539e-25	20	2.48474e-14
124  | 		2.41606e-12	3.78082e-12	2.41606e-12	4.91524e-25	16	2.29755e-14
125  | 		1.25322e-11	9.4055e-12	1.25322e-11	6.6509e-24	66	3.15537e-14
126  | 		0	0	0	0	0	0
127  | 		0	0	0	0	0	0
128  | 		1.45058e-12	2.89885e-11	1.45058e-12	5.06438e-25	5	6.54215e-14
129  | 		0	0	0	0	0	0
130  | 		0	0	0	0	0	0
131  | 		0	0	0	0	0	0
132  | 		0	0	0	0	0	0
133  | 		2.85411e-12	6.7505e-11	2.85411e-12	5.28103e-25	21	1.82705e-14
134  | 		0	0	0	0	0	0
135  | 		0	0	0	0	0	0
136  | 		0	0	0	0	0	0
137  | 		3.68573e-14	7.36998e-13	3.68573e-14	1.35846e-27	1	0
138  | 		2.61755e-14	1.30878e-13	2.61755e-14	3.24818e-28	3	4.00899e-15
139  | 		0	0	0	0	0	0
140  | 		7.83717e-16	3.91859e-12	7.83717e-16	5.63707e-31	2	3.5819e-16
141  | 		0	0	0	0	0	0
Total energy depositied over all organs = 3.57215e-10 J
Total absorbed dose over all organs = 7.52461e-10 Gy 
