
	-------------------------------- 
	OrganID	Edep (J)	Dose (Gy)
	-------------------------------- 
	8 |		2.6411e-12	3.98295e-11
	11 |		6.75257e-13	4.29553e-11
	12 |		1.88312e-15	2.26773e-14
	19 |		2.09312e-12	7.72938e-12
	21 |		1.60018e-12	7.05858e-11
	26 |		7.29283e-13	1.2957e-12
	27 |		1.40943e-12	3.1247e-12
	31 |		6.68892e-13	2.27445e-12
	32 |		9.01955e-12	2.05658e-11
	35 |		2.6247e-12	3.59853e-12
	39 |		4.65842e-12	6.11984e-11
	40 |		7.21071e-12	9.75739e-11
	42 |		2.54422e-15	3.73502e-15
	44 |		5.17333e-12	9.94755e-12
	61 |		1.0839e-11	7.47518e-12
	80 |		1.04801e-12	1.74669e-11
	81 |		2.18765e-12	5.46776e-11
	82 |		2.14936e-12	2.38844e-11
	83 |		1.18837e-12	3.39534e-11
	95 |		9.8816e-12	5.48975e-12
	97 |		2.41855e-12	5.06248e-12
	106 |		8.39208e-12	6.89112e-12
	107 |		2.49296e-11	1.66122e-12
	108 |		2.54657e-11	9.25847e-12
	109 |		2.0567e-11	2.05158e-12
	116 |		2.55878e-12	2.44039e-12
	117 |		3.75929e-11	3.03903e-12
	118 |		9.72713e-12	5.91866e-12
	119 |		1.11727e-11	2.07037e-12
	121 |		4.52019e-12	1.06383e-10
	122 |		1.1662e-12	4.00289e-12
	123 |		1.05974e-11	7.23267e-12
	124 |		5.90474e-12	9.24015e-12
	125 |		5.0423e-12	3.78429e-12
----------------------------------------------------------------------------
-------------------------------ORGAN INFO-----------------------------------
-----------------(of organs where edep/dose was recorded)-------------------
----------------------------------------------------------------------------
ID		Organ Name	    	    	    	Material ID		Density (g/cm^3) 
8     Bronchi                                          45    1.030
11    Blood vessels, arms                              28    1.060
12    Blood vessels, legs                              28    1.060
19    Ulnae and radii, cortical                         2    1.920
21    Ulnae and radii, medullary cavity                24    0.980
26    Cranium, cortical                                 2    1.920
27    Cranium, spongiosa                                8    1.157
31    Femora, lower half, cortical                      2    1.920
32    Femora, lower half, spongiosa                    10    1.108
35    Tibiae, fibulae and patellae, spongiosa          11    1.108
39    Mandible, cortical                                2    1.920
40    Mandible, spongiosa                              13    1.228
42    Pelvis, spongiosa                                14    1.123
44    Ribs, spongiosa                                  15    1.165
61    Brain                                            32    1.050
80    Transverse colon wall, left                      38    1.040
81    Transverse colon contents, left                  51    1.040
82    Descending colon wall                            38    1.040
83    Descending colon contents                        51    1.040
95    Liver                                            30    1.050
97    Lung, left, tissue                               50    0.382
106   Muscle, head                                     29    1.050
107   Muscle, trunk                                    29    1.050
108   Muscle, arms                                     29    1.050
109   Muscle, legs                                     29    1.050
116   Residual tissue, head                            49    0.950
117   Residual tissue, trunk                           49    0.950
118   Residual tissue, arms                            49    0.950
119   Residual tissue, legs                            49    0.950
121   Salivary glands, right                           45    1.030
122   Skin, head                                       27    1.090
123   Skin, trunk                                      27    1.090
124   Skin, arms                                       27    1.090
125   Skin, legs                                       27    1.090

Total Edep over all organs = 2.35858e-10 J
Total dose absorbed over all organs = 6.72688e-10 Gy

----------------------------------------------------------------------------
----------------ORGAN ENERGY DEPOSITIONS AND ABSORBED DOSE------------------
-----------(for all organs [includes air - OrganIDs = 0, 140])--------------
--------------([and top/bottom skin layer - OrganIDs = 141])----------------
----------------------------------------------------------------------------
OrganID	Edep (J) 	Dose (Gy) 	S1_J	S2_J2	N	SE_run_J
-------------------------------
0  | 		1.03696e-12	0	1.03696e-12	6.47782e-28	4211	4.70488e-18
1  | 		0	0	0	0	0	0
2  | 		0	0	0	0	0	0
3  | 		0	0	0	0	0	0
4  | 		0	0	0	0	0	0
5  | 		0	0	0	0	0	0
6  | 		0	0	0	0	0	0
7  | 		0	0	0	0	0	0
8  | 		2.6411e-12	3.98295e-11	2.6411e-12	1.75678e-24	4	3.28314e-14
9  | 		0	0	0	0	0	0
10  | 		0	0	0	0	0	0
11  | 		6.75257e-13	4.29553e-11	6.75257e-13	2.49242e-25	2	1.03094e-13
12  | 		1.88312e-15	2.26773e-14	1.88312e-15	3.54615e-30	1	0
13  | 		0	0	0	0	0	0
14  | 		0	0	0	0	0	0
15  | 		0	0	0	0	0	0
16  | 		0	0	0	0	0	0
17  | 		0	0	0	0	0	0
18  | 		0	0	0	0	0	0
19  | 		2.09312e-12	7.72938e-12	2.09312e-12	1.89515e-24	3	2.69187e-13
20  | 		0	0	0	0	0	0
21  | 		1.60018e-12	7.05858e-11	1.60018e-12	8.27685e-25	4	1.25014e-13
22  | 		0	0	0	0	0	0
23  | 		0	0	0	0	0	0
24  | 		0	0	0	0	0	0
25  | 		0	0	0	0	0	0
26  | 		7.29283e-13	1.2957e-12	7.29283e-13	4.54954e-25	2	3.0743e-13
27  | 		1.40943e-12	3.1247e-12	1.40943e-12	5.71487e-25	4	7.89864e-14
28  | 		0	0	0	0	0	0
29  | 		0	0	0	0	0	0
30  | 		0	0	0	0	0	0
31  | 		6.68892e-13	2.27445e-12	6.68892e-13	4.47417e-25	1	0
32  | 		9.01955e-12	2.05658e-11	9.01955e-12	5.15426e-24	20	5.34752e-14
33  | 		0	0	0	0	0	0
34  | 		0	0	0	0	0	0
35  | 		2.6247e-12	3.59853e-12	2.6247e-12	4.36699e-24	2	6.79142e-13
36  | 		0	0	0	0	0	0
37  | 		0	0	0	0	0	0
38  | 		0	0	0	0	0	0
39  | 		4.65842e-12	6.11984e-11	4.65842e-12	4.58195e-24	6	1.79363e-13
40  | 		7.21071e-12	9.75739e-11	7.21071e-12	8.38544e-24	12	1.75218e-13
41  | 		0	0	0	0	0	0
42  | 		2.54422e-15	3.73502e-15	2.54422e-15	6.47305e-30	1	0
43  | 		0	0	0	0	0	0
44  | 		5.17333e-12	9.94755e-12	5.17333e-12	1.23977e-23	7	4.51832e-13
45  | 		0	0	0	0	0	0
46  | 		0	0	0	0	0	0
47  | 		0	0	0	0	0	0
48  | 		0	0	0	0	0	0
49  | 		0	0	0	0	0	0
50  | 		0	0	0	0	0	0
51  | 		0	0	0	0	0	0
52  | 		0	0	0	0	0	0
53  | 		0	0	0	0	0	0
54  | 		0	0	0	0	0	0
55  | 		0	0	0	0	0	0
56  | 		0	0	0	0	0	0
57  | 		0	0	0	0	0	0
58  | 		0	0	0	0	0	0
59  | 		0	0	0	0	0	0
60  | 		0	0	0	0	0	0
61  | 		1.0839e-11	7.47518e-12	1.0839e-11	8.79188e-24	21	8.72516e-14
62  | 		0	0	0	0	0	0
63  | 		0	0	0	0	0	0
64  | 		0	0	0	0	0	0
65  | 		0	0	0	0	0	0
66  | 		0	0	0	0	0	0
67  | 		0	0	0	0	0	0
68  | 		0	0	0	0	0	0
69  | 		0	0	0	0	0	0
70  | 		0	0	0	0	0	0
71  | 		0	0	0	0	0	0
72  | 		0	0	0	0	0	0
73  | 		0	0	0	0	0	0
74  | 		0	0	0	0	0	0
75  | 		0	0	0	0	0	0
76  | 		0	0	0	0	0	0
77  | 		0	0	0	0	0	0
78  | 		0	0	0	0	0	0
79  | 		0	0	0	0	0	0
80  | 		1.04801e-12	1.74669e-11	1.04801e-12	1.09833e-24	1	0
81  | 		2.18765e-12	5.46776e-11	2.18765e-12	3.5571e-24	2	7.62952e-13
82  | 		2.14936e-12	2.38844e-11	2.14936e-12	9.57495e-25	6	7.9065e-14
83  | 		1.18837e-12	3.39534e-11	1.18837e-12	5.3212e-25	3	1.01143e-13
84  | 		0	0	0	0	0	0
85  | 		0	0	0	0	0	0
86  | 		0	0	0	0	0	0
87  | 		0	0	0	0	0	0
88  | 		0	0	0	0	0	0
89  | 		0	0	0	0	0	0
90  | 		0	0	0	0	0	0
91  | 		0	0	0	0	0	0
92  | 		0	0	0	0	0	0
93  | 		0	0	0	0	0	0
94  | 		0	0	0	0	0	0
95  | 		9.8816e-12	5.48975e-12	9.8816e-12	8.79333e-24	18	1.04921e-13
96  | 		0	0	0	0	0	0
97  | 		2.41855e-12	5.06248e-12	2.41855e-12	1.06659e-24	7	7.41572e-14
98  | 		0	0	0	0	0	0
99  | 		0	0	0	0	0	0
100  | 		0	0	0	0	0	0
101  | 		0	0	0	0	0	0
102  | 		0	0	0	0	0	0
103  | 		0	0	0	0	0	0
104  | 		0	0	0	0	0	0
105  | 		0	0	0	0	0	0
106  | 		8.39208e-12	6.89112e-12	8.39208e-12	7.61009e-24	14	1.19053e-13
107  | 		2.49296e-11	1.66122e-12	2.49296e-11	2.53773e-23	49	7.3465e-14
108  | 		2.54657e-11	9.25847e-12	2.54657e-11	1.8553e-23	54	4.78165e-14
109  | 		2.0567e-11	2.05158e-12	2.0567e-11	1.77756e-23	45	6.50392e-14
110  | 		0	0	0	0	0	0
111  | 		0	0	0	0	0	0
112  | 		0	0	0	0	0	0
113  | 		0	0	0	0	0	0
114  | 		0	0	0	0	0	0
115  | 		0	0	0	0	0	0
116  | 		2.55878e-12	2.44039e-12	2.55878e-12	7.71434e-25	12	4.13615e-14
117  | 		3.75929e-11	3.03903e-12	3.75929e-11	2.63417e-23	86	3.68173e-14
118  | 		9.72713e-12	5.91866e-12	9.72713e-12	4.97028e-24	28	4.58763e-14
119  | 		1.11727e-11	2.07037e-12	1.11727e-11	5.24662e-24	33	3.72331e-14
120  | 		0	0	0	0	0	0
121  | 		4.52019e-12	1.06383e-10	4.52019e-12	1.6683e-24	16	4.03781e-14
122  | 		1.1662e-12	4.00289e-12	1.1662e-12	4.5468e-25	3	1.49337e-14
123  | 		1.05974e-11	7.23267e-12	1.05974e-11	2.8258e-23	17	2.82139e-13
124  | 		5.90474e-12	9.24015e-12	5.90474e-12	2.95752e-24	20	5.65271e-14
125  | 		5.0423e-12	3.78429e-12	5.0423e-12	5.06374e-24	10	1.67374e-13
126  | 		0	0	0	0	0	0
127  | 		0	0	0	0	0	0
128  | 		0	0	0	0	0	0
129  | 		0	0	0	0	0	0
130  | 		0	0	0	0	0	0
131  | 		0	0	0	0	0	0
132  | 		0	0	0	0	0	0
133  | 		0	0	0	0	0	0
134  | 		0	0	0	0	0	0
135  | 		0	0	0	0	0	0
136  | 		0	0	0	0	0	0
137  | 		0	0	0	0	0	0
138  | 		0	0	0	0	0	0
139  | 		0	0	0	0	0	0
140  | 		2.92322e-16	1.46161e-12	2.92322e-16	8.54521e-32	1	0
141  | 		0	0	0	0	0	0
Total energy depositied over all organs = 2.35858e-10 J
Total absorbed dose over all organs = 6.72688e-10 Gy 
