
	-------------------------------- 
	OrganID	Edep (J)	Dose (Gy)
	-------------------------------- 
	8 |		4.41365e-13	6.65608e-12
	12 |		6.51763e-13	7.84879e-12
	19 |		2.54187e-13	9.38653e-13
	26 |		4.40851e-12	7.83247e-12
	27 |		2.8481e-12	6.31424e-12
	37 |		9.19586e-13	3.95419e-12
	38 |		4.7442e-12	9.34302e-12
	41 |		1.50903e-12	3.78564e-12
	42 |		7.24765e-12	1.06398e-11
	43 |		8.11317e-13	2.22181e-12
	46 |		3.20248e-12	1.66614e-11
	49 |		2.02433e-12	7.06374e-12
	61 |		3.20315e-11	2.20907e-11
	74 |		3.0477e-12	4.68877e-12
	87 |		7.5433e-12	2.28599e-11
	88 |		3.47351e-12	6.81068e-12
	96 |		5.26529e-15	6.66408e-14
	97 |		3.77477e-12	7.9013e-12
	103 |		3.93022e-14	3.76458e-13
	107 |		9.52829e-11	6.34931e-12
	108 |		1.0647e-11	3.87089e-12
	109 |		3.17927e-11	3.17135e-12
	110 |		2.15542e-12	5.38721e-11
	116 |		4.00585e-12	3.82051e-12
	117 |		5.57548e-11	4.50724e-12
	118 |		1.40407e-12	8.5433e-13
	119 |		4.72938e-11	8.76383e-12
	122 |		3.70293e-13	1.271e-12
	123 |		7.56891e-12	5.16575e-12
	124 |		2.27612e-12	3.56183e-12
	125 |		8.03719e-12	6.03198e-12
	141 |		2.42509e-12	1.57167e-11
----------------------------------------------------------------------------
-------------------------------ORGAN INFO-----------------------------------
-----------------(of organs where edep/dose was recorded)-------------------
----------------------------------------------------------------------------
ID		Organ Name	    	    	    	Material ID		Density (g/cm^3) 
8     Bronchi                                          45    1.030
12    Blood vessels, legs                              28    1.060
19    Ulnae and radii, cortical                         2    1.920
26    Cranium, cortical                                 2    1.920
27    Cranium, spongiosa                                8    1.157
37    Ankles and foot bones, cortical                   2    1.920
38    Ankles and foot bones, spongiosa                 12    1.108
41    Pelvis, cortical                                  2    1.920
42    Pelvis, spongiosa                                14    1.123
43    Ribs, cortical                                    2    1.920
46    Scapulae, spongiosa                              16    1.183
49    Thoracic spine, cortical                          2    1.920
61    Brain                                            32    1.050
74    Small intestine wall                             37    1.040
87    Heart wall                                       33    1.050
88    Heart contents (blood)                           28    1.060
96    Lung, left, blood                                28    1.060
97    Lung, left, tissue                               50    0.382
103   Lymphatic nodes, trunk                           47    1.030
107   Muscle, trunk                                    29    1.050
108   Muscle, arms                                     29    1.050
109   Muscle, legs                                     29    1.050
110   Oesophagus                                       44    1.030
116   Residual tissue, head                            49    0.950
117   Residual tissue, trunk                           49    0.950
118   Residual tissue, arms                            49    0.950
119   Residual tissue, legs                            49    0.950
122   Skin, head                                       27    1.090
123   Skin, trunk                                      27    1.090
124   Skin, arms                                       27    1.090
125   Skin, legs                                       27    1.090
141    Phantom Top/Bottom Skin Layer

Total Edep over all organs = 3.47992e-10 J
Total dose absorbed over all organs = 2.65011e-10 Gy

----------------------------------------------------------------------------
----------------ORGAN ENERGY DEPOSITIONS AND ABSORBED DOSE------------------
-----------(for all organs [includes air - OrganIDs = 0, 140])--------------
--------------([and top/bottom skin layer - OrganIDs = 141])----------------
----------------------------------------------------------------------------
OrganID	Edep (J) 	Dose (Gy) 	S1_J	S2_J2	N	SE_run_J
-------------------------------
0  | 		1.44118e-12	0	1.44118e-12	9.16839e-28	6768	3.64939e-18
1  | 		0	0	0	0	0	0
2  | 		0	0	0	0	0	0
3  | 		0	0	0	0	0	0
4  | 		0	0	0	0	0	0
5  | 		0	0	0	0	0	0
6  | 		0	0	0	0	0	0
7  | 		0	0	0	0	0	0
8  | 		4.41365e-13	6.65608e-12	4.41365e-13	1.94803e-25	1	0
9  | 		0	0	0	0	0	0
10  | 		0	0	0	0	0	0
11  | 		0	0	0	0	0	0
12  | 		6.51763e-13	7.84879e-12	6.51763e-13	1.54619e-25	4	6.35216e-14
13  | 		0	0	0	0	0	0
14  | 		0	0	0	0	0	0
15  | 		0	0	0	0	0	0
16  | 		0	0	0	0	0	0
17  | 		0	0	0	0	0	0
18  | 		0	0	0	0	0	0
19  | 		2.54187e-13	9.38653e-13	2.54187e-13	6.46111e-26	1	0
20  | 		0	0	0	0	0	0
21  | 		0	0	0	0	0	0
22  | 		0	0	0	0	0	0
23  | 		0	0	0	0	0	0
24  | 		0	0	0	0	0	0
25  | 		0	0	0	0	0	0
26  | 		4.40851e-12	7.83247e-12	4.40851e-12	3.52532e-24	10	1.32574e-13
27  | 		2.8481e-12	6.31424e-12	2.8481e-12	1.25951e-24	11	6.88928e-14
28  | 		0	0	0	0	0	0
29  | 		0	0	0	0	0	0
30  | 		0	0	0	0	0	0
31  | 		0	0	0	0	0	0
32  | 		0	0	0	0	0	0
33  | 		0	0	0	0	0	0
34  | 		0	0	0	0	0	0
35  | 		0	0	0	0	0	0
36  | 		0	0	0	0	0	0
37  | 		9.19586e-13	3.95419e-12	9.19586e-13	3.64251e-25	3	1.17169e-13
38  | 		4.7442e-12	9.34302e-12	4.7442e-12	1.62889e-24	18	3.51692e-14
39  | 		0	0	0	0	0	0
40  | 		0	0	0	0	0	0
41  | 		1.50903e-12	3.78564e-12	1.50903e-12	1.18186e-24	2	1.47092e-13
42  | 		7.24765e-12	1.06398e-11	7.24765e-12	7.46551e-24	9	1.50417e-13
43  | 		8.11317e-13	2.22181e-12	8.11317e-13	3.32956e-25	2	4.38068e-14
44  | 		0	0	0	0	0	0
45  | 		0	0	0	0	0	0
46  | 		3.20248e-12	1.66614e-11	3.20248e-12	1.03191e-24	12	3.66443e-14
47  | 		0	0	0	0	0	0
48  | 		0	0	0	0	0	0
49  | 		2.02433e-12	7.06374e-12	2.02433e-12	2.613e-24	2	5.31058e-13
50  | 		0	0	0	0	0	0
51  | 		0	0	0	0	0	0
52  | 		0	0	0	0	0	0
53  | 		0	0	0	0	0	0
54  | 		0	0	0	0	0	0
55  | 		0	0	0	0	0	0
56  | 		0	0	0	0	0	0
57  | 		0	0	0	0	0	0
58  | 		0	0	0	0	0	0
59  | 		0	0	0	0	0	0
60  | 		0	0	0	0	0	0
61  | 		3.20315e-11	2.20907e-11	3.20315e-11	1.40042e-23	120	1.95431e-14
62  | 		0	0	0	0	0	0
63  | 		0	0	0	0	0	0
64  | 		0	0	0	0	0	0
65  | 		0	0	0	0	0	0
66  | 		0	0	0	0	0	0
67  | 		0	0	0	0	0	0
68  | 		0	0	0	0	0	0
69  | 		0	0	0	0	0	0
70  | 		0	0	0	0	0	0
71  | 		0	0	0	0	0	0
72  | 		0	0	0	0	0	0
73  | 		0	0	0	0	0	0
74  | 		3.0477e-12	4.68877e-12	3.0477e-12	4.66902e-24	2	1.1129e-13
75  | 		0	0	0	0	0	0
76  | 		0	0	0	0	0	0
77  | 		0	0	0	0	0	0
78  | 		0	0	0	0	0	0
79  | 		0	0	0	0	0	0
80  | 		0	0	0	0	0	0
81  | 		0	0	0	0	0	0
82  | 		0	0	0	0	0	0
83  | 		0	0	0	0	0	0
84  | 		0	0	0	0	0	0
85  | 		0	0	0	0	0	0
86  | 		0	0	0	0	0	0
87  | 		7.5433e-12	2.28599e-11	7.5433e-12	2.55881e-24	27	2.53563e-14
88  | 		3.47351e-12	6.81068e-12	3.47351e-12	9.76691e-25	17	3.13289e-14
89  | 		0	0	0	0	0	0
90  | 		0	0	0	0	0	0
91  | 		0	0	0	0	0	0
92  | 		0	0	0	0	0	0
93  | 		0	0	0	0	0	0
94  | 		0	0	0	0	0	0
95  | 		0	0	0	0	0	0
96  | 		5.26529e-15	6.66408e-14	5.26529e-15	2.77233e-29	1	0
97  | 		3.77477e-12	7.9013e-12	3.77477e-12	3.70651e-25	51	5.98239e-15
98  | 		0	0	0	0	0	0
99  | 		0	0	0	0	0	0
100  | 		0	0	0	0	0	0
101  | 		0	0	0	0	0	0
102  | 		0	0	0	0	0	0
103  | 		3.93022e-14	3.76458e-13	3.93022e-14	1.54466e-27	1	0
104  | 		0	0	0	0	0	0
105  | 		0	0	0	0	0	0
106  | 		0	0	0	0	0	0
107  | 		9.52829e-11	6.34931e-12	9.52829e-11	6.16468e-23	281	1.931e-14
108  | 		1.0647e-11	3.87089e-12	1.0647e-11	2.93815e-24	49	1.62974e-14
109  | 		3.17927e-11	3.17135e-12	3.17927e-11	1.29505e-23	126	1.76896e-14
110  | 		2.15542e-12	5.38721e-11	2.15542e-12	1.88362e-24	4	2.45316e-13
111  | 		0	0	0	0	0	0
112  | 		0	0	0	0	0	0
113  | 		0	0	0	0	0	0
114  | 		0	0	0	0	0	0
115  | 		0	0	0	0	0	0
116  | 		4.00585e-12	3.82051e-12	4.00585e-12	4.68177e-24	7	2.38516e-13
117  | 		5.57548e-11	4.50724e-12	5.57548e-11	3.4451e-23	199	2.18608e-14
118  | 		1.40407e-12	8.5433e-13	1.40407e-12	4.56998e-25	7	6.46179e-14
119  | 		4.72938e-11	8.76383e-12	4.72938e-11	2.84957e-23	175	2.27174e-14
120  | 		0	0	0	0	0	0
121  | 		0	0	0	0	0	0
122  | 		3.70293e-13	1.271e-12	3.70293e-13	5.03572e-26	3	2.78439e-14
123  | 		7.56891e-12	5.16575e-12	7.56891e-12	2.18996e-24	37	2.19476e-14
124  | 		2.27612e-12	3.56183e-12	2.27612e-12	9.70529e-25	6	5.97428e-14
125  | 		8.03719e-12	6.03198e-12	8.03719e-12	5.04172e-24	28	6.01443e-14
126  | 		0	0	0	0	0	0
127  | 		0	0	0	0	0	0
128  | 		0	0	0	0	0	0
129  | 		0	0	0	0	0	0
130  | 		0	0	0	0	0	0
131  | 		0	0	0	0	0	0
132  | 		0	0	0	0	0	0
133  | 		0	0	0	0	0	0
134  | 		0	0	0	0	0	0
135  | 		0	0	0	0	0	0
136  | 		0	0	0	0	0	0
137  | 		0	0	0	0	0	0
138  | 		0	0	0	0	0	0
139  | 		0	0	0	0	0	0
140  | 		4.42697e-16	2.21349e-12	4.42697e-16	7.51196e-32	3	4.03995e-17
141  | 		2.42509e-12	1.57167e-11	2.42509e-12	8.98519e-25	7	3.72786e-14
Total energy depositied over all organs = 3.47992e-10 J
Total absorbed dose over all organs = 2.65011e-10 Gy 
