
	-------------------------------- 
	OrganID	Edep (J)	Dose (Gy)
	-------------------------------- 
	10 |		4.78266e-13	1.75879e-12
	12 |		9.77827e-13	1.17754e-11
	22 |		1.28024e-12	7.12275e-12
	23 |		1.52105e-12	1.08965e-11
	26 |		9.07465e-13	1.61227e-12
	27 |		2.30496e-13	5.11011e-13
	28 |		2.53673e-13	9.69403e-13
	29 |		1.48418e-12	3.14411e-12
	31 |		4.46546e-12	1.5184e-11
	33 |		6.32891e-13	7.8241e-12
	41 |		1.39916e-12	3.51e-12
	42 |		4.28307e-12	6.28772e-12
	44 |		7.49157e-13	1.44052e-12
	51 |		8.06109e-13	4.32949e-12
	52 |		2.18731e-12	7.24107e-12
	58 |		2.64435e-13	2.98223e-12
	61 |		7.92411e-13	5.4649e-13
	74 |		1.31491e-12	2.02294e-12
	75 |		1.14896e-12	3.28255e-12
	76 |		2.06027e-12	2.28944e-11
	77 |		1.72362e-12	3.13271e-11
	78 |		6.05119e-12	1.00853e-10
	79 |		2.68614e-12	2.82752e-11
	86 |		2.22341e-12	7.41631e-11
	95 |		2.1587e-11	1.19927e-11
	103 |		7.13314e-13	6.83251e-12
	106 |		7.03265e-16	5.77483e-16
	107 |		1.17184e-10	7.80874e-12
	108 |		2.62688e-12	9.55046e-13
	109 |		6.07102e-11	6.0559e-12
	116 |		1.13545e-12	1.08292e-12
	117 |		9.64151e-11	7.79424e-12
	118 |		6.92062e-12	4.21098e-12
	119 |		2.69317e-11	4.99062e-12
	122 |		7.53897e-14	2.58769e-13
	123 |		8.37613e-12	5.71668e-12
	124 |		5.91293e-12	9.25297e-12
	125 |		4.54899e-12	3.41406e-12
	137 |		1.255e-12	2.5095e-11
	138 |		1.10367e-11	5.51837e-11
----------------------------------------------------------------------------
-------------------------------ORGAN INFO-----------------------------------
-----------------(of organs where edep/dose was recorded)-------------------
----------------------------------------------------------------------------
ID		Organ Name	    	    	    	Material ID		Density (g/cm^3) 
10    Blood vessels, trunk                             28    1.060
12    Blood vessels, legs                              28    1.060
22    Wrists and hand bones, cortical                   2    1.920
23    Wrists and hand bones, spongiosa                  6    1.108
26    Cranium, cortical                                 2    1.920
27    Cranium, spongiosa                                8    1.157
28    Femora, upper half, cortical                      2    1.920
29    Femora, upper half, spongiosa                     9    1.124
31    Femora, lower half, cortical                      2    1.920
33    Femora, lower half, medullary cavity             23    0.980
41    Pelvis, cortical                                  2    1.920
42    Pelvis, spongiosa                                14    1.123
44    Ribs, spongiosa                                  15    1.165
51    Lumbar spine, cortical                            2    1.920
52    Lumbar spine, spongiosa                          19    1.112
58    Cartilage, trunk                                 26    1.100
61    Brain                                            32    1.050
74    Small intestine wall                             37    1.040
75    Small intestine contents                         51    1.040
76    Ascending colon wall                             38    1.040
77    Ascending colon contents                         51    1.040
78    Transverse colon wall, right                     38    1.040
79    Transverse colon contents, right                 51    1.040
86    Rectum wall                                      38    1.040
95    Liver                                            30    1.050
103   Lymphatic nodes, trunk                           47    1.030
106   Muscle, head                                     29    1.050
107   Muscle, trunk                                    29    1.050
108   Muscle, arms                                     29    1.050
109   Muscle, legs                                     29    1.050
116   Residual tissue, head                            49    0.950
117   Residual tissue, trunk                           49    0.950
118   Residual tissue, arms                            49    0.950
119   Residual tissue, legs                            49    0.950
122   Skin, head                                       27    1.090
123   Skin, trunk                                      27    1.090
124   Skin, arms                                       27    1.090
125   Skin, legs                                       27    1.090
137   Urinary bladder wall                             41    1.040
138   Urinary bladder contents                         52    1.040

Total Edep over all organs = 4.05352e-10 J
Total dose absorbed over all organs = 5.006e-10 Gy

----------------------------------------------------------------------------
----------------ORGAN ENERGY DEPOSITIONS AND ABSORBED DOSE------------------
-----------(for all organs [includes air - OrganIDs = 0, 140])--------------
--------------([and top/bottom skin layer - OrganIDs = 141])----------------
----------------------------------------------------------------------------
OrganID	Edep (J) 	Dose (Gy) 	S1_J	S2_J2	N	SE_run_J
-------------------------------
0  | 		5.35417e-13	0	5.35417e-13	4.00799e-28	2691	6.37587e-18
1  | 		0	0	0	0	0	0
2  | 		0	0	0	0	0	0
3  | 		0	0	0	0	0	0
4  | 		0	0	0	0	0	0
5  | 		0	0	0	0	0	0
6  | 		0	0	0	0	0	0
7  | 		0	0	0	0	0	0
8  | 		0	0	0	0	0	0
9  | 		0	0	0	0	0	0
10  | 		4.78266e-13	1.75879e-12	4.78266e-13	4.85541e-26	6	1.86467e-14
11  | 		0	0	0	0	0	0
12  | 		9.77827e-13	1.17754e-11	9.77827e-13	3.03374e-25	4	7.32222e-14
13  | 		0	0	0	0	0	0
14  | 		0	0	0	0	0	0
15  | 		0	0	0	0	0	0
16  | 		0	0	0	0	0	0
17  | 		0	0	0	0	0	0
18  | 		0	0	0	0	0	0
19  | 		0	0	0	0	0	0
20  | 		0	0	0	0	0	0
21  | 		0	0	0	0	0	0
22  | 		1.28024e-12	7.12275e-12	1.28024e-12	5.89644e-25	3	8.4954e-14
23  | 		1.52105e-12	1.08965e-11	1.52105e-12	5.01423e-25	5	4.39919e-14
24  | 		0	0	0	0	0	0
25  | 		0	0	0	0	0	0
26  | 		9.07465e-13	1.61227e-12	9.07465e-13	8.24612e-26	11	8.31108e-15
27  | 		2.30496e-13	5.11011e-13	2.30496e-13	1.79484e-26	5	1.91346e-14
28  | 		2.53673e-13	9.69403e-13	2.53673e-13	3.63373e-26	2	4.5619e-14
29  | 		1.48418e-12	3.14411e-12	1.48418e-12	1.11716e-25	27	6.55149e-15
30  | 		0	0	0	0	0	0
31  | 		4.46546e-12	1.5184e-11	4.46546e-12	2.06394e-24	12	5.52024e-14
32  | 		0	0	0	0	0	0
33  | 		6.32891e-13	7.8241e-12	6.32891e-13	4.90245e-26	10	9.98296e-15
34  | 		0	0	0	0	0	0
35  | 		0	0	0	0	0	0
36  | 		0	0	0	0	0	0
37  | 		0	0	0	0	0	0
38  | 		0	0	0	0	0	0
39  | 		0	0	0	0	0	0
40  | 		0	0	0	0	0	0
41  | 		1.39916e-12	3.51e-12	1.39916e-12	8.64543e-25	4	1.76808e-13
42  | 		4.28307e-12	6.28772e-12	4.28307e-12	1.58554e-24	14	3.88862e-14
43  | 		0	0	0	0	0	0
44  | 		7.49157e-13	1.44052e-12	7.49157e-13	2.37154e-25	4	8.98357e-14
45  | 		0	0	0	0	0	0
46  | 		0	0	0	0	0	0
47  | 		0	0	0	0	0	0
48  | 		0	0	0	0	0	0
49  | 		0	0	0	0	0	0
50  | 		0	0	0	0	0	0
51  | 		8.06109e-13	4.32949e-12	8.06109e-13	1.78703e-25	6	4.84428e-14
52  | 		2.18731e-12	7.24107e-12	2.18731e-12	2.48489e-25	24	9.43529e-15
53  | 		0	0	0	0	0	0
54  | 		0	0	0	0	0	0
55  | 		0	0	0	0	0	0
56  | 		0	0	0	0	0	0
57  | 		0	0	0	0	0	0
58  | 		2.64435e-13	2.98223e-12	2.64435e-13	2.85362e-26	3	2.95174e-14
59  | 		0	0	0	0	0	0
60  | 		0	0	0	0	0	0
61  | 		7.92411e-13	5.4649e-13	7.92411e-13	4.04632e-26	19	4.65634e-15
62  | 		0	0	0	0	0	0
63  | 		0	0	0	0	0	0
64  | 		0	0	0	0	0	0
65  | 		0	0	0	0	0	0
66  | 		0	0	0	0	0	0
67  | 		0	0	0	0	0	0
68  | 		0	0	0	0	0	0
69  | 		0	0	0	0	0	0
70  | 		0	0	0	0	0	0
71  | 		0	0	0	0	0	0
72  | 		0	0	0	0	0	0
73  | 		0	0	0	0	0	0
74  | 		1.31491e-12	2.02294e-12	1.31491e-12	1.20561e-25	17	8.32586e-15
75  | 		1.14896e-12	3.28255e-12	1.14896e-12	9.16368e-26	18	7.73285e-15
76  | 		2.06027e-12	2.28944e-11	2.06027e-12	2.47746e-25	24	1.13319e-14
77  | 		1.72362e-12	3.13271e-11	1.72362e-12	2.01739e-25	20	1.18317e-14
78  | 		6.05119e-12	1.00853e-10	6.05119e-12	6.4086e-24	24	9.40523e-14
79  | 		2.68614e-12	2.82752e-11	2.68614e-12	1.13731e-24	26	3.63697e-14
80  | 		0	0	0	0	0	0
81  | 		0	0	0	0	0	0
82  | 		0	0	0	0	0	0
83  | 		0	0	0	0	0	0
84  | 		0	0	0	0	0	0
85  | 		0	0	0	0	0	0
86  | 		2.22341e-12	7.41631e-11	2.22341e-12	7.76277e-25	10	5.59684e-14
87  | 		0	0	0	0	0	0
88  | 		0	0	0	0	0	0
89  | 		0	0	0	0	0	0
90  | 		0	0	0	0	0	0
91  | 		0	0	0	0	0	0
92  | 		0	0	0	0	0	0
93  | 		0	0	0	0	0	0
94  | 		0	0	0	0	0	0
95  | 		2.1587e-11	1.19927e-11	2.1587e-11	6.58356e-24	93	1.35583e-14
96  | 		0	0	0	0	0	0
97  | 		0	0	0	0	0	0
98  | 		0	0	0	0	0	0
99  | 		0	0	0	0	0	0
100  | 		0	0	0	0	0	0
101  | 		0	0	0	0	0	0
102  | 		0	0	0	0	0	0
103  | 		7.13314e-13	6.83251e-12	7.13314e-13	2.237e-25	5	7.80821e-14
104  | 		0	0	0	0	0	0
105  | 		0	0	0	0	0	0
106  | 		7.03265e-16	5.77483e-16	7.03265e-16	4.94582e-31	1	0
107  | 		1.17184e-10	7.80874e-12	1.17184e-10	4.08777e-23	560	7.22833e-15
108  | 		2.62688e-12	9.55046e-13	2.62688e-12	8.2983e-25	14	4.30267e-14
109  | 		6.07102e-11	6.0559e-12	6.07102e-11	1.70623e-23	326	7.37099e-15
110  | 		0	0	0	0	0	0
111  | 		0	0	0	0	0	0
112  | 		0	0	0	0	0	0
113  | 		0	0	0	0	0	0
114  | 		0	0	0	0	0	0
115  | 		0	0	0	0	0	0
116  | 		1.13545e-12	1.08292e-12	1.13545e-12	8.44075e-26	19	6.95691e-15
117  | 		9.64151e-11	7.79424e-12	9.64151e-11	5.82679e-23	499	1.26298e-14
118  | 		6.92062e-12	4.21098e-12	6.92062e-12	2.06629e-24	31	2.36755e-14
119  | 		2.69317e-11	4.99062e-12	2.69317e-11	2.91536e-23	127	3.82749e-14
120  | 		0	0	0	0	0	0
121  | 		0	0	0	0	0	0
122  | 		7.53897e-14	2.58769e-13	7.53897e-14	3.34923e-27	2	1.59283e-14
123  | 		8.37613e-12	5.71668e-12	8.37613e-12	2.87488e-24	46	2.55346e-14
124  | 		5.91293e-12	9.25297e-12	5.91293e-12	1.7693e-24	26	2.55578e-14
125  | 		4.54899e-12	3.41406e-12	4.54899e-12	1.23561e-24	25	2.60728e-14
126  | 		0	0	0	0	0	0
127  | 		0	0	0	0	0	0
128  | 		0	0	0	0	0	0
129  | 		0	0	0	0	0	0
130  | 		0	0	0	0	0	0
131  | 		0	0	0	0	0	0
132  | 		0	0	0	0	0	0
133  | 		0	0	0	0	0	0
134  | 		0	0	0	0	0	0
135  | 		0	0	0	0	0	0
136  | 		0	0	0	0	0	0
137  | 		1.255e-12	2.5095e-11	1.255e-12	3.30201e-25	6	4.75033e-14
138  | 		1.10367e-11	5.51837e-11	1.10367e-11	3.57455e-24	43	2.02663e-14
139  | 		0	0	0	0	0	0
140  | 		3.9309e-16	1.96545e-12	3.9309e-16	1.68138e-32	12	5.4614e-18
141  | 		0	0	0	0	0	0
Total energy depositied over all organs = 4.05352e-10 J
Total absorbed dose over all organs = 5.006e-10 Gy 
