
	-------------------------------- 
	OrganID	Edep (J)	Dose (Gy)
	-------------------------------- 
	2 |		3.67177e-16	5.24539e-14
	5 |		6.47211e-14	2.10612e-12
	10 |		1.10163e-12	4.05117e-12
	12 |		8.92098e-13	1.0743e-11
	13 |		4.19849e-21	3.10402e-20
	14 |		5.12727e-20	2.7736e-19
	16 |		3.64985e-13	2.85078e-12
	17 |		2.40423e-15	4.02516e-14
	19 |		2.38231e-12	8.79729e-12
	21 |		5.58021e-13	2.4615e-11
	22 |		5.40518e-13	3.00722e-12
	23 |		1.01641e-12	7.2814e-12
	26 |		7.1564e-13	1.27146e-12
	27 |		3.45813e-13	7.66667e-13
	28 |		1.80175e-12	6.88532e-12
	29 |		1.1289e-11	2.39148e-11
	34 |		1.37376e-13	2.58541e-13
	35 |		4.14501e-13	5.68293e-13
	37 |		2.763e-12	1.18808e-11
	38 |		3.3689e-12	6.63456e-12
	39 |		5.68752e-13	7.47178e-12
	40 |		6.09204e-13	8.24362e-12
	41 |		4.12295e-12	1.0343e-11
	42 |		1.57203e-11	2.30781e-11
	43 |		5.0657e-14	1.38725e-13
	44 |		1.83895e-15	3.53603e-15
	45 |		4.44397e-12	2.00966e-11
	46 |		1.24178e-12	6.46052e-12
	47 |		1.03748e-12	1.00804e-11
	48 |		2.94269e-13	4.00093e-12
	49 |		9.47591e-13	3.30655e-12
	50 |		8.32672e-13	2.48307e-12
	51 |		9.32419e-14	5.00789e-13
	53 |		2.32613e-13	2.12957e-12
	54 |		5.60134e-13	3.22825e-12
	56 |		3.7987e-13	6.74605e-12
	58 |		1.56659e-12	1.76676e-11
	60 |		1.38327e-13	3.98293e-12
	61 |		5.37807e-12	3.70901e-12
	67 |		6.93326e-15	9.51064e-13
	70 |		2.09218e-16	1.503e-14
	75 |		2.4452e-13	6.98587e-13
	79 |		3.47709e-14	3.66009e-13
	84 |		2.5181e-13	6.29369e-12
	85 |		1.72497e-13	2.30089e-12
	86 |		5.44365e-13	1.81576e-11
	87 |		3.02603e-13	9.17033e-13
	88 |		1.23768e-12	2.42678e-12
	95 |		3.42724e-14	1.90401e-14
	97 |		1.61782e-12	3.38641e-12
	98 |		4.24001e-15	5.92677e-14
	99 |		8.61336e-14	1.48486e-13
	103 |		1.05161e-12	1.00729e-11
	106 |		2.3144e-11	1.90046e-11
	107 |		1.12397e-10	7.48974e-12
	108 |		4.51871e-11	1.64285e-11
	109 |		5.02568e-11	5.01317e-12
	110 |		5.29459e-13	1.32332e-11
	113 |		2.88152e-17	2.05823e-16
	115 |		6.60746e-15	3.88445e-13
	116 |		2.92543e-12	2.79008e-12
	117 |		7.96594e-11	6.4397e-12
	118 |		1.6947e-11	1.03117e-11
	119 |		3.71149e-11	6.87763e-12
	121 |		9.82623e-13	2.3126e-11
	122 |		6.20637e-13	2.13028e-12
	123 |		2.16702e-11	1.47898e-11
	124 |		5.10943e-12	7.99561e-12
	125 |		1.31449e-11	9.86535e-12
	126 |		5.02063e-13	1.37101e-11
	128 |		3.40025e-13	6.79507e-12
	133 |		3.63896e-15	8.60682e-14
	141 |		2.25264e-12	1.45991e-11
----------------------------------------------------------------------------
-------------------------------ORGAN INFO-----------------------------------
-----------------(of organs where edep/dose was recorded)-------------------
----------------------------------------------------------------------------
ID		Organ Name	    	    	    	Material ID		Density (g/cm^3) 
2     Adrenal, right                                   43    1.030
5     Oral mucosa, tongue                              29    1.050
10    Blood vessels, trunk                             28    1.060
12    Blood vessels, legs                              28    1.060
13    Humeri, upper half, cortical                      2    1.920
14    Humeri, upper half, spongiosa                     3    1.205
16    Humeri, lower half, cortical                      2    1.920
17    Humeri, lower half, spongiosa                     4    1.108
19    Ulnae and radii, cortical                         2    1.920
21    Ulnae and radii, medullary cavity                24    0.980
22    Wrists and hand bones, cortical                   2    1.920
23    Wrists and hand bones, spongiosa                  6    1.108
26    Cranium, cortical                                 2    1.920
27    Cranium, spongiosa                                8    1.157
28    Femora, upper half, cortical                      2    1.920
29    Femora, upper half, spongiosa                     9    1.124
34    Tibiae, fibulae and patellae, cortical            2    1.920
35    Tibiae, fibulae and patellae, spongiosa          11    1.108
37    Ankles and foot bones, cortical                   2    1.920
38    Ankles and foot bones, spongiosa                 12    1.108
39    Mandible, cortical                                2    1.920
40    Mandible, spongiosa                              13    1.228
41    Pelvis, cortical                                  2    1.920
42    Pelvis, spongiosa                                14    1.123
43    Ribs, cortical                                    2    1.920
44    Ribs, spongiosa                                  15    1.165
45    Scapulae, cortical                                2    1.920
46    Scapulae, spongiosa                              16    1.183
47    Cervical spine, cortical                          2    1.920
48    Cervical spine, spongiosa                        17    1.050
49    Thoracic spine, cortical                          2    1.920
50    Thoracic spine, spongiosa                        18    1.074
51    Lumbar spine, cortical                            2    1.920
53    Sacrum, cortical                                  2    1.920
54    Sacrum, spongiosa                                20    1.031
56    Sternum, spongiosa                               21    1.041
58    Cartilage, trunk                                 26    1.100
60    Cartilage, legs                                  26    1.100
61    Brain                                            32    1.050
67    Eye bulb, left                                   34    1.050
70    Gall bladder wall                                45    1.030
75    Small intestine contents                         51    1.040
79    Transverse colon contents, right                 51    1.040
84    Sigmoid colon wall                               38    1.040
85    Sigmoid colon contents                           51    1.040
86    Rectum wall                                      38    1.040
87    Heart wall                                       33    1.050
88    Heart contents (blood)                           28    1.060
95    Liver                                            30    1.050
97    Lung, left, tissue                               50    0.382
98    Lung, right, blood                               28    1.060
99    Lung, right, tissue                              50    0.382
103   Lymphatic nodes, trunk                           47    1.030
106   Muscle, head                                     29    1.050
107   Muscle, trunk                                    29    1.050
108   Muscle, arms                                     29    1.050
109   Muscle, legs                                     29    1.050
110   Oesophagus                                       44    1.030
113   Pancreas                                         31    1.050
115   Prostate                                         46    1.030
116   Residual tissue, head                            49    0.950
117   Residual tissue, trunk                           49    0.950
118   Residual tissue, arms                            49    0.950
119   Residual tissue, legs                            49    0.950
121   Salivary glands, right                           45    1.030
122   Skin, head                                       27    1.090
123   Skin, trunk                                      27    1.090
124   Skin, arms                                       27    1.090
125   Skin, legs                                       27    1.090
126   Spinal cord                                      45    1.030
128   Teeth                                             1    2.750
133   Tongue (inner part)                              29    1.050
141    Phantom Top/Bottom Skin Layer

Total Edep over all organs = 4.84363e-10 J
Total dose absorbed over all organs = 4.76283e-10 Gy

----------------------------------------------------------------------------
----------------ORGAN ENERGY DEPOSITIONS AND ABSORBED DOSE------------------
-----------(for all organs [includes air - OrganIDs = 0, 140])--------------
--------------([and top/bottom skin layer - OrganIDs = 141])----------------
----------------------------------------------------------------------------
OrganID	Edep (J) 	Dose (Gy) 	S1_J	S2_J2	N	SE_run_J
-------------------------------
0  | 		7.57754e-13	0	7.57754e-13	3.10797e-28	6282	2.35803e-18
1  | 		0	0	0	0	0	0
2  | 		3.67177e-16	5.24539e-14	3.67177e-16	1.34819e-31	1	0
3  | 		0	0	0	0	0	0
4  | 		0	0	0	0	0	0
5  | 		6.47211e-14	2.10612e-12	6.47211e-14	3.68677e-27	2	2.82166e-14
6  | 		0	0	0	0	0	0
7  | 		0	0	0	0	0	0
8  | 		0	0	0	0	0	0
9  | 		0	0	0	0	0	0
10  | 		1.10163e-12	4.05117e-12	1.10163e-12	2.73545e-25	6	4.87438e-14
11  | 		0	0	0	0	0	0
12  | 		8.92098e-13	1.0743e-11	8.92098e-13	2.31349e-25	5	6.00757e-14
13  | 		4.19849e-21	3.10402e-20	4.19849e-21	1.76274e-41	1	0
14  | 		5.12727e-20	2.7736e-19	5.12727e-20	9.09582e-40	3	2.35533e-21
15  | 		0	0	0	0	0	0
16  | 		3.64985e-13	2.85078e-12	3.64985e-13	4.21106e-26	4	2.7091e-14
17  | 		2.40423e-15	4.02516e-14	2.40423e-15	5.78033e-30	1	0
18  | 		0	0	0	0	0	0
19  | 		2.38231e-12	8.79729e-12	2.38231e-12	1.39662e-24	6	1.22573e-13
20  | 		0	0	0	0	0	0
21  | 		5.58021e-13	2.4615e-11	5.58021e-13	1.67991e-25	3	1.03437e-13
22  | 		5.40518e-13	3.00722e-12	5.40518e-13	7.22476e-26	10	2.18661e-14
23  | 		1.01641e-12	7.2814e-12	1.01641e-12	2.91e-25	6	6.29332e-14
24  | 		0	0	0	0	0	0
25  | 		0	0	0	0	0	0
26  | 		7.1564e-13	1.27146e-12	7.1564e-13	8.11197e-26	8	1.74756e-14
27  | 		3.45813e-13	7.66667e-13	3.45813e-13	2.80883e-26	7	1.61868e-14
28  | 		1.80175e-12	6.88532e-12	1.80175e-12	7.79218e-25	5	8.06093e-14
29  | 		1.1289e-11	2.39148e-11	1.1289e-11	3.10618e-24	59	1.6628e-14
30  | 		0	0	0	0	0	0
31  | 		0	0	0	0	0	0
32  | 		0	0	0	0	0	0
33  | 		0	0	0	0	0	0
34  | 		1.37376e-13	2.58541e-13	1.37376e-13	1.04277e-26	2	2.22665e-14
35  | 		4.14501e-13	5.68293e-13	4.14501e-13	4.16838e-26	6	2.08555e-14
36  | 		0	0	0	0	0	0
37  | 		2.763e-12	1.18808e-11	2.763e-12	1.2128e-24	9	7.11564e-14
38  | 		3.3689e-12	6.63456e-12	3.3689e-12	5.7175e-25	41	1.34104e-14
39  | 		5.68752e-13	7.47178e-12	5.68752e-13	5.6593e-26	10	1.64131e-14
40  | 		6.09204e-13	8.24362e-12	6.09204e-13	6.01442e-26	10	1.5997e-14
41  | 		4.12295e-12	1.0343e-11	4.12295e-12	1.41619e-24	19	3.90504e-14
42  | 		1.57203e-11	2.30781e-11	1.57203e-11	1.19387e-23	74	3.9898e-14
43  | 		5.0657e-14	1.38725e-13	5.0657e-14	2.00103e-27	2	1.89468e-14
44  | 		1.83895e-15	3.53603e-15	1.83895e-15	3.38172e-30	1	0
45  | 		4.44397e-12	2.00966e-11	4.44397e-12	7.90666e-25	44	1.34414e-14
46  | 		1.24178e-12	6.46052e-12	1.24178e-12	1.03939e-25	40	6.47424e-15
47  | 		1.03748e-12	1.00804e-11	1.03748e-12	9.78608e-26	13	9.82672e-15
48  | 		2.94269e-13	4.00093e-12	2.94269e-13	2.04372e-26	6	1.41478e-14
49  | 		9.47591e-13	3.30655e-12	9.47591e-13	1.16073e-25	9	1.50478e-14
50  | 		8.32672e-13	2.48307e-12	8.32672e-13	5.62471e-26	15	6.90899e-15
51  | 		9.32419e-14	5.00789e-13	9.32419e-14	8.69405e-27	1	0
52  | 		0	0	0	0	0	0
53  | 		2.32613e-13	2.12957e-12	2.32613e-13	5.41086e-26	1	0
54  | 		5.60134e-13	3.22825e-12	5.60134e-13	1.13587e-25	3	3.87376e-14
55  | 		0	0	0	0	0	0
56  | 		3.7987e-13	6.74605e-12	3.7987e-13	4.06971e-26	4	1.96253e-14
57  | 		0	0	0	0	0	0
58  | 		1.56659e-12	1.76676e-11	1.56659e-12	5.93587e-25	11	5.80343e-14
59  | 		0	0	0	0	0	0
60  | 		1.38327e-13	3.98293e-12	1.38327e-13	8.44933e-27	3	1.85796e-14
61  | 		5.37807e-12	3.70901e-12	5.37807e-12	3.95676e-25	111	3.3264e-15
62  | 		0	0	0	0	0	0
63  | 		0	0	0	0	0	0
64  | 		0	0	0	0	0	0
65  | 		0	0	0	0	0	0
66  | 		0	0	0	0	0	0
67  | 		6.93326e-15	9.51064e-13	6.93326e-15	2.74595e-29	3	1.38059e-15
68  | 		0	0	0	0	0	0
69  | 		0	0	0	0	0	0
70  | 		2.09218e-16	1.503e-14	2.09218e-16	4.37685e-32	2	1.046e-16
71  | 		0	0	0	0	0	0
72  | 		0	0	0	0	0	0
73  | 		0	0	0	0	0	0
74  | 		0	0	0	0	0	0
75  | 		2.4452e-13	6.98587e-13	2.4452e-13	5.59754e-26	8	2.94296e-14
76  | 		0	0	0	0	0	0
77  | 		0	0	0	0	0	0
78  | 		0	0	0	0	0	0
79  | 		3.47709e-14	3.66009e-13	3.47709e-14	1.20901e-27	1	0
80  | 		0	0	0	0	0	0
81  | 		0	0	0	0	0	0
82  | 		0	0	0	0	0	0
83  | 		0	0	0	0	0	0
84  | 		2.5181e-13	6.29369e-12	2.5181e-13	2.09305e-26	5	2.03087e-14
85  | 		1.72497e-13	2.30089e-12	1.72497e-13	1.67235e-26	2	3.03798e-14
86  | 		5.44365e-13	1.81576e-11	5.44365e-13	1.16373e-25	4	5.93643e-14
87  | 		3.02603e-13	9.17033e-13	3.02603e-13	1.84072e-26	7	1.1261e-14
88  | 		1.23768e-12	2.42678e-12	1.23768e-12	8.28982e-26	23	5.67493e-15
89  | 		0	0	0	0	0	0
90  | 		0	0	0	0	0	0
91  | 		0	0	0	0	0	0
92  | 		0	0	0	0	0	0
93  | 		0	0	0	0	0	0
94  | 		0	0	0	0	0	0
95  | 		3.42724e-14	1.90401e-14	3.42724e-14	5.53328e-28	63	3.69983e-16
96  | 		0	0	0	0	0	0
97  | 		1.61782e-12	3.38641e-12	1.61782e-12	1.31675e-24	2	6.35506e-14
98  | 		4.24001e-15	5.92677e-14	4.24001e-15	1.79777e-29	1	0
99  | 		8.61336e-14	1.48486e-13	8.61336e-14	1.87092e-27	6	4.59862e-15
100  | 		0	0	0	0	0	0
101  | 		0	0	0	0	0	0
102  | 		0	0	0	0	0	0
103  | 		1.05161e-12	1.00729e-11	1.05161e-12	4.13007e-25	4	1.06667e-13
104  | 		0	0	0	0	0	0
105  | 		0	0	0	0	0	0
106  | 		2.3144e-11	1.90046e-11	2.3144e-11	1.85608e-23	202	1.97947e-14
107  | 		1.12397e-10	7.48974e-12	1.12397e-10	4.08356e-23	810	6.20613e-15
108  | 		4.51871e-11	1.64285e-11	4.51871e-11	4.54241e-22	211	1.00165e-13
109  | 		5.02568e-11	5.01317e-12	5.02568e-11	1.76078e-23	309	9.95613e-15
110  | 		5.29459e-13	1.32332e-11	5.29459e-13	3.87079e-26	8	8.09215e-15
111  | 		0	0	0	0	0	0
112  | 		0	0	0	0	0	0
113  | 		2.88152e-17	2.05823e-16	2.88152e-17	3.81572e-34	10	1.8213e-18
114  | 		0	0	0	0	0	0
115  | 		6.60746e-15	3.88445e-13	6.60746e-15	4.36585e-29	1	0
116  | 		2.92543e-12	2.79008e-12	2.92543e-12	3.95558e-25	46	1.00605e-14
117  | 		7.96594e-11	6.4397e-12	7.96594e-11	1.64728e-23	684	3.92459e-15
118  | 		1.6947e-11	1.03117e-11	1.6947e-11	3.46845e-24	150	8.33789e-15
119  | 		3.71149e-11	6.87763e-12	3.71149e-11	1.13603e-23	247	9.75602e-15
120  | 		0	0	0	0	0	0
121  | 		9.82623e-13	2.3126e-11	9.82623e-13	3.24667e-25	11	4.64063e-14
122  | 		6.20637e-13	2.13028e-12	6.20637e-13	1.48334e-25	7	4.71337e-14
123  | 		2.16702e-11	1.47898e-11	2.16702e-11	9.03669e-23	72	1.28069e-13
124  | 		5.10943e-12	7.99561e-12	5.10943e-12	1.2078e-24	34	1.98022e-14
125  | 		1.31449e-11	9.86535e-12	1.31449e-11	5.43129e-24	68	2.51871e-14
126  | 		5.02063e-13	1.37101e-11	5.02063e-13	6.12283e-26	6	2.53095e-14
127  | 		0	0	0	0	0	0
128  | 		3.40025e-13	6.79507e-12	3.40025e-13	1.15617e-25	1	0
129  | 		0	0	0	0	0	0
130  | 		0	0	0	0	0	0
131  | 		0	0	0	0	0	0
132  | 		0	0	0	0	0	0
133  | 		3.63896e-15	8.60682e-14	3.63896e-15	1.32421e-29	1	0
134  | 		0	0	0	0	0	0
135  | 		0	0	0	0	0	0
136  | 		0	0	0	0	0	0
137  | 		0	0	0	0	0	0
138  | 		0	0	0	0	0	0
139  | 		0	0	0	0	0	0
140  | 		0	0	0	0	0	0
141  | 		2.25264e-12	1.45991e-11	2.25264e-12	6.3396e-25	11	3.96175e-14
Total energy depositied over all organs = 4.84363e-10 J
Total absorbed dose over all organs = 4.76283e-10 Gy 
