
	-------------------------------- 
	OrganID	Edep (J)	Dose (Gy)
	-------------------------------- 
	5 |		3.24404e-12	1.05566e-10
	10 |		4.46612e-12	1.64238e-11
	19 |		2.57691e-12	9.5159e-12
	22 |		1.08824e-12	6.05452e-12
	26 |		2.70422e-12	4.80451e-12
	27 |		2.27867e-12	5.0518e-12
	28 |		1.66965e-12	6.38049e-12
	29 |		2.87978e-11	6.10058e-11
	31 |		6.11773e-13	2.08022e-12
	32 |		9.75801e-13	2.22496e-12
	34 |		4.23927e-13	7.9783e-13
	35 |		2.14334e-12	2.93858e-12
	39 |		2.6804e-12	3.52128e-11
	40 |		1.1042e-12	1.49418e-11
	41 |		1.53485e-11	3.85041e-11
	42 |		2.80457e-11	4.11722e-11
	45 |		2.81671e-15	1.27378e-14
	51 |		1.60054e-12	8.59629e-12
	52 |		3.7981e-12	1.25736e-11
	53 |		4.21412e-12	3.85803e-11
	54 |		5.03053e-12	2.89927e-11
	58 |		1.13346e-12	1.27829e-11
	60 |		2.35403e-13	6.77808e-12
	61 |		1.85838e-11	1.28164e-11
	74 |		1.43234e-11	2.20361e-11
	75 |		6.78686e-14	1.93899e-13
	76 |		1.22257e-12	1.35856e-11
	78 |		7.44551e-13	1.24092e-11
	79 |		1.06744e-12	1.12362e-11
	84 |		3.26059e-13	8.14945e-12
	85 |		1.84016e-12	2.45452e-11
	86 |		2.87053e-12	9.57482e-11
	92 |		2.7545e-14	2.50591e-13
	95 |		5.05122e-12	2.80622e-12
	103 |		1.9629e-12	1.88017e-11
	104 |		1.1202e-13	1.43066e-11
	106 |		8.83831e-12	7.25755e-12
	107 |		2.61991e-10	1.74581e-11
	108 |		2.68479e-11	9.76101e-12
	109 |		8.58321e-11	8.56183e-12
	115 |		5.43939e-13	3.19776e-11
	116 |		1.23774e-11	1.18047e-11
	117 |		1.72324e-10	1.39307e-11
	118 |		5.92388e-12	3.6045e-12
	119 |		4.22834e-11	7.83538e-12
	121 |		4.47543e-13	1.05329e-11
	122 |		2.39741e-13	8.22889e-13
	123 |		9.39156e-12	6.4097e-12
	124 |		5.94314e-12	9.30025e-12
	125 |		6.86952e-12	5.15563e-12
	128 |		3.3274e-12	6.64948e-11
	129 |		3.36825e-13	1.92692e-11
	130 |		3.80786e-13	2.17344e-11
	137 |		6.2801e-13	1.25577e-11
	138 |		1.31576e-12	6.57882e-12
----------------------------------------------------------------------------
-------------------------------ORGAN INFO-----------------------------------
-----------------(of organs where edep/dose was recorded)-------------------
----------------------------------------------------------------------------
ID		Organ Name	    	    	    	Material ID		Density (g/cm^3) 
5     Oral mucosa, tongue                              29    1.050
10    Blood vessels, trunk                             28    1.060
19    Ulnae and radii, cortical                         2    1.920
22    Wrists and hand bones, cortical                   2    1.920
26    Cranium, cortical                                 2    1.920
27    Cranium, spongiosa                                8    1.157
28    Femora, upper half, cortical                      2    1.920
29    Femora, upper half, spongiosa                     9    1.124
31    Femora, lower half, cortical                      2    1.920
32    Femora, lower half, spongiosa                    10    1.108
34    Tibiae, fibulae and patellae, cortical            2    1.920
35    Tibiae, fibulae and patellae, spongiosa          11    1.108
39    Mandible, cortical                                2    1.920
40    Mandible, spongiosa                              13    1.228
41    Pelvis, cortical                                  2    1.920
42    Pelvis, spongiosa                                14    1.123
45    Scapulae, cortical                                2    1.920
51    Lumbar spine, cortical                            2    1.920
52    Lumbar spine, spongiosa                          19    1.112
53    Sacrum, cortical                                  2    1.920
54    Sacrum, spongiosa                                20    1.031
58    Cartilage, trunk                                 26    1.100
60    Cartilage, legs                                  26    1.100
61    Brain                                            32    1.050
74    Small intestine wall                             37    1.040
75    Small intestine contents                         51    1.040
76    Ascending colon wall                             38    1.040
78    Transverse colon wall, right                     38    1.040
79    Transverse colon contents, right                 51    1.040
84    Sigmoid colon wall                               38    1.040
85    Sigmoid colon contents                           51    1.040
86    Rectum wall                                      38    1.040
92    Kidney, right, cortex                            35    1.050
95    Liver                                            30    1.050
103   Lymphatic nodes, trunk                           47    1.030
104   Lymphatic nodes, arms                            47    1.030
106   Muscle, head                                     29    1.050
107   Muscle, trunk                                    29    1.050
108   Muscle, arms                                     29    1.050
109   Muscle, legs                                     29    1.050
115   Prostate                                         46    1.030
116   Residual tissue, head                            49    0.950
117   Residual tissue, trunk                           49    0.950
118   Residual tissue, arms                            49    0.950
119   Residual tissue, legs                            49    0.950
121   Salivary glands, right                           45    1.030
122   Skin, head                                       27    1.090
123   Skin, trunk                                      27    1.090
124   Skin, arms                                       27    1.090
125   Skin, legs                                       27    1.090
128   Teeth                                             1    2.750
129   Testis, left                                     42    1.040
130   Testis, right                                    42    1.040
137   Urinary bladder wall                             41    1.040
138   Urinary bladder contents                         52    1.040

Total Edep over all organs = 8.08216e-10 J
Total dose absorbed over all organs = 9.68925e-10 Gy

----------------------------------------------------------------------------
----------------ORGAN ENERGY DEPOSITIONS AND ABSORBED DOSE------------------
-----------(for all organs [includes air - OrganIDs = 0, 140])--------------
--------------([and top/bottom skin layer - OrganIDs = 141])----------------
----------------------------------------------------------------------------
OrganID	Edep (J) 	Dose (Gy) 	S1_J	S2_J2	N	SE_run_J
-------------------------------
0  | 		7.52341e-13	0	7.52341e-13	3.11921e-28	6453	2.32058e-18
1  | 		0	0	0	0	0	0
2  | 		0	0	0	0	0	0
3  | 		0	0	0	0	0	0
4  | 		0	0	0	0	0	0
5  | 		3.24404e-12	1.05566e-10	3.24404e-12	2.05437e-24	17	7.26423e-14
6  | 		0	0	0	0	0	0
7  | 		0	0	0	0	0	0
8  | 		0	0	0	0	0	0
9  | 		0	0	0	0	0	0
10  | 		4.46612e-12	1.64238e-11	4.46612e-12	1.80369e-24	16	4.81773e-14
11  | 		0	0	0	0	0	0
12  | 		0	0	0	0	0	0
13  | 		0	0	0	0	0	0
14  | 		0	0	0	0	0	0
15  | 		0	0	0	0	0	0
16  | 		0	0	0	0	0	0
17  | 		0	0	0	0	0	0
18  | 		0	0	0	0	0	0
19  | 		2.57691e-12	9.5159e-12	2.57691e-12	1.13358e-24	10	7.2229e-14
20  | 		0	0	0	0	0	0
21  | 		0	0	0	0	0	0
22  | 		1.08824e-12	6.05452e-12	1.08824e-12	5.74597e-25	4	1.52351e-13
23  | 		0	0	0	0	0	0
24  | 		0	0	0	0	0	0
25  | 		0	0	0	0	0	0
26  | 		2.70422e-12	4.80451e-12	2.70422e-12	1.26662e-24	10	7.71245e-14
27  | 		2.27867e-12	5.0518e-12	2.27867e-12	3.08701e-25	24	1.29348e-14
28  | 		1.66965e-12	6.38049e-12	1.66965e-12	7.40517e-25	9	7.73494e-14
29  | 		2.87978e-11	6.10058e-11	2.87978e-11	1.58674e-23	127	2.41561e-14
30  | 		0	0	0	0	0	0
31  | 		6.11773e-13	2.08022e-12	6.11773e-13	6.24787e-26	8	1.67415e-14
32  | 		9.75801e-13	2.22496e-12	9.75801e-13	5.57119e-26	21	4.96885e-15
33  | 		0	0	0	0	0	0
34  | 		4.23927e-13	7.9783e-13	4.23927e-13	7.39859e-26	4	4.92082e-14
35  | 		2.14334e-12	2.93858e-12	2.14334e-12	1.49777e-25	41	4.79652e-15
36  | 		0	0	0	0	0	0
37  | 		0	0	0	0	0	0
38  | 		0	0	0	0	0	0
39  | 		2.6804e-12	3.52128e-11	2.6804e-12	6.04661e-24	3	7.80146e-13
40  | 		1.1042e-12	1.49418e-11	1.1042e-12	9.62241e-26	15	8.4346e-15
41  | 		1.53485e-11	3.85041e-11	1.53485e-11	3.19839e-23	51	1.03592e-13
42  | 		2.80457e-11	4.11722e-11	2.80457e-11	2.3341e-23	161	2.67664e-14
43  | 		0	0	0	0	0	0
44  | 		0	0	0	0	0	0
45  | 		2.81671e-15	1.27378e-14	2.81671e-15	7.93387e-30	1	0
46  | 		0	0	0	0	0	0
47  | 		0	0	0	0	0	0
48  | 		0	0	0	0	0	0
49  | 		0	0	0	0	0	0
50  | 		0	0	0	0	0	0
51  | 		1.60054e-12	8.59629e-12	1.60054e-12	4.52774e-25	8	4.86526e-14
52  | 		3.7981e-12	1.25736e-11	3.7981e-12	1.02747e-24	17	2.56463e-14
53  | 		4.21412e-12	3.85803e-11	4.21412e-12	1.23407e-24	27	2.8653e-14
54  | 		5.03053e-12	2.89927e-11	5.03053e-12	1.67627e-24	43	2.45418e-14
55  | 		0	0	0	0	0	0
56  | 		0	0	0	0	0	0
57  | 		0	0	0	0	0	0
58  | 		1.13346e-12	1.27829e-11	1.13346e-12	1.95567e-25	11	2.67604e-14
59  | 		0	0	0	0	0	0
60  | 		2.35403e-13	6.77808e-12	2.35403e-13	1.78641e-26	4	1.82813e-14
61  | 		1.85838e-11	1.28164e-11	1.85838e-11	4.96249e-24	130	1.17261e-14
62  | 		0	0	0	0	0	0
63  | 		0	0	0	0	0	0
64  | 		0	0	0	0	0	0
65  | 		0	0	0	0	0	0
66  | 		0	0	0	0	0	0
67  | 		0	0	0	0	0	0
68  | 		0	0	0	0	0	0
69  | 		0	0	0	0	0	0
70  | 		0	0	0	0	0	0
71  | 		0	0	0	0	0	0
72  | 		0	0	0	0	0	0
73  | 		0	0	0	0	0	0
74  | 		1.43234e-11	2.20361e-11	1.43234e-11	2.3219e-23	52	8.52502e-14
75  | 		6.78686e-14	1.93899e-13	6.78686e-14	4.4543e-27	2	3.27965e-14
76  | 		1.22257e-12	1.35856e-11	1.22257e-12	1.36124e-25	16	1.33396e-14
77  | 		0	0	0	0	0	0
78  | 		7.44551e-13	1.24092e-11	7.44551e-13	9.6802e-26	9	2.2113e-14
79  | 		1.06744e-12	1.12362e-11	1.06744e-12	1.43753e-25	11	1.91092e-14
80  | 		0	0	0	0	0	0
81  | 		0	0	0	0	0	0
82  | 		0	0	0	0	0	0
83  | 		0	0	0	0	0	0
84  | 		3.26059e-13	8.14945e-12	3.26059e-13	7.92032e-26	2	1.14118e-13
85  | 		1.84016e-12	2.45452e-11	1.84016e-12	4.15841e-25	12	3.1821e-14
86  | 		2.87053e-12	9.57482e-11	2.87053e-12	2.3831e-25	49	5.46122e-15
87  | 		0	0	0	0	0	0
88  | 		0	0	0	0	0	0
89  | 		0	0	0	0	0	0
90  | 		0	0	0	0	0	0
91  | 		0	0	0	0	0	0
92  | 		2.7545e-14	2.50591e-13	2.7545e-14	7.58725e-28	1	0
93  | 		0	0	0	0	0	0
94  | 		0	0	0	0	0	0
95  | 		5.05122e-12	2.80622e-12	5.05122e-12	1.43455e-24	26	2.64055e-14
96  | 		0	0	0	0	0	0
97  | 		0	0	0	0	0	0
98  | 		0	0	0	0	0	0
99  | 		0	0	0	0	0	0
100  | 		0	0	0	0	0	0
101  | 		0	0	0	0	0	0
102  | 		0	0	0	0	0	0
103  | 		1.9629e-12	1.88017e-11	1.9629e-12	5.43523e-25	11	4.19147e-14
104  | 		1.1202e-13	1.43066e-11	1.1202e-13	6.29369e-27	2	3.11575e-15
105  | 		0	0	0	0	0	0
106  | 		8.83831e-12	7.25755e-12	8.83831e-12	2.82384e-23	18	2.79464e-13
107  | 		2.61991e-10	1.74581e-11	2.61991e-10	1.37998e-22	1591	6.12347e-15
108  | 		2.68479e-11	9.76101e-12	2.68479e-11	6.94863e-24	161	9.79514e-15
109  | 		8.58321e-11	8.56183e-12	8.58321e-11	5.39903e-23	617	1.05184e-14
110  | 		0	0	0	0	0	0
111  | 		0	0	0	0	0	0
112  | 		0	0	0	0	0	0
113  | 		0	0	0	0	0	0
114  | 		0	0	0	0	0	0
115  | 		5.43939e-13	3.19776e-11	5.43939e-13	4.03818e-26	8	7.78985e-15
116  | 		1.23774e-11	1.18047e-11	1.23774e-11	5.12228e-23	37	1.88008e-13
117  | 		1.72324e-10	1.39307e-11	1.72324e-10	1.19448e-22	1275	7.69397e-15
118  | 		5.92388e-12	3.6045e-12	5.92388e-12	1.19018e-24	52	1.39397e-14
119  | 		4.22834e-11	7.83538e-12	4.22834e-11	9.84366e-24	346	6.25902e-15
120  | 		0	0	0	0	0	0
121  | 		4.47543e-13	1.05329e-11	4.47543e-13	2.86715e-26	9	9.44029e-15
122  | 		2.39741e-13	8.22889e-13	2.39741e-13	1.8105e-26	4	1.7645e-14
123  | 		9.39156e-12	6.4097e-12	9.39156e-12	2.19616e-24	81	1.30718e-14
124  | 		5.94314e-12	9.30025e-12	5.94314e-12	1.67572e-24	33	2.39434e-14
125  | 		6.86952e-12	5.15563e-12	6.86952e-12	1.77242e-24	53	1.78897e-14
126  | 		0	0	0	0	0	0
127  | 		0	0	0	0	0	0
128  | 		3.3274e-12	6.64948e-11	3.3274e-12	6.72626e-25	19	1.6214e-14
129  | 		3.36825e-13	1.92692e-11	3.36825e-13	3.50064e-26	5	2.48155e-14
130  | 		3.80786e-13	2.17344e-11	3.80786e-13	2.73025e-26	8	1.28019e-14
131  | 		0	0	0	0	0	0
132  | 		0	0	0	0	0	0
133  | 		0	0	0	0	0	0
134  | 		0	0	0	0	0	0
135  | 		0	0	0	0	0	0
136  | 		0	0	0	0	0	0
137  | 		6.2801e-13	1.25577e-11	6.2801e-13	5.50767e-26	12	1.29715e-14
138  | 		1.31576e-12	6.57882e-12	1.31576e-12	1.00495e-25	24	7.16774e-15
139  | 		0	0	0	0	0	0
140  | 		6.17446e-17	3.08723e-13	6.17446e-17	3.81239e-33	1	0
141  | 		0	0	0	0	0	0
Total energy depositied over all organs = 8.08216e-10 J
Total absorbed dose over all organs = 9.68925e-10 Gy 
