
	-------------------------------- 
	OrganID	Edep (J)	Dose (Gy)
	-------------------------------- 
	10 |		1.92905e-13	7.09392e-13
	12 |		1.65115e-13	1.98838e-12
	22 |		1.0942e-12	6.08769e-12
	23 |		2.5217e-13	1.8065e-12
	26 |		1.44967e-12	2.57558e-12
	27 |		1.11148e-12	2.46415e-12
	28 |		1.17863e-12	4.50408e-12
	29 |		1.32953e-12	2.81651e-12
	30 |		3.53267e-13	1.37031e-11
	31 |		1.44755e-12	4.92213e-12
	32 |		3.55357e-12	8.10262e-12
	34 |		2.18875e-12	4.11922e-12
	35 |		3.69985e-12	5.07259e-12
	37 |		4.9139e-13	2.11296e-12
	38 |		6.31877e-13	1.24439e-12
	41 |		1.6589e-12	4.1616e-12
	42 |		4.01172e-12	5.88937e-12
	58 |		3.65796e-13	4.12537e-12
	60 |		1.96147e-13	5.64777e-12
	61 |		7.92352e-12	5.4645e-12
	74 |		2.01772e-13	3.10418e-13
	77 |		2.35916e-15	4.28782e-14
	86 |		6.87904e-13	2.29454e-11
	95 |		3.00277e-12	1.6682e-12
	103 |		6.55358e-14	6.27738e-13
	106 |		4.84938e-11	3.98205e-11
	107 |		4.26173e-11	2.83986e-12
	108 |		5.99533e-12	2.1797e-12
	109 |		1.51047e-11	1.50671e-12
	116 |		6.42221e-12	6.12508e-12
	117 |		3.21365e-11	2.59793e-12
	118 |		2.60873e-12	1.58733e-12
	119 |		1.01338e-11	1.87785e-12
	122 |		5.67097e-13	1.94651e-12
	123 |		3.3718e-12	2.30124e-12
	124 |		1.11301e-12	1.74172e-12
	125 |		3.7476e-12	2.8126e-12
	137 |		5.05756e-13	1.01131e-11
	138 |		5.92602e-13	2.96301e-12
----------------------------------------------------------------------------
-------------------------------ORGAN INFO-----------------------------------
-----------------(of organs where edep/dose was recorded)-------------------
----------------------------------------------------------------------------
ID		Organ Name	    	    	    	Material ID		Density (g/cm^3) 
10    Blood vessels, trunk                             28    1.060
12    Blood vessels, legs                              28    1.060
22    Wrists and hand bones, cortical                   2    1.920
23    Wrists and hand bones, spongiosa                  6    1.108
26    Cranium, cortical                                 2    1.920
27    Cranium, spongiosa                                8    1.157
28    Femora, upper half, cortical                      2    1.920
29    Femora, upper half, spongiosa                     9    1.124
30    Femora, upper half, medullary cavity             22    0.980
31    Femora, lower half, cortical                      2    1.920
32    Femora, lower half, spongiosa                    10    1.108
34    Tibiae, fibulae and patellae, cortical            2    1.920
35    Tibiae, fibulae and patellae, spongiosa          11    1.108
37    Ankles and foot bones, cortical                   2    1.920
38    Ankles and foot bones, spongiosa                 12    1.108
41    Pelvis, cortical                                  2    1.920
42    Pelvis, spongiosa                                14    1.123
58    Cartilage, trunk                                 26    1.100
60    Cartilage, legs                                  26    1.100
61    Brain                                            32    1.050
74    Small intestine wall                             37    1.040
77    Ascending colon contents                         51    1.040
86    Rectum wall                                      38    1.040
95    Liver                                            30    1.050
103   Lymphatic nodes, trunk                           47    1.030
106   Muscle, head                                     29    1.050
107   Muscle, trunk                                    29    1.050
108   Muscle, arms                                     29    1.050
109   Muscle, legs                                     29    1.050
116   Residual tissue, head                            49    0.950
117   Residual tissue, trunk                           49    0.950
118   Residual tissue, arms                            49    0.950
119   Residual tissue, legs                            49    0.950
122   Skin, head                                       27    1.090
123   Skin, trunk                                      27    1.090
124   Skin, arms                                       27    1.090
125   Skin, legs                                       27    1.090
137   Urinary bladder wall                             41    1.040
138   Urinary bladder contents                         52    1.040

Total Edep over all organs = 2.10667e-10 J
Total dose absorbed over all organs = 1.93526e-10 Gy

----------------------------------------------------------------------------
----------------ORGAN ENERGY DEPOSITIONS AND ABSORBED DOSE------------------
-----------(for all organs [includes air - OrganIDs = 0, 140])--------------
--------------([and top/bottom skin layer - OrganIDs = 141])----------------
----------------------------------------------------------------------------
OrganID	Edep (J) 	Dose (Gy) 	S1_J	S2_J2	N	SE_run_J
-------------------------------
0  | 		4.45074e-13	0	4.45074e-13	6.05548e-28	5719	4.17832e-18
1  | 		0	0	0	0	0	0
2  | 		0	0	0	0	0	0
3  | 		0	0	0	0	0	0
4  | 		0	0	0	0	0	0
5  | 		0	0	0	0	0	0
6  | 		0	0	0	0	0	0
7  | 		0	0	0	0	0	0
8  | 		0	0	0	0	0	0
9  | 		0	0	0	0	0	0
10  | 		1.92905e-13	7.09392e-13	1.92905e-13	1.17662e-26	4	1.43268e-14
11  | 		0	0	0	0	0	0
12  | 		1.65115e-13	1.98838e-12	1.65115e-13	1.91861e-26	2	5.26999e-14
13  | 		0	0	0	0	0	0
14  | 		0	0	0	0	0	0
15  | 		0	0	0	0	0	0
16  | 		0	0	0	0	0	0
17  | 		0	0	0	0	0	0
18  | 		0	0	0	0	0	0
19  | 		0	0	0	0	0	0
20  | 		0	0	0	0	0	0
21  | 		0	0	0	0	0	0
22  | 		1.0942e-12	6.08769e-12	1.0942e-12	1.26147e-25	13	1.47737e-14
23  | 		2.5217e-13	1.8065e-12	2.5217e-13	1.26637e-26	6	8.29735e-15
24  | 		0	0	0	0	0	0
25  | 		0	0	0	0	0	0
26  | 		1.44967e-12	2.57558e-12	1.44967e-12	1.67032e-25	16	1.21939e-14
27  | 		1.11148e-12	2.46415e-12	1.11148e-12	1.04982e-25	16	1.07569e-14
28  | 		1.17863e-12	4.50408e-12	1.17863e-12	1.39274e-25	14	1.48338e-14
29  | 		1.32953e-12	2.81651e-12	1.32953e-12	3.59512e-25	15	3.39234e-14
30  | 		3.53267e-13	1.37031e-11	3.53267e-13	2.97201e-26	6	1.72438e-14
31  | 		1.44755e-12	4.92213e-12	1.44755e-12	1.61949e-25	14	8.21336e-15
32  | 		3.55357e-12	8.10262e-12	3.55357e-12	3.55328e-25	61	6.36578e-15
33  | 		0	0	0	0	0	0
34  | 		2.18875e-12	4.11922e-12	2.18875e-12	3.3515e-25	19	1.55797e-14
35  | 		3.69985e-12	5.07259e-12	3.69985e-12	2.7503e-25	64	3.89411e-15
36  | 		0	0	0	0	0	0
37  | 		4.9139e-13	2.11296e-12	4.9139e-13	5.14149e-26	5	1.24943e-14
38  | 		6.31877e-13	1.24439e-12	6.31877e-13	4.34607e-26	10	6.26617e-15
39  | 		0	0	0	0	0	0
40  | 		0	0	0	0	0	0
41  | 		1.6589e-12	4.1616e-12	1.6589e-12	1.72675e-25	21	9.95586e-15
42  | 		4.01172e-12	5.88937e-12	4.01172e-12	3.28069e-25	71	4.51677e-15
43  | 		0	0	0	0	0	0
44  | 		0	0	0	0	0	0
45  | 		0	0	0	0	0	0
46  | 		0	0	0	0	0	0
47  | 		0	0	0	0	0	0
48  | 		0	0	0	0	0	0
49  | 		0	0	0	0	0	0
50  | 		0	0	0	0	0	0
51  | 		0	0	0	0	0	0
52  | 		0	0	0	0	0	0
53  | 		0	0	0	0	0	0
54  | 		0	0	0	0	0	0
55  | 		0	0	0	0	0	0
56  | 		0	0	0	0	0	0
57  | 		0	0	0	0	0	0
58  | 		3.65796e-13	4.12537e-12	3.65796e-13	2.5724e-26	6	1.06815e-14
59  | 		0	0	0	0	0	0
60  | 		1.96147e-13	5.64777e-12	1.96147e-13	1.93923e-26	2	8.81858e-15
61  | 		7.92352e-12	5.4645e-12	7.92352e-12	5.89837e-25	150	2.76838e-15
62  | 		0	0	0	0	0	0
63  | 		0	0	0	0	0	0
64  | 		0	0	0	0	0	0
65  | 		0	0	0	0	0	0
66  | 		0	0	0	0	0	0
67  | 		0	0	0	0	0	0
68  | 		0	0	0	0	0	0
69  | 		0	0	0	0	0	0
70  | 		0	0	0	0	0	0
71  | 		0	0	0	0	0	0
72  | 		0	0	0	0	0	0
73  | 		0	0	0	0	0	0
74  | 		2.01772e-13	3.10418e-13	2.01772e-13	1.03238e-26	4	3.48639e-15
75  | 		0	0	0	0	0	0
76  | 		0	0	0	0	0	0
77  | 		2.35916e-15	4.28782e-14	2.35916e-15	4.2794e-30	3	6.35635e-16
78  | 		0	0	0	0	0	0
79  | 		0	0	0	0	0	0
80  | 		0	0	0	0	0	0
81  | 		0	0	0	0	0	0
82  | 		0	0	0	0	0	0
83  | 		0	0	0	0	0	0
84  | 		0	0	0	0	0	0
85  | 		0	0	0	0	0	0
86  | 		6.87904e-13	2.29454e-11	6.87904e-13	3.59568e-26	15	4.58221e-15
87  | 		0	0	0	0	0	0
88  | 		0	0	0	0	0	0
89  | 		0	0	0	0	0	0
90  | 		0	0	0	0	0	0
91  | 		0	0	0	0	0	0
92  | 		0	0	0	0	0	0
93  | 		0	0	0	0	0	0
94  | 		0	0	0	0	0	0
95  | 		3.00277e-12	1.6682e-12	3.00277e-12	1.13864e-24	12	5.41638e-14
96  | 		0	0	0	0	0	0
97  | 		0	0	0	0	0	0
98  | 		0	0	0	0	0	0
99  | 		0	0	0	0	0	0
100  | 		0	0	0	0	0	0
101  | 		0	0	0	0	0	0
102  | 		0	0	0	0	0	0
103  | 		6.55358e-14	6.27738e-13	6.55358e-14	4.29494e-27	1	0
104  | 		0	0	0	0	0	0
105  | 		0	0	0	0	0	0
106  | 		4.84938e-11	3.98205e-11	4.84938e-11	3.75116e-22	56	3.28872e-13
107  | 		4.26173e-11	2.83986e-12	4.26173e-11	6.73111e-24	752	2.76444e-15
108  | 		5.99533e-12	2.1797e-12	5.99533e-12	3.89353e-25	125	2.56277e-15
109  | 		1.51047e-11	1.50671e-12	1.51047e-11	1.08139e-24	277	1.83608e-15
110  | 		0	0	0	0	0	0
111  | 		0	0	0	0	0	0
112  | 		0	0	0	0	0	0
113  | 		0	0	0	0	0	0
114  | 		0	0	0	0	0	0
115  | 		0	0	0	0	0	0
116  | 		6.42221e-12	6.12508e-12	6.42221e-12	5.70355e-24	41	5.35199e-14
117  | 		3.21365e-11	2.59793e-12	3.21365e-11	2.28713e-24	646	1.2854e-15
118  | 		2.60873e-12	1.58733e-12	2.60873e-12	1.86894e-25	49	4.51786e-15
119  | 		1.01338e-11	1.87785e-12	1.01338e-11	7.70489e-25	193	2.53643e-15
120  | 		0	0	0	0	0	0
121  | 		0	0	0	0	0	0
122  | 		5.67097e-13	1.94651e-12	5.67097e-13	6.1608e-26	8	1.95522e-14
123  | 		3.3718e-12	2.30124e-12	3.3718e-12	2.682e-25	59	4.69727e-15
124  | 		1.11301e-12	1.74172e-12	1.11301e-12	8.80203e-26	20	8.28451e-15
125  | 		3.7476e-12	2.8126e-12	3.7476e-12	3.4902e-25	55	5.61579e-15
126  | 		0	0	0	0	0	0
127  | 		0	0	0	0	0	0
128  | 		0	0	0	0	0	0
129  | 		0	0	0	0	0	0
130  | 		0	0	0	0	0	0
131  | 		0	0	0	0	0	0
132  | 		0	0	0	0	0	0
133  | 		0	0	0	0	0	0
134  | 		0	0	0	0	0	0
135  | 		0	0	0	0	0	0
136  | 		0	0	0	0	0	0
137  | 		5.05756e-13	1.01131e-11	5.05756e-13	4.62931e-26	9	1.57551e-14
138  | 		5.92602e-13	2.96301e-12	5.92602e-13	3.2483e-26	15	6.57238e-15
139  | 		0	0	0	0	0	0
140  | 		0	0	0	0	0	0
141  | 		0	0	0	0	0	0
Total energy depositied over all organs = 2.10667e-10 J
Total absorbed dose over all organs = 1.93526e-10 Gy 
