
	-------------------------------- 
	OrganID	Edep (J)	Dose (Gy)
	-------------------------------- 
	7 |		9.15249e-16	9.14335e-14
	41 |		2.49526e-12	6.25974e-12
	42 |		5.6908e-12	8.35433e-12
	44 |		2.21207e-12	4.25349e-12
	58 |		3.23214e-13	3.64513e-12
	74 |		1.14268e-13	1.75796e-13
	75 |		8.17445e-16	2.33542e-15
	95 |		4.84607e-11	2.69225e-11
	99 |		2.02984e-13	3.49924e-13
	107 |		7.17287e-11	4.77974e-12
	117 |		1.89662e-11	1.53324e-12
	118 |		9.00809e-13	5.48114e-13
	119 |		1.0167e-15	1.88401e-16
	123 |		2.32681e-12	1.58804e-12
	124 |		6.51895e-12	1.02013e-11
	131 |		2.90884e-15	1.164e-13
----------------------------------------------------------------------------
-------------------------------ORGAN INFO-----------------------------------
-----------------(of organs where edep/dose was recorded)-------------------
----------------------------------------------------------------------------
ID		Organ Name	    	    	    	Material ID		Density (g/cm^3) 
7     Trachea                                          45    1.030
41    Pelvis, cortical                                  2    1.920
42    Pelvis, spongiosa                                14    1.123
44    Ribs, spongiosa                                  15    1.165
58    Cartilage, trunk                                 26    1.100
74    Small intestine wall                             37    1.040
75    Small intestine contents                         51    1.040
95    Liver                                            30    1.050
99    Lung, right, tissue                              50    0.382
107   Muscle, trunk                                    29    1.050
117   Residual tissue, trunk                           49    0.950
118   Residual tissue, arms                            49    0.950
119   Residual tissue, legs                            49    0.950
123   Skin, trunk                                      27    1.090
124   Skin, arms                                       27    1.090
131   Thymus                                           45    1.030

Total Edep over all organs = 1.59947e-10 J
Total dose absorbed over all organs = 6.88217e-11 Gy

----------------------------------------------------------------------------
----------------ORGAN ENERGY DEPOSITIONS AND ABSORBED DOSE------------------
-----------(for all organs [includes air - OrganIDs = 0, 140])--------------
--------------([and top/bottom skin layer - OrganIDs = 141])----------------
----------------------------------------------------------------------------
OrganID	Edep (J) 	Dose (Gy) 	S1_J	S2_J2	N	SE_run_J
-------------------------------
0  | 		2.08133e-13	0	2.08133e-13	1.57514e-28	572	1.58238e-17
1  | 		0	0	0	0	0	0
2  | 		0	0	0	0	0	0
3  | 		0	0	0	0	0	0
4  | 		0	0	0	0	0	0
5  | 		0	0	0	0	0	0
6  | 		0	0	0	0	0	0
7  | 		9.15249e-16	9.14335e-14	9.15249e-16	8.37681e-31	1	0
8  | 		0	0	0	0	0	0
9  | 		0	0	0	0	0	0
10  | 		0	0	0	0	0	0
11  | 		0	0	0	0	0	0
12  | 		0	0	0	0	0	0
13  | 		0	0	0	0	0	0
14  | 		0	0	0	0	0	0
15  | 		0	0	0	0	0	0
16  | 		0	0	0	0	0	0
17  | 		0	0	0	0	0	0
18  | 		0	0	0	0	0	0
19  | 		0	0	0	0	0	0
20  | 		0	0	0	0	0	0
21  | 		0	0	0	0	0	0
22  | 		0	0	0	0	0	0
23  | 		0	0	0	0	0	0
24  | 		0	0	0	0	0	0
25  | 		0	0	0	0	0	0
26  | 		0	0	0	0	0	0
27  | 		0	0	0	0	0	0
28  | 		0	0	0	0	0	0
29  | 		0	0	0	0	0	0
30  | 		0	0	0	0	0	0
31  | 		0	0	0	0	0	0
32  | 		0	0	0	0	0	0
33  | 		0	0	0	0	0	0
34  | 		0	0	0	0	0	0
35  | 		0	0	0	0	0	0
36  | 		0	0	0	0	0	0
37  | 		0	0	0	0	0	0
38  | 		0	0	0	0	0	0
39  | 		0	0	0	0	0	0
40  | 		0	0	0	0	0	0
41  | 		2.49526e-12	6.25974e-12	2.49526e-12	2.31813e-24	4	2.51918e-13
42  | 		5.6908e-12	8.35433e-12	5.6908e-12	2.34464e-24	20	4.3691e-14
43  | 		0	0	0	0	0	0
44  | 		2.21207e-12	4.25349e-12	2.21207e-12	1.77986e-24	4	2.15357e-13
45  | 		0	0	0	0	0	0
46  | 		0	0	0	0	0	0
47  | 		0	0	0	0	0	0
48  | 		0	0	0	0	0	0
49  | 		0	0	0	0	0	0
50  | 		0	0	0	0	0	0
51  | 		0	0	0	0	0	0
52  | 		0	0	0	0	0	0
53  | 		0	0	0	0	0	0
54  | 		0	0	0	0	0	0
55  | 		0	0	0	0	0	0
56  | 		0	0	0	0	0	0
57  | 		0	0	0	0	0	0
58  | 		3.23214e-13	3.64513e-12	3.23214e-13	1.04467e-25	1	0
59  | 		0	0	0	0	0	0
60  | 		0	0	0	0	0	0
61  | 		0	0	0	0	0	0
62  | 		0	0	0	0	0	0
63  | 		0	0	0	0	0	0
64  | 		0	0	0	0	0	0
65  | 		0	0	0	0	0	0
66  | 		0	0	0	0	0	0
67  | 		0	0	0	0	0	0
68  | 		0	0	0	0	0	0
69  | 		0	0	0	0	0	0
70  | 		0	0	0	0	0	0
71  | 		0	0	0	0	0	0
72  | 		0	0	0	0	0	0
73  | 		0	0	0	0	0	0
74  | 		1.14268e-13	1.75796e-13	1.14268e-13	8.39857e-27	4	2.06847e-14
75  | 		8.17445e-16	2.33542e-15	8.17445e-16	6.68217e-31	1	0
76  | 		0	0	0	0	0	0
77  | 		0	0	0	0	0	0
78  | 		0	0	0	0	0	0
79  | 		0	0	0	0	0	0
80  | 		0	0	0	0	0	0
81  | 		0	0	0	0	0	0
82  | 		0	0	0	0	0	0
83  | 		0	0	0	0	0	0
84  | 		0	0	0	0	0	0
85  | 		0	0	0	0	0	0
86  | 		0	0	0	0	0	0
87  | 		0	0	0	0	0	0
88  | 		0	0	0	0	0	0
89  | 		0	0	0	0	0	0
90  | 		0	0	0	0	0	0
91  | 		0	0	0	0	0	0
92  | 		0	0	0	0	0	0
93  | 		0	0	0	0	0	0
94  | 		0	0	0	0	0	0
95  | 		4.84607e-11	2.69225e-11	4.84607e-11	4.72381e-23	64	5.11373e-14
96  | 		0	0	0	0	0	0
97  | 		0	0	0	0	0	0
98  | 		0	0	0	0	0	0
99  | 		2.02984e-13	3.49924e-13	2.02984e-13	6.08326e-27	11	4.60985e-15
100  | 		0	0	0	0	0	0
101  | 		0	0	0	0	0	0
102  | 		0	0	0	0	0	0
103  | 		0	0	0	0	0	0
104  | 		0	0	0	0	0	0
105  | 		0	0	0	0	0	0
106  | 		0	0	0	0	0	0
107  | 		7.17287e-11	4.77974e-12	7.17287e-11	1.5402e-22	122	8.70443e-14
108  | 		0	0	0	0	0	0
109  | 		0	0	0	0	0	0
110  | 		0	0	0	0	0	0
111  | 		0	0	0	0	0	0
112  | 		0	0	0	0	0	0
113  | 		0	0	0	0	0	0
114  | 		0	0	0	0	0	0
115  | 		0	0	0	0	0	0
116  | 		0	0	0	0	0	0
117  | 		1.89662e-11	1.53324e-12	1.89662e-11	1.87882e-23	36	8.35523e-14
118  | 		9.00809e-13	5.48114e-13	9.00809e-13	4.02178e-25	3	1.48151e-13
119  | 		1.0167e-15	1.88401e-16	1.0167e-15	1.03368e-30	1	0
120  | 		0	0	0	0	0	0
121  | 		0	0	0	0	0	0
122  | 		0	0	0	0	0	0
123  | 		2.32681e-12	1.58804e-12	2.32681e-12	1.68896e-24	5	1.7409e-13
124  | 		6.51895e-12	1.02013e-11	6.51895e-12	5.32932e-24	10	1.09526e-13
125  | 		0	0	0	0	0	0
126  | 		0	0	0	0	0	0
127  | 		0	0	0	0	0	0
128  | 		0	0	0	0	0	0
129  | 		0	0	0	0	0	0
130  | 		0	0	0	0	0	0
131  | 		2.90884e-15	1.164e-13	2.90884e-15	7.89659e-30	2	1.35387e-15
132  | 		0	0	0	0	0	0
133  | 		0	0	0	0	0	0
134  | 		0	0	0	0	0	0
135  | 		0	0	0	0	0	0
136  | 		0	0	0	0	0	0
137  | 		0	0	0	0	0	0
138  | 		0	0	0	0	0	0
139  | 		0	0	0	0	0	0
140  | 		0	0	0	0	0	0
141  | 		0	0	0	0	0	0
Total energy depositied over all organs = 1.59947e-10 J
Total absorbed dose over all organs = 6.88217e-11 Gy 
