
	-------------------------------- 
	OrganID	Edep (J)	Dose (Gy)
	-------------------------------- 
	10 |		7.73658e-13	2.84506e-12
	11 |		1.0843e-12	6.89759e-11
	12 |		7.04516e-13	8.48406e-12
	13 |		3.48157e-12	2.57398e-11
	14 |		2.11102e-12	1.14195e-11
	15 |		2.98214e-12	8.90724e-11
	19 |		1.07598e-12	3.97335e-12
	24 |		3.8236e-14	8.00251e-13
	25 |		2.86338e-14	5.3965e-13
	26 |		2.29201e-12	4.07215e-12
	27 |		4.56409e-12	1.01186e-11
	28 |		2.39663e-12	9.15862e-12
	29 |		1.85667e-14	3.93321e-14
	30 |		1.80822e-12	7.01404e-11
	31 |		1.85058e-14	6.29257e-14
	33 |		1.85436e-13	2.29244e-12
	34 |		4.44947e-12	8.37389e-12
	35 |		1.34232e-11	1.84036e-11
	37 |		2.46184e-12	1.05858e-11
	38 |		2.91972e-12	5.74997e-12
	39 |		4.69042e-12	6.16188e-11
	41 |		1.29139e-12	3.23966e-12
	42 |		1.69728e-12	2.49168e-12
	43 |		4.77343e-13	1.30722e-12
	44 |		1.05033e-12	2.01964e-12
	45 |		1.4943e-13	6.75755e-13
	46 |		3.10772e-20	1.61684e-19
	51 |		7.9355e-13	4.26205e-12
	53 |		1.67235e-12	1.53104e-11
	54 |		3.3011e-12	1.90254e-11
	58 |		3.93671e-13	4.43973e-12
	61 |		7.74527e-12	5.34156e-12
	73 |		8.63835e-14	3.4552e-13
	74 |		4.84774e-13	7.45806e-13
	75 |		5.87265e-13	1.6778e-12
	78 |		1.55718e-12	2.59531e-11
	79 |		1.98029e-12	2.08451e-11
	86 |		1.59519e-12	5.32083e-11
	99 |		1.28076e-12	2.20791e-12
	103 |		1.09591e-12	1.04972e-11
	106 |		1.43707e-11	1.18005e-11
	107 |		5.54774e-11	3.69681e-12
	108 |		2.04028e-11	7.41776e-12
	109 |		1.09455e-10	1.09182e-11
	116 |		4.60845e-12	4.39524e-12
	117 |		6.79869e-11	5.49609e-12
	118 |		1.16876e-11	7.11156e-12
	119 |		3.99106e-11	7.39569e-12
	120 |		5.17747e-14	1.21852e-12
	122 |		1.18555e-12	4.0693e-12
	123 |		5.15641e-12	3.51923e-12
	124 |		3.41028e-12	5.33664e-12
	125 |		1.59223e-11	1.19498e-11
	137 |		2.17743e-12	4.35399e-11
	138 |		2.63128e-12	1.31564e-11
	141 |		1.28471e-12	8.32606e-12
----------------------------------------------------------------------------
-------------------------------ORGAN INFO-----------------------------------
-----------------(of organs where edep/dose was recorded)-------------------
----------------------------------------------------------------------------
ID		Organ Name	    	    	    	Material ID		Density (g/cm^3) 
10    Blood vessels, trunk                             28    1.060
11    Blood vessels, arms                              28    1.060
12    Blood vessels, legs                              28    1.060
13    Humeri, upper half, cortical                      2    1.920
14    Humeri, upper half, spongiosa                     3    1.205
15    Humeri, upper half, medullary cavity             22    0.980
19    Ulnae and radii, cortical                         2    1.920
24    Clavicles, cortical                               2    1.920
25    Clavicles, spongiosa                              7    1.151
26    Cranium, cortical                                 2    1.920
27    Cranium, spongiosa                                8    1.157
28    Femora, upper half, cortical                      2    1.920
29    Femora, upper half, spongiosa                     9    1.124
30    Femora, upper half, medullary cavity             22    0.980
31    Femora, lower half, cortical                      2    1.920
33    Femora, lower half, medullary cavity             23    0.980
34    Tibiae, fibulae and patellae, cortical            2    1.920
35    Tibiae, fibulae and patellae, spongiosa          11    1.108
37    Ankles and foot bones, cortical                   2    1.920
38    Ankles and foot bones, spongiosa                 12    1.108
39    Mandible, cortical                                2    1.920
41    Pelvis, cortical                                  2    1.920
42    Pelvis, spongiosa                                14    1.123
43    Ribs, cortical                                    2    1.920
44    Ribs, spongiosa                                  15    1.165
45    Scapulae, cortical                                2    1.920
46    Scapulae, spongiosa                              16    1.183
51    Lumbar spine, cortical                            2    1.920
53    Sacrum, cortical                                  2    1.920
54    Sacrum, spongiosa                                20    1.031
58    Cartilage, trunk                                 26    1.100
61    Brain                                            32    1.050
73    Stomach contents                                 51    1.040
74    Small intestine wall                             37    1.040
75    Small intestine contents                         51    1.040
78    Transverse colon wall, right                     38    1.040
79    Transverse colon contents, right                 51    1.040
86    Rectum wall                                      38    1.040
99    Lung, right, tissue                              50    0.382
103   Lymphatic nodes, trunk                           47    1.030
106   Muscle, head                                     29    1.050
107   Muscle, trunk                                    29    1.050
108   Muscle, arms                                     29    1.050
109   Muscle, legs                                     29    1.050
116   Residual tissue, head                            49    0.950
117   Residual tissue, trunk                           49    0.950
118   Residual tissue, arms                            49    0.950
119   Residual tissue, legs                            49    0.950
120   Salivary glands, left                            45    1.030
122   Skin, head                                       27    1.090
123   Skin, trunk                                      27    1.090
124   Skin, arms                                       27    1.090
125   Skin, legs                                       27    1.090
137   Urinary bladder wall                             41    1.040
138   Urinary bladder contents                         52    1.040
141    Phantom Top/Bottom Skin Layer

Total Edep over all organs = 4.34466e-10 J
Total dose absorbed over all organs = 7.35408e-10 Gy

----------------------------------------------------------------------------
----------------ORGAN ENERGY DEPOSITIONS AND ABSORBED DOSE------------------
-----------(for all organs [includes air - OrganIDs = 0, 140])--------------
--------------([and top/bottom skin layer - OrganIDs = 141])----------------
----------------------------------------------------------------------------
OrganID	Edep (J) 	Dose (Gy) 	S1_J	S2_J2	N	SE_run_J
-------------------------------
0  | 		1.39562e-12	0	1.39562e-12	6.1831e-28	8783	2.2674e-18
1  | 		0	0	0	0	0	0
2  | 		0	0	0	0	0	0
3  | 		0	0	0	0	0	0
4  | 		0	0	0	0	0	0
5  | 		0	0	0	0	0	0
6  | 		0	0	0	0	0	0
7  | 		0	0	0	0	0	0
8  | 		0	0	0	0	0	0
9  | 		0	0	0	0	0	0
10  | 		7.73658e-13	2.84506e-12	7.73658e-13	1.77838e-25	5	5.39115e-14
11  | 		1.0843e-12	6.89759e-11	1.0843e-12	7.37e-25	3	2.39825e-13
12  | 		7.04516e-13	8.48406e-12	7.04516e-13	2.36149e-25	4	9.66363e-14
13  | 		3.48157e-12	2.57398e-11	3.48157e-12	1.78694e-24	10	7.99174e-14
14  | 		2.11102e-12	1.14195e-11	2.11102e-12	2.84562e-25	28	1.28795e-14
15  | 		2.98214e-12	8.90724e-11	2.98214e-12	7.77612e-25	15	2.96595e-14
16  | 		0	0	0	0	0	0
17  | 		0	0	0	0	0	0
18  | 		0	0	0	0	0	0
19  | 		1.07598e-12	3.97335e-12	1.07598e-12	3.21641e-25	4	5.1806e-14
20  | 		0	0	0	0	0	0
21  | 		0	0	0	0	0	0
22  | 		0	0	0	0	0	0
23  | 		0	0	0	0	0	0
24  | 		3.8236e-14	8.00251e-13	3.8236e-14	1.46198e-27	2	1.91179e-14
25  | 		2.86338e-14	5.3965e-13	2.86338e-14	4.04711e-28	9	2.08704e-15
26  | 		2.29201e-12	4.07215e-12	2.29201e-12	1.29062e-24	8	1.06399e-13
27  | 		4.56409e-12	1.01186e-11	4.56409e-12	2.41633e-24	14	7.14224e-14
28  | 		2.39663e-12	9.15862e-12	2.39663e-12	9.77423e-25	8	6.80659e-14
29  | 		1.85667e-14	3.93321e-14	1.85667e-14	3.09371e-28	2	8.27674e-15
30  | 		1.80822e-12	7.01404e-11	1.80822e-12	3.648e-25	11	2.47824e-14
31  | 		1.85058e-14	6.29257e-14	1.85058e-14	2.28238e-28	2	5.33878e-15
32  | 		0	0	0	0	0	0
33  | 		1.85436e-13	2.29244e-12	1.85436e-13	3.43864e-26	1	0
34  | 		4.44947e-12	8.37389e-12	4.44947e-12	2.13548e-24	16	6.11733e-14
35  | 		1.34232e-11	1.84036e-11	1.34232e-11	5.27018e-24	69	2.3805e-14
36  | 		0	0	0	0	0	0
37  | 		2.46184e-12	1.05858e-11	2.46184e-12	2.07258e-24	3	9.34081e-14
38  | 		2.91972e-12	5.74997e-12	2.91972e-12	1.29278e-24	11	6.86098e-14
39  | 		4.69042e-12	6.16188e-11	4.69042e-12	2.15019e-23	2	2.29149e-12
40  | 		0	0	0	0	0	0
41  | 		1.29139e-12	3.23966e-12	1.29139e-12	1.43568e-25	19	1.27727e-14
42  | 		1.69728e-12	2.49168e-12	1.69728e-12	1.28276e-25	31	6.16511e-15
43  | 		4.77343e-13	1.30722e-12	4.77343e-13	6.0345e-26	7	2.57247e-14
44  | 		1.05033e-12	2.01964e-12	1.05033e-12	1.24297e-25	16	1.5186e-14
45  | 		1.4943e-13	6.75755e-13	1.4943e-13	2.23292e-26	5	2.98859e-14
46  | 		3.10772e-20	1.61684e-19	3.10772e-20	2.58413e-40	4	1.18902e-21
47  | 		0	0	0	0	0	0
48  | 		0	0	0	0	0	0
49  | 		0	0	0	0	0	0
50  | 		0	0	0	0	0	0
51  | 		7.9355e-13	4.26205e-12	7.9355e-13	2.41993e-25	3	7.31277e-14
52  | 		0	0	0	0	0	0
53  | 		1.67235e-12	1.53104e-11	1.67235e-12	1.08698e-24	4	1.79766e-13
54  | 		3.3011e-12	1.90254e-11	3.3011e-12	1.6674e-24	9	7.96343e-14
55  | 		0	0	0	0	0	0
56  | 		0	0	0	0	0	0
57  | 		0	0	0	0	0	0
58  | 		3.93671e-13	4.43973e-12	3.93671e-13	7.18619e-26	4	5.25338e-14
59  | 		0	0	0	0	0	0
60  | 		0	0	0	0	0	0
61  | 		7.74527e-12	5.34156e-12	7.74527e-12	4.63607e-24	21	6.50905e-14
62  | 		0	0	0	0	0	0
63  | 		0	0	0	0	0	0
64  | 		0	0	0	0	0	0
65  | 		0	0	0	0	0	0
66  | 		0	0	0	0	0	0
67  | 		0	0	0	0	0	0
68  | 		0	0	0	0	0	0
69  | 		0	0	0	0	0	0
70  | 		0	0	0	0	0	0
71  | 		0	0	0	0	0	0
72  | 		0	0	0	0	0	0
73  | 		8.63835e-14	3.4552e-13	8.63835e-14	7.46211e-27	1	0
74  | 		4.84774e-13	7.45806e-13	4.84774e-13	1.15097e-25	3	7.82751e-14
75  | 		5.87265e-13	1.6778e-12	5.87265e-13	1.06529e-25	4	4.11384e-14
76  | 		0	0	0	0	0	0
77  | 		0	0	0	0	0	0
78  | 		1.55718e-12	2.59531e-11	1.55718e-12	3.46798e-25	8	2.79334e-14
79  | 		1.98029e-12	2.08451e-11	1.98029e-12	4.79627e-25	11	3.34559e-14
80  | 		0	0	0	0	0	0
81  | 		0	0	0	0	0	0
82  | 		0	0	0	0	0	0
83  | 		0	0	0	0	0	0
84  | 		0	0	0	0	0	0
85  | 		0	0	0	0	0	0
86  | 		1.59519e-12	5.32083e-11	1.59519e-12	3.95176e-25	7	2.74555e-14
87  | 		0	0	0	0	0	0
88  | 		0	0	0	0	0	0
89  | 		0	0	0	0	0	0
90  | 		0	0	0	0	0	0
91  | 		0	0	0	0	0	0
92  | 		0	0	0	0	0	0
93  | 		0	0	0	0	0	0
94  | 		0	0	0	0	0	0
95  | 		0	0	0	0	0	0
96  | 		0	0	0	0	0	0
97  | 		0	0	0	0	0	0
98  | 		0	0	0	0	0	0
99  | 		1.28076e-12	2.20791e-12	1.28076e-12	3.81337e-26	66	1.75942e-15
100  | 		0	0	0	0	0	0
101  | 		0	0	0	0	0	0
102  | 		0	0	0	0	0	0
103  | 		1.09591e-12	1.04972e-11	1.09591e-12	2.61277e-25	7	4.62143e-14
104  | 		0	0	0	0	0	0
105  | 		0	0	0	0	0	0
106  | 		1.43707e-11	1.18005e-11	1.43707e-11	6.31939e-24	65	2.74834e-14
107  | 		5.54774e-11	3.69681e-12	5.54774e-11	8.87703e-23	490	1.85544e-14
108  | 		2.04028e-11	7.41776e-12	2.04028e-11	6.79346e-24	87	1.63852e-14
109  | 		1.09455e-10	1.09182e-11	1.09455e-10	5.53404e-23	485	1.14246e-14
110  | 		0	0	0	0	0	0
111  | 		0	0	0	0	0	0
112  | 		0	0	0	0	0	0
113  | 		0	0	0	0	0	0
114  | 		0	0	0	0	0	0
115  | 		0	0	0	0	0	0
116  | 		4.60845e-12	4.39524e-12	4.60845e-12	1.71505e-24	20	4.14588e-14
117  | 		6.79869e-11	5.49609e-12	6.79869e-11	5.40409e-23	462	1.43791e-14
118  | 		1.16876e-11	7.11156e-12	1.16876e-11	1.2809e-23	65	5.07338e-14
119  | 		3.99106e-11	7.39569e-12	3.99106e-11	1.03125e-23	252	7.94398e-15
120  | 		5.17747e-14	1.21852e-12	5.17747e-14	2.68062e-27	1	0
121  | 		0	0	0	0	0	0
122  | 		1.18555e-12	4.0693e-12	1.18555e-12	7.02773e-25	2	2.24289e-15
123  | 		5.15641e-12	3.51923e-12	5.15641e-12	1.22335e-24	40	1.89236e-14
124  | 		3.41028e-12	5.33664e-12	3.41028e-12	6.099e-25	33	1.56148e-14
125  | 		1.59223e-11	1.19498e-11	1.59223e-11	5.0152e-24	79	1.71203e-14
126  | 		0	0	0	0	0	0
127  | 		0	0	0	0	0	0
128  | 		0	0	0	0	0	0
129  | 		0	0	0	0	0	0
130  | 		0	0	0	0	0	0
131  | 		0	0	0	0	0	0
132  | 		0	0	0	0	0	0
133  | 		0	0	0	0	0	0
134  | 		0	0	0	0	0	0
135  | 		0	0	0	0	0	0
136  | 		0	0	0	0	0	0
137  | 		2.17743e-12	4.35399e-11	2.17743e-12	5.06583e-25	12	2.90615e-14
138  | 		2.63128e-12	1.31564e-11	2.63128e-12	6.72714e-25	12	2.69324e-14
139  | 		0	0	0	0	0	0
140  | 		0	0	0	0	0	0
141  | 		1.28471e-12	8.32606e-12	1.28471e-12	4.33848e-25	8	6.3743e-14
Total energy depositied over all organs = 4.34466e-10 J
Total absorbed dose over all organs = 7.35408e-10 Gy 
