
	-------------------------------- 
	OrganID	Edep (J)	Dose (Gy)
	-------------------------------- 
	10 |		1.50572e-12	5.53717e-12
	19 |		4.43175e-13	1.63654e-12
	21 |		5.51265e-14	2.4317e-12
	24 |		1.09451e-20	2.29073e-19
	28 |		9.13384e-13	3.49046e-12
	29 |		1.92759e-12	4.08344e-12
	34 |		5.90376e-13	1.11109e-12
	35 |		3.0744e-13	4.21508e-13
	36 |		4.36119e-13	5.54365e-12
	41 |		3.52979e-13	8.85501e-13
	42 |		2.47309e-13	3.6306e-13
	43 |		2.17726e-13	5.9625e-13
	44 |		3.80487e-13	7.31621e-13
	45 |		4.63407e-14	2.09563e-13
	46 |		8.25437e-13	4.29445e-12
	47 |		3.03693e-13	2.95076e-12
	51 |		5.95121e-20	3.19631e-19
	52 |		1.31966e-16	4.36872e-16
	72 |		3.96274e-13	2.642e-12
	73 |		1.10762e-12	4.43032e-12
	74 |		3.1537e-18	4.85184e-18
	95 |		4.02393e-12	2.23551e-12
	99 |		1.37001e-14	2.36176e-14
	103 |		1.60004e-14	1.5326e-13
	106 |		3.66413e-12	3.00879e-12
	107 |		1.97804e-11	1.31809e-12
	108 |		3.86075e-12	1.40364e-12
	109 |		9.22567e-12	9.20269e-13
	110 |		1.77549e-13	4.43761e-12
	116 |		3.14029e-13	2.995e-13
	117 |		1.96818e-11	1.59109e-12
	118 |		2.06802e-12	1.25833e-12
	119 |		1.0367e-11	1.92106e-12
	122 |		2.6389e-14	9.0578e-14
	123 |		1.86761e-12	1.27464e-12
	124 |		8.71789e-13	1.36424e-12
	125 |		6.79423e-13	5.09912e-13
	127 |		9.84188e-13	6.56169e-12
	132 |		8.20811e-14	4.10611e-12
	137 |		2.8903e-13	5.77945e-12
	138 |		1.46764e-12	7.3382e-12
----------------------------------------------------------------------------
-------------------------------ORGAN INFO-----------------------------------
-----------------(of organs where edep/dose was recorded)-------------------
----------------------------------------------------------------------------
ID		Organ Name	    	    	    	Material ID		Density (g/cm^3) 
10    Blood vessels, trunk                             28    1.060
19    Ulnae and radii, cortical                         2    1.920
21    Ulnae and radii, medullary cavity                24    0.980
24    Clavicles, cortical                               2    1.920
28    Femora, upper half, cortical                      2    1.920
29    Femora, upper half, spongiosa                     9    1.124
34    Tibiae, fibulae and patellae, cortical            2    1.920
35    Tibiae, fibulae and patellae, spongiosa          11    1.108
36    Tibiae, fibulae and patellae, medullary cavity   25    0.980
41    Pelvis, cortical                                  2    1.920
42    Pelvis, spongiosa                                14    1.123
43    Ribs, cortical                                    2    1.920
44    Ribs, spongiosa                                  15    1.165
45    Scapulae, cortical                                2    1.920
46    Scapulae, spongiosa                              16    1.183
47    Cervical spine, cortical                          2    1.920
51    Lumbar spine, cortical                            2    1.920
52    Lumbar spine, spongiosa                          19    1.112
72    Stomach wall                                     36    1.040
73    Stomach contents                                 51    1.040
74    Small intestine wall                             37    1.040
95    Liver                                            30    1.050
99    Lung, right, tissue                              50    0.382
103   Lymphatic nodes, trunk                           47    1.030
106   Muscle, head                                     29    1.050
107   Muscle, trunk                                    29    1.050
108   Muscle, arms                                     29    1.050
109   Muscle, legs                                     29    1.050
110   Oesophagus                                       44    1.030
116   Residual tissue, head                            49    0.950
117   Residual tissue, trunk                           49    0.950
118   Residual tissue, arms                            49    0.950
119   Residual tissue, legs                            49    0.950
122   Skin, head                                       27    1.090
123   Skin, trunk                                      27    1.090
124   Skin, arms                                       27    1.090
125   Skin, legs                                       27    1.090
127   Spleen                                           39    1.040
132   Thyroid                                          40    1.040
137   Urinary bladder wall                             41    1.040
138   Urinary bladder contents                         52    1.040

Total Edep over all organs = 8.95181e-11 J
Total dose absorbed over all organs = 8.69551e-11 Gy

----------------------------------------------------------------------------
----------------ORGAN ENERGY DEPOSITIONS AND ABSORBED DOSE------------------
-----------(for all organs [includes air - OrganIDs = 0, 140])--------------
--------------([and top/bottom skin layer - OrganIDs = 141])----------------
----------------------------------------------------------------------------
OrganID	Edep (J) 	Dose (Gy) 	S1_J	S2_J2	N	SE_run_J
-------------------------------
0  | 		1.41435e-13	0	1.41435e-13	5.58694e-29	2520	2.74787e-18
1  | 		0	0	0	0	0	0
2  | 		0	0	0	0	0	0
3  | 		0	0	0	0	0	0
4  | 		0	0	0	0	0	0
5  | 		0	0	0	0	0	0
6  | 		0	0	0	0	0	0
7  | 		0	0	0	0	0	0
8  | 		0	0	0	0	0	0
9  | 		0	0	0	0	0	0
10  | 		1.50572e-12	5.53717e-12	1.50572e-12	8.6872e-26	36	4.35473e-15
11  | 		0	0	0	0	0	0
12  | 		0	0	0	0	0	0
13  | 		0	0	0	0	0	0
14  | 		0	0	0	0	0	0
15  | 		0	0	0	0	0	0
16  | 		0	0	0	0	0	0
17  | 		0	0	0	0	0	0
18  | 		0	0	0	0	0	0
19  | 		4.43175e-13	1.63654e-12	4.43175e-13	3.91361e-26	7	1.62411e-14
20  | 		0	0	0	0	0	0
21  | 		5.51265e-14	2.4317e-12	5.51265e-14	3.03893e-27	1	0
22  | 		0	0	0	0	0	0
23  | 		0	0	0	0	0	0
24  | 		1.09451e-20	2.29073e-19	1.09451e-20	1.19796e-40	1	0
25  | 		0	0	0	0	0	0
26  | 		0	0	0	0	0	0
27  | 		0	0	0	0	0	0
28  | 		9.13384e-13	3.49046e-12	9.13384e-13	1.09254e-25	12	1.73492e-14
29  | 		1.92759e-12	4.08344e-12	1.92759e-12	1.43953e-25	33	5.44944e-15
30  | 		0	0	0	0	0	0
31  | 		0	0	0	0	0	0
32  | 		0	0	0	0	0	0
33  | 		0	0	0	0	0	0
34  | 		5.90376e-13	1.11109e-12	5.90376e-13	5.3616e-26	8	1.33951e-14
35  | 		3.0744e-13	4.21508e-13	3.0744e-13	2.18887e-26	5	1.22166e-14
36  | 		4.36119e-13	5.54365e-12	4.36119e-13	2.34636e-26	10	7.02658e-15
37  | 		0	0	0	0	0	0
38  | 		0	0	0	0	0	0
39  | 		0	0	0	0	0	0
40  | 		0	0	0	0	0	0
41  | 		3.52979e-13	8.85501e-13	3.52979e-13	4.26649e-26	6	2.70181e-14
42  | 		2.47309e-13	3.6306e-13	2.47309e-13	1.12374e-26	10	7.54338e-15
43  | 		2.17726e-13	5.9625e-13	2.17726e-13	2.41852e-26	3	3.738e-14
44  | 		3.80487e-13	7.31621e-13	3.80487e-13	3.03093e-26	6	1.43537e-14
45  | 		4.63407e-14	2.09563e-13	4.63407e-14	1.12513e-27	2	5.06922e-15
46  | 		8.25437e-13	4.29445e-12	8.25437e-13	7.33597e-26	13	1.15881e-14
47  | 		3.03693e-13	2.95076e-12	3.03693e-13	3.36705e-26	4	2.97394e-14
48  | 		0	0	0	0	0	0
49  | 		0	0	0	0	0	0
50  | 		0	0	0	0	0	0
51  | 		5.95121e-20	3.19631e-19	5.95121e-20	3.54169e-39	1	0
52  | 		1.31966e-16	4.36872e-16	1.31966e-16	9.02901e-33	3	2.31804e-17
53  | 		0	0	0	0	0	0
54  | 		0	0	0	0	0	0
55  | 		0	0	0	0	0	0
56  | 		0	0	0	0	0	0
57  | 		0	0	0	0	0	0
58  | 		0	0	0	0	0	0
59  | 		0	0	0	0	0	0
60  | 		0	0	0	0	0	0
61  | 		0	0	0	0	0	0
62  | 		0	0	0	0	0	0
63  | 		0	0	0	0	0	0
64  | 		0	0	0	0	0	0
65  | 		0	0	0	0	0	0
66  | 		0	0	0	0	0	0
67  | 		0	0	0	0	0	0
68  | 		0	0	0	0	0	0
69  | 		0	0	0	0	0	0
70  | 		0	0	0	0	0	0
71  | 		0	0	0	0	0	0
72  | 		3.96274e-13	2.642e-12	3.96274e-13	2.70877e-26	6	5.52425e-15
73  | 		1.10762e-12	4.43032e-12	1.10762e-12	6.86176e-26	20	4.37579e-15
74  | 		3.1537e-18	4.85184e-18	3.1537e-18	9.85632e-36	2	1.5626e-18
75  | 		0	0	0	0	0	0
76  | 		0	0	0	0	0	0
77  | 		0	0	0	0	0	0
78  | 		0	0	0	0	0	0
79  | 		0	0	0	0	0	0
80  | 		0	0	0	0	0	0
81  | 		0	0	0	0	0	0
82  | 		0	0	0	0	0	0
83  | 		0	0	0	0	0	0
84  | 		0	0	0	0	0	0
85  | 		0	0	0	0	0	0
86  | 		0	0	0	0	0	0
87  | 		0	0	0	0	0	0
88  | 		0	0	0	0	0	0
89  | 		0	0	0	0	0	0
90  | 		0	0	0	0	0	0
91  | 		0	0	0	0	0	0
92  | 		0	0	0	0	0	0
93  | 		0	0	0	0	0	0
94  | 		0	0	0	0	0	0
95  | 		4.02393e-12	2.23551e-12	4.02393e-12	2.86943e-25	66	3.11432e-15
96  | 		0	0	0	0	0	0
97  | 		0	0	0	0	0	0
98  | 		0	0	0	0	0	0
99  | 		1.37001e-14	2.36176e-14	1.37001e-14	1.44375e-28	17	7.00143e-16
100  | 		0	0	0	0	0	0
101  | 		0	0	0	0	0	0
102  | 		0	0	0	0	0	0
103  | 		1.60004e-14	1.5326e-13	1.60004e-14	2.56012e-28	1	0
104  | 		0	0	0	0	0	0
105  | 		0	0	0	0	0	0
106  | 		3.66413e-12	3.00879e-12	3.66413e-12	2.30193e-25	75	3.03676e-15
107  | 		1.97804e-11	1.31809e-12	1.97804e-11	1.4137e-24	395	1.64894e-15
108  | 		3.86075e-12	1.40364e-12	3.86075e-12	2.78272e-25	69	3.64248e-15
109  | 		9.22567e-12	9.20269e-13	9.22567e-12	6.86298e-25	172	2.55136e-15
110  | 		1.77549e-13	4.43761e-12	1.77549e-13	1.08537e-26	3	7.59177e-15
111  | 		0	0	0	0	0	0
112  | 		0	0	0	0	0	0
113  | 		0	0	0	0	0	0
114  | 		0	0	0	0	0	0
115  | 		0	0	0	0	0	0
116  | 		3.14029e-13	2.995e-13	3.14029e-13	1.99178e-26	7	1.17819e-14
117  | 		1.96818e-11	1.59109e-12	1.96818e-11	6.68688e-24	394	6.06924e-15
118  | 		2.06802e-12	1.25833e-12	2.06802e-12	1.5669e-25	40	5.64846e-15
119  | 		1.0367e-11	1.92106e-12	1.0367e-11	1.7318e-23	106	3.82737e-14
120  | 		0	0	0	0	0	0
121  | 		0	0	0	0	0	0
122  | 		2.6389e-14	9.0578e-14	2.6389e-14	6.96379e-28	1	0
123  | 		1.86761e-12	1.27464e-12	1.86761e-12	1.32399e-25	35	5.2455e-15
124  | 		8.71789e-13	1.36424e-12	8.71789e-13	5.52898e-26	19	6.68614e-15
125  | 		6.79423e-13	5.09912e-13	6.79423e-13	6.56237e-26	11	1.46656e-14
126  | 		0	0	0	0	0	0
127  | 		9.84188e-13	6.56169e-12	9.84188e-13	5.32877e-26	20	3.57489e-15
128  | 		0	0	0	0	0	0
129  | 		0	0	0	0	0	0
130  | 		0	0	0	0	0	0
131  | 		0	0	0	0	0	0
132  | 		8.20811e-14	4.10611e-12	8.20811e-14	6.7373e-27	2	4.10405e-14
133  | 		0	0	0	0	0	0
134  | 		0	0	0	0	0	0
135  | 		0	0	0	0	0	0
136  | 		0	0	0	0	0	0
137  | 		2.8903e-13	5.77945e-12	2.8903e-13	1.99857e-26	6	1.42158e-14
138  | 		1.46764e-12	7.3382e-12	1.46764e-12	8.50722e-26	41	4.45413e-15
139  | 		0	0	0	0	0	0
140  | 		0	0	0	0	0	0
141  | 		0	0	0	0	0	0
Total energy depositied over all organs = 8.95181e-11 J
Total absorbed dose over all organs = 8.69551e-11 Gy 
