
	-------------------------------- 
	OrganID	Edep (J)	Dose (Gy)
	-------------------------------- 
	10 |		4.1962e-20	1.54312e-19
	22 |		4.24e-12	2.35896e-11
	23 |		1.36548e-12	9.78207e-12
	28 |		4.02476e-12	1.53804e-11
	29 |		2.08034e-11	4.40703e-11
	31 |		1.72128e-11	5.85292e-11
	32 |		4.7085e-14	1.0736e-13
	33 |		1.37048e-12	1.69425e-11
	41 |		9.81506e-13	2.46226e-12
	42 |		9.90065e-13	1.45346e-12
	82 |		2.50121e-12	2.77943e-11
	95 |		7.73454e-14	4.29695e-14
	103 |		7.35505e-22	7.04507e-21
	107 |		6.24356e-11	4.16048e-12
	108 |		1.79942e-11	6.5421e-12
	109 |		6.93174e-11	6.91448e-12
	115 |		1.71565e-20	1.00861e-18
	117 |		4.08474e-11	3.30212e-12
	118 |		8.91738e-12	5.42595e-12
	119 |		1.94883e-11	3.61131e-12
	122 |		2.06539e-12	7.08929e-12
	123 |		8.20588e-12	5.60048e-12
	124 |		4.96366e-12	7.7675e-12
	125 |		3.2523e-12	2.44088e-12
----------------------------------------------------------------------------
-------------------------------ORGAN INFO-----------------------------------
-----------------(of organs where edep/dose was recorded)-------------------
----------------------------------------------------------------------------
ID		Organ Name	    	    	    	Material ID		Density (g/cm^3) 
10    Blood vessels, trunk                             28    1.060
22    Wrists and hand bones, cortical                   2    1.920
23    Wrists and hand bones, spongiosa                  6    1.108
28    Femora, upper half, cortical                      2    1.920
29    Femora, upper half, spongiosa                     9    1.124
31    Femora, lower half, cortical                      2    1.920
32    Femora, lower half, spongiosa                    10    1.108
33    Femora, lower half, medullary cavity             23    0.980
41    Pelvis, cortical                                  2    1.920
42    Pelvis, spongiosa                                14    1.123
82    Descending colon wall                            38    1.040
95    Liver                                            30    1.050
103   Lymphatic nodes, trunk                           47    1.030
107   Muscle, trunk                                    29    1.050
108   Muscle, arms                                     29    1.050
109   Muscle, legs                                     29    1.050
115   Prostate                                         46    1.030
117   Residual tissue, trunk                           49    0.950
118   Residual tissue, arms                            49    0.950
119   Residual tissue, legs                            49    0.950
122   Skin, head                                       27    1.090
123   Skin, trunk                                      27    1.090
124   Skin, arms                                       27    1.090
125   Skin, legs                                       27    1.090

Total Edep over all organs = 2.91102e-10 J
Total dose absorbed over all organs = 2.53009e-10 Gy

----------------------------------------------------------------------------
----------------ORGAN ENERGY DEPOSITIONS AND ABSORBED DOSE------------------
-----------(for all organs [includes air - OrganIDs = 0, 140])--------------
--------------([and top/bottom skin layer - OrganIDs = 141])----------------
----------------------------------------------------------------------------
OrganID	Edep (J) 	Dose (Gy) 	S1_J	S2_J2	N	SE_run_J
-------------------------------
0  | 		4.41148e-13	0	4.41148e-13	1.99266e-28	3123	3.74783e-18
1  | 		0	0	0	0	0	0
2  | 		0	0	0	0	0	0
3  | 		0	0	0	0	0	0
4  | 		0	0	0	0	0	0
5  | 		0	0	0	0	0	0
6  | 		0	0	0	0	0	0
7  | 		0	0	0	0	0	0
8  | 		0	0	0	0	0	0
9  | 		0	0	0	0	0	0
10  | 		4.1962e-20	1.54312e-19	4.1962e-20	9.56723e-40	2	6.17736e-21
11  | 		0	0	0	0	0	0
12  | 		0	0	0	0	0	0
13  | 		0	0	0	0	0	0
14  | 		0	0	0	0	0	0
15  | 		0	0	0	0	0	0
16  | 		0	0	0	0	0	0
17  | 		0	0	0	0	0	0
18  | 		0	0	0	0	0	0
19  | 		0	0	0	0	0	0
20  | 		0	0	0	0	0	0
21  | 		0	0	0	0	0	0
22  | 		4.24e-12	2.35896e-11	4.24e-12	2.20515e-24	10	6.72796e-14
23  | 		1.36548e-12	9.78207e-12	1.36548e-12	3.74189e-25	6	4.59832e-14
24  | 		0	0	0	0	0	0
25  | 		0	0	0	0	0	0
26  | 		0	0	0	0	0	0
27  | 		0	0	0	0	0	0
28  | 		4.02476e-12	1.53804e-11	4.02476e-12	2.21409e-24	13	7.8774e-14
29  | 		2.08034e-11	4.40703e-11	2.08034e-11	6.94902e-24	90	1.63465e-14
30  | 		0	0	0	0	0	0
31  | 		1.72128e-11	5.85292e-11	1.72128e-11	2.42892e-23	32	1.23092e-13
32  | 		4.7085e-14	1.0736e-13	4.7085e-14	4.76154e-28	11	1.58001e-15
33  | 		1.37048e-12	1.69425e-11	1.37048e-12	1.33361e-25	21	1.02263e-14
34  | 		0	0	0	0	0	0
35  | 		0	0	0	0	0	0
36  | 		0	0	0	0	0	0
37  | 		0	0	0	0	0	0
38  | 		0	0	0	0	0	0
39  | 		0	0	0	0	0	0
40  | 		0	0	0	0	0	0
41  | 		9.81506e-13	2.46226e-12	9.81506e-13	4.95919e-25	3	1.70685e-13
42  | 		9.90065e-13	1.45346e-12	9.90065e-13	4.00929e-25	14	4.26403e-14
43  | 		0	0	0	0	0	0
44  | 		0	0	0	0	0	0
45  | 		0	0	0	0	0	0
46  | 		0	0	0	0	0	0
47  | 		0	0	0	0	0	0
48  | 		0	0	0	0	0	0
49  | 		0	0	0	0	0	0
50  | 		0	0	0	0	0	0
51  | 		0	0	0	0	0	0
52  | 		0	0	0	0	0	0
53  | 		0	0	0	0	0	0
54  | 		0	0	0	0	0	0
55  | 		0	0	0	0	0	0
56  | 		0	0	0	0	0	0
57  | 		0	0	0	0	0	0
58  | 		0	0	0	0	0	0
59  | 		0	0	0	0	0	0
60  | 		0	0	0	0	0	0
61  | 		0	0	0	0	0	0
62  | 		0	0	0	0	0	0
63  | 		0	0	0	0	0	0
64  | 		0	0	0	0	0	0
65  | 		0	0	0	0	0	0
66  | 		0	0	0	0	0	0
67  | 		0	0	0	0	0	0
68  | 		0	0	0	0	0	0
69  | 		0	0	0	0	0	0
70  | 		0	0	0	0	0	0
71  | 		0	0	0	0	0	0
72  | 		0	0	0	0	0	0
73  | 		0	0	0	0	0	0
74  | 		0	0	0	0	0	0
75  | 		0	0	0	0	0	0
76  | 		0	0	0	0	0	0
77  | 		0	0	0	0	0	0
78  | 		0	0	0	0	0	0
79  | 		0	0	0	0	0	0
80  | 		0	0	0	0	0	0
81  | 		0	0	0	0	0	0
82  | 		2.50121e-12	2.77943e-11	2.50121e-12	8.17916e-25	11	4.75954e-14
83  | 		0	0	0	0	0	0
84  | 		0	0	0	0	0	0
85  | 		0	0	0	0	0	0
86  | 		0	0	0	0	0	0
87  | 		0	0	0	0	0	0
88  | 		0	0	0	0	0	0
89  | 		0	0	0	0	0	0
90  | 		0	0	0	0	0	0
91  | 		0	0	0	0	0	0
92  | 		0	0	0	0	0	0
93  | 		0	0	0	0	0	0
94  | 		0	0	0	0	0	0
95  | 		7.73454e-14	4.29695e-14	7.73454e-14	5.98232e-27	1	0
96  | 		0	0	0	0	0	0
97  | 		0	0	0	0	0	0
98  | 		0	0	0	0	0	0
99  | 		0	0	0	0	0	0
100  | 		0	0	0	0	0	0
101  | 		0	0	0	0	0	0
102  | 		0	0	0	0	0	0
103  | 		7.35505e-22	7.04507e-21	7.35505e-22	5.40968e-43	1	0
104  | 		0	0	0	0	0	0
105  | 		0	0	0	0	0	0
106  | 		0	0	0	0	0	0
107  | 		6.24356e-11	4.16048e-12	6.24356e-11	1.73869e-23	485	6.311e-15
108  | 		1.79942e-11	6.5421e-12	1.79942e-11	5.2591e-24	90	1.4402e-14
109  | 		6.93174e-11	6.91448e-12	6.93174e-11	3.79459e-23	359	1.38242e-14
110  | 		0	0	0	0	0	0
111  | 		0	0	0	0	0	0
112  | 		0	0	0	0	0	0
113  | 		0	0	0	0	0	0
114  | 		0	0	0	0	0	0
115  | 		1.71565e-20	1.00861e-18	1.71565e-20	9.53853e-41	4	1.34781e-21
116  | 		0	0	0	0	0	0
117  | 		4.08474e-11	3.30212e-12	4.08474e-11	1.17746e-23	266	8.83478e-15
118  | 		8.91738e-12	5.42595e-12	8.91738e-12	2.31575e-24	52	1.72214e-14
119  | 		1.94883e-11	3.61131e-12	1.94883e-11	5.0009e-24	127	1.12086e-14
120  | 		0	0	0	0	0	0
121  | 		0	0	0	0	0	0
122  | 		2.06539e-12	7.08929e-12	2.06539e-12	6.85355e-25	8	5.212e-14
123  | 		8.20588e-12	5.60048e-12	8.20588e-12	2.64933e-24	38	2.49796e-14
124  | 		4.96366e-12	7.7675e-12	4.96366e-12	1.63268e-24	21	3.30744e-14
125  | 		3.2523e-12	2.44088e-12	3.2523e-12	9.19218e-25	16	3.27952e-14
126  | 		0	0	0	0	0	0
127  | 		0	0	0	0	0	0
128  | 		0	0	0	0	0	0
129  | 		0	0	0	0	0	0
130  | 		0	0	0	0	0	0
131  | 		0	0	0	0	0	0
132  | 		0	0	0	0	0	0
133  | 		0	0	0	0	0	0
134  | 		0	0	0	0	0	0
135  | 		0	0	0	0	0	0
136  | 		0	0	0	0	0	0
137  | 		0	0	0	0	0	0
138  | 		0	0	0	0	0	0
139  | 		0	0	0	0	0	0
140  | 		0	0	0	0	0	0
141  | 		0	0	0	0	0	0
Total energy depositied over all organs = 2.91102e-10 J
Total absorbed dose over all organs = 2.53009e-10 Gy 
