
	-------------------------------- 
	OrganID	Edep (J)	Dose (Gy)
	-------------------------------- 
	10 |		2.06217e-12	7.58347e-12
	11 |		6.44053e-14	4.09703e-12
	12 |		1.09027e-12	1.31295e-11
	13 |		1.36029e-12	1.00568e-11
	19 |		8.77275e-13	3.23957e-12
	20 |		1.53202e-12	8.42186e-12
	26 |		3.64611e-12	6.47794e-12
	27 |		2.9846e-12	6.61685e-12
	28 |		1.02552e-12	3.919e-12
	29 |		2.72131e-12	5.76489e-12
	31 |		5.862e-13	1.99327e-12
	32 |		1.161e-11	2.64723e-11
	34 |		4.10154e-12	7.71909e-12
	35 |		1.65921e-11	2.27482e-11
	36 |		8.01288e-14	1.01854e-12
	37 |		3.58692e-12	1.54236e-11
	38 |		4.33632e-12	8.53977e-12
	41 |		3.93742e-12	9.87763e-12
	42 |		8.95361e-12	1.31443e-11
	44 |		2.30369e-12	4.42966e-12
	49 |		5.03262e-12	1.7561e-11
	50 |		8.0654e-12	2.40514e-11
	53 |		6.70999e-15	6.14299e-14
	58 |		1.09643e-12	1.23653e-11
	61 |		1.76613e-11	1.21802e-11
	70 |		6.64365e-15	4.77274e-13
	74 |		5.55017e-12	8.53873e-12
	75 |		4.15428e-13	1.18687e-12
	78 |		5.97025e-13	9.95042e-12
	79 |		2.52261e-12	2.65537e-11
	80 |		9.79567e-13	1.63261e-11
	81 |		7.81843e-13	1.95412e-11
	84 |		1.33274e-12	3.33101e-11
	85 |		2.47944e-12	3.30724e-11
	95 |		2.51009e-11	1.39449e-11
	97 |		3.32713e-13	6.96431e-13
	98 |		4.10498e-13	5.73802e-12
	99 |		1.78961e-12	3.0851e-12
	102 |		3.71104e-14	6.20575e-12
	103 |		7.93364e-13	7.59928e-12
	104 |		1.06981e-14	1.3663e-12
	106 |		9.70519e-12	7.96938e-12
	107 |		1.23214e-10	8.21056e-12
	108 |		1.99984e-11	7.27074e-12
	109 |		1.16657e-10	1.16367e-11
	113 |		8.05979e-12	5.75699e-11
	116 |		7.07475e-12	6.74743e-12
	117 |		9.78698e-11	7.91184e-12
	118 |		3.26237e-11	1.98505e-11
	119 |		6.20943e-11	1.15065e-11
	121 |		4.67953e-12	1.10132e-10
	122 |		4.95698e-12	1.70144e-11
	123 |		1.55174e-11	1.05905e-11
	124 |		5.7714e-12	9.0315e-12
	125 |		1.23251e-11	9.25009e-12
	126 |		8.70741e-13	2.37777e-11
	127 |		4.49112e-12	2.99428e-11
	130 |		5.42838e-13	3.09839e-11
	133 |		2.50449e-14	5.92357e-13
	137 |		2.08967e-13	4.1785e-12
	138 |		3.20444e-12	1.60222e-11
----------------------------------------------------------------------------
-------------------------------ORGAN INFO-----------------------------------
-----------------(of organs where edep/dose was recorded)-------------------
----------------------------------------------------------------------------
ID		Organ Name	    	    	    	Material ID		Density (g/cm^3) 
10    Blood vessels, trunk                             28    1.060
11    Blood vessels, arms                              28    1.060
12    Blood vessels, legs                              28    1.060
13    Humeri, upper half, cortical                      2    1.920
19    Ulnae and radii, cortical                         2    1.920
20    Ulnae and radii, spongiosa                        5    1.108
26    Cranium, cortical                                 2    1.920
27    Cranium, spongiosa                                8    1.157
28    Femora, upper half, cortical                      2    1.920
29    Femora, upper half, spongiosa                     9    1.124
31    Femora, lower half, cortical                      2    1.920
32    Femora, lower half, spongiosa                    10    1.108
34    Tibiae, fibulae and patellae, cortical            2    1.920
35    Tibiae, fibulae and patellae, spongiosa          11    1.108
36    Tibiae, fibulae and patellae, medullary cavity   25    0.980
37    Ankles and foot bones, cortical                   2    1.920
38    Ankles and foot bones, spongiosa                 12    1.108
41    Pelvis, cortical                                  2    1.920
42    Pelvis, spongiosa                                14    1.123
44    Ribs, spongiosa                                  15    1.165
49    Thoracic spine, cortical                          2    1.920
50    Thoracic spine, spongiosa                        18    1.074
53    Sacrum, cortical                                  2    1.920
58    Cartilage, trunk                                 26    1.100
61    Brain                                            32    1.050
70    Gall bladder wall                                45    1.030
74    Small intestine wall                             37    1.040
75    Small intestine contents                         51    1.040
78    Transverse colon wall, right                     38    1.040
79    Transverse colon contents, right                 51    1.040
80    Transverse colon wall, left                      38    1.040
81    Transverse colon contents, left                  51    1.040
84    Sigmoid colon wall                               38    1.040
85    Sigmoid colon contents                           51    1.040
95    Liver                                            30    1.050
97    Lung, left, tissue                               50    0.382
98    Lung, right, blood                               28    1.060
99    Lung, right, tissue                              50    0.382
102   Lymphatic nodes, head                            47    1.030
103   Lymphatic nodes, trunk                           47    1.030
104   Lymphatic nodes, arms                            47    1.030
106   Muscle, head                                     29    1.050
107   Muscle, trunk                                    29    1.050
108   Muscle, arms                                     29    1.050
109   Muscle, legs                                     29    1.050
113   Pancreas                                         31    1.050
116   Residual tissue, head                            49    0.950
117   Residual tissue, trunk                           49    0.950
118   Residual tissue, arms                            49    0.950
119   Residual tissue, legs                            49    0.950
121   Salivary glands, right                           45    1.030
122   Skin, head                                       27    1.090
123   Skin, trunk                                      27    1.090
124   Skin, arms                                       27    1.090
125   Skin, legs                                       27    1.090
126   Spinal cord                                      45    1.030
127   Spleen                                           39    1.040
130   Testis, right                                    42    1.040
133   Tongue (inner part)                              29    1.050
137   Urinary bladder wall                             41    1.040
138   Urinary bladder contents                         52    1.040

Total Edep over all organs = 6.78346e-10 J
Total dose absorbed over all organs = 8.34675e-10 Gy

----------------------------------------------------------------------------
----------------ORGAN ENERGY DEPOSITIONS AND ABSORBED DOSE------------------
-----------(for all organs [includes air - OrganIDs = 0, 140])--------------
--------------([and top/bottom skin layer - OrganIDs = 141])----------------
----------------------------------------------------------------------------
OrganID	Edep (J) 	Dose (Gy) 	S1_J	S2_J2	N	SE_run_J
-------------------------------
0  | 		1.63243e-12	0	1.63243e-12	8.07564e-28	11112	2.1444e-18
1  | 		0	0	0	0	0	0
2  | 		0	0	0	0	0	0
3  | 		0	0	0	0	0	0
4  | 		0	0	0	0	0	0
5  | 		0	0	0	0	0	0
6  | 		0	0	0	0	0	0
7  | 		0	0	0	0	0	0
8  | 		0	0	0	0	0	0
9  | 		0	0	0	0	0	0
10  | 		2.06217e-12	7.58347e-12	2.06217e-12	5.76739e-25	12	4.10432e-14
11  | 		6.44053e-14	4.09703e-12	6.44053e-14	3.5434e-27	2	2.71052e-14
12  | 		1.09027e-12	1.31295e-11	1.09027e-12	1.92076e-25	8	2.78675e-14
13  | 		1.36029e-12	1.00568e-11	1.36029e-12	8.21616e-25	6	1.30795e-13
14  | 		0	0	0	0	0	0
15  | 		0	0	0	0	0	0
16  | 		0	0	0	0	0	0
17  | 		0	0	0	0	0	0
18  | 		0	0	0	0	0	0
19  | 		8.77275e-13	3.23957e-12	8.77275e-13	4.09357e-25	3	1.59593e-13
20  | 		1.53202e-12	8.42186e-12	1.53202e-12	3.99911e-25	8	4.36146e-14
21  | 		0	0	0	0	0	0
22  | 		0	0	0	0	0	0
23  | 		0	0	0	0	0	0
24  | 		0	0	0	0	0	0
25  | 		0	0	0	0	0	0
26  | 		3.64611e-12	6.47794e-12	3.64611e-12	1.83512e-24	8	5.56386e-14
27  | 		2.9846e-12	6.61685e-12	2.9846e-12	1.03509e-24	15	4.58379e-14
28  | 		1.02552e-12	3.919e-12	1.02552e-12	3.17195e-25	5	7.30941e-14
29  | 		2.72131e-12	5.76489e-12	2.72131e-12	5.22089e-25	21	2.00858e-14
30  | 		0	0	0	0	0	0
31  | 		5.862e-13	1.99327e-12	5.862e-13	2.26211e-25	4	1.08129e-13
32  | 		1.161e-11	2.64723e-11	1.161e-11	1.59669e-23	50	7.35987e-14
33  | 		0	0	0	0	0	0
34  | 		4.10154e-12	7.71909e-12	4.10154e-12	1.80395e-24	18	5.33016e-14
35  | 		1.65921e-11	2.27482e-11	1.65921e-11	5.21712e-24	81	1.67516e-14
36  | 		8.01288e-14	1.01854e-12	8.01288e-14	6.42062e-27	1	0
37  | 		3.58692e-12	1.54236e-11	3.58692e-12	2.86928e-24	5	1.21671e-13
38  | 		4.33632e-12	8.53977e-12	4.33632e-12	1.81064e-24	13	4.83177e-14
39  | 		0	0	0	0	0	0
40  | 		0	0	0	0	0	0
41  | 		3.93742e-12	9.87763e-12	3.93742e-12	1.65887e-24	15	5.45681e-14
42  | 		8.95361e-12	1.31443e-11	8.95361e-12	2.2266e-24	53	1.60958e-14
43  | 		0	0	0	0	0	0
44  | 		2.30369e-12	4.42966e-12	2.30369e-12	6.7211e-25	12	4.17298e-14
45  | 		0	0	0	0	0	0
46  | 		0	0	0	0	0	0
47  | 		0	0	0	0	0	0
48  | 		0	0	0	0	0	0
49  | 		5.03262e-12	1.7561e-11	5.03262e-12	1.59988e-24	22	3.11622e-14
50  | 		8.0654e-12	2.40514e-11	8.0654e-12	1.85653e-24	53	1.51092e-14
51  | 		0	0	0	0	0	0
52  | 		0	0	0	0	0	0
53  | 		6.70999e-15	6.14299e-14	6.70999e-15	4.5024e-29	1	0
54  | 		0	0	0	0	0	0
55  | 		0	0	0	0	0	0
56  | 		0	0	0	0	0	0
57  | 		0	0	0	0	0	0
58  | 		1.09643e-12	1.23653e-11	1.09643e-12	1.20216e-24	1	0
59  | 		0	0	0	0	0	0
60  | 		0	0	0	0	0	0
61  | 		1.76613e-11	1.21802e-11	1.76613e-11	1.11148e-23	67	3.82192e-14
62  | 		0	0	0	0	0	0
63  | 		0	0	0	0	0	0
64  | 		0	0	0	0	0	0
65  | 		0	0	0	0	0	0
66  | 		0	0	0	0	0	0
67  | 		0	0	0	0	0	0
68  | 		0	0	0	0	0	0
69  | 		0	0	0	0	0	0
70  | 		6.64365e-15	4.77274e-13	6.64365e-15	4.4138e-29	1	0
71  | 		0	0	0	0	0	0
72  | 		0	0	0	0	0	0
73  | 		0	0	0	0	0	0
74  | 		5.55017e-12	8.53873e-12	5.55017e-12	1.31058e-24	30	1.80601e-14
75  | 		4.15428e-13	1.18687e-12	4.15428e-13	5.82704e-26	6	3.13619e-14
76  | 		0	0	0	0	0	0
77  | 		0	0	0	0	0	0
78  | 		5.97025e-13	9.95042e-12	5.97025e-13	1.27951e-25	3	3.90246e-14
79  | 		2.52261e-12	2.65537e-11	2.52261e-12	5.63445e-25	15	2.57469e-14
80  | 		9.79567e-13	1.63261e-11	9.79567e-13	1.28173e-25	10	1.89203e-14
81  | 		7.81843e-13	1.95412e-11	7.81843e-13	7.65148e-26	11	1.37985e-14
82  | 		0	0	0	0	0	0
83  | 		0	0	0	0	0	0
84  | 		1.33274e-12	3.33101e-11	1.33274e-12	3.17493e-25	8	4.12892e-14
85  | 		2.47944e-12	3.30724e-11	2.47944e-12	5.70039e-25	15	2.76198e-14
86  | 		0	0	0	0	0	0
87  | 		0	0	0	0	0	0
88  | 		0	0	0	0	0	0
89  | 		0	0	0	0	0	0
90  | 		0	0	0	0	0	0
91  | 		0	0	0	0	0	0
92  | 		0	0	0	0	0	0
93  | 		0	0	0	0	0	0
94  | 		0	0	0	0	0	0
95  | 		2.51009e-11	1.39449e-11	2.51009e-11	6.34942e-24	147	9.80499e-15
96  | 		0	0	0	0	0	0
97  | 		3.32713e-13	6.96431e-13	3.32713e-13	1.0501e-26	15	3.85522e-15
98  | 		4.10498e-13	5.73802e-12	4.10498e-13	4.5391e-26	5	2.41757e-14
99  | 		1.78961e-12	3.0851e-12	1.78961e-12	9.14247e-26	47	3.28159e-15
100  | 		0	0	0	0	0	0
101  | 		0	0	0	0	0	0
102  | 		3.71104e-14	6.20575e-12	3.71104e-14	1.37718e-27	1	0
103  | 		7.93364e-13	7.59928e-12	7.93364e-13	2.25106e-25	4	7.51385e-14
104  | 		1.06981e-14	1.3663e-12	1.06981e-14	1.14449e-28	1	0
105  | 		0	0	0	0	0	0
106  | 		9.70519e-12	7.96938e-12	9.70519e-12	2.34617e-24	57	1.4742e-14
107  | 		1.23214e-10	8.21056e-12	1.23214e-10	7.69179e-23	792	9.60111e-15
108  | 		1.99984e-11	7.27074e-12	1.99984e-11	1.05194e-23	102	2.53082e-14
109  | 		1.16657e-10	1.16367e-11	1.16657e-10	5.91062e-23	622	9.81719e-15
110  | 		0	0	0	0	0	0
111  | 		0	0	0	0	0	0
112  | 		0	0	0	0	0	0
113  | 		8.05979e-12	5.75699e-11	8.05979e-12	2.11813e-24	39	1.74733e-14
114  | 		0	0	0	0	0	0
115  | 		0	0	0	0	0	0
116  | 		7.07475e-12	6.74743e-12	7.07475e-12	1.28613e-24	64	1.11811e-14
117  | 		9.78698e-11	7.91184e-12	9.78698e-11	2.66459e-23	740	5.00557e-15
118  | 		3.26237e-11	1.98505e-11	3.26237e-11	7.64896e-23	156	5.36767e-14
119  | 		6.20943e-11	1.15065e-11	6.20943e-11	2.49286e-23	560	7.59206e-15
120  | 		0	0	0	0	0	0
121  | 		4.67953e-12	1.10132e-10	4.67953e-12	1.00905e-24	36	1.78346e-14
122  | 		4.95698e-12	1.70144e-11	4.95698e-12	6.11924e-24	20	1.13447e-13
123  | 		1.55174e-11	1.05905e-11	1.55174e-11	4.26712e-24	117	1.27581e-14
124  | 		5.7714e-12	9.0315e-12	5.7714e-12	1.36284e-24	44	1.78941e-14
125  | 		1.23251e-11	9.25009e-12	1.23251e-11	6.19724e-24	60	3.21782e-14
126  | 		8.70741e-13	2.37777e-11	8.70741e-13	2.04416e-25	5	5.13703e-14
127  | 		4.49112e-12	2.99428e-11	4.49112e-12	7.65051e-24	4	4.66188e-13
128  | 		0	0	0	0	0	0
129  | 		0	0	0	0	0	0
130  | 		5.42838e-13	3.09839e-11	5.42838e-13	1.47426e-25	2	6.67311e-15
131  | 		0	0	0	0	0	0
132  | 		0	0	0	0	0	0
133  | 		2.50449e-14	5.92357e-13	2.50449e-14	6.27246e-28	1	0
134  | 		0	0	0	0	0	0
135  | 		0	0	0	0	0	0
136  | 		0	0	0	0	0	0
137  | 		2.08967e-13	4.1785e-12	2.08967e-13	1.53937e-26	4	1.93152e-14
138  | 		3.20444e-12	1.60222e-11	3.20444e-12	9.91438e-25	18	3.70906e-14
139  | 		0	0	0	0	0	0
140  | 		0	0	0	0	0	0
141  | 		0	0	0	0	0	0
Total energy depositied over all organs = 6.78346e-10 J
Total absorbed dose over all organs = 8.34675e-10 Gy 
