
	-------------------------------- 
	OrganID	Edep (J)	Dose (Gy)
	-------------------------------- 
	8 |		1.0155e-13	1.53144e-12
	10 |		6.74196e-14	2.4793e-13
	12 |		7.13344e-13	8.59036e-12
	22 |		1.18483e-12	6.5919e-12
	23 |		1.11111e-12	7.9598e-12
	28 |		3.74852e-13	1.43248e-12
	34 |		1.9906e-12	3.74631e-12
	35 |		1.0655e-12	1.46083e-12
	36 |		2.82356e-12	3.58912e-11
	37 |		6.27524e-13	2.69833e-12
	38 |		1.22527e-12	2.41299e-12
	41 |		4.93685e-12	1.23849e-11
	42 |		2.79907e-12	4.10916e-12
	46 |		4.11074e-15	2.13867e-14
	54 |		1.13441e-14	6.538e-14
	56 |		3.28139e-15	5.82736e-14
	74 |		1.11721e-14	1.71879e-14
	75 |		9.68972e-14	2.76833e-13
	76 |		2.8266e-15	3.14102e-14
	78 |		1.0908e-15	1.818e-14
	84 |		3.09683e-13	7.74014e-12
	85 |		3.02204e-15	4.031e-14
	86 |		8.36787e-15	2.79115e-13
	87 |		8.06197e-13	2.44317e-12
	88 |		2.78575e-12	5.46214e-12
	97 |		4.84713e-16	1.0146e-15
	99 |		7.82181e-14	1.3484e-13
	107 |		8.93459e-11	5.95369e-12
	108 |		2.36164e-12	8.58612e-13
	109 |		1.04588e-10	1.04327e-11
	115 |		6.99174e-13	4.11037e-11
	117 |		6.37225e-11	5.15136e-12
	118 |		5.11867e-12	3.11455e-12
	119 |		4.29616e-11	7.96105e-12
	123 |		6.74767e-12	4.60526e-12
	124 |		7.02365e-12	1.09911e-11
	125 |		1.0139e-11	7.60941e-12
	137 |		1.03605e-12	2.07168e-11
	138 |		7.25199e-12	3.62599e-11
----------------------------------------------------------------------------
-------------------------------ORGAN INFO-----------------------------------
-----------------(of organs where edep/dose was recorded)-------------------
----------------------------------------------------------------------------
ID		Organ Name	    	    	    	Material ID		Density (g/cm^3) 
8     Bronchi                                          45    1.030
10    Blood vessels, trunk                             28    1.060
12    Blood vessels, legs                              28    1.060
22    Wrists and hand bones, cortical                   2    1.920
23    Wrists and hand bones, spongiosa                  6    1.108
28    Femora, upper half, cortical                      2    1.920
34    Tibiae, fibulae and patellae, cortical            2    1.920
35    Tibiae, fibulae and patellae, spongiosa          11    1.108
36    Tibiae, fibulae and patellae, medullary cavity   25    0.980
37    Ankles and foot bones, cortical                   2    1.920
38    Ankles and foot bones, spongiosa                 12    1.108
41    Pelvis, cortical                                  2    1.920
42    Pelvis, spongiosa                                14    1.123
46    Scapulae, spongiosa                              16    1.183
54    Sacrum, spongiosa                                20    1.031
56    Sternum, spongiosa                               21    1.041
74    Small intestine wall                             37    1.040
75    Small intestine contents                         51    1.040
76    Ascending colon wall                             38    1.040
78    Transverse colon wall, right                     38    1.040
84    Sigmoid colon wall                               38    1.040
85    Sigmoid colon contents                           51    1.040
86    Rectum wall                                      38    1.040
87    Heart wall                                       33    1.050
88    Heart contents (blood)                           28    1.060
97    Lung, left, tissue                               50    0.382
99    Lung, right, tissue                              50    0.382
107   Muscle, trunk                                    29    1.050
108   Muscle, arms                                     29    1.050
109   Muscle, legs                                     29    1.050
115   Prostate                                         46    1.030
117   Residual tissue, trunk                           49    0.950
118   Residual tissue, arms                            49    0.950
119   Residual tissue, legs                            49    0.950
123   Skin, trunk                                      27    1.090
124   Skin, arms                                       27    1.090
125   Skin, legs                                       27    1.090
137   Urinary bladder wall                             41    1.040
138   Urinary bladder contents                         52    1.040

Total Edep over all organs = 3.6414e-10 J
Total dose absorbed over all organs = 2.60405e-10 Gy

----------------------------------------------------------------------------
----------------ORGAN ENERGY DEPOSITIONS AND ABSORBED DOSE------------------
-----------(for all organs [includes air - OrganIDs = 0, 140])--------------
--------------([and top/bottom skin layer - OrganIDs = 141])----------------
----------------------------------------------------------------------------
OrganID	Edep (J) 	Dose (Gy) 	S1_J	S2_J2	N	SE_run_J
-------------------------------
0  | 		5.82068e-13	0	5.82068e-13	2.56627e-28	4626	2.9277e-18
1  | 		0	0	0	0	0	0
2  | 		0	0	0	0	0	0
3  | 		0	0	0	0	0	0
4  | 		0	0	0	0	0	0
5  | 		0	0	0	0	0	0
6  | 		0	0	0	0	0	0
7  | 		0	0	0	0	0	0
8  | 		1.0155e-13	1.53144e-12	1.0155e-13	5.2339e-27	2	6.23461e-15
9  | 		0	0	0	0	0	0
10  | 		6.74196e-14	2.4793e-13	6.74196e-14	4.54541e-27	1	0
11  | 		0	0	0	0	0	0
12  | 		7.13344e-13	8.59036e-12	7.13344e-13	2.3847e-25	3	1.07122e-13
13  | 		0	0	0	0	0	0
14  | 		0	0	0	0	0	0
15  | 		0	0	0	0	0	0
16  | 		0	0	0	0	0	0
17  | 		0	0	0	0	0	0
18  | 		0	0	0	0	0	0
19  | 		0	0	0	0	0	0
20  | 		0	0	0	0	0	0
21  | 		0	0	0	0	0	0
22  | 		1.18483e-12	6.5919e-12	1.18483e-12	5.024e-25	4	1.12341e-13
23  | 		1.11111e-12	7.9598e-12	1.11111e-12	3.2564e-25	5	6.27405e-14
24  | 		0	0	0	0	0	0
25  | 		0	0	0	0	0	0
26  | 		0	0	0	0	0	0
27  | 		0	0	0	0	0	0
28  | 		3.74852e-13	1.43248e-12	3.74852e-13	1.3534e-25	3	1.21451e-13
29  | 		0	0	0	0	0	0
30  | 		0	0	0	0	0	0
31  | 		0	0	0	0	0	0
32  | 		0	0	0	0	0	0
33  | 		0	0	0	0	0	0
34  | 		1.9906e-12	3.74631e-12	1.9906e-12	5.39385e-25	13	3.87776e-14
35  | 		1.0655e-12	1.46083e-12	1.0655e-12	2.78053e-25	7	5.25238e-14
36  | 		2.82356e-12	3.58912e-11	2.82356e-12	4.19895e-25	25	1.2974e-14
37  | 		6.27524e-13	2.69833e-12	6.27524e-13	5.73642e-26	8	1.20571e-14
38  | 		1.22527e-12	2.41299e-12	1.22527e-12	9.67007e-26	22	7.8488e-15
39  | 		0	0	0	0	0	0
40  | 		0	0	0	0	0	0
41  | 		4.93685e-12	1.23849e-11	4.93685e-12	4.99811e-24	14	1.33779e-13
42  | 		2.79907e-12	4.10916e-12	2.79907e-12	3.08445e-24	22	7.6847e-14
43  | 		0	0	0	0	0	0
44  | 		0	0	0	0	0	0
45  | 		0	0	0	0	0	0
46  | 		4.11074e-15	2.13867e-14	4.11074e-15	1.68982e-29	1	0
47  | 		0	0	0	0	0	0
48  | 		0	0	0	0	0	0
49  | 		0	0	0	0	0	0
50  | 		0	0	0	0	0	0
51  | 		0	0	0	0	0	0
52  | 		0	0	0	0	0	0
53  | 		0	0	0	0	0	0
54  | 		1.13441e-14	6.538e-14	1.13441e-14	6.13341e-29	5	1.3341e-15
55  | 		0	0	0	0	0	0
56  | 		3.28139e-15	5.82736e-14	3.28139e-15	9.08835e-30	2	1.36099e-15
57  | 		0	0	0	0	0	0
58  | 		0	0	0	0	0	0
59  | 		0	0	0	0	0	0
60  | 		0	0	0	0	0	0
61  | 		0	0	0	0	0	0
62  | 		0	0	0	0	0	0
63  | 		0	0	0	0	0	0
64  | 		0	0	0	0	0	0
65  | 		0	0	0	0	0	0
66  | 		0	0	0	0	0	0
67  | 		0	0	0	0	0	0
68  | 		0	0	0	0	0	0
69  | 		0	0	0	0	0	0
70  | 		0	0	0	0	0	0
71  | 		0	0	0	0	0	0
72  | 		0	0	0	0	0	0
73  | 		0	0	0	0	0	0
74  | 		1.11721e-14	1.71879e-14	1.11721e-14	1.24816e-28	1	0
75  | 		9.68972e-14	2.76833e-13	9.68972e-14	9.38906e-27	1	0
76  | 		2.8266e-15	3.14102e-14	2.8266e-15	7.98967e-30	1	0
77  | 		0	0	0	0	0	0
78  | 		1.0908e-15	1.818e-14	1.0908e-15	1.18984e-30	1	0
79  | 		0	0	0	0	0	0
80  | 		0	0	0	0	0	0
81  | 		0	0	0	0	0	0
82  | 		0	0	0	0	0	0
83  | 		0	0	0	0	0	0
84  | 		3.09683e-13	7.74014e-12	3.09683e-13	2.48426e-26	4	8.49877e-15
85  | 		3.02204e-15	4.031e-14	3.02204e-15	9.13271e-30	1	0
86  | 		8.36787e-15	2.79115e-13	8.36787e-15	7.00212e-29	1	0
87  | 		8.06197e-13	2.44317e-12	8.06197e-13	7.67266e-26	15	1.26107e-14
88  | 		2.78575e-12	5.46214e-12	2.78575e-12	2.03269e-25	58	4.58399e-15
89  | 		0	0	0	0	0	0
90  | 		0	0	0	0	0	0
91  | 		0	0	0	0	0	0
92  | 		0	0	0	0	0	0
93  | 		0	0	0	0	0	0
94  | 		0	0	0	0	0	0
95  | 		0	0	0	0	0	0
96  | 		0	0	0	0	0	0
97  | 		4.84713e-16	1.0146e-15	4.84713e-16	2.34946e-31	1	0
98  | 		0	0	0	0	0	0
99  | 		7.82181e-14	1.3484e-13	7.82181e-14	3.67573e-27	3	1.65145e-14
100  | 		0	0	0	0	0	0
101  | 		0	0	0	0	0	0
102  | 		0	0	0	0	0	0
103  | 		0	0	0	0	0	0
104  | 		0	0	0	0	0	0
105  | 		0	0	0	0	0	0
106  | 		0	0	0	0	0	0
107  | 		8.93459e-11	5.95369e-12	8.93459e-11	5.08865e-23	653	9.5293e-15
108  | 		2.36164e-12	8.58612e-13	2.36164e-12	7.12881e-25	22	3.15325e-14
109  | 		1.04588e-10	1.04327e-11	1.04588e-10	6.63111e-23	689	1.03148e-14
110  | 		0	0	0	0	0	0
111  | 		0	0	0	0	0	0
112  | 		0	0	0	0	0	0
113  | 		0	0	0	0	0	0
114  | 		0	0	0	0	0	0
115  | 		6.99174e-13	4.11037e-11	6.99174e-13	4.85861e-26	14	8.66619e-15
116  | 		0	0	0	0	0	0
117  | 		6.37225e-11	5.15136e-12	6.37225e-11	2.83183e-23	524	8.66347e-15
118  | 		5.11867e-12	3.11455e-12	5.11867e-12	1.30021e-24	36	2.13143e-14
119  | 		4.29616e-11	7.96105e-12	4.29616e-11	1.04955e-23	289	7.02626e-15
120  | 		0	0	0	0	0	0
121  | 		0	0	0	0	0	0
122  | 		0	0	0	0	0	0
123  | 		6.74767e-12	4.60526e-12	6.74767e-12	1.67923e-24	46	1.82498e-14
124  | 		7.02365e-12	1.09911e-11	7.02365e-12	5.74659e-24	22	8.70916e-14
125  | 		1.0139e-11	7.60941e-12	1.0139e-11	2.89309e-24	52	1.85867e-14
126  | 		0	0	0	0	0	0
127  | 		0	0	0	0	0	0
128  | 		0	0	0	0	0	0
129  | 		0	0	0	0	0	0
130  | 		0	0	0	0	0	0
131  | 		0	0	0	0	0	0
132  | 		0	0	0	0	0	0
133  | 		0	0	0	0	0	0
134  | 		0	0	0	0	0	0
135  | 		0	0	0	0	0	0
136  | 		0	0	0	0	0	0
137  | 		1.03605e-12	2.07168e-11	1.03605e-12	7.29572e-26	21	7.21165e-15
138  | 		7.25199e-12	3.62599e-11	7.25199e-12	5.23352e-25	130	2.66163e-15
139  | 		0	0	0	0	0	0
140  | 		0	0	0	0	0	0
141  | 		0	0	0	0	0	0
Total energy depositied over all organs = 3.6414e-10 J
Total absorbed dose over all organs = 2.60405e-10 Gy 
