
	-------------------------------- 
	OrganID	Edep (J)	Dose (Gy)
	-------------------------------- 
	8 |		4.51833e-14	6.81396e-13
	10 |		6.06169e-13	2.22914e-12
	12 |		1.21064e-13	1.4579e-12
	19 |		2.82235e-13	1.04223e-12
	20 |		7.82406e-14	4.30106e-13
	22 |		1.81631e-13	1.01052e-12
	23 |		2.42082e-13	1.73424e-12
	28 |		2.09759e-12	8.01587e-12
	29 |		2.27774e-12	4.82521e-12
	30 |		4.17163e-13	1.61816e-11
	31 |		7.04479e-13	2.39545e-12
	33 |		1.05339e-12	1.30224e-11
	34 |		8.27719e-13	1.55777e-12
	35 |		8.40861e-17	1.15284e-16
	37 |		1.61653e-12	6.95102e-12
	38 |		2.41351e-12	4.75306e-12
	41 |		3.31912e-13	8.32653e-13
	42 |		4.54836e-14	6.67718e-14
	43 |		3.05026e-14	8.35321e-14
	44 |		1.70335e-13	3.27529e-13
	56 |		3.06064e-13	5.43534e-12
	60 |		1.17845e-13	3.39317e-12
	70 |		3.36783e-13	2.41942e-11
	71 |		3.77267e-13	6.97609e-12
	72 |		4.76104e-13	3.17424e-12
	73 |		1.53441e-13	6.13739e-13
	74 |		4.23276e-13	6.51194e-13
	75 |		4.20848e-13	1.20236e-12
	87 |		7.59394e-13	2.30133e-12
	88 |		1.80402e-12	3.53723e-12
	92 |		2.45403e-12	2.23256e-11
	93 |		2.51505e-12	6.40776e-11
	94 |		7.10386e-13	9.0265e-11
	95 |		3.03641e-11	1.68688e-11
	96 |		1.56096e-13	1.97565e-12
	97 |		8.20638e-13	1.71775e-12
	103 |		2.62068e-13	2.51023e-12
	107 |		2.4683e-11	1.64478e-12
	108 |		9.67357e-13	3.51698e-13
	109 |		3.7772e-11	3.76779e-12
	113 |		1.41854e-12	1.01324e-11
	117 |		2.34487e-11	1.8956e-12
	118 |		7.45602e-13	4.53676e-13
	119 |		1.16239e-11	2.15398e-12
	123 |		2.31481e-12	1.57985e-12
	124 |		2.1381e-13	3.34585e-13
	125 |		3.06015e-12	2.29667e-12
	141 |		8.57218e-13	5.55553e-12
----------------------------------------------------------------------------
-------------------------------ORGAN INFO-----------------------------------
-----------------(of organs where edep/dose was recorded)-------------------
----------------------------------------------------------------------------
ID		Organ Name	    	    	    	Material ID		Density (g/cm^3) 
8     Bronchi                                          45    1.030
10    Blood vessels, trunk                             28    1.060
12    Blood vessels, legs                              28    1.060
19    Ulnae and radii, cortical                         2    1.920
20    Ulnae and radii, spongiosa                        5    1.108
22    Wrists and hand bones, cortical                   2    1.920
23    Wrists and hand bones, spongiosa                  6    1.108
28    Femora, upper half, cortical                      2    1.920
29    Femora, upper half, spongiosa                     9    1.124
30    Femora, upper half, medullary cavity             22    0.980
31    Femora, lower half, cortical                      2    1.920
33    Femora, lower half, medullary cavity             23    0.980
34    Tibiae, fibulae and patellae, cortical            2    1.920
35    Tibiae, fibulae and patellae, spongiosa          11    1.108
37    Ankles and foot bones, cortical                   2    1.920
38    Ankles and foot bones, spongiosa                 12    1.108
41    Pelvis, cortical                                  2    1.920
42    Pelvis, spongiosa                                14    1.123
43    Ribs, cortical                                    2    1.920
44    Ribs, spongiosa                                  15    1.165
56    Sternum, spongiosa                               21    1.041
60    Cartilage, legs                                  26    1.100
70    Gall bladder wall                                45    1.030
71    Gall bladder contents                            45    1.030
72    Stomach wall                                     36    1.040
73    Stomach contents                                 51    1.040
74    Small intestine wall                             37    1.040
75    Small intestine contents                         51    1.040
87    Heart wall                                       33    1.050
88    Heart contents (blood)                           28    1.060
92    Kidney, right, cortex                            35    1.050
93    Kidney, right, medulla                           35    1.050
94    Kidney, right, pelvis                            35    1.050
95    Liver                                            30    1.050
96    Lung, left, blood                                28    1.060
97    Lung, left, tissue                               50    0.382
103   Lymphatic nodes, trunk                           47    1.030
107   Muscle, trunk                                    29    1.050
108   Muscle, arms                                     29    1.050
109   Muscle, legs                                     29    1.050
113   Pancreas                                         31    1.050
117   Residual tissue, trunk                           49    0.950
118   Residual tissue, arms                            49    0.950
119   Residual tissue, legs                            49    0.950
123   Skin, trunk                                      27    1.090
124   Skin, arms                                       27    1.090
125   Skin, legs                                       27    1.090
141    Phantom Top/Bottom Skin Layer

Total Edep over all organs = 1.63105e-10 J
Total dose absorbed over all organs = 3.48985e-10 Gy

----------------------------------------------------------------------------
----------------ORGAN ENERGY DEPOSITIONS AND ABSORBED DOSE------------------
-----------(for all organs [includes air - OrganIDs = 0, 140])--------------
--------------([and top/bottom skin layer - OrganIDs = 141])----------------
----------------------------------------------------------------------------
OrganID	Edep (J) 	Dose (Gy) 	S1_J	S2_J2	N	SE_run_J
-------------------------------
0  | 		2.32073e-13	0	2.32073e-13	8.65282e-29	4103	2.08836e-18
1  | 		0	0	0	0	0	0
2  | 		0	0	0	0	0	0
3  | 		0	0	0	0	0	0
4  | 		0	0	0	0	0	0
5  | 		0	0	0	0	0	0
6  | 		0	0	0	0	0	0
7  | 		0	0	0	0	0	0
8  | 		4.51833e-14	6.81396e-13	4.51833e-14	2.04153e-27	1	0
9  | 		0	0	0	0	0	0
10  | 		6.06169e-13	2.22914e-12	6.06169e-13	4.01911e-26	12	8.51514e-15
11  | 		0	0	0	0	0	0
12  | 		1.21064e-13	1.4579e-12	1.21064e-13	5.90324e-27	3	1.30238e-14
13  | 		0	0	0	0	0	0
14  | 		0	0	0	0	0	0
15  | 		0	0	0	0	0	0
16  | 		0	0	0	0	0	0
17  | 		0	0	0	0	0	0
18  | 		0	0	0	0	0	0
19  | 		2.82235e-13	1.04223e-12	2.82235e-13	3.10082e-26	5	2.74562e-14
20  | 		7.82406e-14	4.30106e-13	7.82406e-14	6.12159e-27	1	0
21  | 		0	0	0	0	0	0
22  | 		1.81631e-13	1.01052e-12	1.81631e-13	1.65101e-26	2	2.75557e-15
23  | 		2.42082e-13	1.73424e-12	2.42082e-13	1.47354e-26	4	2.65397e-15
24  | 		0	0	0	0	0	0
25  | 		0	0	0	0	0	0
26  | 		0	0	0	0	0	0
27  | 		0	0	0	0	0	0
28  | 		2.09759e-12	8.01587e-12	2.09759e-12	3.07801e-25	25	1.48214e-14
29  | 		2.27774e-12	4.82521e-12	2.27774e-12	1.63454e-25	44	4.90626e-15
30  | 		4.17163e-13	1.61816e-11	4.17163e-13	3.01157e-26	10	1.18852e-14
31  | 		7.04479e-13	2.39545e-12	7.04479e-13	9.64448e-26	6	2.13929e-14
32  | 		0	0	0	0	0	0
33  | 		1.05339e-12	1.30224e-11	1.05339e-12	1.18223e-25	12	1.39683e-14
34  | 		8.27719e-13	1.55777e-12	8.27719e-13	1.84089e-25	5	4.85105e-14
35  | 		8.40861e-17	1.15284e-16	8.40861e-17	7.07048e-33	1	0
36  | 		0	0	0	0	0	0
37  | 		1.61653e-12	6.95102e-12	1.61653e-12	2.01039e-25	15	1.13027e-14
38  | 		2.41351e-12	4.75306e-12	2.41351e-12	1.85233e-25	40	5.03874e-15
39  | 		0	0	0	0	0	0
40  | 		0	0	0	0	0	0
41  | 		3.31912e-13	8.32653e-13	3.31912e-13	2.85198e-26	5	1.80093e-14
42  | 		4.54836e-14	6.67718e-14	4.54836e-14	2.06876e-27	1	0
43  | 		3.05026e-14	8.35321e-14	3.05026e-14	8.2174e-28	3	9.23403e-15
44  | 		1.70335e-13	3.27529e-13	1.70335e-13	1.0334e-26	4	1.60221e-14
45  | 		0	0	0	0	0	0
46  | 		0	0	0	0	0	0
47  | 		0	0	0	0	0	0
48  | 		0	0	0	0	0	0
49  | 		0	0	0	0	0	0
50  | 		0	0	0	0	0	0
51  | 		0	0	0	0	0	0
52  | 		0	0	0	0	0	0
53  | 		0	0	0	0	0	0
54  | 		0	0	0	0	0	0
55  | 		0	0	0	0	0	0
56  | 		3.06064e-13	5.43534e-12	3.06064e-13	1.89647e-26	7	1.1529e-14
57  | 		0	0	0	0	0	0
58  | 		0	0	0	0	0	0
59  | 		0	0	0	0	0	0
60  | 		1.17845e-13	3.39317e-12	1.17845e-13	1.38874e-26	1	0
61  | 		0	0	0	0	0	0
62  | 		0	0	0	0	0	0
63  | 		0	0	0	0	0	0
64  | 		0	0	0	0	0	0
65  | 		0	0	0	0	0	0
66  | 		0	0	0	0	0	0
67  | 		0	0	0	0	0	0
68  | 		0	0	0	0	0	0
69  | 		0	0	0	0	0	0
70  | 		3.36783e-13	2.41942e-11	3.36783e-13	6.63962e-26	2	6.95874e-14
71  | 		3.77267e-13	6.97609e-12	3.77267e-13	7.22285e-26	2	2.3057e-14
72  | 		4.76104e-13	3.17424e-12	4.76104e-13	5.09362e-26	9	1.89114e-14
73  | 		1.53441e-13	6.13739e-13	1.53441e-13	2.35441e-26	1	0
74  | 		4.23276e-13	6.51194e-13	4.23276e-13	4.80635e-26	7	2.31295e-14
75  | 		4.20848e-13	1.20236e-12	4.20848e-13	2.15105e-26	11	7.01251e-15
76  | 		0	0	0	0	0	0
77  | 		0	0	0	0	0	0
78  | 		0	0	0	0	0	0
79  | 		0	0	0	0	0	0
80  | 		0	0	0	0	0	0
81  | 		0	0	0	0	0	0
82  | 		0	0	0	0	0	0
83  | 		0	0	0	0	0	0
84  | 		0	0	0	0	0	0
85  | 		0	0	0	0	0	0
86  | 		0	0	0	0	0	0
87  | 		7.59394e-13	2.30133e-12	7.59394e-13	4.54554e-26	15	5.77766e-15
88  | 		1.80402e-12	3.53723e-12	1.80402e-12	1.57615e-25	33	7.47429e-15
89  | 		0	0	0	0	0	0
90  | 		0	0	0	0	0	0
91  | 		0	0	0	0	0	0
92  | 		2.45403e-12	2.23256e-11	2.45403e-12	5.75774e-25	19	2.75093e-14
93  | 		2.51505e-12	6.40776e-11	2.51505e-12	6.94297e-25	12	3.55876e-14
94  | 		7.10386e-13	9.0265e-11	7.10386e-13	1.69269e-25	4	5.99352e-14
95  | 		3.03641e-11	1.68688e-11	3.03641e-11	2.91741e-23	173	2.8308e-14
96  | 		1.56096e-13	1.97565e-12	1.56096e-13	1.12661e-26	3	2.28916e-14
97  | 		8.20638e-13	1.71775e-12	8.20638e-13	2.32588e-26	47	2.03237e-15
98  | 		0	0	0	0	0	0
99  | 		0	0	0	0	0	0
100  | 		0	0	0	0	0	0
101  | 		0	0	0	0	0	0
102  | 		0	0	0	0	0	0
103  | 		2.62068e-13	2.51023e-12	2.62068e-13	1.55079e-26	5	9.41254e-15
104  | 		0	0	0	0	0	0
105  | 		0	0	0	0	0	0
106  | 		0	0	0	0	0	0
107  | 		2.4683e-11	1.64478e-12	2.4683e-11	1.54991e-23	263	1.38316e-14
108  | 		9.67357e-13	3.51698e-13	9.67357e-13	4.78087e-26	24	3.99681e-15
109  | 		3.7772e-11	3.76779e-12	3.7772e-11	5.53414e-23	379	1.89741e-14
110  | 		0	0	0	0	0	0
111  | 		0	0	0	0	0	0
112  | 		0	0	0	0	0	0
113  | 		1.41854e-12	1.01324e-11	1.41854e-12	9.93906e-26	26	5.8172e-15
114  | 		0	0	0	0	0	0
115  | 		0	0	0	0	0	0
116  | 		0	0	0	0	0	0
117  | 		2.34487e-11	1.8956e-12	2.34487e-11	3.27234e-24	415	3.36671e-15
118  | 		7.45602e-13	4.53676e-13	7.45602e-13	4.95084e-26	16	7.84305e-15
119  | 		1.16239e-11	2.15398e-12	1.16239e-11	2.61021e-24	190	7.27216e-15
120  | 		0	0	0	0	0	0
121  | 		0	0	0	0	0	0
122  | 		0	0	0	0	0	0
123  | 		2.31481e-12	1.57985e-12	2.31481e-12	5.57056e-25	31	2.03255e-14
124  | 		2.1381e-13	3.34585e-13	2.1381e-13	1.34842e-26	4	1.30878e-14
125  | 		3.06015e-12	2.29667e-12	3.06015e-12	3.84905e-25	41	9.76873e-15
126  | 		0	0	0	0	0	0
127  | 		0	0	0	0	0	0
128  | 		0	0	0	0	0	0
129  | 		0	0	0	0	0	0
130  | 		0	0	0	0	0	0
131  | 		0	0	0	0	0	0
132  | 		0	0	0	0	0	0
133  | 		0	0	0	0	0	0
134  | 		0	0	0	0	0	0
135  | 		0	0	0	0	0	0
136  | 		0	0	0	0	0	0
137  | 		0	0	0	0	0	0
138  | 		0	0	0	0	0	0
139  | 		0	0	0	0	0	0
140  | 		0	0	0	0	0	0
141  | 		8.57218e-13	5.55553e-12	8.57218e-13	7.08789e-26	13	9.59237e-15
Total energy depositied over all organs = 1.63105e-10 J
Total absorbed dose over all organs = 3.48985e-10 Gy 
