
	-------------------------------- 
	OrganID	Edep (J)	Dose (Gy)
	-------------------------------- 
	10 |		4.2087e-13	1.54771e-12
	11 |		3.02385e-13	1.92357e-11
	16 |		7.64056e-14	5.96779e-13
	19 |		4.80315e-13	1.77369e-12
	20 |		2.17622e-12	1.19632e-11
	26 |		5.70002e-14	1.01271e-13
	28 |		5.55583e-14	2.12314e-13
	31 |		2.76049e-13	9.38654e-13
	32 |		1.14615e-12	2.61338e-12
	37 |		2.75096e-13	1.18291e-12
	38 |		1.96211e-12	3.86409e-12
	41 |		1.75664e-12	4.4068e-12
	42 |		3.30613e-12	4.85354e-12
	49 |		2.1617e-12	7.54311e-12
	50 |		1.05738e-12	3.15315e-12
	51 |		3.93075e-13	2.11115e-12
	52 |		1.75179e-12	5.7993e-12
	58 |		2.34582e-13	2.64556e-12
	59 |		4.34505e-14	7.35203e-12
	74 |		1.49169e-12	2.29491e-12
	75 |		1.01658e-12	2.90435e-12
	76 |		7.09383e-13	7.88291e-12
	77 |		4.92124e-13	8.94446e-12
	82 |		7.04757e-14	7.8315e-13
	95 |		2.44397e-12	1.35775e-12
	103 |		6.20811e-13	5.94646e-12
	107 |		4.71876e-11	3.14441e-12
	108 |		2.31486e-11	8.41604e-12
	109 |		3.31271e-11	3.30446e-12
	113 |		8.9164e-13	6.36886e-12
	116 |		1.74223e-12	1.66163e-12
	117 |		3.06919e-11	2.48115e-12
	118 |		3.51296e-12	2.13752e-12
	119 |		1.13604e-11	2.10516e-12
	122 |		5.20605e-13	1.78693e-12
	123 |		2.42491e-12	1.65499e-12
	124 |		1.64972e-12	2.5816e-12
	125 |		1.59673e-12	1.19836e-12
	137 |		2.40966e-13	4.81835e-12
	138 |		2.94034e-12	1.47017e-11
----------------------------------------------------------------------------
-------------------------------ORGAN INFO-----------------------------------
-----------------(of organs where edep/dose was recorded)-------------------
----------------------------------------------------------------------------
ID		Organ Name	    	    	    	Material ID		Density (g/cm^3) 
10    Blood vessels, trunk                             28    1.060
11    Blood vessels, arms                              28    1.060
16    Humeri, lower half, cortical                      2    1.920
19    Ulnae and radii, cortical                         2    1.920
20    Ulnae and radii, spongiosa                        5    1.108
26    Cranium, cortical                                 2    1.920
28    Femora, upper half, cortical                      2    1.920
31    Femora, lower half, cortical                      2    1.920
32    Femora, lower half, spongiosa                    10    1.108
37    Ankles and foot bones, cortical                   2    1.920
38    Ankles and foot bones, spongiosa                 12    1.108
41    Pelvis, cortical                                  2    1.920
42    Pelvis, spongiosa                                14    1.123
49    Thoracic spine, cortical                          2    1.920
50    Thoracic spine, spongiosa                        18    1.074
51    Lumbar spine, cortical                            2    1.920
52    Lumbar spine, spongiosa                          19    1.112
58    Cartilage, trunk                                 26    1.100
59    Cartilage, arms                                  26    1.100
74    Small intestine wall                             37    1.040
75    Small intestine contents                         51    1.040
76    Ascending colon wall                             38    1.040
77    Ascending colon contents                         51    1.040
82    Descending colon wall                            38    1.040
95    Liver                                            30    1.050
103   Lymphatic nodes, trunk                           47    1.030
107   Muscle, trunk                                    29    1.050
108   Muscle, arms                                     29    1.050
109   Muscle, legs                                     29    1.050
113   Pancreas                                         31    1.050
116   Residual tissue, head                            49    0.950
117   Residual tissue, trunk                           49    0.950
118   Residual tissue, arms                            49    0.950
119   Residual tissue, legs                            49    0.950
122   Skin, head                                       27    1.090
123   Skin, trunk                                      27    1.090
124   Skin, arms                                       27    1.090
125   Skin, legs                                       27    1.090
137   Urinary bladder wall                             41    1.040
138   Urinary bladder contents                         52    1.040

Total Edep over all organs = 1.85814e-10 J
Total dose absorbed over all organs = 1.68369e-10 Gy

----------------------------------------------------------------------------
----------------ORGAN ENERGY DEPOSITIONS AND ABSORBED DOSE------------------
-----------(for all organs [includes air - OrganIDs = 0, 140])--------------
--------------([and top/bottom skin layer - OrganIDs = 141])----------------
----------------------------------------------------------------------------
OrganID	Edep (J) 	Dose (Gy) 	S1_J	S2_J2	N	SE_run_J
-------------------------------
0  | 		1.85287e-13	0	1.85287e-13	6.29994e-29	2941	2.4364e-18
1  | 		0	0	0	0	0	0
2  | 		0	0	0	0	0	0
3  | 		0	0	0	0	0	0
4  | 		0	0	0	0	0	0
5  | 		0	0	0	0	0	0
6  | 		0	0	0	0	0	0
7  | 		0	0	0	0	0	0
8  | 		0	0	0	0	0	0
9  | 		0	0	0	0	0	0
10  | 		4.2087e-13	1.54771e-12	4.2087e-13	2.94361e-26	8	1.14133e-14
11  | 		3.02385e-13	1.92357e-11	3.02385e-13	4.34522e-26	4	4.14256e-14
12  | 		0	0	0	0	0	0
13  | 		0	0	0	0	0	0
14  | 		0	0	0	0	0	0
15  | 		0	0	0	0	0	0
16  | 		7.64056e-14	5.96779e-13	7.64056e-14	5.83782e-27	1	0
17  | 		0	0	0	0	0	0
18  | 		0	0	0	0	0	0
19  | 		4.80315e-13	1.77369e-12	4.80315e-13	7.97786e-26	4	4.29175e-14
20  | 		2.17622e-12	1.19632e-11	2.17622e-12	3.78975e-25	19	1.94752e-14
21  | 		0	0	0	0	0	0
22  | 		0	0	0	0	0	0
23  | 		0	0	0	0	0	0
24  | 		0	0	0	0	0	0
25  | 		0	0	0	0	0	0
26  | 		5.70002e-14	1.01271e-13	5.70002e-14	3.24903e-27	1	0
27  | 		0	0	0	0	0	0
28  | 		5.55583e-14	2.12314e-13	5.55583e-14	3.08672e-27	1	0
29  | 		0	0	0	0	0	0
30  | 		0	0	0	0	0	0
31  | 		2.76049e-13	9.38654e-13	2.76049e-13	3.81605e-26	3	4.61149e-14
32  | 		1.14615e-12	2.61338e-12	1.14615e-12	1.03848e-25	18	1.00434e-14
33  | 		0	0	0	0	0	0
34  | 		0	0	0	0	0	0
35  | 		0	0	0	0	0	0
36  | 		0	0	0	0	0	0
37  | 		2.75096e-13	1.18291e-12	2.75096e-13	2.91228e-26	3	2.54846e-14
38  | 		1.96211e-12	3.86409e-12	1.96211e-12	1.37107e-25	36	4.89301e-15
39  | 		0	0	0	0	0	0
40  | 		0	0	0	0	0	0
41  | 		1.75664e-12	4.4068e-12	1.75664e-12	2.46643e-25	16	1.49698e-14
42  | 		3.30613e-12	4.85354e-12	3.30613e-12	3.14776e-25	50	6.26509e-15
43  | 		0	0	0	0	0	0
44  | 		0	0	0	0	0	0
45  | 		0	0	0	0	0	0
46  | 		0	0	0	0	0	0
47  | 		0	0	0	0	0	0
48  | 		0	0	0	0	0	0
49  | 		2.1617e-12	7.54311e-12	2.1617e-12	1.85644e-24	4	2.39478e-13
50  | 		1.05738e-12	3.15315e-12	1.05738e-12	6.3819e-26	22	5.30434e-15
51  | 		3.93075e-13	2.11115e-12	3.93075e-13	3.79758e-26	5	1.88071e-14
52  | 		1.75179e-12	5.7993e-12	1.75179e-12	1.26765e-25	28	4.76503e-15
53  | 		0	0	0	0	0	0
54  | 		0	0	0	0	0	0
55  | 		0	0	0	0	0	0
56  | 		0	0	0	0	0	0
57  | 		0	0	0	0	0	0
58  | 		2.34582e-13	2.64556e-12	2.34582e-13	1.91245e-26	3	1.14131e-14
59  | 		4.34505e-14	7.35203e-12	4.34505e-14	1.88795e-27	1	0
60  | 		0	0	0	0	0	0
61  | 		0	0	0	0	0	0
62  | 		0	0	0	0	0	0
63  | 		0	0	0	0	0	0
64  | 		0	0	0	0	0	0
65  | 		0	0	0	0	0	0
66  | 		0	0	0	0	0	0
67  | 		0	0	0	0	0	0
68  | 		0	0	0	0	0	0
69  | 		0	0	0	0	0	0
70  | 		0	0	0	0	0	0
71  | 		0	0	0	0	0	0
72  | 		0	0	0	0	0	0
73  | 		0	0	0	0	0	0
74  | 		1.49169e-12	2.29491e-12	1.49169e-12	1.1623e-25	32	6.86079e-15
75  | 		1.01658e-12	2.90435e-12	1.01658e-12	6.76355e-26	21	6.62322e-15
76  | 		7.09383e-13	7.88291e-12	7.09383e-13	6.28969e-26	10	1.18202e-14
77  | 		4.92124e-13	8.94446e-12	4.92124e-13	3.41361e-26	8	8.30529e-15
78  | 		0	0	0	0	0	0
79  | 		0	0	0	0	0	0
80  | 		0	0	0	0	0	0
81  | 		0	0	0	0	0	0
82  | 		7.04757e-14	7.8315e-13	7.04757e-14	2.70092e-27	2	1.04286e-14
83  | 		0	0	0	0	0	0
84  | 		0	0	0	0	0	0
85  | 		0	0	0	0	0	0
86  | 		0	0	0	0	0	0
87  | 		0	0	0	0	0	0
88  | 		0	0	0	0	0	0
89  | 		0	0	0	0	0	0
90  | 		0	0	0	0	0	0
91  | 		0	0	0	0	0	0
92  | 		0	0	0	0	0	0
93  | 		0	0	0	0	0	0
94  | 		0	0	0	0	0	0
95  | 		2.44397e-12	1.35775e-12	2.44397e-12	1.62224e-25	50	4.17793e-15
96  | 		0	0	0	0	0	0
97  | 		0	0	0	0	0	0
98  | 		0	0	0	0	0	0
99  | 		0	0	0	0	0	0
100  | 		0	0	0	0	0	0
101  | 		0	0	0	0	0	0
102  | 		0	0	0	0	0	0
103  | 		6.20811e-13	5.94646e-12	6.20811e-13	2.35551e-25	3	1.33593e-13
104  | 		0	0	0	0	0	0
105  | 		0	0	0	0	0	0
106  | 		0	0	0	0	0	0
107  | 		4.71876e-11	3.14441e-12	4.71876e-11	4.76552e-23	461	1.42108e-14
108  | 		2.31486e-11	8.41604e-12	2.31486e-11	2.14345e-23	133	3.14869e-14
109  | 		3.31271e-11	3.30446e-12	3.31271e-11	7.86451e-24	352	6.1984e-15
110  | 		0	0	0	0	0	0
111  | 		0	0	0	0	0	0
112  | 		0	0	0	0	0	0
113  | 		8.9164e-13	6.36886e-12	8.9164e-13	5.4493e-26	19	6.08173e-15
114  | 		0	0	0	0	0	0
115  | 		0	0	0	0	0	0
116  | 		1.74223e-12	1.66163e-12	1.74223e-12	1.0451e-25	36	4.00336e-15
117  | 		3.06919e-11	2.48115e-12	3.06919e-11	1.04515e-23	456	6.35743e-15
118  | 		3.51296e-12	2.13752e-12	3.51296e-12	7.55604e-25	38	1.75052e-14
119  | 		1.13604e-11	2.10516e-12	1.13604e-11	1.2469e-24	164	4.14803e-15
120  | 		0	0	0	0	0	0
121  | 		0	0	0	0	0	0
122  | 		5.20605e-13	1.78693e-12	5.20605e-13	3.26779e-26	9	5.96691e-15
123  | 		2.42491e-12	1.65499e-12	2.42491e-12	5.18222e-25	33	1.79444e-14
124  | 		1.64972e-12	2.5816e-12	1.64972e-12	5.05665e-25	14	4.13552e-14
125  | 		1.59673e-12	1.19836e-12	1.59673e-12	2.15199e-25	21	1.49437e-14
126  | 		0	0	0	0	0	0
127  | 		0	0	0	0	0	0
128  | 		0	0	0	0	0	0
129  | 		0	0	0	0	0	0
130  | 		0	0	0	0	0	0
131  | 		0	0	0	0	0	0
132  | 		0	0	0	0	0	0
133  | 		0	0	0	0	0	0
134  | 		0	0	0	0	0	0
135  | 		0	0	0	0	0	0
136  | 		0	0	0	0	0	0
137  | 		2.40966e-13	4.81835e-12	2.40966e-13	2.95467e-26	2	1.60379e-14
138  | 		2.94034e-12	1.47017e-11	2.94034e-12	2.62064e-25	43	5.81193e-15
139  | 		0	0	0	0	0	0
140  | 		0	0	0	0	0	0
141  | 		0	0	0	0	0	0
Total energy depositied over all organs = 1.85814e-10 J
Total absorbed dose over all organs = 1.68369e-10 Gy 
