
	-------------------------------- 
	OrganID	Edep (J)	Dose (Gy)
	-------------------------------- 
	4 |		3.95522e-13	1.39219e-11
	5 |		3.35851e-13	1.09291e-11
	10 |		3.04077e-13	1.11822e-12
	11 |		1.27637e-13	8.1194e-12
	12 |		8.29049e-12	9.98373e-11
	13 |		4.52407e-14	3.34472e-13
	16 |		3.25675e-13	2.54374e-12
	18 |		4.07266e-13	1.09687e-11
	19 |		1.27875e-12	4.72211e-12
	20 |		1.31377e-12	7.22207e-12
	22 |		1.25081e-12	6.95898e-12
	23 |		2.81594e-12	2.01729e-11
	24 |		4.46596e-15	9.34692e-14
	26 |		2.26179e-12	4.01845e-12
	27 |		1.22968e-12	2.72621e-12
	28 |		2.13384e-12	8.15438e-12
	29 |		3.40913e-12	7.22196e-12
	34 |		6.55657e-13	1.23395e-12
	35 |		3.93828e-13	5.39949e-13
	36 |		8.06892e-13	1.02567e-11
	37 |		5.29991e-12	2.27894e-11
	38 |		7.22589e-12	1.42303e-11
	40 |		2.13475e-13	2.8887e-12
	41 |		1.15943e-12	2.9086e-12
	42 |		3.64702e-13	5.35398e-13
	45 |		3.8224e-13	1.72858e-12
	46 |		4.38329e-13	2.28047e-12
	47 |		2.36538e-12	2.29827e-11
	48 |		1.00171e-12	1.36195e-11
	53 |		9.57101e-14	8.76225e-13
	59 |		4.5642e-15	7.72285e-13
	61 |		6.44117e-14	4.44218e-14
	72 |		4.656e-13	3.10421e-12
	73 |		2.73871e-13	1.09544e-12
	74 |		4.91425e-13	7.56038e-13
	75 |		1.58609e-13	4.53142e-13
	76 |		7.47297e-13	8.30422e-12
	77 |		1.71002e-13	3.10799e-12
	78 |		3.57319e-13	5.95532e-12
	79 |		9.42993e-13	9.92625e-12
	84 |		1.35833e-13	3.39498e-12
	85 |		5.67095e-13	7.56429e-12
	89 |		1.39709e-12	1.30423e-11
	90 |		1.82313e-14	4.76636e-13
	95 |		5.85714e-13	3.25395e-13
	100 |		1.41247e-13	6.24988e-11
	102 |		2.39987e-14	4.01315e-12
	103 |		5.16457e-14	4.94691e-13
	105 |		9.81131e-14	8.83902e-12
	106 |		1.93047e-11	1.5852e-11
	107 |		3.99194e-11	2.66009e-12
	108 |		9.11834e-12	3.31512e-12
	109 |		6.78387e-11	6.76697e-12
	113 |		1.506e-12	1.07572e-11
	116 |		1.24143e-11	1.18399e-11
	117 |		2.94713e-11	2.38247e-12
	118 |		3.66592e-12	2.2306e-12
	119 |		2.66451e-11	4.93751e-12
	122 |		2.16072e-12	7.41648e-12
	123 |		6.81349e-12	4.65018e-12
	124 |		1.42935e-12	2.23675e-12
	125 |		1.35476e-11	1.01676e-11
	126 |		3.95113e-13	1.07895e-11
	133 |		7.29597e-13	1.72563e-11
	137 |		4.98134e-14	9.96069e-13
	138 |		1.76034e-12	8.80171e-12
	141 |		2.68841e-13	1.74233e-12
----------------------------------------------------------------------------
-------------------------------ORGAN INFO-----------------------------------
-----------------(of organs where edep/dose was recorded)-------------------
----------------------------------------------------------------------------
ID		Organ Name	    	    	    	Material ID		Density (g/cm^3) 
4     Posterior nasal passage down to larynx (ET2)     45    1.030
5     Oral mucosa, tongue                              29    1.050
10    Blood vessels, trunk                             28    1.060
11    Blood vessels, arms                              28    1.060
12    Blood vessels, legs                              28    1.060
13    Humeri, upper half, cortical                      2    1.920
16    Humeri, lower half, cortical                      2    1.920
18    Humeri, lower half, medullary cavity             23    0.980
19    Ulnae and radii, cortical                         2    1.920
20    Ulnae and radii, spongiosa                        5    1.108
22    Wrists and hand bones, cortical                   2    1.920
23    Wrists and hand bones, spongiosa                  6    1.108
24    Clavicles, cortical                               2    1.920
26    Cranium, cortical                                 2    1.920
27    Cranium, spongiosa                                8    1.157
28    Femora, upper half, cortical                      2    1.920
29    Femora, upper half, spongiosa                     9    1.124
34    Tibiae, fibulae and patellae, cortical            2    1.920
35    Tibiae, fibulae and patellae, spongiosa          11    1.108
36    Tibiae, fibulae and patellae, medullary cavity   25    0.980
37    Ankles and foot bones, cortical                   2    1.920
38    Ankles and foot bones, spongiosa                 12    1.108
40    Mandible, spongiosa                              13    1.228
41    Pelvis, cortical                                  2    1.920
42    Pelvis, spongiosa                                14    1.123
45    Scapulae, cortical                                2    1.920
46    Scapulae, spongiosa                              16    1.183
47    Cervical spine, cortical                          2    1.920
48    Cervical spine, spongiosa                        17    1.050
53    Sacrum, cortical                                  2    1.920
59    Cartilage, arms                                  26    1.100
61    Brain                                            32    1.050
72    Stomach wall                                     36    1.040
73    Stomach contents                                 51    1.040
74    Small intestine wall                             37    1.040
75    Small intestine contents                         51    1.040
76    Ascending colon wall                             38    1.040
77    Ascending colon contents                         51    1.040
78    Transverse colon wall, right                     38    1.040
79    Transverse colon contents, right                 51    1.040
84    Sigmoid colon wall                               38    1.040
85    Sigmoid colon contents                           51    1.040
89    Kidney, left, cortex                             35    1.050
90    Kidney, left, medulla                            35    1.050
95    Liver                                            30    1.050
100   Lymphatic nodes, extrathoracic airways           47    1.030
102   Lymphatic nodes, head                            47    1.030
103   Lymphatic nodes, trunk                           47    1.030
105   Lymphatic nodes, legs                            47    1.030
106   Muscle, head                                     29    1.050
107   Muscle, trunk                                    29    1.050
108   Muscle, arms                                     29    1.050
109   Muscle, legs                                     29    1.050
113   Pancreas                                         31    1.050
116   Residual tissue, head                            49    0.950
117   Residual tissue, trunk                           49    0.950
118   Residual tissue, arms                            49    0.950
119   Residual tissue, legs                            49    0.950
122   Skin, head                                       27    1.090
123   Skin, trunk                                      27    1.090
124   Skin, arms                                       27    1.090
125   Skin, legs                                       27    1.090
126   Spinal cord                                      45    1.030
133   Tongue (inner part)                              29    1.050
137   Urinary bladder wall                             41    1.040
138   Urinary bladder contents                         52    1.040
141    Phantom Top/Bottom Skin Layer

Total Edep over all organs = 2.90068e-10 J
Total dose absorbed over all organs = 5.64901e-10 Gy

----------------------------------------------------------------------------
----------------ORGAN ENERGY DEPOSITIONS AND ABSORBED DOSE------------------
-----------(for all organs [includes air - OrganIDs = 0, 140])--------------
--------------([and top/bottom skin layer - OrganIDs = 141])----------------
----------------------------------------------------------------------------
OrganID	Edep (J) 	Dose (Gy) 	S1_J	S2_J2	N	SE_run_J
-------------------------------
0  | 		4.91504e-13	0	4.91504e-13	2.20011e-28	8122	1.69842e-18
1  | 		0	0	0	0	0	0
2  | 		0	0	0	0	0	0
3  | 		0	0	0	0	0	0
4  | 		3.95522e-13	1.39219e-11	3.95522e-13	6.298e-26	4	4.46006e-14
5  | 		3.35851e-13	1.09291e-11	3.35851e-13	3.0349e-26	5	1.97356e-14
6  | 		0	0	0	0	0	0
7  | 		0	0	0	0	0	0
8  | 		0	0	0	0	0	0
9  | 		0	0	0	0	0	0
10  | 		3.04077e-13	1.11822e-12	3.04077e-13	2.19249e-26	6	1.47359e-14
11  | 		1.27637e-13	8.1194e-12	1.27637e-13	1.32863e-26	3	3.61845e-14
12  | 		8.29049e-12	9.98373e-11	8.29049e-12	4.75669e-23	7	9.48031e-13
13  | 		4.52407e-14	3.34472e-13	4.52407e-14	1.36767e-27	2	1.31208e-14
14  | 		0	0	0	0	0	0
15  | 		0	0	0	0	0	0
16  | 		3.25675e-13	2.54374e-12	3.25675e-13	4.45272e-26	3	3.90995e-14
17  | 		0	0	0	0	0	0
18  | 		4.07266e-13	1.09687e-11	4.07266e-13	2.99175e-26	8	1.28065e-14
19  | 		1.27875e-12	4.72211e-12	1.27875e-12	1.58844e-25	15	1.54042e-14
20  | 		1.31377e-12	7.22207e-12	1.31377e-12	8.69217e-26	28	5.7826e-15
21  | 		0	0	0	0	0	0
22  | 		1.25081e-12	6.95898e-12	1.25081e-12	1.56452e-24	1	0
23  | 		2.81594e-12	2.01729e-11	2.81594e-12	2.74168e-24	3	1.28132e-13
24  | 		4.46596e-15	9.34692e-14	4.46596e-15	1.99448e-29	1	0
25  | 		0	0	0	0	0	0
26  | 		2.26179e-12	4.01845e-12	2.26179e-12	2.96742e-25	22	1.17892e-14
27  | 		1.22968e-12	2.72621e-12	1.22968e-12	8.51166e-26	24	6.32909e-15
28  | 		2.13384e-12	8.15438e-12	2.13384e-12	1.21293e-24	10	9.17487e-14
29  | 		3.40913e-12	7.22196e-12	3.40913e-12	9.92552e-25	28	2.7638e-14
30  | 		0	0	0	0	0	0
31  | 		0	0	0	0	0	0
32  | 		0	0	0	0	0	0
33  | 		0	0	0	0	0	0
34  | 		6.55657e-13	1.23395e-12	6.55657e-13	6.36382e-26	9	1.48479e-14
35  | 		3.93828e-13	5.39949e-13	3.93828e-13	3.05711e-26	6	1.25446e-14
36  | 		8.06892e-13	1.02567e-11	8.06892e-13	5.5334e-26	15	7.5369e-15
37  | 		5.29991e-12	2.27894e-11	5.29991e-12	5.9297e-24	15	1.38995e-13
38  | 		7.22589e-12	1.42303e-11	7.22589e-12	3.10717e-24	25	4.12035e-14
39  | 		0	0	0	0	0	0
40  | 		2.13475e-13	2.8887e-12	2.13475e-13	1.51916e-26	3	4.14279e-16
41  | 		1.15943e-12	2.9086e-12	1.15943e-12	1.21114e-25	12	8.29903e-15
42  | 		3.64702e-13	5.35398e-13	3.64702e-13	2.04093e-26	8	8.21944e-15
43  | 		0	0	0	0	0	0
44  | 		0	0	0	0	0	0
45  | 		3.8224e-13	1.72858e-12	3.8224e-13	4.87649e-26	3	3.22255e-15
46  | 		4.38329e-13	2.28047e-12	4.38329e-13	3.61837e-26	8	1.47401e-14
47  | 		2.36538e-12	2.29827e-11	2.36538e-12	7.1927e-25	15	4.06066e-14
48  | 		1.00171e-12	1.36195e-11	1.00171e-12	1.23966e-25	11	1.72536e-14
49  | 		0	0	0	0	0	0
50  | 		0	0	0	0	0	0
51  | 		0	0	0	0	0	0
52  | 		0	0	0	0	0	0
53  | 		9.57101e-14	8.76225e-13	9.57101e-14	9.16041e-27	1	0
54  | 		0	0	0	0	0	0
55  | 		0	0	0	0	0	0
56  | 		0	0	0	0	0	0
57  | 		0	0	0	0	0	0
58  | 		0	0	0	0	0	0
59  | 		4.5642e-15	7.72285e-13	4.5642e-15	2.0832e-29	1	0
60  | 		0	0	0	0	0	0
61  | 		6.44117e-14	4.44218e-14	6.44117e-14	2.12919e-27	5	8.06046e-15
62  | 		0	0	0	0	0	0
63  | 		0	0	0	0	0	0
64  | 		0	0	0	0	0	0
65  | 		0	0	0	0	0	0
66  | 		0	0	0	0	0	0
67  | 		0	0	0	0	0	0
68  | 		0	0	0	0	0	0
69  | 		0	0	0	0	0	0
70  | 		0	0	0	0	0	0
71  | 		0	0	0	0	0	0
72  | 		4.656e-13	3.10421e-12	4.656e-13	2.9621e-26	9	8.76701e-15
73  | 		2.73871e-13	1.09544e-12	2.73871e-13	1.41384e-26	6	7.38802e-15
74  | 		4.91425e-13	7.56038e-13	4.91425e-13	3.85221e-26	9	1.27415e-14
75  | 		1.58609e-13	4.53142e-13	1.58609e-13	1.94729e-26	2	5.87135e-14
76  | 		7.47297e-13	8.30422e-12	7.47297e-13	7.88199e-26	11	1.59692e-14
77  | 		1.71002e-13	3.10799e-12	1.71002e-13	1.4384e-26	3	2.77993e-14
78  | 		3.57319e-13	5.95532e-12	3.57319e-13	4.90146e-26	5	3.42631e-14
79  | 		9.42993e-13	9.92625e-12	9.42993e-13	6.54607e-26	17	6.9538e-15
80  | 		0	0	0	0	0	0
81  | 		0	0	0	0	0	0
82  | 		0	0	0	0	0	0
83  | 		0	0	0	0	0	0
84  | 		1.35833e-13	3.39498e-12	1.35833e-13	7.125e-27	3	1.27462e-14
85  | 		5.67095e-13	7.56429e-12	5.67095e-13	3.08345e-26	11	3.81204e-15
86  | 		0	0	0	0	0	0
87  | 		0	0	0	0	0	0
88  | 		0	0	0	0	0	0
89  | 		1.39709e-12	1.30423e-11	1.39709e-12	1.0651e-25	27	6.98178e-15
90  | 		1.82313e-14	4.76636e-13	1.82313e-14	3.32381e-28	1	0
91  | 		0	0	0	0	0	0
92  | 		0	0	0	0	0	0
93  | 		0	0	0	0	0	0
94  | 		0	0	0	0	0	0
95  | 		5.85714e-13	3.25395e-13	5.85714e-13	3.16408e-26	13	5.80201e-15
96  | 		0	0	0	0	0	0
97  | 		0	0	0	0	0	0
98  | 		0	0	0	0	0	0
99  | 		0	0	0	0	0	0
100  | 		1.41247e-13	6.24988e-11	1.41247e-13	9.98855e-27	2	2.5656e-15
101  | 		0	0	0	0	0	0
102  | 		2.39987e-14	4.01315e-12	2.39987e-14	5.75936e-28	1	0
103  | 		5.16457e-14	4.94691e-13	5.16457e-14	2.66728e-27	1	0
104  | 		0	0	0	0	0	0
105  | 		9.81131e-14	8.83902e-12	9.81131e-14	9.62619e-27	1	0
106  | 		1.93047e-11	1.5852e-11	1.93047e-11	1.90441e-24	295	2.71884e-15
107  | 		3.99194e-11	2.66009e-12	3.99194e-11	1.18147e-23	571	5.26553e-15
108  | 		9.11834e-12	3.31512e-12	9.11834e-12	3.72341e-24	119	1.46767e-14
109  | 		6.78387e-11	6.76697e-12	6.78387e-11	1.07384e-22	545	1.82678e-14
110  | 		0	0	0	0	0	0
111  | 		0	0	0	0	0	0
112  | 		0	0	0	0	0	0
113  | 		1.506e-12	1.07572e-11	1.506e-12	1.02889e-25	30	5.60046e-15
114  | 		0	0	0	0	0	0
115  | 		0	0	0	0	0	0
116  | 		1.24143e-11	1.18399e-11	1.24143e-11	7.97546e-24	144	1.83122e-14
117  | 		2.94713e-11	2.38247e-12	2.94713e-11	4.28853e-24	579	2.88654e-15
118  | 		3.66592e-12	2.2306e-12	3.66592e-12	2.48151e-25	76	3.53734e-15
119  | 		2.66451e-11	4.93751e-12	2.66451e-11	1.61275e-23	344	1.09175e-14
120  | 		0	0	0	0	0	0
121  | 		0	0	0	0	0	0
122  | 		2.16072e-12	7.41648e-12	2.16072e-12	2.12884e-25	34	8.20683e-15
123  | 		6.81349e-12	4.65018e-12	6.81349e-12	3.68905e-24	84	2.12098e-14
124  | 		1.42935e-12	2.23675e-12	1.42935e-12	1.03399e-25	26	6.1795e-15
125  | 		1.35476e-11	1.01676e-11	1.35476e-11	7.27695e-24	91	2.53427e-14
126  | 		3.95113e-13	1.07895e-11	3.95113e-13	3.02503e-26	7	1.37567e-14
127  | 		0	0	0	0	0	0
128  | 		0	0	0	0	0	0
129  | 		0	0	0	0	0	0
130  | 		0	0	0	0	0	0
131  | 		0	0	0	0	0	0
132  | 		0	0	0	0	0	0
133  | 		7.29597e-13	1.72563e-11	7.29597e-13	7.01086e-26	10	1.3694e-14
134  | 		0	0	0	0	0	0
135  | 		0	0	0	0	0	0
136  | 		0	0	0	0	0	0
137  | 		4.98134e-14	9.96069e-13	4.98134e-14	2.48138e-27	1	0
138  | 		1.76034e-12	8.80171e-12	1.76034e-12	1.03546e-25	33	3.02185e-15
139  | 		0	0	0	0	0	0
140  | 		1.18636e-15	5.93179e-12	1.18636e-15	1.73846e-31	15	1.952e-17
141  | 		2.68841e-13	1.74233e-12	2.68841e-13	1.86656e-26	5	1.45094e-14
Total energy depositied over all organs = 2.90068e-10 J
Total absorbed dose over all organs = 5.64901e-10 Gy 
