
	-------------------------------- 
	OrganID	Edep (J)	Dose (Gy)
	-------------------------------- 
	8 |		5.94975e-13	8.97264e-12
	10 |		3.51532e-11	1.29273e-10
	11 |		1.42119e-13	9.04067e-12
	12 |		7.4513e-13	8.97314e-12
	13 |		2.59222e-12	1.91647e-11
	14 |		4.00612e-12	2.16711e-11
	15 |		7.45323e-13	2.22617e-11
	16 |		1.16726e-12	9.11711e-12
	18 |		1.94951e-14	5.2505e-13
	19 |		7.71505e-13	2.84898e-12
	20 |		1.18087e-12	6.49148e-12
	22 |		5.74008e-12	3.19355e-11
	23 |		7.51644e-12	5.38465e-11
	24 |		1.17809e-12	2.46566e-11
	25 |		7.91422e-13	1.49156e-11
	28 |		9.43381e-12	3.60509e-11
	29 |		1.94509e-11	4.12052e-11
	30 |		4.28927e-13	1.6638e-11
	31 |		1.499e-12	5.09707e-12
	32 |		7.75281e-13	1.76775e-12
	33 |		5.67776e-13	7.01911e-12
	34 |		2.93925e-11	5.53167e-11
	35 |		5.33291e-12	7.31157e-12
	36 |		2.59583e-12	3.29964e-11
	37 |		3.21508e-12	1.38247e-11
	38 |		1.33262e-11	2.62441e-11
	41 |		1.56221e-12	3.91905e-12
	42 |		4.14403e-12	6.0836e-12
	43 |		1.54661e-12	4.23543e-12
	44 |		1.31231e-12	2.52339e-12
	45 |		3.60756e-12	1.63142e-11
	46 |		4.61998e-12	2.40361e-11
	49 |		1.26407e-12	4.41087e-12
	50 |		6.20637e-13	1.85077e-12
	51 |		1.20638e-12	6.47929e-12
	52 |		1.60048e-12	5.29836e-12
	53 |		4.30772e-13	3.94372e-12
	54 |		1.21374e-12	6.99522e-12
	58 |		3.8564e-13	4.34916e-12
	59 |		7.05116e-14	1.19309e-11
	60 |		7.52161e-13	2.16574e-11
	63 |		5.29361e-14	1.06084e-11
	64 |		3.76613e-14	5.02151e-12
	65 |		2.1117e-13	4.23186e-11
	72 |		7.20345e-13	4.80262e-12
	73 |		1.48583e-12	5.94308e-12
	74 |		7.22159e-12	1.11101e-11
	75 |		2.85981e-12	8.17042e-12
	76 |		3.95092e-12	4.3904e-11
	77 |		3.54512e-12	6.44334e-11
	82 |		1.5284e-12	1.69841e-11
	84 |		2.04245e-15	5.10486e-14
	85 |		1.78034e-14	2.37474e-13
	86 |		7.28242e-13	2.42909e-11
	87 |		1.83196e-12	5.55174e-12
	88 |		4.68863e-12	9.19322e-12
	95 |		7.42879e-12	4.12708e-12
	96 |		4.10816e-13	5.19954e-12
	97 |		5.5854e-12	1.16913e-11
	98 |		4.04568e-13	5.65514e-12
	99 |		4.20499e-12	7.24898e-12
	103 |		1.19162e-12	1.1414e-11
	105 |		4.63262e-14	4.17353e-12
	106 |		4.72038e-13	3.87612e-13
	107 |		3.27429e-10	2.18187e-11
	108 |		4.8483e-11	1.76268e-11
	109 |		2.29786e-10	2.29214e-11
	110 |		3.4211e-13	8.55062e-12
	113 |		1.1328e-12	8.09145e-12
	116 |		1.16345e-12	1.10962e-12
	117 |		2.35054e-10	1.90019e-11
	118 |		4.00398e-11	2.4363e-11
	119 |		9.75242e-11	1.80718e-11
	122 |		4.45211e-13	1.52815e-12
	123 |		1.73963e-11	1.18729e-11
	124 |		7.34767e-12	1.14982e-11
	125 |		3.11208e-11	2.33564e-11
	126 |		5.32969e-13	1.4554e-11
	129 |		7.07636e-13	4.04826e-11
	130 |		2.49474e-13	1.42394e-11
	135 |		1.46239e-13	1.71843e-11
	136 |		8.27519e-15	1.10483e-12
	137 |		6.1921e-13	1.23817e-11
	138 |		2.21382e-12	1.10691e-11
	141 |		2.89233e-13	1.87449e-12
----------------------------------------------------------------------------
-------------------------------ORGAN INFO-----------------------------------
-----------------(of organs where edep/dose was recorded)-------------------
----------------------------------------------------------------------------
ID		Organ Name	    	    	    	Material ID		Density (g/cm^3) 
8     Bronchi                                          45    1.030
10    Blood vessels, trunk                             28    1.060
11    Blood vessels, arms                              28    1.060
12    Blood vessels, legs                              28    1.060
13    Humeri, upper half, cortical                      2    1.920
14    Humeri, upper half, spongiosa                     3    1.205
15    Humeri, upper half, medullary cavity             22    0.980
16    Humeri, lower half, cortical                      2    1.920
18    Humeri, lower half, medullary cavity             23    0.980
19    Ulnae and radii, cortical                         2    1.920
20    Ulnae and radii, spongiosa                        5    1.108
22    Wrists and hand bones, cortical                   2    1.920
23    Wrists and hand bones, spongiosa                  6    1.108
24    Clavicles, cortical                               2    1.920
25    Clavicles, spongiosa                              7    1.151
28    Femora, upper half, cortical                      2    1.920
29    Femora, upper half, spongiosa                     9    1.124
30    Femora, upper half, medullary cavity             22    0.980
31    Femora, lower half, cortical                      2    1.920
32    Femora, lower half, spongiosa                    10    1.108
33    Femora, lower half, medullary cavity             23    0.980
34    Tibiae, fibulae and patellae, cortical            2    1.920
35    Tibiae, fibulae and patellae, spongiosa          11    1.108
36    Tibiae, fibulae and patellae, medullary cavity   25    0.980
37    Ankles and foot bones, cortical                   2    1.920
38    Ankles and foot bones, spongiosa                 12    1.108
41    Pelvis, cortical                                  2    1.920
42    Pelvis, spongiosa                                14    1.123
43    Ribs, cortical                                    2    1.920
44    Ribs, spongiosa                                  15    1.165
45    Scapulae, cortical                                2    1.920
46    Scapulae, spongiosa                              16    1.183
49    Thoracic spine, cortical                          2    1.920
50    Thoracic spine, spongiosa                        18    1.074
51    Lumbar spine, cortical                            2    1.920
52    Lumbar spine, spongiosa                          19    1.112
53    Sacrum, cortical                                  2    1.920
54    Sacrum, spongiosa                                20    1.031
58    Cartilage, trunk                                 26    1.100
59    Cartilage, arms                                  26    1.100
60    Cartilage, legs                                  26    1.100
63    Breast, left, glandular tissue                   48    1.020
64    Breast, right, adipose tissue                    49    0.950
65    Breast, right, glandular tissue                  48    1.020
72    Stomach wall                                     36    1.040
73    Stomach contents                                 51    1.040
74    Small intestine wall                             37    1.040
75    Small intestine contents                         51    1.040
76    Ascending colon wall                             38    1.040
77    Ascending colon contents                         51    1.040
82    Descending colon wall                            38    1.040
84    Sigmoid colon wall                               38    1.040
85    Sigmoid colon contents                           51    1.040
86    Rectum wall                                      38    1.040
87    Heart wall                                       33    1.050
88    Heart contents (blood)                           28    1.060
95    Liver                                            30    1.050
96    Lung, left, blood                                28    1.060
97    Lung, left, tissue                               50    0.382
98    Lung, right, blood                               28    1.060
99    Lung, right, tissue                              50    0.382
103   Lymphatic nodes, trunk                           47    1.030
105   Lymphatic nodes, legs                            47    1.030
106   Muscle, head                                     29    1.050
107   Muscle, trunk                                    29    1.050
108   Muscle, arms                                     29    1.050
109   Muscle, legs                                     29    1.050
110   Oesophagus                                       44    1.030
113   Pancreas                                         31    1.050
116   Residual tissue, head                            49    0.950
117   Residual tissue, trunk                           49    0.950
118   Residual tissue, arms                            49    0.950
119   Residual tissue, legs                            49    0.950
122   Skin, head                                       27    1.090
123   Skin, trunk                                      27    1.090
124   Skin, arms                                       27    1.090
125   Skin, legs                                       27    1.090
126   Spinal cord                                      45    1.030
129   Testis, left                                     42    1.040
130   Testis, right                                    42    1.040
135   Ureter, left                                     45    1.030
136   Ureter, right                                    45    1.030
137   Urinary bladder wall                             41    1.040
138   Urinary bladder contents                         52    1.040
141    Phantom Top/Bottom Skin Layer

Total Edep over all organs = 1.26336e-09 J
Total dose absorbed over all organs = 1.33641e-09 Gy

----------------------------------------------------------------------------
----------------ORGAN ENERGY DEPOSITIONS AND ABSORBED DOSE------------------
-----------(for all organs [includes air - OrganIDs = 0, 140])--------------
--------------([and top/bottom skin layer - OrganIDs = 141])----------------
----------------------------------------------------------------------------
OrganID	Edep (J) 	Dose (Gy) 	S1_J	S2_J2	N	SE_run_J
-------------------------------
0  | 		1.57791e-12	0	1.57791e-12	5.5744e-28	24748	8.6367e-19
1  | 		0	0	0	0	0	0
2  | 		0	0	0	0	0	0
3  | 		0	0	0	0	0	0
4  | 		0	0	0	0	0	0
5  | 		0	0	0	0	0	0
6  | 		0	0	0	0	0	0
7  | 		0	0	0	0	0	0
8  | 		5.94975e-13	8.97264e-12	5.94975e-13	4.7148e-26	10	1.14253e-14
9  | 		0	0	0	0	0	0
10  | 		3.51532e-11	1.29273e-10	3.51532e-11	3.26528e-22	113	1.57912e-13
11  | 		1.42119e-13	9.04067e-12	1.42119e-13	7.31392e-27	3	9.84282e-15
12  | 		7.4513e-13	8.97314e-12	7.4513e-13	5.4885e-26	12	8.07953e-15
13  | 		2.59222e-12	1.91647e-11	2.59222e-12	6.10196e-25	20	2.6863e-14
14  | 		4.00612e-12	2.16711e-11	4.00612e-12	3.3373e-24	7	1.57706e-13
15  | 		7.45323e-13	2.22617e-11	7.45323e-13	5.45071e-26	15	9.12177e-15
16  | 		1.16726e-12	9.11711e-12	1.16726e-12	1.43631e-25	13	1.57754e-14
17  | 		0	0	0	0	0	0
18  | 		1.94951e-14	5.2505e-13	1.94951e-14	3.80059e-28	1	0
19  | 		7.71505e-13	2.84898e-12	7.71505e-13	8.17754e-26	10	1.57245e-14
20  | 		1.18087e-12	6.49148e-12	1.18087e-12	9.47585e-26	20	8.11697e-15
21  | 		0	0	0	0	0	0
22  | 		5.74008e-12	3.19355e-11	5.74008e-12	7.55924e-25	63	7.72232e-15
23  | 		7.51644e-12	5.38465e-11	7.51644e-12	1.1169e-23	66	4.90303e-14
24  | 		1.17809e-12	2.46566e-11	1.17809e-12	2.30888e-25	8	3.20157e-14
25  | 		7.91422e-13	1.49156e-11	7.91422e-13	9.15462e-26	10	1.79231e-14
26  | 		0	0	0	0	0	0
27  | 		0	0	0	0	0	0
28  | 		9.43381e-12	3.60509e-11	9.43381e-12	5.77292e-24	44	4.45216e-14
29  | 		1.94509e-11	4.12052e-11	1.94509e-11	8.63547e-24	188	1.37255e-14
30  | 		4.28927e-13	1.6638e-11	4.28927e-13	5.48108e-26	7	2.60623e-14
31  | 		1.499e-12	5.09707e-12	1.499e-12	1.71383e-25	20	1.2464e-14
32  | 		7.75281e-13	1.76775e-12	7.75281e-13	7.57847e-26	14	1.34352e-14
33  | 		5.67776e-13	7.01911e-12	5.67776e-13	5.07158e-26	10	1.4329e-14
34  | 		2.93925e-11	5.53167e-11	2.93925e-11	1.31499e-22	62	1.7631e-13
35  | 		5.33291e-12	7.31157e-12	5.33291e-12	5.83042e-25	76	6.05286e-15
36  | 		2.59583e-12	3.29964e-11	2.59583e-12	2.36618e-25	41	6.63825e-15
37  | 		3.21508e-12	1.38247e-11	3.21508e-12	9.11994e-24	3	9.72485e-13
38  | 		1.33262e-11	2.62441e-11	1.33262e-11	1.86923e-23	41	9.35769e-14
39  | 		0	0	0	0	0	0
40  | 		0	0	0	0	0	0
41  | 		1.56221e-12	3.91905e-12	1.56221e-12	3.10365e-25	15	2.65173e-14
42  | 		4.14403e-12	6.0836e-12	4.14403e-12	4.41901e-25	64	6.56117e-15
43  | 		1.54661e-12	4.23543e-12	1.54661e-12	1.90416e-25	17	1.35188e-14
44  | 		1.31231e-12	2.52339e-12	1.31231e-12	1.25494e-25	24	9.86657e-15
45  | 		3.60756e-12	1.63142e-11	3.60756e-12	7.46008e-25	29	1.91324e-14
46  | 		4.61998e-12	2.40361e-11	4.61998e-12	5.71139e-25	54	7.83913e-15
47  | 		0	0	0	0	0	0
48  | 		0	0	0	0	0	0
49  | 		1.26407e-12	4.41087e-12	1.26407e-12	2.49132e-25	16	2.49387e-14
50  | 		6.20637e-13	1.85077e-12	6.20637e-13	3.97728e-26	14	8.20718e-15
51  | 		1.20638e-12	6.47929e-12	1.20638e-12	1.36737e-25	14	1.34213e-14
52  | 		1.60048e-12	5.29836e-12	1.60048e-12	1.32805e-25	29	7.40095e-15
53  | 		4.30772e-13	3.94372e-12	4.30772e-13	4.1994e-26	6	1.92064e-14
54  | 		1.21374e-12	6.99522e-12	1.21374e-12	8.67704e-26	23	6.70077e-15
55  | 		0	0	0	0	0	0
56  | 		0	0	0	0	0	0
57  | 		0	0	0	0	0	0
58  | 		3.8564e-13	4.34916e-12	3.8564e-13	5.44963e-26	5	3.518e-14
59  | 		7.05116e-14	1.19309e-11	7.05116e-14	4.97189e-27	1	0
60  | 		7.52161e-13	2.16574e-11	7.52161e-13	2.2866e-25	5	7.59969e-14
61  | 		0	0	0	0	0	0
62  | 		0	0	0	0	0	0
63  | 		5.29361e-14	1.06084e-11	5.29361e-14	2.80223e-27	1	0
64  | 		3.76613e-14	5.02151e-12	3.76613e-14	1.41837e-27	1	0
65  | 		2.1117e-13	4.23186e-11	2.1117e-13	1.70368e-26	4	2.21523e-14
66  | 		0	0	0	0	0	0
67  | 		0	0	0	0	0	0
68  | 		0	0	0	0	0	0
69  | 		0	0	0	0	0	0
70  | 		0	0	0	0	0	0
71  | 		0	0	0	0	0	0
72  | 		7.20345e-13	4.80262e-12	7.20345e-13	4.26398e-26	16	6.52202e-15
73  | 		1.48583e-12	5.94308e-12	1.48583e-12	1.08488e-25	31	6.33068e-15
74  | 		7.22159e-12	1.11101e-11	7.22159e-12	1.13527e-24	117	7.12777e-15
75  | 		2.85981e-12	8.17042e-12	2.85981e-12	4.14006e-25	36	1.21768e-14
76  | 		3.95092e-12	4.3904e-11	3.95092e-12	4.70347e-25	52	8.01014e-15
77  | 		3.54512e-12	6.44334e-11	3.54512e-12	4.82414e-25	40	1.03842e-14
78  | 		0	0	0	0	0	0
79  | 		0	0	0	0	0	0
80  | 		0	0	0	0	0	0
81  | 		0	0	0	0	0	0
82  | 		1.5284e-12	1.69841e-11	1.5284e-12	1.67166e-25	18	1.10537e-14
83  | 		0	0	0	0	0	0
84  | 		2.04245e-15	5.10486e-14	2.04245e-15	3.70221e-30	3	6.20708e-16
85  | 		1.78034e-14	2.37474e-13	1.78034e-14	1.77732e-28	2	3.10249e-15
86  | 		7.28242e-13	2.42909e-11	7.28242e-13	5.4929e-26	13	9.51849e-15
87  | 		1.83196e-12	5.55174e-12	1.83196e-12	1.53244e-25	29	6.79726e-15
88  | 		4.68863e-12	9.19322e-12	4.68863e-12	4.13489e-25	75	4.65722e-15
89  | 		0	0	0	0	0	0
90  | 		0	0	0	0	0	0
91  | 		0	0	0	0	0	0
92  | 		0	0	0	0	0	0
93  | 		0	0	0	0	0	0
94  | 		0	0	0	0	0	0
95  | 		7.42879e-12	4.12708e-12	7.42879e-12	8.87658e-25	103	5.78719e-15
96  | 		4.10816e-13	5.19954e-12	4.10816e-13	3.04879e-26	7	1.23229e-14
97  | 		5.5854e-12	1.16913e-11	5.5854e-12	1.98329e-25	218	1.08046e-15
98  | 		4.04568e-13	5.65514e-12	4.04568e-13	4.70448e-26	4	2.2594e-14
99  | 		4.20499e-12	7.24898e-12	4.20499e-12	1.30889e-25	190	1.02633e-15
100  | 		0	0	0	0	0	0
101  | 		0	0	0	0	0	0
102  | 		0	0	0	0	0	0
103  | 		1.19162e-12	1.1414e-11	1.19162e-12	1.22294e-25	20	1.16184e-14
104  | 		0	0	0	0	0	0
105  | 		4.63262e-14	4.17353e-12	4.63262e-14	2.14612e-27	1	0
106  | 		4.72038e-13	3.87612e-13	4.72038e-13	4.98692e-26	5	1.6287e-14
107  | 		3.27429e-10	2.18187e-11	3.27429e-10	5.57704e-22	2681	8.48848e-15
108  | 		4.8483e-11	1.76268e-11	4.8483e-11	2.18538e-23	560	7.51018e-15
109  | 		2.29786e-10	2.29214e-11	2.29786e-10	3.6002e-22	2020	9.04798e-15
110  | 		3.4211e-13	8.55062e-12	3.4211e-13	2.44569e-26	5	7.24226e-15
111  | 		0	0	0	0	0	0
112  | 		0	0	0	0	0	0
113  | 		1.1328e-12	8.09145e-12	1.1328e-12	7.20069e-26	26	5.90325e-15
114  | 		0	0	0	0	0	0
115  | 		0	0	0	0	0	0
116  | 		1.16345e-12	1.10962e-12	1.16345e-12	1.3939e-25	17	1.48233e-14
117  | 		2.35054e-10	1.90019e-11	2.35054e-10	3.09334e-22	2484	6.82254e-15
118  | 		4.00398e-11	2.4363e-11	4.00398e-11	2.14815e-22	324	4.47814e-14
119  | 		9.75242e-11	1.80718e-11	9.75242e-11	7.89426e-23	1034	8.08061e-15
120  | 		0	0	0	0	0	0
121  | 		0	0	0	0	0	0
122  | 		4.45211e-13	1.52815e-12	4.45211e-13	3.45206e-26	7	1.21543e-14
123  | 		1.73963e-11	1.18729e-11	1.73963e-11	1.33222e-23	199	1.73065e-14
124  | 		7.34767e-12	1.14982e-11	7.34767e-12	1.01886e-24	111	6.60381e-15
125  | 		3.11208e-11	2.33564e-11	3.11208e-11	2.51793e-22	201	7.83814e-14
126  | 		5.32969e-13	1.4554e-11	5.32969e-13	6.84736e-26	6	2.65399e-14
127  | 		0	0	0	0	0	0
128  | 		0	0	0	0	0	0
129  | 		7.07636e-13	4.04826e-11	7.07636e-13	5.15337e-26	11	7.39232e-15
130  | 		2.49474e-13	1.42394e-11	2.49474e-13	2.16034e-26	4	2.24426e-14
131  | 		0	0	0	0	0	0
132  | 		0	0	0	0	0	0
133  | 		0	0	0	0	0	0
134  | 		0	0	0	0	0	0
135  | 		1.46239e-13	1.71843e-11	1.46239e-13	1.38413e-26	3	3.34483e-14
136  | 		8.27519e-15	1.10483e-12	8.27519e-15	6.84787e-29	1	0
137  | 		6.1921e-13	1.23817e-11	6.1921e-13	7.93737e-26	7	2.42012e-14
138  | 		2.21382e-12	1.10691e-11	2.21382e-12	1.65418e-25	44	5.34398e-15
139  | 		0	0	0	0	0	0
140  | 		1.77695e-16	8.88477e-13	1.77695e-16	1.14139e-32	7	1.28203e-17
141  | 		2.89233e-13	1.87449e-12	2.89233e-13	3.22434e-26	3	2.69507e-14
Total energy depositied over all organs = 1.26336e-09 J
Total absorbed dose over all organs = 1.33641e-09 Gy 
