
	-------------------------------- 
	OrganID	Edep (J)	Dose (Gy)
	-------------------------------- 
	1 |		8.64566e-13	1.23509e-10
	8 |		1.04028e-13	1.56881e-12
	10 |		5.95511e-13	2.18994e-12
	11 |		6.67487e-14	4.2461e-12
	12 |		5.12742e-13	6.17464e-12
	13 |		7.26213e-13	5.36902e-12
	14 |		3.90747e-12	2.11375e-11
	19 |		5.14819e-13	1.9011e-12
	21 |		1.73106e-13	7.63589e-12
	22 |		4.19985e-12	2.33663e-11
	23 |		5.75633e-12	4.12374e-11
	26 |		3.33926e-12	5.93276e-12
	27 |		1.21251e-11	2.68814e-11
	28 |		5.13236e-12	1.96131e-11
	29 |		4.53259e-12	9.60193e-12
	31 |		1.3924e-12	4.73459e-12
	32 |		2.56298e-13	5.84394e-13
	33 |		1.23852e-12	1.53112e-11
	34 |		3.79845e-12	7.14867e-12
	36 |		2.74075e-12	3.48385e-11
	37 |		1.6953e-12	7.28973e-12
	38 |		1.31901e-12	2.59759e-12
	41 |		1.57015e-12	3.93897e-12
	42 |		3.91838e-16	5.75235e-16
	43 |		2.91403e-12	7.98015e-12
	44 |		1.80795e-12	3.47643e-12
	45 |		1.49652e-12	6.76759e-12
	46 |		1.08863e-12	5.66375e-12
	47 |		6.45619e-16	6.27302e-15
	49 |		5.36072e-12	1.87058e-11
	50 |		2.32949e-12	6.94666e-12
	58 |		1.70746e-14	1.92563e-13
	61 |		1.87194e-11	1.29099e-11
	71 |		4.00302e-15	7.40203e-14
	72 |		2.66986e-12	1.78002e-11
	73 |		7.28931e-12	2.91561e-11
	74 |		8.7999e-13	1.35383e-12
	75 |		2.58419e-12	7.38297e-12
	78 |		1.5261e-14	2.5435e-13
	80 |		4.45638e-16	7.4273e-15
	81 |		1.16267e-16	2.90594e-15
	87 |		2.66717e-12	8.08283e-12
	88 |		6.06181e-12	1.18857e-11
	92 |		7.4503e-20	6.77793e-19
	95 |		6.62642e-15	3.68133e-15
	97 |		1.09437e-13	2.29073e-13
	98 |		1.48849e-12	2.08064e-11
	99 |		5.82978e-12	1.005e-11
	103 |		7.01478e-13	6.71914e-12
	106 |		1.3516e-12	1.10986e-12
	107 |		1.57805e-10	1.05155e-11
	108 |		2.22114e-11	8.07532e-12
	109 |		1.18656e-10	1.18361e-11
	113 |		4.86845e-14	3.47747e-13
	116 |		6.25849e-12	5.96893e-12
	117 |		8.97111e-11	7.25229e-12
	118 |		2.37468e-11	1.44492e-11
	119 |		5.64363e-11	1.0458e-11
	122 |		7.46903e-12	2.56368e-11
	123 |		1.41692e-11	9.67042e-12
	124 |		8.13292e-12	1.2727e-11
	125 |		9.88502e-12	7.41879e-12
	126 |		3.91177e-14	1.0682e-12
	129 |		7.49719e-14	4.28901e-12
	130 |		1.6534e-12	9.43722e-11
	141 |		1.03303e-12	6.69496e-12
----------------------------------------------------------------------------
-------------------------------ORGAN INFO-----------------------------------
-----------------(of organs where edep/dose was recorded)-------------------
----------------------------------------------------------------------------
ID		Organ Name	    	    	    	Material ID		Density (g/cm^3) 
1     Adrenal, left                                    43    1.030
8     Bronchi                                          45    1.030
10    Blood vessels, trunk                             28    1.060
11    Blood vessels, arms                              28    1.060
12    Blood vessels, legs                              28    1.060
13    Humeri, upper half, cortical                      2    1.920
14    Humeri, upper half, spongiosa                     3    1.205
19    Ulnae and radii, cortical                         2    1.920
21    Ulnae and radii, medullary cavity                24    0.980
22    Wrists and hand bones, cortical                   2    1.920
23    Wrists and hand bones, spongiosa                  6    1.108
26    Cranium, cortical                                 2    1.920
27    Cranium, spongiosa                                8    1.157
28    Femora, upper half, cortical                      2    1.920
29    Femora, upper half, spongiosa                     9    1.124
31    Femora, lower half, cortical                      2    1.920
32    Femora, lower half, spongiosa                    10    1.108
33    Femora, lower half, medullary cavity             23    0.980
34    Tibiae, fibulae and patellae, cortical            2    1.920
36    Tibiae, fibulae and patellae, medullary cavity   25    0.980
37    Ankles and foot bones, cortical                   2    1.920
38    Ankles and foot bones, spongiosa                 12    1.108
41    Pelvis, cortical                                  2    1.920
42    Pelvis, spongiosa                                14    1.123
43    Ribs, cortical                                    2    1.920
44    Ribs, spongiosa                                  15    1.165
45    Scapulae, cortical                                2    1.920
46    Scapulae, spongiosa                              16    1.183
47    Cervical spine, cortical                          2    1.920
49    Thoracic spine, cortical                          2    1.920
50    Thoracic spine, spongiosa                        18    1.074
58    Cartilage, trunk                                 26    1.100
61    Brain                                            32    1.050
71    Gall bladder contents                            45    1.030
72    Stomach wall                                     36    1.040
73    Stomach contents                                 51    1.040
74    Small intestine wall                             37    1.040
75    Small intestine contents                         51    1.040
78    Transverse colon wall, right                     38    1.040
80    Transverse colon wall, left                      38    1.040
81    Transverse colon contents, left                  51    1.040
87    Heart wall                                       33    1.050
88    Heart contents (blood)                           28    1.060
92    Kidney, right, cortex                            35    1.050
95    Liver                                            30    1.050
97    Lung, left, tissue                               50    0.382
98    Lung, right, blood                               28    1.060
99    Lung, right, tissue                              50    0.382
103   Lymphatic nodes, trunk                           47    1.030
106   Muscle, head                                     29    1.050
107   Muscle, trunk                                    29    1.050
108   Muscle, arms                                     29    1.050
109   Muscle, legs                                     29    1.050
113   Pancreas                                         31    1.050
116   Residual tissue, head                            49    0.950
117   Residual tissue, trunk                           49    0.950
118   Residual tissue, arms                            49    0.950
119   Residual tissue, legs                            49    0.950
122   Skin, head                                       27    1.090
123   Skin, trunk                                      27    1.090
124   Skin, arms                                       27    1.090
125   Skin, legs                                       27    1.090
126   Spinal cord                                      45    1.030
129   Testis, left                                     42    1.040
130   Testis, right                                    42    1.040
141    Phantom Top/Bottom Skin Layer

Total Edep over all organs = 6.39287e-10 J
Total dose absorbed over all organs = 7.85158e-10 Gy

----------------------------------------------------------------------------
----------------ORGAN ENERGY DEPOSITIONS AND ABSORBED DOSE------------------
-----------(for all organs [includes air - OrganIDs = 0, 140])--------------
--------------([and top/bottom skin layer - OrganIDs = 141])----------------
----------------------------------------------------------------------------
OrganID	Edep (J) 	Dose (Gy) 	S1_J	S2_J2	N	SE_run_J
-------------------------------
0  | 		1.59816e-12	0	1.59816e-12	6.99051e-28	10697	2.00572e-18
1  | 		8.64566e-13	1.23509e-10	8.64566e-13	2.63312e-25	3	4.85686e-14
2  | 		0	0	0	0	0	0
3  | 		0	0	0	0	0	0
4  | 		0	0	0	0	0	0
5  | 		0	0	0	0	0	0
6  | 		0	0	0	0	0	0
7  | 		0	0	0	0	0	0
8  | 		1.04028e-13	1.56881e-12	1.04028e-13	4.69957e-27	3	1.34925e-14
9  | 		0	0	0	0	0	0
10  | 		5.95511e-13	2.18994e-12	5.95511e-13	1.57171e-25	5	6.56676e-14
11  | 		6.67487e-14	4.2461e-12	6.67487e-14	3.48919e-27	2	2.51146e-14
12  | 		5.12742e-13	6.17464e-12	5.12742e-13	1.48657e-25	3	1.00849e-13
13  | 		7.26213e-13	5.36902e-12	7.26213e-13	2.67285e-25	3	1.23484e-13
14  | 		3.90747e-12	2.11375e-11	3.90747e-12	1.28e-24	17	3.74687e-14
15  | 		0	0	0	0	0	0
16  | 		0	0	0	0	0	0
17  | 		0	0	0	0	0	0
18  | 		0	0	0	0	0	0
19  | 		5.14819e-13	1.9011e-12	5.14819e-13	6.86692e-26	5	2.79835e-14
20  | 		0	0	0	0	0	0
21  | 		1.73106e-13	7.63589e-12	1.73106e-13	1.01711e-26	3	5.51645e-15
22  | 		4.19985e-12	2.33663e-11	4.19985e-12	1.52843e-24	15	4.0971e-14
23  | 		5.75633e-12	4.12374e-11	5.75633e-12	1.6781e-24	27	2.53427e-14
24  | 		0	0	0	0	0	0
25  | 		0	0	0	0	0	0
26  | 		3.33926e-12	5.93276e-12	3.33926e-12	3.43014e-24	7	2.09148e-13
27  | 		1.21251e-11	2.68814e-11	1.21251e-11	3.60095e-23	17	3.17164e-13
28  | 		5.13236e-12	1.96131e-11	5.13236e-12	2.40874e-24	16	5.63625e-14
29  | 		4.53259e-12	9.60193e-12	4.53259e-12	1.03148e-24	34	1.95136e-14
30  | 		0	0	0	0	0	0
31  | 		1.3924e-12	4.73459e-12	1.3924e-12	3.39045e-25	10	4.01619e-14
32  | 		2.56298e-13	5.84394e-13	2.56298e-13	3.69343e-26	2	4.52221e-14
33  | 		1.23852e-12	1.53112e-11	1.23852e-12	1.05166e-25	18	8.0737e-15
34  | 		3.79845e-12	7.14867e-12	3.79845e-12	1.90582e-24	16	6.46805e-14
35  | 		0	0	0	0	0	0
36  | 		2.74075e-12	3.48385e-11	2.74075e-12	7.0092e-25	16	3.10537e-14
37  | 		1.6953e-12	7.28973e-12	1.6953e-12	9.45335e-25	4	1.37485e-13
38  | 		1.31901e-12	2.59759e-12	1.31901e-12	4.18733e-25	5	5.94885e-14
39  | 		0	0	0	0	0	0
40  | 		0	0	0	0	0	0
41  | 		1.57015e-12	3.93897e-12	1.57015e-12	6.45106e-25	7	8.35107e-14
42  | 		3.91838e-16	5.75235e-16	3.91838e-16	1.53537e-31	1	0
43  | 		2.91403e-12	7.98015e-12	2.91403e-12	1.82487e-24	7	1.20691e-13
44  | 		1.80795e-12	3.47643e-12	1.80795e-12	7.61859e-25	14	5.38813e-14
45  | 		1.49652e-12	6.76759e-12	1.49652e-12	6.79145e-25	10	7.11171e-14
46  | 		1.08863e-12	5.66375e-12	1.08863e-12	2.29617e-25	7	3.78956e-14
47  | 		6.45619e-16	6.27302e-15	6.45619e-16	4.16824e-31	1	0
48  | 		0	0	0	0	0	0
49  | 		5.36072e-12	1.87058e-11	5.36072e-12	1.71293e-24	19	2.42089e-14
50  | 		2.32949e-12	6.94666e-12	2.32949e-12	6.2295e-25	12	3.59649e-14
51  | 		0	0	0	0	0	0
52  | 		0	0	0	0	0	0
53  | 		0	0	0	0	0	0
54  | 		0	0	0	0	0	0
55  | 		0	0	0	0	0	0
56  | 		0	0	0	0	0	0
57  | 		0	0	0	0	0	0
58  | 		1.70746e-14	1.92563e-13	1.70746e-14	2.9154e-28	1	0
59  | 		0	0	0	0	0	0
60  | 		0	0	0	0	0	0
61  | 		1.87194e-11	1.29099e-11	1.87194e-11	1.18406e-23	60	4.11705e-14
62  | 		0	0	0	0	0	0
63  | 		0	0	0	0	0	0
64  | 		0	0	0	0	0	0
65  | 		0	0	0	0	0	0
66  | 		0	0	0	0	0	0
67  | 		0	0	0	0	0	0
68  | 		0	0	0	0	0	0
69  | 		0	0	0	0	0	0
70  | 		0	0	0	0	0	0
71  | 		4.00302e-15	7.40203e-14	4.00302e-15	1.06384e-29	2	1.14592e-15
72  | 		2.66986e-12	1.78002e-11	2.66986e-12	8.03688e-25	16	3.86318e-14
73  | 		7.28931e-12	2.91561e-11	7.28931e-12	1.53321e-24	56	1.37745e-14
74  | 		8.7999e-13	1.35383e-12	8.7999e-13	2.05792e-25	5	5.0456e-14
75  | 		2.58419e-12	7.38297e-12	2.58419e-12	5.61482e-25	18	2.49497e-14
76  | 		0	0	0	0	0	0
77  | 		0	0	0	0	0	0
78  | 		1.5261e-14	2.5435e-13	1.5261e-14	2.32898e-28	1	0
79  | 		0	0	0	0	0	0
80  | 		4.45638e-16	7.4273e-15	4.45638e-16	1.98593e-31	1	0
81  | 		1.16267e-16	2.90594e-15	1.16267e-16	1.35179e-32	1	0
82  | 		0	0	0	0	0	0
83  | 		0	0	0	0	0	0
84  | 		0	0	0	0	0	0
85  | 		0	0	0	0	0	0
86  | 		0	0	0	0	0	0
87  | 		2.66717e-12	8.08283e-12	2.66717e-12	5.77031e-25	15	2.21228e-14
88  | 		6.06181e-12	1.18857e-11	6.06181e-12	1.32379e-24	34	1.47177e-14
89  | 		0	0	0	0	0	0
90  | 		0	0	0	0	0	0
91  | 		0	0	0	0	0	0
92  | 		7.4503e-20	6.77793e-19	7.4503e-20	8.4801e-40	10	1.80413e-21
93  | 		0	0	0	0	0	0
94  | 		0	0	0	0	0	0
95  | 		6.62642e-15	3.68133e-15	6.62642e-15	1.6785e-29	5	6.32576e-16
96  | 		0	0	0	0	0	0
97  | 		1.09437e-13	2.29073e-13	1.09437e-13	5.15112e-27	3	1.38981e-14
98  | 		1.48849e-12	2.08064e-11	1.48849e-12	3.56817e-25	13	3.45656e-14
99  | 		5.82978e-12	1.005e-11	5.82978e-12	5.4785e-25	127	4.18484e-15
100  | 		0	0	0	0	0	0
101  | 		0	0	0	0	0	0
102  | 		0	0	0	0	0	0
103  | 		7.01478e-13	6.71914e-12	7.01478e-13	1.80396e-25	4	6.91481e-14
104  | 		0	0	0	0	0	0
105  | 		0	0	0	0	0	0
106  | 		1.3516e-12	1.10986e-12	1.3516e-12	6.46253e-25	11	6.60702e-14
107  | 		1.57805e-10	1.05155e-11	1.57805e-10	5.67704e-23	916	5.94118e-15
108  | 		2.22114e-11	8.07532e-12	2.22114e-11	5.19098e-24	144	9.25803e-15
109  | 		1.18656e-10	1.18361e-11	1.18656e-10	3.23795e-23	689	5.01985e-15
110  | 		0	0	0	0	0	0
111  | 		0	0	0	0	0	0
112  | 		0	0	0	0	0	0
113  | 		4.86845e-14	3.47747e-13	4.86845e-14	1.79819e-27	7	5.89511e-15
114  | 		0	0	0	0	0	0
115  | 		0	0	0	0	0	0
116  | 		6.25849e-12	5.96893e-12	6.25849e-12	1.90809e-24	51	2.11445e-14
117  | 		8.97111e-11	7.25229e-12	8.97111e-11	3.02173e-23	582	6.96187e-15
118  | 		2.37468e-11	1.44492e-11	2.37468e-11	5.31248e-24	152	8.35591e-15
119  | 		5.64363e-11	1.0458e-11	5.64363e-11	1.64478e-23	402	7.27203e-15
120  | 		0	0	0	0	0	0
121  | 		0	0	0	0	0	0
122  | 		7.46903e-12	2.56368e-11	7.46903e-12	3.58234e-24	23	4.78148e-14
123  | 		1.41692e-11	9.67042e-12	1.41692e-11	3.78848e-24	82	1.42044e-14
124  | 		8.13292e-12	1.2727e-11	8.13292e-12	1.98119e-24	46	1.62002e-14
125  | 		9.88502e-12	7.41879e-12	9.88502e-12	2.6865e-24	70	1.63464e-14
126  | 		3.91177e-14	1.0682e-12	3.91177e-14	1.52854e-27	2	1.95377e-14
127  | 		0	0	0	0	0	0
128  | 		0	0	0	0	0	0
129  | 		7.49719e-14	4.28901e-12	7.49719e-14	5.62078e-27	1	0
130  | 		1.6534e-12	9.43722e-11	1.6534e-12	3.53354e-25	10	2.98107e-14
131  | 		0	0	0	0	0	0
132  | 		0	0	0	0	0	0
133  | 		0	0	0	0	0	0
134  | 		0	0	0	0	0	0
135  | 		0	0	0	0	0	0
136  | 		0	0	0	0	0	0
137  | 		0	0	0	0	0	0
138  | 		0	0	0	0	0	0
139  | 		0	0	0	0	0	0
140  | 		0	0	0	0	0	0
141  | 		1.03303e-12	6.69496e-12	1.03303e-12	4.97618e-25	4	1.38693e-13
Total energy depositied over all organs = 6.39287e-10 J
Total absorbed dose over all organs = 7.85158e-10 Gy 
