
	-------------------------------- 
	OrganID	Edep (J)	Dose (Gy)
	-------------------------------- 
	4 |		6.39936e-14	2.2525e-12
	7 |		1.15074e-13	1.14959e-11
	10 |		1.14578e-12	4.21351e-12
	12 |		4.68711e-14	5.6444e-13
	22 |		2.69938e-13	1.50182e-12
	23 |		1.21351e-12	8.69339e-12
	24 |		1.13082e-13	2.36673e-12
	25 |		5.06514e-13	9.54607e-12
	26 |		2.24714e-12	3.99243e-12
	27 |		1.97059e-13	4.36881e-13
	28 |		2.29173e-13	8.75775e-13
	29 |		1.63498e-12	3.46358e-12
	34 |		2.67863e-12	5.04118e-12
	35 |		1.91787e-15	2.62946e-15
	36 |		1.24199e-12	1.57874e-11
	37 |		1.47279e-13	6.33296e-13
	38 |		1.89512e-15	3.73216e-15
	39 |		3.68034e-13	4.83492e-12
	40 |		8.6696e-13	1.17315e-11
	41 |		8.08274e-13	2.02768e-12
	42 |		6.04591e-13	8.87565e-13
	43 |		8.89622e-14	2.43625e-13
	44 |		4.09505e-13	7.87419e-13
	47 |		4.02655e-13	3.91231e-12
	48 |		4.29062e-13	5.83361e-12
	51 |		2.63472e-13	1.41507e-12
	52 |		4.25623e-13	1.40902e-12
	53 |		4.25499e-13	3.89544e-12
	54 |		8.98494e-13	5.17834e-12
	58 |		6.67485e-14	7.52775e-13
	61 |		4.7709e-13	3.29028e-13
	72 |		7.33444e-16	4.88995e-15
	74 |		3.9144e-12	6.02215e-12
	75 |		1.35391e-12	3.86808e-12
	78 |		3.63053e-13	6.05088e-12
	79 |		9.0487e-13	9.52495e-12
	80 |		1.95975e-16	3.26625e-15
	81 |		7.28567e-15	1.82096e-13
	85 |		4.01921e-15	5.36109e-14
	89 |		8.12538e-13	7.58531e-12
	90 |		8.55323e-13	2.23614e-11
	91 |		6.98282e-13	9.15179e-11
	92 |		7.21084e-15	6.56008e-14
	95 |		1.98639e-12	1.10354e-12
	98 |		3.13111e-14	4.37672e-13
	99 |		8.92507e-13	1.53859e-12
	103 |		1.2377e-13	1.18554e-12
	106 |		3.56553e-12	2.92782e-12
	107 |		2.37481e-11	1.58249e-12
	108 |		1.05677e-12	3.84207e-13
	109 |		2.83833e-11	2.83126e-12
	110 |		3.54385e-13	8.8574e-12
	115 |		9.35618e-13	5.5004e-11
	116 |		2.43183e-12	2.31932e-12
	117 |		2.76606e-11	2.2361e-12
	118 |		2.0198e-12	1.22899e-12
	119 |		1.77644e-11	3.29185e-12
	122 |		8.40181e-14	2.88385e-13
	123 |		4.49169e-12	3.06556e-12
	124 |		9.82586e-13	1.53762e-12
	125 |		5.07962e-12	3.8123e-12
	126 |		2.59063e-13	7.07435e-12
	129 |		1.18031e-15	6.75232e-14
	141 |		1.0648e-13	6.90084e-13
----------------------------------------------------------------------------
-------------------------------ORGAN INFO-----------------------------------
-----------------(of organs where edep/dose was recorded)-------------------
----------------------------------------------------------------------------
ID		Organ Name	    	    	    	Material ID		Density (g/cm^3) 
4     Posterior nasal passage down to larynx (ET2)     45    1.030
7     Trachea                                          45    1.030
10    Blood vessels, trunk                             28    1.060
12    Blood vessels, legs                              28    1.060
22    Wrists and hand bones, cortical                   2    1.920
23    Wrists and hand bones, spongiosa                  6    1.108
24    Clavicles, cortical                               2    1.920
25    Clavicles, spongiosa                              7    1.151
26    Cranium, cortical                                 2    1.920
27    Cranium, spongiosa                                8    1.157
28    Femora, upper half, cortical                      2    1.920
29    Femora, upper half, spongiosa                     9    1.124
34    Tibiae, fibulae and patellae, cortical            2    1.920
35    Tibiae, fibulae and patellae, spongiosa          11    1.108
36    Tibiae, fibulae and patellae, medullary cavity   25    0.980
37    Ankles and foot bones, cortical                   2    1.920
38    Ankles and foot bones, spongiosa                 12    1.108
39    Mandible, cortical                                2    1.920
40    Mandible, spongiosa                              13    1.228
41    Pelvis, cortical                                  2    1.920
42    Pelvis, spongiosa                                14    1.123
43    Ribs, cortical                                    2    1.920
44    Ribs, spongiosa                                  15    1.165
47    Cervical spine, cortical                          2    1.920
48    Cervical spine, spongiosa                        17    1.050
51    Lumbar spine, cortical                            2    1.920
52    Lumbar spine, spongiosa                          19    1.112
53    Sacrum, cortical                                  2    1.920
54    Sacrum, spongiosa                                20    1.031
58    Cartilage, trunk                                 26    1.100
61    Brain                                            32    1.050
72    Stomach wall                                     36    1.040
74    Small intestine wall                             37    1.040
75    Small intestine contents                         51    1.040
78    Transverse colon wall, right                     38    1.040
79    Transverse colon contents, right                 51    1.040
80    Transverse colon wall, left                      38    1.040
81    Transverse colon contents, left                  51    1.040
85    Sigmoid colon contents                           51    1.040
89    Kidney, left, cortex                             35    1.050
90    Kidney, left, medulla                            35    1.050
91    Kidney, left, pelvis                             35    1.050
92    Kidney, right, cortex                            35    1.050
95    Liver                                            30    1.050
98    Lung, right, blood                               28    1.060
99    Lung, right, tissue                              50    0.382
103   Lymphatic nodes, trunk                           47    1.030
106   Muscle, head                                     29    1.050
107   Muscle, trunk                                    29    1.050
108   Muscle, arms                                     29    1.050
109   Muscle, legs                                     29    1.050
110   Oesophagus                                       44    1.030
115   Prostate                                         46    1.030
116   Residual tissue, head                            49    0.950
117   Residual tissue, trunk                           49    0.950
118   Residual tissue, arms                            49    0.950
119   Residual tissue, legs                            49    0.950
122   Skin, head                                       27    1.090
123   Skin, trunk                                      27    1.090
124   Skin, arms                                       27    1.090
125   Skin, legs                                       27    1.090
126   Spinal cord                                      45    1.030
129   Testis, left                                     42    1.040
141    Phantom Top/Bottom Skin Layer

Total Edep over all organs = 1.49271e-10 J
Total dose absorbed over all organs = 3.62814e-10 Gy

----------------------------------------------------------------------------
----------------ORGAN ENERGY DEPOSITIONS AND ABSORBED DOSE------------------
-----------(for all organs [includes air - OrganIDs = 0, 140])--------------
--------------([and top/bottom skin layer - OrganIDs = 141])----------------
----------------------------------------------------------------------------
OrganID	Edep (J) 	Dose (Gy) 	S1_J	S2_J2	N	SE_run_J
-------------------------------
0  | 		4.8486e-13	0	4.8486e-13	1.78384e-28	8167	1.49771e-18
1  | 		0	0	0	0	0	0
2  | 		0	0	0	0	0	0
3  | 		0	0	0	0	0	0
4  | 		6.39936e-14	2.2525e-12	6.39936e-14	4.09519e-27	1	0
5  | 		0	0	0	0	0	0
6  | 		0	0	0	0	0	0
7  | 		1.15074e-13	1.14959e-11	1.15074e-13	7.20279e-27	2	1.7056e-14
8  | 		0	0	0	0	0	0
9  | 		0	0	0	0	0	0
10  | 		1.14578e-12	4.21351e-12	1.14578e-12	1.27765e-25	17	1.36313e-14
11  | 		0	0	0	0	0	0
12  | 		4.68711e-14	5.6444e-13	4.68711e-14	2.1969e-27	1	0
13  | 		0	0	0	0	0	0
14  | 		0	0	0	0	0	0
15  | 		0	0	0	0	0	0
16  | 		0	0	0	0	0	0
17  | 		0	0	0	0	0	0
18  | 		0	0	0	0	0	0
19  | 		0	0	0	0	0	0
20  | 		0	0	0	0	0	0
21  | 		0	0	0	0	0	0
22  | 		2.69938e-13	1.50182e-12	2.69938e-13	2.15838e-26	5	1.87224e-14
23  | 		1.21351e-12	8.69339e-12	1.21351e-12	1.04231e-25	19	8.83991e-15
24  | 		1.13082e-13	2.36673e-12	1.13082e-13	1.27876e-26	1	0
25  | 		5.06514e-13	9.54607e-12	5.06514e-13	3.6033e-26	11	1.07491e-14
26  | 		2.24714e-12	3.99243e-12	2.24714e-12	8.37847e-25	9	6.20009e-14
27  | 		1.97059e-13	4.36881e-13	1.97059e-13	2.63972e-26	2	5.90804e-14
28  | 		2.29173e-13	8.75775e-13	2.29173e-13	2.65362e-26	2	1.17496e-14
29  | 		1.63498e-12	3.46358e-12	1.63498e-12	1.22417e-25	28	5.9703e-15
30  | 		0	0	0	0	0	0
31  | 		0	0	0	0	0	0
32  | 		0	0	0	0	0	0
33  | 		0	0	0	0	0	0
34  | 		2.67863e-12	5.04118e-12	2.67863e-12	5.97091e-25	16	2.48872e-14
35  | 		1.91787e-15	2.62946e-15	1.91787e-15	3.67824e-30	1	0
36  | 		1.24199e-12	1.57874e-11	1.24199e-12	1.84388e-25	10	1.82978e-14
37  | 		1.47279e-13	6.33296e-13	1.47279e-13	2.16912e-26	1	0
38  | 		1.89512e-15	3.73216e-15	1.89512e-15	3.59147e-30	1	0
39  | 		3.68034e-13	4.83492e-12	3.68034e-13	7.74914e-26	3	7.34187e-14
40  | 		8.6696e-13	1.17315e-11	8.6696e-13	1.77846e-25	7	4.09622e-14
41  | 		8.08274e-13	2.02768e-12	8.08274e-13	8.95512e-26	9	1.53485e-14
42  | 		6.04591e-13	8.87565e-13	6.04591e-13	3.74241e-26	12	7.26305e-15
43  | 		8.89622e-14	2.43625e-13	8.89622e-14	6.83305e-27	2	3.79204e-14
44  | 		4.09505e-13	7.87419e-13	4.09505e-13	3.07625e-26	7	1.273e-14
45  | 		0	0	0	0	0	0
46  | 		0	0	0	0	0	0
47  | 		4.02655e-13	3.91231e-12	4.02655e-13	5.42549e-26	3	5.9336e-15
48  | 		4.29062e-13	5.83361e-12	4.29062e-13	3.19149e-26	7	1.15632e-14
49  | 		0	0	0	0	0	0
50  | 		0	0	0	0	0	0
51  | 		2.63472e-13	1.41507e-12	2.63472e-13	1.9641e-26	5	1.69669e-14
52  | 		4.25623e-13	1.40902e-12	4.25623e-13	2.36992e-26	9	7.04242e-15
53  | 		4.25499e-13	3.89544e-12	4.25499e-13	6.2065e-26	5	3.5955e-14
54  | 		8.98494e-13	5.17834e-12	8.98494e-13	6.3677e-26	18	7.84395e-15
55  | 		0	0	0	0	0	0
56  | 		0	0	0	0	0	0
57  | 		0	0	0	0	0	0
58  | 		6.67485e-14	7.52775e-13	6.67485e-14	4.03145e-27	2	3.00314e-14
59  | 		0	0	0	0	0	0
60  | 		0	0	0	0	0	0
61  | 		4.7709e-13	3.29028e-13	4.7709e-13	8.98132e-26	3	4.82035e-14
62  | 		0	0	0	0	0	0
63  | 		0	0	0	0	0	0
64  | 		0	0	0	0	0	0
65  | 		0	0	0	0	0	0
66  | 		0	0	0	0	0	0
67  | 		0	0	0	0	0	0
68  | 		0	0	0	0	0	0
69  | 		0	0	0	0	0	0
70  | 		0	0	0	0	0	0
71  | 		0	0	0	0	0	0
72  | 		7.33444e-16	4.88995e-15	7.33444e-16	5.3794e-31	1	0
73  | 		0	0	0	0	0	0
74  | 		3.9144e-12	6.02215e-12	3.9144e-12	4.20868e-25	64	6.70846e-15
75  | 		1.35391e-12	3.86808e-12	1.35391e-12	1.18239e-25	23	8.72739e-15
76  | 		0	0	0	0	0	0
77  | 		0	0	0	0	0	0
78  | 		3.63053e-13	6.05088e-12	3.63053e-13	2.06386e-26	7	6.56284e-15
79  | 		9.0487e-13	9.52495e-12	9.0487e-13	4.96183e-26	21	5.03046e-15
80  | 		1.95975e-16	3.26625e-15	1.95975e-16	2.15337e-32	2	3.41363e-17
81  | 		7.28567e-15	1.82096e-13	7.28567e-15	5.3081e-29	1	0
82  | 		0	0	0	0	0	0
83  | 		0	0	0	0	0	0
84  | 		0	0	0	0	0	0
85  | 		4.01921e-15	5.36109e-14	4.01921e-15	1.6154e-29	1	0
86  | 		0	0	0	0	0	0
87  | 		0	0	0	0	0	0
88  | 		0	0	0	0	0	0
89  | 		8.12538e-13	7.58531e-12	8.12538e-13	6.56683e-26	12	8.98236e-15
90  | 		8.55323e-13	2.23614e-11	8.55323e-13	9.27903e-26	9	1.26402e-14
91  | 		6.98282e-13	9.15179e-11	6.98282e-13	7.46064e-26	9	1.68444e-14
92  | 		7.21084e-15	6.56008e-14	7.21084e-15	5.19962e-29	1	0
93  | 		0	0	0	0	0	0
94  | 		0	0	0	0	0	0
95  | 		1.98639e-12	1.10354e-12	1.98639e-12	1.15702e-25	46	3.80216e-15
96  | 		0	0	0	0	0	0
97  | 		0	0	0	0	0	0
98  | 		3.13111e-14	4.37672e-13	3.13111e-14	9.80383e-28	1	0
99  | 		8.92507e-13	1.53859e-12	8.92507e-13	2.08307e-26	52	1.44169e-15
100  | 		0	0	0	0	0	0
101  | 		0	0	0	0	0	0
102  | 		0	0	0	0	0	0
103  | 		1.2377e-13	1.18554e-12	1.2377e-13	7.67609e-27	2	2.87929e-15
104  | 		0	0	0	0	0	0
105  | 		0	0	0	0	0	0
106  | 		3.56553e-12	2.92782e-12	3.56553e-12	5.45914e-25	43	1.17717e-14
107  | 		2.37481e-11	1.58249e-12	2.37481e-11	2.29652e-24	424	2.32126e-15
108  | 		1.05677e-12	3.84207e-13	1.05677e-12	6.19623e-26	26	5.40794e-15
109  | 		2.83833e-11	2.83126e-12	2.83833e-11	2.69658e-24	462	2.11512e-15
110  | 		3.54385e-13	8.8574e-12	3.54385e-13	2.94009e-26	5	1.46342e-14
111  | 		0	0	0	0	0	0
112  | 		0	0	0	0	0	0
113  | 		0	0	0	0	0	0
114  | 		0	0	0	0	0	0
115  | 		9.35618e-13	5.5004e-11	9.35618e-13	5.44266e-26	19	4.94232e-15
116  | 		2.43183e-12	2.31932e-12	2.43183e-12	2.62916e-25	32	8.87356e-15
117  | 		2.76606e-11	2.2361e-12	2.76606e-11	2.31677e-24	553	1.74847e-15
118  | 		2.0198e-12	1.22899e-12	2.0198e-12	1.13034e-25	48	3.52565e-15
119  | 		1.77644e-11	3.29185e-12	1.77644e-11	1.27132e-24	369	1.75051e-15
120  | 		0	0	0	0	0	0
121  | 		0	0	0	0	0	0
122  | 		8.40181e-14	2.88385e-13	8.40181e-14	7.05905e-27	1	0
123  | 		4.49169e-12	3.06556e-12	4.49169e-12	5.79567e-25	65	8.04403e-15
124  | 		9.82586e-13	1.53762e-12	9.82586e-13	7.86821e-26	17	8.97085e-15
125  | 		5.07962e-12	3.8123e-12	5.07962e-12	4.3968e-25	84	4.35954e-15
126  | 		2.59063e-13	7.07435e-12	2.59063e-13	1.93132e-26	4	1.4534e-14
127  | 		0	0	0	0	0	0
128  | 		0	0	0	0	0	0
129  | 		1.18031e-15	6.75232e-14	1.18031e-15	1.39312e-30	1	0
130  | 		0	0	0	0	0	0
131  | 		0	0	0	0	0	0
132  | 		0	0	0	0	0	0
133  | 		0	0	0	0	0	0
134  | 		0	0	0	0	0	0
135  | 		0	0	0	0	0	0
136  | 		0	0	0	0	0	0
137  | 		0	0	0	0	0	0
138  | 		0	0	0	0	0	0
139  | 		0	0	0	0	0	0
140  | 		2.43068e-16	1.21534e-12	2.43068e-16	5.25615e-32	3	7.40128e-17
141  | 		1.0648e-13	6.90084e-13	1.0648e-13	5.89193e-27	2	1.05578e-14
Total energy depositied over all organs = 1.49271e-10 J
Total absorbed dose over all organs = 3.62814e-10 Gy 
