
	-------------------------------- 
	OrganID	Edep (J)	Dose (Gy)
	-------------------------------- 
	10 |		1.38235e-12	5.08348e-12
	15 |		1.10912e-14	3.31277e-13
	22 |		2.32735e-13	1.29484e-12
	23 |		7.89939e-13	5.659e-12
	26 |		4.87772e-13	8.66611e-13
	27 |		7.96444e-14	1.76572e-13
	39 |		4.70042e-15	6.17501e-14
	41 |		1.14613e-12	2.87525e-12
	42 |		1.56197e-12	2.29304e-12
	43 |		6.04951e-15	1.65667e-14
	49 |		1.15396e-14	4.02666e-14
	51 |		1.4474e-12	7.77376e-12
	52 |		7.78373e-12	2.5768e-11
	53 |		6.92248e-13	6.33753e-12
	54 |		1.00082e-12	5.76807e-12
	58 |		1.90147e-12	2.14444e-11
	72 |		2.45532e-15	1.63699e-14
	73 |		4.65138e-15	1.86048e-14
	74 |		2.89685e-12	4.45669e-12
	75 |		6.16799e-15	1.76218e-14
	84 |		4.69798e-13	1.1742e-11
	85 |		6.60073e-13	8.80449e-12
	87 |		5.78665e-14	1.75364e-13
	88 |		2.811e-13	5.51165e-13
	103 |		1.36956e-13	1.31184e-12
	106 |		2.76745e-12	2.27248e-12
	107 |		2.02532e-11	1.3496e-12
	108 |		1.79932e-12	6.54172e-13
	109 |		3.02748e-12	3.01994e-13
	116 |		8.94169e-13	8.528e-13
	117 |		2.45025e-11	1.98079e-12
	118 |		1.91156e-12	1.16312e-12
	119 |		1.46415e-12	2.71316e-13
	120 |		5.59506e-13	1.3168e-11
	122 |		1.44153e-13	4.94794e-13
	123 |		2.67881e-12	1.82828e-12
	124 |		1.75345e-13	2.74393e-13
	125 |		2.58294e-13	1.93852e-13
	137 |		1.37746e-13	2.75436e-12
	138 |		1.93895e-12	9.69473e-12
----------------------------------------------------------------------------
-------------------------------ORGAN INFO-----------------------------------
-----------------(of organs where edep/dose was recorded)-------------------
----------------------------------------------------------------------------
ID		Organ Name	    	    	    	Material ID		Density (g/cm^3) 
10    Blood vessels, trunk                             28    1.060
15    Humeri, upper half, medullary cavity             22    0.980
22    Wrists and hand bones, cortical                   2    1.920
23    Wrists and hand bones, spongiosa                  6    1.108
26    Cranium, cortical                                 2    1.920
27    Cranium, spongiosa                                8    1.157
39    Mandible, cortical                                2    1.920
41    Pelvis, cortical                                  2    1.920
42    Pelvis, spongiosa                                14    1.123
43    Ribs, cortical                                    2    1.920
49    Thoracic spine, cortical                          2    1.920
51    Lumbar spine, cortical                            2    1.920
52    Lumbar spine, spongiosa                          19    1.112
53    Sacrum, cortical                                  2    1.920
54    Sacrum, spongiosa                                20    1.031
58    Cartilage, trunk                                 26    1.100
72    Stomach wall                                     36    1.040
73    Stomach contents                                 51    1.040
74    Small intestine wall                             37    1.040
75    Small intestine contents                         51    1.040
84    Sigmoid colon wall                               38    1.040
85    Sigmoid colon contents                           51    1.040
87    Heart wall                                       33    1.050
88    Heart contents (blood)                           28    1.060
103   Lymphatic nodes, trunk                           47    1.030
106   Muscle, head                                     29    1.050
107   Muscle, trunk                                    29    1.050
108   Muscle, arms                                     29    1.050
109   Muscle, legs                                     29    1.050
116   Residual tissue, head                            49    0.950
117   Residual tissue, trunk                           49    0.950
118   Residual tissue, arms                            49    0.950
119   Residual tissue, legs                            49    0.950
120   Salivary glands, left                            45    1.030
122   Skin, head                                       27    1.090
123   Skin, trunk                                      27    1.090
124   Skin, arms                                       27    1.090
125   Skin, legs                                       27    1.090
137   Urinary bladder wall                             41    1.040
138   Urinary bladder contents                         52    1.040

Total Edep over all organs = 8.55681e-11 J
Total dose absorbed over all organs = 1.50139e-10 Gy

----------------------------------------------------------------------------
----------------ORGAN ENERGY DEPOSITIONS AND ABSORBED DOSE------------------
-----------(for all organs [includes air - OrganIDs = 0, 140])--------------
--------------([and top/bottom skin layer - OrganIDs = 141])----------------
----------------------------------------------------------------------------
OrganID	Edep (J) 	Dose (Gy) 	S1_J	S2_J2	N	SE_run_J
-------------------------------
0  | 		8.84335e-14	0	8.84335e-14	4.30974e-29	1338	4.56335e-18
1  | 		0	0	0	0	0	0
2  | 		0	0	0	0	0	0
3  | 		0	0	0	0	0	0
4  | 		0	0	0	0	0	0
5  | 		0	0	0	0	0	0
6  | 		0	0	0	0	0	0
7  | 		0	0	0	0	0	0
8  | 		0	0	0	0	0	0
9  | 		0	0	0	0	0	0
10  | 		1.38235e-12	5.08348e-12	1.38235e-12	6.53148e-25	11	6.60186e-14
11  | 		0	0	0	0	0	0
12  | 		0	0	0	0	0	0
13  | 		0	0	0	0	0	0
14  | 		0	0	0	0	0	0
15  | 		1.10912e-14	3.31277e-13	1.10912e-14	1.23014e-28	1	0
16  | 		0	0	0	0	0	0
17  | 		0	0	0	0	0	0
18  | 		0	0	0	0	0	0
19  | 		0	0	0	0	0	0
20  | 		0	0	0	0	0	0
21  | 		0	0	0	0	0	0
22  | 		2.32735e-13	1.29484e-12	2.32735e-13	2.70844e-26	2	9.3246e-16
23  | 		7.89939e-13	5.659e-12	7.89939e-13	6.5447e-26	10	5.81821e-15
24  | 		0	0	0	0	0	0
25  | 		0	0	0	0	0	0
26  | 		4.87772e-13	8.66611e-13	4.87772e-13	5.4466e-26	7	2.20806e-14
27  | 		7.96444e-14	1.76572e-13	7.96444e-14	6.34323e-27	1	0
28  | 		0	0	0	0	0	0
29  | 		0	0	0	0	0	0
30  | 		0	0	0	0	0	0
31  | 		0	0	0	0	0	0
32  | 		0	0	0	0	0	0
33  | 		0	0	0	0	0	0
34  | 		0	0	0	0	0	0
35  | 		0	0	0	0	0	0
36  | 		0	0	0	0	0	0
37  | 		0	0	0	0	0	0
38  | 		0	0	0	0	0	0
39  | 		4.70042e-15	6.17501e-14	4.70042e-15	2.20939e-29	1	0
40  | 		0	0	0	0	0	0
41  | 		1.14613e-12	2.87525e-12	1.14613e-12	2.93274e-25	9	4.52334e-14
42  | 		1.56197e-12	2.29304e-12	1.56197e-12	3.27947e-25	16	2.70387e-14
43  | 		6.04951e-15	1.65667e-14	6.04951e-15	3.65966e-29	1	0
44  | 		0	0	0	0	0	0
45  | 		0	0	0	0	0	0
46  | 		0	0	0	0	0	0
47  | 		0	0	0	0	0	0
48  | 		0	0	0	0	0	0
49  | 		1.15396e-14	4.02666e-14	1.15396e-14	1.33162e-28	1	0
50  | 		0	0	0	0	0	0
51  | 		1.4474e-12	7.77376e-12	1.4474e-12	9.51046e-25	5	1.63104e-13
52  | 		7.78373e-12	2.5768e-11	7.78373e-12	6.13617e-24	21	8.79813e-14
53  | 		6.92248e-13	6.33753e-12	6.92248e-13	1.93845e-25	3	7.53979e-14
54  | 		1.00082e-12	5.76807e-12	1.00082e-12	2.18839e-25	19	2.20394e-14
55  | 		0	0	0	0	0	0
56  | 		0	0	0	0	0	0
57  | 		0	0	0	0	0	0
58  | 		1.90147e-12	2.14444e-11	1.90147e-12	9.75034e-25	9	8.92329e-14
59  | 		0	0	0	0	0	0
60  | 		0	0	0	0	0	0
61  | 		0	0	0	0	0	0
62  | 		0	0	0	0	0	0
63  | 		0	0	0	0	0	0
64  | 		0	0	0	0	0	0
65  | 		0	0	0	0	0	0
66  | 		0	0	0	0	0	0
67  | 		0	0	0	0	0	0
68  | 		0	0	0	0	0	0
69  | 		0	0	0	0	0	0
70  | 		0	0	0	0	0	0
71  | 		0	0	0	0	0	0
72  | 		2.45532e-15	1.63699e-14	2.45532e-15	6.02862e-30	1	0
73  | 		4.65138e-15	1.86048e-14	4.65138e-15	2.16353e-29	1	0
74  | 		2.89685e-12	4.45669e-12	2.89685e-12	4.40117e-24	2	3.20402e-13
75  | 		6.16799e-15	1.76218e-14	6.16799e-15	3.80441e-29	1	0
76  | 		0	0	0	0	0	0
77  | 		0	0	0	0	0	0
78  | 		0	0	0	0	0	0
79  | 		0	0	0	0	0	0
80  | 		0	0	0	0	0	0
81  | 		0	0	0	0	0	0
82  | 		0	0	0	0	0	0
83  | 		0	0	0	0	0	0
84  | 		4.69798e-13	1.1742e-11	4.69798e-13	2.40451e-26	12	6.54388e-15
85  | 		6.60073e-13	8.80449e-12	6.60073e-13	4.23119e-26	12	6.74417e-15
86  | 		0	0	0	0	0	0
87  | 		5.78665e-14	1.75364e-13	5.78665e-14	2.12646e-27	4	1.03655e-14
88  | 		2.811e-13	5.51165e-13	2.811e-13	2.16849e-26	5	1.71486e-14
89  | 		0	0	0	0	0	0
90  | 		0	0	0	0	0	0
91  | 		0	0	0	0	0	0
92  | 		0	0	0	0	0	0
93  | 		0	0	0	0	0	0
94  | 		0	0	0	0	0	0
95  | 		0	0	0	0	0	0
96  | 		0	0	0	0	0	0
97  | 		0	0	0	0	0	0
98  | 		0	0	0	0	0	0
99  | 		0	0	0	0	0	0
100  | 		0	0	0	0	0	0
101  | 		0	0	0	0	0	0
102  | 		0	0	0	0	0	0
103  | 		1.36956e-13	1.31184e-12	1.36956e-13	1.8757e-26	4	3.42391e-14
104  | 		0	0	0	0	0	0
105  | 		0	0	0	0	0	0
106  | 		2.76745e-12	2.27248e-12	2.76745e-12	2.61046e-25	49	6.6734e-15
107  | 		2.02532e-11	1.3496e-12	2.02532e-11	2.39242e-24	335	3.23087e-15
108  | 		1.79932e-12	6.54172e-13	1.79932e-12	1.20411e-25	31	4.14436e-15
109  | 		3.02748e-12	3.01994e-13	3.02748e-12	2.12828e-25	63	4.15215e-15
110  | 		0	0	0	0	0	0
111  | 		0	0	0	0	0	0
112  | 		0	0	0	0	0	0
113  | 		0	0	0	0	0	0
114  | 		0	0	0	0	0	0
115  | 		0	0	0	0	0	0
116  | 		8.94169e-13	8.528e-13	8.94169e-13	5.05029e-26	20	5.26308e-15
117  | 		2.45025e-11	1.98079e-12	2.45025e-11	1.25777e-23	234	1.35511e-14
118  | 		1.91156e-12	1.16312e-12	1.91156e-12	1.38279e-25	34	5.24001e-15
119  | 		1.46415e-12	2.71316e-13	1.46415e-12	1.26343e-25	27	8.17763e-15
120  | 		5.59506e-13	1.3168e-11	5.59506e-13	3.09581e-26	12	6.07453e-15
121  | 		0	0	0	0	0	0
122  | 		1.44153e-13	4.94794e-13	1.44153e-13	8.24168e-27	3	1.48041e-14
123  | 		2.67881e-12	1.82828e-12	2.67881e-12	1.87789e-24	17	7.3158e-14
124  | 		1.75345e-13	2.74393e-13	1.75345e-13	1.41195e-26	4	2.31534e-14
125  | 		2.58294e-13	1.93852e-13	2.58294e-13	1.97596e-26	6	1.69709e-14
126  | 		0	0	0	0	0	0
127  | 		0	0	0	0	0	0
128  | 		0	0	0	0	0	0
129  | 		0	0	0	0	0	0
130  | 		0	0	0	0	0	0
131  | 		0	0	0	0	0	0
132  | 		0	0	0	0	0	0
133  | 		0	0	0	0	0	0
134  | 		0	0	0	0	0	0
135  | 		0	0	0	0	0	0
136  | 		0	0	0	0	0	0
137  | 		1.37746e-13	2.75436e-12	1.37746e-13	6.90193e-27	3	9.80915e-15
138  | 		1.93895e-12	9.69473e-12	1.93895e-12	1.22126e-25	37	3.92477e-15
139  | 		0	0	0	0	0	0
140  | 		6.86558e-17	3.43279e-13	6.86558e-17	1.30006e-33	4	3.18397e-18
141  | 		0	0	0	0	0	0
Total energy depositied over all organs = 8.55681e-11 J
Total absorbed dose over all organs = 1.50139e-10 Gy 
