
	-------------------------------- 
	OrganID	Edep (J)	Dose (Gy)
	-------------------------------- 
	22 |		9.60163e-12	5.34196e-11
	23 |		1.534e-11	1.09893e-10
	95 |		1.4557e-14	8.08719e-15
	107 |		5.46646e-15	3.64265e-16
	108 |		2.62944e-11	9.55975e-12
	117 |		1.8565e-14	1.5008e-15
	118 |		4.45015e-12	2.70778e-12
	119 |		9.90386e-13	1.83525e-13
	124 |		1.60466e-12	2.51108e-12
	125 |		6.4943e-12	4.87403e-12
----------------------------------------------------------------------------
-------------------------------ORGAN INFO-----------------------------------
-----------------(of organs where edep/dose was recorded)-------------------
----------------------------------------------------------------------------
ID		Organ Name	    	    	    	Material ID		Density (g/cm^3) 
22    Wrists and hand bones, cortical                   2    1.920
23    Wrists and hand bones, spongiosa                  6    1.108
95    Liver                                            30    1.050
107   Muscle, trunk                                    29    1.050
108   Muscle, arms                                     29    1.050
117   Residual tissue, trunk                           49    0.950
118   Residual tissue, arms                            49    0.950
119   Residual tissue, legs                            49    0.950
124   Skin, arms                                       27    1.090
125   Skin, legs                                       27    1.090

Total Edep over all organs = 6.48141e-11 J
Total dose absorbed over all organs = 1.83159e-10 Gy

----------------------------------------------------------------------------
----------------ORGAN ENERGY DEPOSITIONS AND ABSORBED DOSE------------------
-----------(for all organs [includes air - OrganIDs = 0, 140])--------------
--------------([and top/bottom skin layer - OrganIDs = 141])----------------
----------------------------------------------------------------------------
OrganID	Edep (J) 	Dose (Gy) 	S1_J	S2_J2	N	SE_run_J
-------------------------------
0  | 		3.16326e-13	0	3.16326e-13	3.6288e-28	565	2.41454e-17
1  | 		0	0	0	0	0	0
2  | 		0	0	0	0	0	0
3  | 		0	0	0	0	0	0
4  | 		0	0	0	0	0	0
5  | 		0	0	0	0	0	0
6  | 		0	0	0	0	0	0
7  | 		0	0	0	0	0	0
8  | 		0	0	0	0	0	0
9  | 		0	0	0	0	0	0
10  | 		0	0	0	0	0	0
11  | 		0	0	0	0	0	0
12  | 		0	0	0	0	0	0
13  | 		0	0	0	0	0	0
14  | 		0	0	0	0	0	0
15  | 		0	0	0	0	0	0
16  | 		0	0	0	0	0	0
17  | 		0	0	0	0	0	0
18  | 		0	0	0	0	0	0
19  | 		0	0	0	0	0	0
20  | 		0	0	0	0	0	0
21  | 		0	0	0	0	0	0
22  | 		9.60163e-12	5.34196e-11	9.60163e-12	3.371e-23	3	7.04696e-13
23  | 		1.534e-11	1.09893e-10	1.534e-11	1.19573e-22	3	2.61835e-12
24  | 		0	0	0	0	0	0
25  | 		0	0	0	0	0	0
26  | 		0	0	0	0	0	0
27  | 		0	0	0	0	0	0
28  | 		0	0	0	0	0	0
29  | 		0	0	0	0	0	0
30  | 		0	0	0	0	0	0
31  | 		0	0	0	0	0	0
32  | 		0	0	0	0	0	0
33  | 		0	0	0	0	0	0
34  | 		0	0	0	0	0	0
35  | 		0	0	0	0	0	0
36  | 		0	0	0	0	0	0
37  | 		0	0	0	0	0	0
38  | 		0	0	0	0	0	0
39  | 		0	0	0	0	0	0
40  | 		0	0	0	0	0	0
41  | 		0	0	0	0	0	0
42  | 		0	0	0	0	0	0
43  | 		0	0	0	0	0	0
44  | 		0	0	0	0	0	0
45  | 		0	0	0	0	0	0
46  | 		0	0	0	0	0	0
47  | 		0	0	0	0	0	0
48  | 		0	0	0	0	0	0
49  | 		0	0	0	0	0	0
50  | 		0	0	0	0	0	0
51  | 		0	0	0	0	0	0
52  | 		0	0	0	0	0	0
53  | 		0	0	0	0	0	0
54  | 		0	0	0	0	0	0
55  | 		0	0	0	0	0	0
56  | 		0	0	0	0	0	0
57  | 		0	0	0	0	0	0
58  | 		0	0	0	0	0	0
59  | 		0	0	0	0	0	0
60  | 		0	0	0	0	0	0
61  | 		0	0	0	0	0	0
62  | 		0	0	0	0	0	0
63  | 		0	0	0	0	0	0
64  | 		0	0	0	0	0	0
65  | 		0	0	0	0	0	0
66  | 		0	0	0	0	0	0
67  | 		0	0	0	0	0	0
68  | 		0	0	0	0	0	0
69  | 		0	0	0	0	0	0
70  | 		0	0	0	0	0	0
71  | 		0	0	0	0	0	0
72  | 		0	0	0	0	0	0
73  | 		0	0	0	0	0	0
74  | 		0	0	0	0	0	0
75  | 		0	0	0	0	0	0
76  | 		0	0	0	0	0	0
77  | 		0	0	0	0	0	0
78  | 		0	0	0	0	0	0
79  | 		0	0	0	0	0	0
80  | 		0	0	0	0	0	0
81  | 		0	0	0	0	0	0
82  | 		0	0	0	0	0	0
83  | 		0	0	0	0	0	0
84  | 		0	0	0	0	0	0
85  | 		0	0	0	0	0	0
86  | 		0	0	0	0	0	0
87  | 		0	0	0	0	0	0
88  | 		0	0	0	0	0	0
89  | 		0	0	0	0	0	0
90  | 		0	0	0	0	0	0
91  | 		0	0	0	0	0	0
92  | 		0	0	0	0	0	0
93  | 		0	0	0	0	0	0
94  | 		0	0	0	0	0	0
95  | 		1.4557e-14	8.08719e-15	1.4557e-14	1.8761e-28	2	6.3897e-15
96  | 		0	0	0	0	0	0
97  | 		0	0	0	0	0	0
98  | 		0	0	0	0	0	0
99  | 		0	0	0	0	0	0
100  | 		0	0	0	0	0	0
101  | 		0	0	0	0	0	0
102  | 		0	0	0	0	0	0
103  | 		0	0	0	0	0	0
104  | 		0	0	0	0	0	0
105  | 		0	0	0	0	0	0
106  | 		0	0	0	0	0	0
107  | 		5.46646e-15	3.64265e-16	5.46646e-15	1.10443e-29	3	4.24976e-16
108  | 		2.62944e-11	9.55975e-12	2.62944e-11	5.13277e-23	17	1.97944e-13
109  | 		0	0	0	0	0	0
110  | 		0	0	0	0	0	0
111  | 		0	0	0	0	0	0
112  | 		0	0	0	0	0	0
113  | 		0	0	0	0	0	0
114  | 		0	0	0	0	0	0
115  | 		0	0	0	0	0	0
116  | 		0	0	0	0	0	0
117  | 		1.8565e-14	1.5008e-15	1.8565e-14	3.44659e-28	1	0
118  | 		4.45015e-12	2.70778e-12	4.45015e-12	5.42862e-24	5	2.70911e-13
119  | 		9.90386e-13	1.83525e-13	9.90386e-13	6.32362e-25	2	2.66392e-13
120  | 		0	0	0	0	0	0
121  | 		0	0	0	0	0	0
122  | 		0	0	0	0	0	0
123  | 		0	0	0	0	0	0
124  | 		1.60466e-12	2.51108e-12	1.60466e-12	2.57493e-24	1	0
125  | 		6.4943e-12	4.87403e-12	6.4943e-12	1.09364e-23	4	1.80839e-13
126  | 		0	0	0	0	0	0
127  | 		0	0	0	0	0	0
128  | 		0	0	0	0	0	0
129  | 		0	0	0	0	0	0
130  | 		0	0	0	0	0	0
131  | 		0	0	0	0	0	0
132  | 		0	0	0	0	0	0
133  | 		0	0	0	0	0	0
134  | 		0	0	0	0	0	0
135  | 		0	0	0	0	0	0
136  | 		0	0	0	0	0	0
137  | 		0	0	0	0	0	0
138  | 		0	0	0	0	0	0
139  | 		0	0	0	0	0	0
140  | 		0	0	0	0	0	0
141  | 		0	0	0	0	0	0
Total energy depositied over all organs = 6.48141e-11 J
Total absorbed dose over all organs = 1.83159e-10 Gy 
