
	-------------------------------- 
	OrganID	Edep (J)	Dose (Gy)
	-------------------------------- 
	10 |		1.79774e-12	6.61103e-12
	19 |		1.69341e-12	6.25336e-12
	22 |		6.62136e-13	3.68385e-12
	23 |		2.51482e-13	1.80158e-12
	26 |		7.90707e-16	1.40483e-15
	27 |		2.89416e-14	6.41636e-14
	28 |		8.54858e-13	3.26681e-12
	29 |		5.25059e-12	1.1123e-11
	31 |		8.84555e-15	3.00777e-14
	37 |		7.7094e-13	3.31502e-12
	38 |		7.50733e-12	1.47846e-11
	39 |		8.77973e-13	1.15341e-11
	40 |		2.61628e-12	3.54029e-11
	41 |		2.08321e-11	5.22605e-11
	42 |		1.56243e-11	2.29371e-11
	43 |		4.60088e-13	1.25996e-12
	44 |		1.10952e-12	2.13345e-12
	45 |		1.16761e-13	5.28019e-13
	46 |		8.00797e-13	4.16626e-12
	47 |		1.33938e-12	1.30138e-11
	48 |		1.48202e-12	2.01499e-11
	49 |		5.85714e-15	2.04381e-14
	51 |		6.85141e-14	3.67979e-13
	52 |		1.07535e-15	3.55995e-15
	53 |		4.69588e-12	4.29907e-11
	54 |		1.94439e-11	1.12062e-10
	58 |		1.64649e-12	1.85688e-11
	61 |		2.64716e-14	1.82563e-14
	63 |		2.72465e-14	5.46022e-12
	74 |		2.30115e-12	3.54023e-12
	84 |		9.42968e-17	2.35683e-15
	86 |		2.89662e-15	9.66185e-14
	87 |		1.43173e-15	4.33882e-15
	89 |		8.74878e-13	8.16727e-12
	95 |		1.51852e-14	8.43617e-15
	97 |		1.18421e-15	2.47877e-15
	98 |		1.51292e-20	2.11479e-19
	99 |		1.10756e-12	1.90932e-12
	102 |		9.4966e-14	1.58806e-11
	103 |		2.71722e-13	2.6027e-12
	104 |		7.42704e-13	9.48537e-11
	106 |		1.25996e-11	1.03461e-11
	107 |		1.62023e-10	1.07966e-11
	108 |		3.59291e-11	1.30626e-11
	109 |		3.99627e-12	3.98632e-13
	116 |		4.00793e-12	3.8225e-12
	117 |		1.01246e-10	8.18475e-12
	118 |		1.71015e-11	1.04057e-11
	119 |		1.14182e-12	2.11586e-13
	121 |		1.35927e-12	3.19904e-11
	122 |		6.41971e-13	2.20351e-12
	123 |		1.03092e-11	7.03596e-12
	124 |		5.25146e-12	8.21786e-12
	125 |		9.98512e-13	7.49391e-13
	126 |		1.03681e-12	2.83126e-11
	137 |		4.19568e-13	8.38968e-12
	138 |		1.74114e-12	8.70571e-12
----------------------------------------------------------------------------
-------------------------------ORGAN INFO-----------------------------------
-----------------(of organs where edep/dose was recorded)-------------------
----------------------------------------------------------------------------
ID		Organ Name	    	    	    	Material ID		Density (g/cm^3) 
10    Blood vessels, trunk                             28    1.060
19    Ulnae and radii, cortical                         2    1.920
22    Wrists and hand bones, cortical                   2    1.920
23    Wrists and hand bones, spongiosa                  6    1.108
26    Cranium, cortical                                 2    1.920
27    Cranium, spongiosa                                8    1.157
28    Femora, upper half, cortical                      2    1.920
29    Femora, upper half, spongiosa                     9    1.124
31    Femora, lower half, cortical                      2    1.920
37    Ankles and foot bones, cortical                   2    1.920
38    Ankles and foot bones, spongiosa                 12    1.108
39    Mandible, cortical                                2    1.920
40    Mandible, spongiosa                              13    1.228
41    Pelvis, cortical                                  2    1.920
42    Pelvis, spongiosa                                14    1.123
43    Ribs, cortical                                    2    1.920
44    Ribs, spongiosa                                  15    1.165
45    Scapulae, cortical                                2    1.920
46    Scapulae, spongiosa                              16    1.183
47    Cervical spine, cortical                          2    1.920
48    Cervical spine, spongiosa                        17    1.050
49    Thoracic spine, cortical                          2    1.920
51    Lumbar spine, cortical                            2    1.920
52    Lumbar spine, spongiosa                          19    1.112
53    Sacrum, cortical                                  2    1.920
54    Sacrum, spongiosa                                20    1.031
58    Cartilage, trunk                                 26    1.100
61    Brain                                            32    1.050
63    Breast, left, glandular tissue                   48    1.020
74    Small intestine wall                             37    1.040
84    Sigmoid colon wall                               38    1.040
86    Rectum wall                                      38    1.040
87    Heart wall                                       33    1.050
89    Kidney, left, cortex                             35    1.050
95    Liver                                            30    1.050
97    Lung, left, tissue                               50    0.382
98    Lung, right, blood                               28    1.060
99    Lung, right, tissue                              50    0.382
102   Lymphatic nodes, head                            47    1.030
103   Lymphatic nodes, trunk                           47    1.030
104   Lymphatic nodes, arms                            47    1.030
106   Muscle, head                                     29    1.050
107   Muscle, trunk                                    29    1.050
108   Muscle, arms                                     29    1.050
109   Muscle, legs                                     29    1.050
116   Residual tissue, head                            49    0.950
117   Residual tissue, trunk                           49    0.950
118   Residual tissue, arms                            49    0.950
119   Residual tissue, legs                            49    0.950
121   Salivary glands, right                           45    1.030
122   Skin, head                                       27    1.090
123   Skin, trunk                                      27    1.090
124   Skin, arms                                       27    1.090
125   Skin, legs                                       27    1.090
126   Spinal cord                                      45    1.030
137   Urinary bladder wall                             41    1.040
138   Urinary bladder contents                         52    1.040

Total Edep over all organs = 4.55218e-10 J
Total dose absorbed over all organs = 6.73715e-10 Gy

----------------------------------------------------------------------------
----------------ORGAN ENERGY DEPOSITIONS AND ABSORBED DOSE------------------
-----------(for all organs [includes air - OrganIDs = 0, 140])--------------
--------------([and top/bottom skin layer - OrganIDs = 141])----------------
----------------------------------------------------------------------------
OrganID	Edep (J) 	Dose (Gy) 	S1_J	S2_J2	N	SE_run_J
-------------------------------
0  | 		5.32912e-13	0	5.32912e-13	2.42348e-28	4047	3.24268e-18
1  | 		0	0	0	0	0	0
2  | 		0	0	0	0	0	0
3  | 		0	0	0	0	0	0
4  | 		0	0	0	0	0	0
5  | 		0	0	0	0	0	0
6  | 		0	0	0	0	0	0
7  | 		0	0	0	0	0	0
8  | 		0	0	0	0	0	0
9  | 		0	0	0	0	0	0
10  | 		1.79774e-12	6.61103e-12	1.79774e-12	3.2844e-25	14	2.31566e-14
11  | 		0	0	0	0	0	0
12  | 		0	0	0	0	0	0
13  | 		0	0	0	0	0	0
14  | 		0	0	0	0	0	0
15  | 		0	0	0	0	0	0
16  | 		0	0	0	0	0	0
17  | 		0	0	0	0	0	0
18  | 		0	0	0	0	0	0
19  | 		1.69341e-12	6.25336e-12	1.69341e-12	3.89766e-25	8	2.36459e-14
20  | 		0	0	0	0	0	0
21  | 		0	0	0	0	0	0
22  | 		6.62136e-13	3.68385e-12	6.62136e-13	2.4765e-25	4	1.07255e-13
23  | 		2.51482e-13	1.80158e-12	2.51482e-13	3.29333e-26	2	2.56097e-14
24  | 		0	0	0	0	0	0
25  | 		0	0	0	0	0	0
26  | 		7.90707e-16	1.40483e-15	7.90707e-16	6.25218e-31	1	0
27  | 		2.89416e-14	6.41636e-14	2.89416e-14	8.37619e-28	1	0
28  | 		8.54858e-13	3.26681e-12	8.54858e-13	2.99367e-25	3	9.64131e-14
29  | 		5.25059e-12	1.1123e-11	5.25059e-12	1.53866e-24	21	2.31898e-14
30  | 		0	0	0	0	0	0
31  | 		8.84555e-15	3.00777e-14	8.84555e-15	7.82438e-29	1	0
32  | 		0	0	0	0	0	0
33  | 		0	0	0	0	0	0
34  | 		0	0	0	0	0	0
35  | 		0	0	0	0	0	0
36  | 		0	0	0	0	0	0
37  | 		7.7094e-13	3.31502e-12	7.7094e-13	3.05841e-25	2	6.58284e-14
38  | 		7.50733e-12	1.47846e-11	7.50733e-12	2.2535e-24	35	2.3249e-14
39  | 		8.77973e-13	1.15341e-11	8.77973e-13	4.74312e-25	3	1.90336e-13
40  | 		2.61628e-12	3.54029e-11	2.61628e-12	8.27087e-25	10	3.98045e-14
41  | 		2.08321e-11	5.22605e-11	2.08321e-11	6.95813e-23	43	1.81493e-13
42  | 		1.56243e-11	2.29371e-11	1.56243e-11	7.1903e-24	88	2.40173e-14
43  | 		4.60088e-13	1.25996e-12	4.60088e-13	5.93123e-26	7	2.63096e-14
44  | 		1.10952e-12	2.13345e-12	1.10952e-12	1.57133e-25	20	1.58597e-14
45  | 		1.16761e-13	5.28019e-13	1.16761e-13	5.30343e-27	5	1.13508e-14
46  | 		8.00797e-13	4.16626e-12	8.00797e-13	8.8287e-26	10	1.63841e-14
47  | 		1.33938e-12	1.30138e-11	1.33938e-12	6.66761e-25	5	1.24091e-13
48  | 		1.48202e-12	2.01499e-11	1.48202e-12	4.30253e-25	8	5.27297e-14
49  | 		5.85714e-15	2.04381e-14	5.85714e-15	3.43061e-29	1	0
50  | 		0	0	0	0	0	0
51  | 		6.85141e-14	3.67979e-13	6.85141e-14	3.46664e-27	3	1.78041e-14
52  | 		1.07535e-15	3.55995e-15	1.07535e-15	1.15638e-30	1	0
53  | 		4.69588e-12	4.29907e-11	4.69588e-12	2.97566e-24	16	8.15847e-14
54  | 		1.94439e-11	1.12062e-10	1.94439e-11	1.00643e-23	80	2.90637e-14
55  | 		0	0	0	0	0	0
56  | 		0	0	0	0	0	0
57  | 		0	0	0	0	0	0
58  | 		1.64649e-12	1.85688e-11	1.64649e-12	6.84755e-25	5	8.44296e-14
59  | 		0	0	0	0	0	0
60  | 		0	0	0	0	0	0
61  | 		2.64716e-14	1.82563e-14	2.64716e-14	7.00745e-28	1	0
62  | 		0	0	0	0	0	0
63  | 		2.72465e-14	5.46022e-12	2.72465e-14	7.4237e-28	1	0
64  | 		0	0	0	0	0	0
65  | 		0	0	0	0	0	0
66  | 		0	0	0	0	0	0
67  | 		0	0	0	0	0	0
68  | 		0	0	0	0	0	0
69  | 		0	0	0	0	0	0
70  | 		0	0	0	0	0	0
71  | 		0	0	0	0	0	0
72  | 		0	0	0	0	0	0
73  | 		0	0	0	0	0	0
74  | 		2.30115e-12	3.54023e-12	2.30115e-12	4.37876e-25	22	2.06591e-14
75  | 		0	0	0	0	0	0
76  | 		0	0	0	0	0	0
77  | 		0	0	0	0	0	0
78  | 		0	0	0	0	0	0
79  | 		0	0	0	0	0	0
80  | 		0	0	0	0	0	0
81  | 		0	0	0	0	0	0
82  | 		0	0	0	0	0	0
83  | 		0	0	0	0	0	0
84  | 		9.42968e-17	2.35683e-15	9.42968e-17	8.89189e-33	1	0
85  | 		0	0	0	0	0	0
86  | 		2.89662e-15	9.66185e-14	2.89662e-15	8.39041e-30	1	0
87  | 		1.43173e-15	4.33882e-15	1.43173e-15	2.04984e-30	1	0
88  | 		0	0	0	0	0	0
89  | 		8.74878e-13	8.16727e-12	8.74878e-13	1.22633e-25	9	2.28485e-14
90  | 		0	0	0	0	0	0
91  | 		0	0	0	0	0	0
92  | 		0	0	0	0	0	0
93  | 		0	0	0	0	0	0
94  | 		0	0	0	0	0	0
95  | 		1.51852e-14	8.43617e-15	1.51852e-14	1.0623e-28	3	2.21236e-15
96  | 		0	0	0	0	0	0
97  | 		1.18421e-15	2.47877e-15	1.18421e-15	1.40235e-30	1	0
98  | 		1.51292e-20	2.11479e-19	1.51292e-20	2.28894e-40	1	0
99  | 		1.10756e-12	1.90932e-12	1.10756e-12	3.29704e-26	70	1.7883e-15
100  | 		0	0	0	0	0	0
101  | 		0	0	0	0	0	0
102  | 		9.4966e-14	1.58806e-11	9.4966e-14	9.01854e-27	1	0
103  | 		2.71722e-13	2.6027e-12	2.71722e-13	2.0409e-26	4	1.27501e-14
104  | 		7.42704e-13	9.48537e-11	7.42704e-13	2.36905e-25	3	9.40169e-14
105  | 		0	0	0	0	0	0
106  | 		1.25996e-11	1.03461e-11	1.25996e-11	3.22134e-24	67	1.38801e-14
107  | 		1.62023e-10	1.07966e-11	1.62023e-10	1.3197e-22	948	1.07775e-14
108  | 		3.59291e-11	1.30626e-11	3.59291e-11	1.49044e-23	182	1.53991e-14
109  | 		3.99627e-12	3.98632e-13	3.99627e-12	9.58109e-25	31	2.18239e-14
110  | 		0	0	0	0	0	0
111  | 		0	0	0	0	0	0
112  | 		0	0	0	0	0	0
113  | 		0	0	0	0	0	0
114  | 		0	0	0	0	0	0
115  | 		0	0	0	0	0	0
116  | 		4.00793e-12	3.8225e-12	4.00793e-12	1.35067e-24	23	3.59034e-14
117  | 		1.01246e-10	8.18475e-12	1.01246e-10	3.72513e-23	809	6.13218e-15
118  | 		1.71015e-11	1.04057e-11	1.71015e-11	6.52016e-24	110	1.79459e-14
119  | 		1.14182e-12	2.11586e-13	1.14182e-12	1.73314e-25	16	1.95608e-14
120  | 		0	0	0	0	0	0
121  | 		1.35927e-12	3.19904e-11	1.35927e-12	3.20456e-25	7	3.66809e-14
122  | 		6.41971e-13	2.20351e-12	6.41971e-13	1.71525e-25	3	7.54418e-14
123  | 		1.03092e-11	7.03596e-12	1.03092e-11	2.26523e-24	77	1.22975e-14
124  | 		5.25146e-12	8.21786e-12	5.25146e-12	1.43642e-24	38	2.24826e-14
125  | 		9.98512e-13	7.49391e-13	9.98512e-13	2.23122e-25	7	4.38313e-14
126  | 		1.03681e-12	2.83126e-11	1.03681e-12	3.11329e-25	5	6.94026e-14
127  | 		0	0	0	0	0	0
128  | 		0	0	0	0	0	0
129  | 		0	0	0	0	0	0
130  | 		0	0	0	0	0	0
131  | 		0	0	0	0	0	0
132  | 		0	0	0	0	0	0
133  | 		0	0	0	0	0	0
134  | 		0	0	0	0	0	0
135  | 		0	0	0	0	0	0
136  | 		0	0	0	0	0	0
137  | 		4.19568e-13	8.38968e-12	4.19568e-13	3.77718e-26	7	1.73368e-14
138  | 		1.74114e-12	8.70571e-12	1.74114e-12	1.5099e-25	32	7.53041e-15
139  | 		0	0	0	0	0	0
140  | 		0	0	0	0	0	0
141  | 		0	0	0	0	0	0
Total energy depositied over all organs = 4.55218e-10 J
Total absorbed dose over all organs = 6.73715e-10 Gy 
