
	-------------------------------- 
	OrganID	Edep (J)	Dose (Gy)
	-------------------------------- 
	3 |		2.27625e-13	2.06369e-11
	5 |		2.44674e-13	7.96204e-12
	10 |		2.335e-13	8.58676e-13
	12 |		1.18772e-13	1.4303e-12
	13 |		2.55487e-12	1.88886e-11
	14 |		3.03914e-12	1.64402e-11
	15 |		2.45051e-13	7.31934e-12
	16 |		2.38618e-13	1.86376e-12
	17 |		4.42889e-13	7.41485e-12
	19 |		4.34888e-13	1.60594e-12
	20 |		3.22726e-12	1.7741e-11
	26 |		4.54851e-13	8.08121e-13
	27 |		3.64414e-13	8.07905e-13
	28 |		5.02976e-13	1.9221e-12
	29 |		1.13336e-12	2.40093e-12
	34 |		8.16841e-13	1.53729e-12
	35 |		6.1974e-13	8.49681e-13
	36 |		3.33578e-13	4.24022e-12
	37 |		1.63516e-12	7.03114e-12
	38 |		1.22729e-12	2.41697e-12
	39 |		5.69731e-13	7.48464e-12
	40 |		2.09323e-12	2.83251e-11
	41 |		1.41077e-12	3.53914e-12
	42 |		3.76098e-12	5.52128e-12
	43 |		1.33157e-13	3.64655e-13
	44 |		4.7229e-13	9.08145e-13
	45 |		1.4889e-12	6.73315e-12
	46 |		1.10072e-12	5.72666e-12
	49 |		8.87231e-15	3.09593e-14
	51 |		3.65671e-12	1.96397e-11
	52 |		1.15517e-14	3.82418e-14
	58 |		2.88468e-13	3.25328e-12
	60 |		6.84075e-14	1.9697e-12
	61 |		1.7381e-12	1.19869e-12
	74 |		2.65472e-12	4.08418e-12
	75 |		1.28459e-12	3.67006e-12
	76 |		1.09497e-12	1.21677e-11
	77 |		1.91699e-12	3.48417e-11
	78 |		3.55013e-13	5.91688e-12
	79 |		4.50385e-12	4.74089e-11
	80 |		1.12756e-14	1.87927e-13
	95 |		6.83436e-13	3.79685e-13
	98 |		2.18294e-13	3.05136e-12
	99 |		1.73117e-12	2.98436e-12
	103 |		9.56088e-13	9.15793e-12
	106 |		2.2246e-12	1.82672e-12
	107 |		6.41221e-11	4.27287e-12
	108 |		3.81699e-12	1.38773e-12
	109 |		3.10476e-11	3.09702e-12
	113 |		4.1518e-14	2.96557e-13
	116 |		2.29372e-12	2.1876e-12
	117 |		5.76703e-11	4.66209e-12
	118 |		4.31106e-12	2.62314e-12
	119 |		2.82178e-11	5.22894e-12
	120 |		6.73418e-13	1.58489e-11
	122 |		8.89849e-13	3.05433e-12
	123 |		4.49511e-12	3.0679e-12
	124 |		1.86741e-12	2.92225e-12
	125 |		4.47321e-12	3.35718e-12
	128 |		1.39461e-12	2.787e-11
	133 |		2.79182e-14	6.60316e-13
	136 |		3.03219e-14	4.04831e-12
	141 |		2.92777e-13	1.89745e-12
----------------------------------------------------------------------------
-------------------------------ORGAN INFO-----------------------------------
-----------------(of organs where edep/dose was recorded)-------------------
----------------------------------------------------------------------------
ID		Organ Name	    	    	    	Material ID		Density (g/cm^3) 
3     Anterior nasal passage (ET1)                     45    1.030
5     Oral mucosa, tongue                              29    1.050
10    Blood vessels, trunk                             28    1.060
12    Blood vessels, legs                              28    1.060
13    Humeri, upper half, cortical                      2    1.920
14    Humeri, upper half, spongiosa                     3    1.205
15    Humeri, upper half, medullary cavity             22    0.980
16    Humeri, lower half, cortical                      2    1.920
17    Humeri, lower half, spongiosa                     4    1.108
19    Ulnae and radii, cortical                         2    1.920
20    Ulnae and radii, spongiosa                        5    1.108
26    Cranium, cortical                                 2    1.920
27    Cranium, spongiosa                                8    1.157
28    Femora, upper half, cortical                      2    1.920
29    Femora, upper half, spongiosa                     9    1.124
34    Tibiae, fibulae and patellae, cortical            2    1.920
35    Tibiae, fibulae and patellae, spongiosa          11    1.108
36    Tibiae, fibulae and patellae, medullary cavity   25    0.980
37    Ankles and foot bones, cortical                   2    1.920
38    Ankles and foot bones, spongiosa                 12    1.108
39    Mandible, cortical                                2    1.920
40    Mandible, spongiosa                              13    1.228
41    Pelvis, cortical                                  2    1.920
42    Pelvis, spongiosa                                14    1.123
43    Ribs, cortical                                    2    1.920
44    Ribs, spongiosa                                  15    1.165
45    Scapulae, cortical                                2    1.920
46    Scapulae, spongiosa                              16    1.183
49    Thoracic spine, cortical                          2    1.920
51    Lumbar spine, cortical                            2    1.920
52    Lumbar spine, spongiosa                          19    1.112
58    Cartilage, trunk                                 26    1.100
60    Cartilage, legs                                  26    1.100
61    Brain                                            32    1.050
74    Small intestine wall                             37    1.040
75    Small intestine contents                         51    1.040
76    Ascending colon wall                             38    1.040
77    Ascending colon contents                         51    1.040
78    Transverse colon wall, right                     38    1.040
79    Transverse colon contents, right                 51    1.040
80    Transverse colon wall, left                      38    1.040
95    Liver                                            30    1.050
98    Lung, right, blood                               28    1.060
99    Lung, right, tissue                              50    0.382
103   Lymphatic nodes, trunk                           47    1.030
106   Muscle, head                                     29    1.050
107   Muscle, trunk                                    29    1.050
108   Muscle, arms                                     29    1.050
109   Muscle, legs                                     29    1.050
113   Pancreas                                         31    1.050
116   Residual tissue, head                            49    0.950
117   Residual tissue, trunk                           49    0.950
118   Residual tissue, arms                            49    0.950
119   Residual tissue, legs                            49    0.950
120   Salivary glands, left                            45    1.030
122   Skin, head                                       27    1.090
123   Skin, trunk                                      27    1.090
124   Skin, arms                                       27    1.090
125   Skin, legs                                       27    1.090
128   Teeth                                             1    2.750
133   Tongue (inner part)                              29    1.050
136   Ureter, right                                    45    1.030
141    Phantom Top/Bottom Skin Layer

Total Edep over all organs = 2.58198e-10 J
Total dose absorbed over all organs = 4.21069e-10 Gy

----------------------------------------------------------------------------
----------------ORGAN ENERGY DEPOSITIONS AND ABSORBED DOSE------------------
-----------(for all organs [includes air - OrganIDs = 0, 140])--------------
--------------([and top/bottom skin layer - OrganIDs = 141])----------------
----------------------------------------------------------------------------
OrganID	Edep (J) 	Dose (Gy) 	S1_J	S2_J2	N	SE_run_J
-------------------------------
0  | 		6.13888e-13	0	6.13888e-13	2.1962e-28	10625	1.27726e-18
1  | 		0	0	0	0	0	0
2  | 		0	0	0	0	0	0
3  | 		2.27625e-13	2.06369e-11	2.27625e-13	3.04921e-26	2	4.78833e-14
4  | 		0	0	0	0	0	0
5  | 		2.44674e-13	7.96204e-12	2.44674e-13	3.65697e-26	3	5.26222e-14
6  | 		0	0	0	0	0	0
7  | 		0	0	0	0	0	0
8  | 		0	0	0	0	0	0
9  | 		0	0	0	0	0	0
10  | 		2.335e-13	8.58676e-13	2.335e-13	2.6277e-26	4	3.24634e-14
11  | 		0	0	0	0	0	0
12  | 		1.18772e-13	1.4303e-12	1.18772e-13	1.41067e-26	1	0
13  | 		2.55487e-12	1.88886e-11	2.55487e-12	3.33734e-25	23	9.93428e-15
14  | 		3.03914e-12	1.64402e-11	3.03914e-12	2.67231e-25	47	5.71901e-15
15  | 		2.45051e-13	7.31934e-12	2.45051e-13	1.7124e-26	5	1.59906e-14
16  | 		2.38618e-13	1.86376e-12	2.38618e-13	3.39272e-26	3	4.99128e-14
17  | 		4.42889e-13	7.41485e-12	4.42889e-13	3.70901e-26	7	1.46941e-14
18  | 		0	0	0	0	0	0
19  | 		4.34888e-13	1.60594e-12	4.34888e-13	3.66769e-26	6	1.31093e-14
20  | 		3.22726e-12	1.7741e-11	3.22726e-12	2.68323e-25	57	5.17852e-15
21  | 		0	0	0	0	0	0
22  | 		0	0	0	0	0	0
23  | 		0	0	0	0	0	0
24  | 		0	0	0	0	0	0
25  | 		0	0	0	0	0	0
26  | 		4.54851e-13	8.08121e-13	4.54851e-13	4.4111e-26	6	1.79159e-14
27  | 		3.64414e-13	8.07905e-13	3.64414e-13	4.02784e-26	5	2.61906e-14
28  | 		5.02976e-13	1.9221e-12	5.02976e-13	8.31341e-26	5	4.03344e-14
29  | 		1.13336e-12	2.40093e-12	1.13336e-12	8.03735e-26	19	6.11015e-15
30  | 		0	0	0	0	0	0
31  | 		0	0	0	0	0	0
32  | 		0	0	0	0	0	0
33  | 		0	0	0	0	0	0
34  | 		8.16841e-13	1.53729e-12	8.16841e-13	8.54249e-26	10	1.44153e-14
35  | 		6.1974e-13	8.49681e-13	6.1974e-13	4.93956e-26	10	1.10493e-14
36  | 		3.33578e-13	4.24022e-12	3.33578e-13	2.57798e-26	5	1.32757e-14
37  | 		1.63516e-12	7.03114e-12	1.63516e-12	4.11397e-25	10	4.00029e-14
38  | 		1.22729e-12	2.41697e-12	1.22729e-12	1.49552e-25	13	1.46952e-14
39  | 		5.69731e-13	7.48464e-12	5.69731e-13	9.53387e-26	5	3.9e-14
40  | 		2.09323e-12	2.83251e-11	2.09323e-12	2.56735e-25	24	1.15915e-14
41  | 		1.41077e-12	3.53914e-12	1.41077e-12	1.58999e-25	16	1.20081e-14
42  | 		3.76098e-12	5.52128e-12	3.76098e-12	2.51041e-25	73	3.30103e-15
43  | 		1.33157e-13	3.64655e-13	1.33157e-13	1.75601e-26	2	6.59343e-14
44  | 		4.7229e-13	9.08145e-13	4.7229e-13	3.30438e-26	11	1.07728e-14
45  | 		1.4889e-12	6.73315e-12	1.4889e-12	2.98147e-25	10	2.91479e-14
46  | 		1.10072e-12	5.72666e-12	1.10072e-12	1.07463e-25	16	1.14997e-14
47  | 		0	0	0	0	0	0
48  | 		0	0	0	0	0	0
49  | 		8.87231e-15	3.09593e-14	8.87231e-15	7.87178e-29	1	0
50  | 		0	0	0	0	0	0
51  | 		3.65671e-12	1.96397e-11	3.65671e-12	5.05202e-24	3	3.14865e-13
52  | 		1.15517e-14	3.82418e-14	1.15517e-14	8.87105e-29	2	3.31586e-15
53  | 		0	0	0	0	0	0
54  | 		0	0	0	0	0	0
55  | 		0	0	0	0	0	0
56  | 		0	0	0	0	0	0
57  | 		0	0	0	0	0	0
58  | 		2.88468e-13	3.25328e-12	2.88468e-13	2.47578e-26	4	1.81529e-14
59  | 		0	0	0	0	0	0
60  | 		6.84075e-14	1.9697e-12	6.84075e-14	4.67959e-27	1	0
61  | 		1.7381e-12	1.19869e-12	1.7381e-12	1.97535e-25	19	1.06148e-14
62  | 		0	0	0	0	0	0
63  | 		0	0	0	0	0	0
64  | 		0	0	0	0	0	0
65  | 		0	0	0	0	0	0
66  | 		0	0	0	0	0	0
67  | 		0	0	0	0	0	0
68  | 		0	0	0	0	0	0
69  | 		0	0	0	0	0	0
70  | 		0	0	0	0	0	0
71  | 		0	0	0	0	0	0
72  | 		0	0	0	0	0	0
73  | 		0	0	0	0	0	0
74  | 		2.65472e-12	4.08418e-12	2.65472e-12	6.70825e-25	16	3.09808e-14
75  | 		1.28459e-12	3.67006e-12	1.28459e-12	4.27575e-25	6	7.1308e-14
76  | 		1.09497e-12	1.21677e-11	1.09497e-12	1.20577e-25	13	1.34805e-14
77  | 		1.91699e-12	3.48417e-11	1.91699e-12	2.37918e-25	23	1.2427e-14
78  | 		3.55013e-13	5.91688e-12	3.55013e-13	1.26034e-25	1	0
79  | 		4.50385e-12	4.74089e-11	4.50385e-12	1.35204e-23	4	8.39109e-13
80  | 		1.12756e-14	1.87927e-13	1.12756e-14	1.27139e-28	1	0
81  | 		0	0	0	0	0	0
82  | 		0	0	0	0	0	0
83  | 		0	0	0	0	0	0
84  | 		0	0	0	0	0	0
85  | 		0	0	0	0	0	0
86  | 		0	0	0	0	0	0
87  | 		0	0	0	0	0	0
88  | 		0	0	0	0	0	0
89  | 		0	0	0	0	0	0
90  | 		0	0	0	0	0	0
91  | 		0	0	0	0	0	0
92  | 		0	0	0	0	0	0
93  | 		0	0	0	0	0	0
94  | 		0	0	0	0	0	0
95  | 		6.83436e-13	3.79685e-13	6.83436e-13	6.55896e-26	9	1.37897e-14
96  | 		0	0	0	0	0	0
97  | 		0	0	0	0	0	0
98  | 		2.18294e-13	3.05136e-12	2.18294e-13	1.10609e-26	5	8.74769e-15
99  | 		1.73117e-12	2.98436e-12	1.73117e-12	4.54103e-26	96	1.24746e-15
100  | 		0	0	0	0	0	0
101  | 		0	0	0	0	0	0
102  | 		0	0	0	0	0	0
103  | 		9.56088e-13	9.15793e-12	9.56088e-13	7.92652e-25	2	4.09634e-13
104  | 		0	0	0	0	0	0
105  | 		0	0	0	0	0	0
106  | 		2.2246e-12	1.82672e-12	2.2246e-12	2.81073e-25	24	1.16463e-14
107  | 		6.41221e-11	4.27287e-12	6.41221e-11	3.74208e-23	891	6.43197e-15
108  | 		3.81699e-12	1.38773e-12	3.81699e-12	2.50408e-25	83	3.31677e-15
109  | 		3.10476e-11	3.09702e-12	3.10476e-11	2.80869e-24	509	1.88101e-15
110  | 		0	0	0	0	0	0
111  | 		0	0	0	0	0	0
112  | 		0	0	0	0	0	0
113  | 		4.1518e-14	2.96557e-13	4.1518e-14	1.72374e-27	1	0
114  | 		0	0	0	0	0	0
115  | 		0	0	0	0	0	0
116  | 		2.29372e-12	2.1876e-12	2.29372e-12	2.49497e-25	33	9.23533e-15
117  | 		5.76703e-11	4.66209e-12	5.76703e-11	4.42141e-23	735	8.57717e-15
118  | 		4.31106e-12	2.62314e-12	4.31106e-12	3.1645e-25	95	3.67821e-15
119  | 		2.82178e-11	5.22894e-12	2.82178e-11	2.78525e-24	466	2.22896e-15
120  | 		6.73418e-13	1.58489e-11	6.73418e-13	5.6476e-26	10	1.11189e-14
121  | 		0	0	0	0	0	0
122  | 		8.89849e-13	3.05433e-12	8.89849e-13	8.35194e-26	12	1.15251e-14
123  | 		4.49511e-12	3.0679e-12	4.49511e-12	4.93029e-25	67	6.57983e-15
124  | 		1.86741e-12	2.92225e-12	1.86741e-12	2.24795e-25	26	1.18108e-14
125  | 		4.47321e-12	3.35718e-12	4.47321e-12	4.61847e-25	65	6.08448e-15
126  | 		0	0	0	0	0	0
127  | 		0	0	0	0	0	0
128  | 		1.39461e-12	2.787e-11	1.39461e-12	4.44973e-25	7	6.30803e-14
129  | 		0	0	0	0	0	0
130  | 		0	0	0	0	0	0
131  | 		0	0	0	0	0	0
132  | 		0	0	0	0	0	0
133  | 		2.79182e-14	6.60316e-13	2.79182e-14	7.79423e-28	1	0
134  | 		0	0	0	0	0	0
135  | 		0	0	0	0	0	0
136  | 		3.03219e-14	4.04831e-12	3.03219e-14	9.19416e-28	1	0
137  | 		0	0	0	0	0	0
138  | 		0	0	0	0	0	0
139  | 		0	0	0	0	0	0
140  | 		0	0	0	0	0	0
141  | 		2.92777e-13	1.89745e-12	2.92777e-13	3.29403e-26	4	3.09715e-14
Total energy depositied over all organs = 2.58198e-10 J
Total absorbed dose over all organs = 4.21069e-10 Gy 
